cpu-bind=MASK - bp1-compute122, task  0  0 [356524]: mask 0x2800002800 set
Running on host bp1-compute054
Time is Fri Sep 18 15:34:57 BST 2026
Directory is /user/home/em18564/bayesian/BC4/Bayes/wordType_experiments/models/___fixedSigmas
Slurm job ID is 18993531
This job runs on the following machines:
bp1-compute054
Running on host bp1-compute054
Time is Fri Sep 18 15:34:57 BST 2026
Directory is /user/home/em18564/bayesian/BC4/Bayes/wordType_experiments/models/___fixedSigmas
Slurm job ID is 18993530
This job runs on the following machines:
bp1-compute054
Running on host bp1-compute122
Time is Fri Sep 18 15:34:57 BST 2026
Directory is /user/home/em18564/bayesian/BC4/Bayes/wordType_experiments/models/___fixedSigmas
Slurm job ID is 18993534
This job runs on the following machines:
bp1-compute122
Running on host bp1-compute081
Time is Fri Sep 18 15:34:58 BST 2026
Directory is /user/home/em18564/bayesian/BC4/Bayes/wordType_experiments/models/___fixedSigmas
Slurm job ID is 18993532
This job runs on the following machines:
bp1-compute081
Precompiling project...
  ✗ DistributionsAD → DistributionsADReverseDiffExt
  0 dependencies successfully precompiled in 41 seconds. 549 already precompiled.
┌ Warning: Runtime invalidation was disabled, but the CPU info is out-of-date.
│ Will continue with incorrect CPU name (from build time).
└ @ HostCPUFeatures ~/.julia/packages/HostCPUFeatures/ZTXz4/src/cpu_info.jl:71
┌ Warning: Runtime invalidation was disabled, but the CPU info is out-of-date.
│ Will continue with incorrect CPU feature flag: +avx512vnni.
└ @ HostCPUFeatures ~/.julia/packages/HostCPUFeatures/ZTXz4/src/cpu_info.jl:56
┌ Warning: Runtime invalidation was disabled, but the CPU info is out-of-date.
│ Will continue with incorrect CPU feature flag: -rtm.
└ @ HostCPUFeatures ~/.julia/packages/HostCPUFeatures/ZTXz4/src/cpu_info.jl:56
ERROR: LoadError: IOError: mkdir("output_NoNum_23_1931_6PCA_1000"; mode=0o777): file already exists (EEXIST)
Stacktrace:
 [1] uv_error
   @ ./libuv.jl:100 [inlined]
 [2] mkdir(path::String; mode::UInt16)
   @ Base.Filesystem ./file.jl:185
 [3] mkdir
   @ ./file.jl:177 [inlined]
 [4] createVariables(args::Vector{String})
   @ Main ~/bayesian/BC4/Bayes/wordType_experiments/model_master.jl:103
 [5] createVariables()
   @ Main ~/bayesian/BC4/Bayes/wordType_experiments/model_master.jl:13
 [6] top-level scope
   @ ~/bayesian/BC4/Bayes/wordType_experiments/models/___fixedSigmas/model.jl:10
in expression starting at /user/home/em18564/bayesian/BC4/Bayes/wordType_experiments/models/___fixedSigmas/model.jl:10
Precompiling project...
    DistributionsADReverseDiffExt Being precompiled by another process (pid: 356549, pidfile: /user/home/em18564/.julia/compiled/v1.10/DistributionsADReverseDiffExt/hY00X_4RpdW.ji.pidfile)
  ✗ DistributionsAD → DistributionsADReverseDiffExt
  0 dependencies successfully precompiled in 53 seconds. 549 already precompiled.
┌ Warning: Runtime invalidation was disabled, but the CPU info is out-of-date.
│ Will continue with incorrect CPU name (from build time).
└ @ HostCPUFeatures ~/.julia/packages/HostCPUFeatures/ZTXz4/src/cpu_info.jl:71
┌ Warning: Runtime invalidation was disabled, but the CPU info is out-of-date.
│ Will continue with incorrect CPU feature flag: +avx512vnni.
└ @ HostCPUFeatures ~/.julia/packages/HostCPUFeatures/ZTXz4/src/cpu_info.jl:56
┌ Warning: Runtime invalidation was disabled, but the CPU info is out-of-date.
│ Will continue with incorrect CPU feature flag: -rtm.
└ @ HostCPUFeatures ~/.julia/packages/HostCPUFeatures/ZTXz4/src/cpu_info.jl:56
Sampling (4 threads)   0%|                              |  ETA: N/A
┌ Info: Found initial step size
└   ϵ = 0.0015625
┌ Info: Found initial step size
└   ϵ = 0.0015625
┌ Info: Found initial step size
└   ϵ = 0.00625
┌ Info: Found initial step size
└   ϵ = 0.00078125
Sampling (4 threads)   0%|▏                             |  ETA: 4:39:43
Sampling (4 threads)   1%|▎                             |  ETA: 2:19:15
Sampling (4 threads)   2%|▌                             |  ETA: 1:32:22
Sampling (4 threads)   2%|▋                             |  ETA: 2:00:42
Sampling (4 threads)   2%|▊                             |  ETA: 1:36:04
Sampling (4 threads)   3%|▉                             |  ETA: 1:19:38
Sampling (4 threads)   4%|█                             |  ETA: 1:27:19
Sampling (4 threads)   4%|█▎                            |  ETA: 1:16:00
Sampling (4 threads)   4%|█▍                            |  ETA: 1:07:12
Sampling (4 threads)   5%|█▌                            |  ETA: 1:24:02
Sampling (4 threads)   6%|█▋                            |  ETA: 1:16:00
Sampling (4 threads)   6%|█▊                            |  ETA: 1:09:18
Sampling (4 threads)   6%|██                            |  ETA: 1:21:16
Sampling (4 threads)   7%|██▏                           |  ETA: 1:15:03
Sampling (4 threads)   8%|██▎                           |  ETA: 1:09:41
Sampling (4 threads)   8%|██▍                           |  ETA: 1:17:30
Sampling (4 threads)   8%|██▌                           |  ETA: 1:12:33
Sampling (4 threads)   9%|██▊                           |  ETA: 1:08:09
Sampling (4 threads)  10%|██▉                           |  ETA: 1:13:19
Sampling (4 threads)  10%|███                           |  ETA: 1:09:16
Sampling (4 threads)  10%|███▏                          |  ETA: 1:15:32
Sampling (4 threads)  11%|███▎                          |  ETA: 1:11:41
Sampling (4 threads)  12%|███▌                          |  ETA: 1:08:11
Sampling (4 threads)  12%|███▋                          |  ETA: 1:09:41
Sampling (4 threads)  12%|███▊                          |  ETA: 1:06:31
Sampling (4 threads)  13%|███▉                          |  ETA: 1:07:58
Sampling (4 threads)  14%|████                          |  ETA: 1:05:04
Sampling (4 threads)  14%|████▎                         |  ETA: 1:09:05
Sampling (4 threads)  14%|████▍                         |  ETA: 1:06:19
Sampling (4 threads)  15%|████▌                         |  ETA: 1:03:44
Sampling (4 threads)  16%|████▋                         |  ETA: 1:01:19
Sampling (4 threads)  16%|████▊                         |  ETA: 1:05:10
Sampling (4 threads)  16%|█████                         |  ETA: 1:02:48
Sampling (4 threads)  17%|█████▏                        |  ETA: 1:00:36
Sampling (4 threads)  18%|█████▎                        |  ETA: 1:03:57
Sampling (4 threads)  18%|█████▍                        |  ETA: 1:01:48
Sampling (4 threads)  18%|█████▌                        |  ETA: 0:59:45
Sampling (4 threads)  19%|█████▊                        |  ETA: 0:57:50
Sampling (4 threads)  20%|█████▉                        |  ETA: 0:59:44
Sampling (4 threads)  20%|██████                        |  ETA: 0:57:53
Sampling (4 threads)  20%|██████▏                       |  ETA: 0:58:48
Sampling (4 threads)  21%|██████▎                       |  ETA: 0:57:03
Sampling (4 threads)  22%|██████▌                       |  ETA: 0:57:38
Sampling (4 threads)  22%|██████▋                       |  ETA: 0:55:58
Sampling (4 threads)  22%|██████▊                       |  ETA: 0:54:23
Sampling (4 threads)  23%|██████▉                       |  ETA: 0:55:30
Sampling (4 threads)  24%|███████                       |  ETA: 0:53:58
Sampling (4 threads)  24%|███████▎                      |  ETA: 0:52:29
Sampling (4 threads)  24%|███████▍                      |  ETA: 0:54:20
Sampling (4 threads)  25%|███████▌                      |  ETA: 0:52:53
Sampling (4 threads)  26%|███████▋                      |  ETA: 0:56:11
Sampling (4 threads)  26%|███████▊                      |  ETA: 0:54:44
Sampling (4 threads)  26%|████████                      |  ETA: 0:53:20
Sampling (4 threads)  27%|████████▏                     |  ETA: 0:51:59
Sampling (4 threads)  28%|████████▎                     |  ETA: 0:54:08
Sampling (4 threads)  28%|████████▍                     |  ETA: 0:52:48
Sampling (4 threads)  28%|████████▌                     |  ETA: 0:51:31
Sampling (4 threads)  29%|████████▊                     |  ETA: 0:51:53
Sampling (4 threads)  30%|████████▉                     |  ETA: 0:50:39
Sampling (4 threads)  30%|█████████                     |  ETA: 0:51:57
Sampling (4 threads)  30%|█████████▏                    |  ETA: 0:50:44
Sampling (4 threads)  31%|█████████▎                    |  ETA: 0:49:33
Sampling (4 threads)  32%|█████████▌                    |  ETA: 0:49:59
Sampling (4 threads)  32%|█████████▋                    |  ETA: 0:48:51
Sampling (4 threads)  32%|█████████▊                    |  ETA: 0:48:57
Sampling (4 threads)  33%|█████████▉                    |  ETA: 0:47:51
Sampling (4 threads)  34%|██████████                    |  ETA: 0:48:11
Sampling (4 threads)  34%|██████████▎                   |  ETA: 0:47:07
Sampling (4 threads)  34%|██████████▍                   |  ETA: 0:46:05
Sampling (4 threads)  35%|██████████▌                   |  ETA: 0:46:19
Sampling (4 threads)  36%|██████████▋                   |  ETA: 0:45:19
Sampling (4 threads)  36%|██████████▊                   |  ETA: 0:45:33
Sampling (4 threads)  36%|███████████                   |  ETA: 0:44:35
Sampling (4 threads)  37%|███████████▏                  |  ETA: 0:44:59
Sampling (4 threads)  38%|███████████▎                  |  ETA: 0:44:02
Sampling (4 threads)  38%|███████████▍                  |  ETA: 0:44:16
Sampling (4 threads)  38%|███████████▌                  |  ETA: 0:43:20
Sampling (4 threads)  39%|███████████▊                  |  ETA: 0:42:26
Sampling (4 threads)  40%|███████████▉                  |  ETA: 0:43:13
Sampling (4 threads)  40%|████████████                  |  ETA: 0:42:19
Sampling (4 threads)  40%|████████████▏                 |  ETA: 0:41:27
Sampling (4 threads)  41%|████████████▎                 |  ETA: 0:42:20
Sampling (4 threads)  42%|████████████▌                 |  ETA: 0:41:28
Sampling (4 threads)  42%|████████████▋                 |  ETA: 0:40:37
Sampling (4 threads)  42%|████████████▊                 |  ETA: 0:39:48
Sampling (4 threads)  43%|████████████▉                 |  ETA: 0:40:28
Sampling (4 threads)  44%|█████████████                 |  ETA: 0:39:39
Sampling (4 threads)  44%|█████████████▎                |  ETA: 0:38:51
Sampling (4 threads)  44%|█████████████▍                |  ETA: 0:39:32
Sampling (4 threads)  45%|█████████████▌                |  ETA: 0:38:45
Sampling (4 threads)  46%|█████████████▋                |  ETA: 0:37:58
Sampling (4 threads)  46%|█████████████▊                |  ETA: 0:37:13
Sampling (4 threads)  46%|██████████████                |  ETA: 0:37:51
Sampling (4 threads)  47%|██████████████▏               |  ETA: 0:37:06
Sampling (4 threads)  48%|██████████████▎               |  ETA: 0:36:21
Sampling (4 threads)  48%|██████████████▍               |  ETA: 0:36:48
Sampling (4 threads)  48%|██████████████▌               |  ETA: 0:36:04
Sampling (4 threads)  49%|██████████████▊               |  ETA: 0:35:21
Sampling (4 threads)  50%|██████████████▉               |  ETA: 0:35:47
Sampling (4 threads)  50%|███████████████               |  ETA: 0:35:05
Sampling (4 threads)  50%|███████████████▏              |  ETA: 0:34:23
Sampling (4 threads)  51%|███████████████▎              |  ETA: 0:33:42
Sampling (4 threads)  52%|███████████████▌              |  ETA: 0:33:47
Sampling (4 threads)  52%|███████████████▋              |  ETA: 0:33:07
Sampling (4 threads)  52%|███████████████▊              |  ETA: 0:33:02
Sampling (4 threads)  53%|███████████████▉              |  ETA: 0:32:23
Sampling (4 threads)  54%|████████████████              |  ETA: 0:32:16
Sampling (4 threads)  54%|████████████████▎             |  ETA: 0:31:38
Sampling (4 threads)  55%|████████████████▍             |  ETA: 0:31:35
Sampling (4 threads)  55%|████████████████▌             |  ETA: 0:30:57
Sampling (4 threads)  56%|████████████████▋             |  ETA: 0:30:55
Sampling (4 threads)  56%|████████████████▊             |  ETA: 0:30:18
Sampling (4 threads)  56%|█████████████████             |  ETA: 0:30:10
Sampling (4 threads)  57%|█████████████████▏            |  ETA: 0:29:34
Sampling (4 threads)  57%|█████████████████▎            |  ETA: 0:29:26
Sampling (4 threads)  58%|█████████████████▍            |  ETA: 0:28:50
Sampling (4 threads)  58%|█████████████████▌            |  ETA: 0:28:42
Sampling (4 threads)  59%|█████████████████▊            |  ETA: 0:28:07
Sampling (4 threads)  60%|█████████████████▉            |  ETA: 0:27:59
Sampling (4 threads)  60%|██████████████████            |  ETA: 0:27:25
Sampling (4 threads)  60%|██████████████████▏           |  ETA: 0:27:16
Sampling (4 threads)  61%|██████████████████▎           |  ETA: 0:26:42
Sampling (4 threads)  62%|██████████████████▌           |  ETA: 0:26:36
Sampling (4 threads)  62%|██████████████████▋           |  ETA: 0:26:02
Sampling (4 threads)  62%|██████████████████▊           |  ETA: 0:25:55
Sampling (4 threads)  63%|██████████████████▉           |  ETA: 0:25:22
Sampling (4 threads)  64%|███████████████████           |  ETA: 0:25:14
Sampling (4 threads)  64%|███████████████████▎          |  ETA: 0:24:42
Sampling (4 threads)  64%|███████████████████▍          |  ETA: 0:24:29
Sampling (4 threads)  65%|███████████████████▌          |  ETA: 0:23:58
Sampling (4 threads)  66%|███████████████████▋          |  ETA: 0:23:26
Sampling (4 threads)  66%|███████████████████▊          |  ETA: 0:23:15
Sampling (4 threads)  66%|████████████████████          |  ETA: 0:22:44
Sampling (4 threads)  67%|████████████████████▏         |  ETA: 0:22:36
Sampling (4 threads)  68%|████████████████████▎         |  ETA: 0:22:05
Sampling (4 threads)  68%|████████████████████▍         |  ETA: 0:21:50
Sampling (4 threads)  68%|████████████████████▌         |  ETA: 0:21:20
Sampling (4 threads)  69%|████████████████████▊         |  ETA: 0:21:08
Sampling (4 threads)  70%|████████████████████▉         |  ETA: 0:20:39
Sampling (4 threads)  70%|█████████████████████         |  ETA: 0:20:41
Sampling (4 threads)  70%|█████████████████████▏        |  ETA: 0:20:12
Sampling (4 threads)  71%|█████████████████████▎        |  ETA: 0:19:43
Sampling (4 threads)  72%|█████████████████████▌        |  ETA: 0:19:14
Sampling (4 threads)  72%|█████████████████████▋        |  ETA: 0:19:14
Sampling (4 threads)  72%|█████████████████████▊        |  ETA: 0:18:45
Sampling (4 threads)  73%|█████████████████████▉        |  ETA: 0:18:17
Sampling (4 threads)  74%|██████████████████████        |  ETA: 0:18:14
Sampling (4 threads)  74%|██████████████████████▎       |  ETA: 0:17:46
Sampling (4 threads)  74%|██████████████████████▍       |  ETA: 0:17:18
Sampling (4 threads)  75%|██████████████████████▌       |  ETA: 0:16:51
Sampling (4 threads)  76%|██████████████████████▋       |  ETA: 0:16:38
Sampling (4 threads)  76%|██████████████████████▊       |  ETA: 0:16:11
Sampling (4 threads)  76%|███████████████████████       |  ETA: 0:15:59
Sampling (4 threads)  77%|███████████████████████▏      |  ETA: 0:15:32
Sampling (4 threads)  78%|███████████████████████▎      |  ETA: 0:15:26
Sampling (4 threads)  78%|███████████████████████▍      |  ETA: 0:15:00
Sampling (4 threads)  78%|███████████████████████▌      |  ETA: 0:14:34
Sampling (4 threads)  79%|███████████████████████▊      |  ETA: 0:14:08
Sampling (4 threads)  80%|███████████████████████▉      |  ETA: 0:14:01
Sampling (4 threads)  80%|████████████████████████      |  ETA: 0:13:35
Sampling (4 threads)  80%|████████████████████████▏     |  ETA: 0:13:10
Sampling (4 threads)  81%|████████████████████████▎     |  ETA: 0:12:56
Sampling (4 threads)  82%|████████████████████████▌     |  ETA: 0:12:31
Sampling (4 threads)  82%|████████████████████████▋     |  ETA: 0:12:17
Sampling (4 threads)  82%|████████████████████████▊     |  ETA: 0:11:53
Sampling (4 threads)  83%|████████████████████████▉     |  ETA: 0:11:28
Sampling (4 threads)  84%|█████████████████████████     |  ETA: 0:11:13
Sampling (4 threads)  84%|█████████████████████████▎    |  ETA: 0:10:48
Sampling (4 threads)  84%|█████████████████████████▍    |  ETA: 0:10:32
Sampling (4 threads)  85%|█████████████████████████▌    |  ETA: 0:10:08
Sampling (4 threads)  86%|█████████████████████████▋    |  ETA: 0:09:51
Sampling (4 threads)  86%|█████████████████████████▊    |  ETA: 0:09:27
Sampling (4 threads)  86%|██████████████████████████    |  ETA: 0:09:03
Sampling (4 threads)  87%|██████████████████████████▏   |  ETA: 0:08:45
Sampling (4 threads)  88%|██████████████████████████▎   |  ETA: 0:08:26
Sampling (4 threads)  88%|██████████████████████████▍   |  ETA: 0:08:04
Sampling (4 threads)  88%|██████████████████████████▌   |  ETA: 0:07:45
Sampling (4 threads)  89%|██████████████████████████▊   |  ETA: 0:07:25
Sampling (4 threads)  90%|██████████████████████████▉   |  ETA: 0:07:05
Sampling (4 threads)  90%|███████████████████████████   |  ETA: 0:06:46
Sampling (4 threads)  90%|███████████████████████████▏  |  ETA: 0:06:25
Sampling (4 threads)  91%|███████████████████████████▎  |  ETA: 0:06:05
Sampling (4 threads)  92%|███████████████████████████▌  |  ETA: 0:05:45
Sampling (4 threads)  92%|███████████████████████████▋  |  ETA: 0:05:25
Sampling (4 threads)  92%|███████████████████████████▊  |  ETA: 0:05:04
Sampling (4 threads)  93%|███████████████████████████▉  |  ETA: 0:04:44
Sampling (4 threads)  94%|████████████████████████████  |  ETA: 0:04:23
Sampling (4 threads)  94%|████████████████████████████▎ |  ETA: 0:04:03
Sampling (4 threads)  94%|████████████████████████████▍ |  ETA: 0:03:43
Sampling (4 threads)  95%|████████████████████████████▌ |  ETA: 0:03:23
Sampling (4 threads)  96%|████████████████████████████▋ |  ETA: 0:03:03
Sampling (4 threads)  96%|████████████████████████████▊ |  ETA: 0:02:43
Sampling (4 threads)  96%|█████████████████████████████ |  ETA: 0:02:22
Sampling (4 threads)  97%|█████████████████████████████▏|  ETA: 0:02:02
Sampling (4 threads)  98%|█████████████████████████████▎|  ETA: 0:01:42
Sampling (4 threads)  98%|█████████████████████████████▍|  ETA: 0:01:22
Sampling (4 threads)  98%|█████████████████████████████▌|  ETA: 0:01:01
Sampling (4 threads)  99%|█████████████████████████████▊|  ETA: 0:00:41
Sampling (4 threads) 100%|█████████████████████████████▉|  ETA: 0:00:20
Sampling (4 threads) 100%|██████████████████████████████| Time: 1:08:11
Sampling (4 threads) 100%|██████████████████████████████| Time: 1:08:12
Precompiling project...
    DistributionsADReverseDiffExt Being precompiled by another machine (hostname: bp1-compute122, pid: 356549, pidfile: /user/home/em18564/.julia/compiled/v1.10/DistributionsADReverseDiffExt/hY00X_4RpdW.ji.pidfile)
  ✗ DistributionsAD → DistributionsADReverseDiffExt
  0 dependencies successfully precompiled in 201 seconds. 549 already precompiled.
┌ Warning: Runtime invalidation was disabled, but the CPU info is out-of-date.
│ Will continue with incorrect CPU name (from build time).
└ @ HostCPUFeatures ~/.julia/packages/HostCPUFeatures/ZTXz4/src/cpu_info.jl:71
┌ Warning: Runtime invalidation was disabled, but the CPU info is out-of-date.
│ Will continue with incorrect CPU feature flag: +avx512vnni.
└ @ HostCPUFeatures ~/.julia/packages/HostCPUFeatures/ZTXz4/src/cpu_info.jl:56
┌ Warning: Runtime invalidation was disabled, but the CPU info is out-of-date.
│ Will continue with incorrect CPU feature flag: -rtm.
└ @ HostCPUFeatures ~/.julia/packages/HostCPUFeatures/ZTXz4/src/cpu_info.jl:56
Sampling (4 threads)   0%|                              |  ETA: N/A
┌ Info: Found initial step size
└   ϵ = 0.00078125
┌ Info: Found initial step size
└   ϵ = 0.00078125
┌ Info: Found initial step size
└   ϵ = 0.0125
┌ Info: Found initial step size
└   ϵ = 0.0015625
Sampling (4 threads)   0%|▏                             |  ETA: 3:49:41
Sampling (4 threads)   1%|▎                             |  ETA: 1:54:21
Sampling (4 threads)   2%|▌                             |  ETA: 1:47:00
Sampling (4 threads)   2%|▋                             |  ETA: 1:19:51
Sampling (4 threads)   2%|▊                             |  ETA: 1:21:43
Sampling (4 threads)   3%|▉                             |  ETA: 1:07:45
Sampling (4 threads)   4%|█                             |  ETA: 1:31:57
Sampling (4 threads)   4%|█▎                            |  ETA: 1:20:02
Sampling (4 threads)   4%|█▍                            |  ETA: 1:10:46
Sampling (4 threads)   5%|█▌                            |  ETA: 1:03:22
Sampling (4 threads)   6%|█▋                            |  ETA: 1:19:23
Sampling (4 threads)   6%|█▊                            |  ETA: 1:12:23
Sampling (4 threads)   6%|██                            |  ETA: 1:26:17
Sampling (4 threads)   7%|██▏                           |  ETA: 1:19:41
Sampling (4 threads)   8%|██▎                           |  ETA: 1:13:59
Sampling (4 threads)   8%|██▍                           |  ETA: 1:08:59
Sampling (4 threads)   8%|██▌                           |  ETA: 1:11:57
Sampling (4 threads)   9%|██▊                           |  ETA: 1:07:35
Sampling (4 threads)  10%|██▉                           |  ETA: 1:12:11
Sampling (4 threads)  10%|███                           |  ETA: 1:08:11
Sampling (4 threads)  10%|███▏                          |  ETA: 1:09:40
Sampling (4 threads)  11%|███▎                          |  ETA: 1:06:08
Sampling (4 threads)  12%|███▌                          |  ETA: 1:02:54
Sampling (4 threads)  12%|███▋                          |  ETA: 1:05:02
Sampling (4 threads)  12%|███▊                          |  ETA: 1:02:04
Sampling (4 threads)  13%|███▉                          |  ETA: 1:06:06
Sampling (4 threads)  14%|████                          |  ETA: 1:03:17
Sampling (4 threads)  14%|████▎                         |  ETA: 1:00:40
Sampling (4 threads)  14%|████▍                         |  ETA: 1:04:53
Sampling (4 threads)  15%|████▌                         |  ETA: 1:02:21
Sampling (4 threads)  16%|████▋                         |  ETA: 0:59:59
Sampling (4 threads)  16%|████▊                         |  ETA: 0:57:46
Sampling (4 threads)  16%|█████                         |  ETA: 0:58:58
Sampling (4 threads)  17%|█████▏                        |  ETA: 0:56:53
Sampling (4 threads)  18%|█████▎                        |  ETA: 0:59:48
Sampling (4 threads)  18%|█████▍                        |  ETA: 0:57:48
Sampling (4 threads)  18%|█████▌                        |  ETA: 0:55:53
Sampling (4 threads)  19%|█████▊                        |  ETA: 0:58:02
Sampling (4 threads)  20%|█████▉                        |  ETA: 0:56:12
Sampling (4 threads)  20%|██████                        |  ETA: 0:57:10
Sampling (4 threads)  20%|██████▏                       |  ETA: 0:55:25
Sampling (4 threads)  21%|██████▎                       |  ETA: 0:55:42
Sampling (4 threads)  22%|██████▌                       |  ETA: 0:54:03
Sampling (4 threads)  22%|██████▋                       |  ETA: 0:55:32
Sampling (4 threads)  22%|██████▊                       |  ETA: 0:53:57
Sampling (4 threads)  23%|██████▉                       |  ETA: 0:52:27
Sampling (4 threads)  24%|███████                       |  ETA: 0:53:17
Sampling (4 threads)  24%|███████▎                      |  ETA: 0:51:50
Sampling (4 threads)  24%|███████▍                      |  ETA: 0:50:26
Sampling (4 threads)  25%|███████▌                      |  ETA: 0:51:12
Sampling (4 threads)  26%|███████▋                      |  ETA: 0:49:52
Sampling (4 threads)  26%|███████▊                      |  ETA: 0:51:34
Sampling (4 threads)  26%|████████                      |  ETA: 0:50:15
Sampling (4 threads)  27%|████████▏                     |  ETA: 0:48:59
Sampling (4 threads)  28%|████████▎                     |  ETA: 0:47:46
Sampling (4 threads)  28%|████████▍                     |  ETA: 0:49:43
Sampling (4 threads)  28%|████████▌                     |  ETA: 0:48:30
Sampling (4 threads)  29%|████████▊                     |  ETA: 0:47:20
Sampling (4 threads)  30%|████████▉                     |  ETA: 0:48:12
Sampling (4 threads)  30%|█████████                     |  ETA: 0:47:03
Sampling (4 threads)  30%|█████████▏                    |  ETA: 0:47:16
Sampling (4 threads)  31%|█████████▎                    |  ETA: 0:46:10
Sampling (4 threads)  32%|█████████▌                    |  ETA: 0:47:57
Sampling (4 threads)  32%|█████████▋                    |  ETA: 0:46:51
Sampling (4 threads)  32%|█████████▊                    |  ETA: 0:45:47
Sampling (4 threads)  33%|█████████▉                    |  ETA: 0:44:46
Sampling (4 threads)  34%|██████████                    |  ETA: 0:46:19
Sampling (4 threads)  34%|██████████▎                   |  ETA: 0:45:18
Sampling (4 threads)  34%|██████████▍                   |  ETA: 0:44:18
Sampling (4 threads)  35%|██████████▌                   |  ETA: 0:44:49
Sampling (4 threads)  36%|██████████▋                   |  ETA: 0:43:51
Sampling (4 threads)  36%|██████████▊                   |  ETA: 0:44:11
Sampling (4 threads)  36%|███████████                   |  ETA: 0:43:14
Sampling (4 threads)  37%|███████████▏                  |  ETA: 0:43:44
Sampling (4 threads)  38%|███████████▎                  |  ETA: 0:42:49
Sampling (4 threads)  38%|███████████▍                  |  ETA: 0:43:02
Sampling (4 threads)  38%|███████████▌                  |  ETA: 0:42:08
Sampling (4 threads)  39%|███████████▊                  |  ETA: 0:41:15
Sampling (4 threads)  40%|███████████▉                  |  ETA: 0:41:48
Sampling (4 threads)  40%|████████████                  |  ETA: 0:40:56
Sampling (4 threads)  40%|████████████▏                 |  ETA: 0:40:05
Sampling (4 threads)  41%|████████████▎                 |  ETA: 0:40:26
Sampling (4 threads)  42%|████████████▌                 |  ETA: 0:39:37
Sampling (4 threads)  42%|████████████▋                 |  ETA: 0:39:47
Sampling (4 threads)  42%|████████████▊                 |  ETA: 0:38:59
Sampling (4 threads)  43%|████████████▉                 |  ETA: 0:38:11
Sampling (4 threads)  44%|█████████████                 |  ETA: 0:38:18
Sampling (4 threads)  44%|█████████████▎                |  ETA: 0:37:31
Sampling (4 threads)  44%|█████████████▍                |  ETA: 0:37:30
Sampling (4 threads)  45%|█████████████▌                |  ETA: 0:36:45
Sampling (4 threads)  46%|█████████████▋                |  ETA: 0:36:50
Sampling (4 threads)  46%|█████████████▊                |  ETA: 0:36:06
Sampling (4 threads)  46%|██████████████                |  ETA: 0:36:20
Sampling (4 threads)  47%|██████████████▏               |  ETA: 0:35:36
Sampling (4 threads)  48%|██████████████▎               |  ETA: 0:35:42
Sampling (4 threads)  48%|██████████████▍               |  ETA: 0:35:00
Sampling (4 threads)  48%|██████████████▌               |  ETA: 0:34:18
Sampling (4 threads)  49%|██████████████▊               |  ETA: 0:34:39
Sampling (4 threads)  50%|██████████████▉               |  ETA: 0:33:58
Sampling (4 threads)  50%|███████████████               |  ETA: 0:33:17
Sampling (4 threads)  50%|███████████████▏              |  ETA: 0:32:38
Sampling (4 threads)  51%|███████████████▎              |  ETA: 0:33:11
Sampling (4 threads)  52%|███████████████▌              |  ETA: 0:32:32
Sampling (4 threads)  52%|███████████████▋              |  ETA: 0:31:53
Sampling (4 threads)  52%|███████████████▊              |  ETA: 0:32:11
Sampling (4 threads)  53%|███████████████▉              |  ETA: 0:31:33
Sampling (4 threads)  54%|████████████████              |  ETA: 0:30:55
Sampling (4 threads)  54%|████████████████▎             |  ETA: 0:31:17
Sampling (4 threads)  55%|████████████████▍             |  ETA: 0:30:40
Sampling (4 threads)  55%|████████████████▌             |  ETA: 0:30:03
Sampling (4 threads)  56%|████████████████▋             |  ETA: 0:29:27
Sampling (4 threads)  56%|████████████████▊             |  ETA: 0:29:47
Sampling (4 threads)  56%|█████████████████             |  ETA: 0:29:11
Sampling (4 threads)  57%|█████████████████▏            |  ETA: 0:28:36
Sampling (4 threads)  57%|█████████████████▎            |  ETA: 0:28:50
Sampling (4 threads)  58%|█████████████████▍            |  ETA: 0:28:15
Sampling (4 threads)  58%|█████████████████▌            |  ETA: 0:27:41
Sampling (4 threads)  59%|█████████████████▊            |  ETA: 0:27:50
Sampling (4 threads)  60%|█████████████████▉            |  ETA: 0:27:16
Sampling (4 threads)  60%|██████████████████            |  ETA: 0:26:42
Sampling (4 threads)  60%|██████████████████▏           |  ETA: 0:26:53
Sampling (4 threads)  61%|██████████████████▎           |  ETA: 0:26:20
Sampling (4 threads)  62%|██████████████████▌           |  ETA: 0:25:47
Sampling (4 threads)  62%|██████████████████▋           |  ETA: 0:25:47
Sampling (4 threads)  62%|██████████████████▊           |  ETA: 0:25:14
Sampling (4 threads)  63%|██████████████████▉           |  ETA: 0:24:42
Sampling (4 threads)  64%|███████████████████           |  ETA: 0:24:46
Sampling (4 threads)  64%|███████████████████▎          |  ETA: 0:24:14
Sampling (4 threads)  64%|███████████████████▍          |  ETA: 0:24:00
Sampling (4 threads)  65%|███████████████████▌          |  ETA: 0:23:29
Sampling (4 threads)  66%|███████████████████▋          |  ETA: 0:23:16
Sampling (4 threads)  66%|███████████████████▊          |  ETA: 0:22:45
Sampling (4 threads)  66%|████████████████████          |  ETA: 0:22:45
Sampling (4 threads)  67%|████████████████████▏         |  ETA: 0:22:14
Sampling (4 threads)  68%|████████████████████▎         |  ETA: 0:21:44
Sampling (4 threads)  68%|████████████████████▍         |  ETA: 0:21:44
Sampling (4 threads)  68%|████████████████████▌         |  ETA: 0:21:15
Sampling (4 threads)  69%|████████████████████▊         |  ETA: 0:20:45
Sampling (4 threads)  70%|████████████████████▉         |  ETA: 0:20:41
Sampling (4 threads)  70%|█████████████████████         |  ETA: 0:20:12
Sampling (4 threads)  70%|█████████████████████▏        |  ETA: 0:19:44
Sampling (4 threads)  71%|█████████████████████▎        |  ETA: 0:19:42
Sampling (4 threads)  72%|█████████████████████▌        |  ETA: 0:19:14
Sampling (4 threads)  72%|█████████████████████▋        |  ETA: 0:18:46
Sampling (4 threads)  72%|█████████████████████▊        |  ETA: 0:18:41
Sampling (4 threads)  73%|█████████████████████▉        |  ETA: 0:18:13
Sampling (4 threads)  74%|██████████████████████        |  ETA: 0:17:46
Sampling (4 threads)  74%|██████████████████████▎       |  ETA: 0:17:38
Sampling (4 threads)  74%|██████████████████████▍       |  ETA: 0:17:10
Sampling (4 threads)  75%|██████████████████████▌       |  ETA: 0:16:44
Sampling (4 threads)  76%|██████████████████████▋       |  ETA: 0:16:35
Sampling (4 threads)  76%|██████████████████████▊       |  ETA: 0:16:09
Sampling (4 threads)  76%|███████████████████████       |  ETA: 0:16:01
Sampling (4 threads)  77%|███████████████████████▏      |  ETA: 0:15:34
Sampling (4 threads)  78%|███████████████████████▎      |  ETA: 0:15:08
Sampling (4 threads)  78%|███████████████████████▍      |  ETA: 0:14:42
Sampling (4 threads)  78%|███████████████████████▌      |  ETA: 0:14:34
Sampling (4 threads)  79%|███████████████████████▊      |  ETA: 0:14:08
Sampling (4 threads)  80%|███████████████████████▉      |  ETA: 0:13:53
Sampling (4 threads)  80%|████████████████████████      |  ETA: 0:13:27
Sampling (4 threads)  80%|████████████████████████▏     |  ETA: 0:13:14
Sampling (4 threads)  81%|████████████████████████▎     |  ETA: 0:12:48
Sampling (4 threads)  82%|████████████████████████▌     |  ETA: 0:12:35
Sampling (4 threads)  82%|████████████████████████▋     |  ETA: 0:12:10
Sampling (4 threads)  82%|████████████████████████▊     |  ETA: 0:11:45
Sampling (4 threads)  83%|████████████████████████▉     |  ETA: 0:11:30
Sampling (4 threads)  84%|█████████████████████████     |  ETA: 0:11:05
Sampling (4 threads)  84%|█████████████████████████▎    |  ETA: 0:10:49
Sampling (4 threads)  84%|█████████████████████████▍    |  ETA: 0:10:25
Sampling (4 threads)  85%|█████████████████████████▌    |  ETA: 0:10:01
Sampling (4 threads)  86%|█████████████████████████▋    |  ETA: 0:09:46
Sampling (4 threads)  86%|█████████████████████████▊    |  ETA: 0:09:23
Sampling (4 threads)  86%|██████████████████████████    |  ETA: 0:09:11
Sampling (4 threads)  87%|██████████████████████████▏   |  ETA: 0:08:47
Sampling (4 threads)  88%|██████████████████████████▎   |  ETA: 0:08:24
Sampling (4 threads)  88%|██████████████████████████▍   |  ETA: 0:08:01
Sampling (4 threads)  88%|██████████████████████████▌   |  ETA: 0:07:42
Sampling (4 threads)  89%|██████████████████████████▊   |  ETA: 0:07:23
Sampling (4 threads)  90%|██████████████████████████▉   |  ETA: 0:07:02
Sampling (4 threads)  90%|███████████████████████████   |  ETA: 0:06:43
Sampling (4 threads)  90%|███████████████████████████▏  |  ETA: 0:06:22
Sampling (4 threads)  91%|███████████████████████████▎  |  ETA: 0:06:03
Sampling (4 threads)  92%|███████████████████████████▌  |  ETA: 0:05:43
Sampling (4 threads)  92%|███████████████████████████▋  |  ETA: 0:05:23
Sampling (4 threads)  92%|███████████████████████████▊  |  ETA: 0:05:03
Sampling (4 threads)  93%|███████████████████████████▉  |  ETA: 0:04:43
Sampling (4 threads)  94%|████████████████████████████  |  ETA: 0:04:23
Sampling (4 threads)  94%|████████████████████████████▎ |  ETA: 0:04:03
Sampling (4 threads)  94%|████████████████████████████▍ |  ETA: 0:03:43
Sampling (4 threads)  95%|████████████████████████████▌ |  ETA: 0:03:24
Sampling (4 threads)  96%|████████████████████████████▋ |  ETA: 0:03:03
Sampling (4 threads)  96%|████████████████████████████▊ |  ETA: 0:02:43
Sampling (4 threads)  96%|█████████████████████████████ |  ETA: 0:02:23
Sampling (4 threads)  97%|█████████████████████████████▏|  ETA: 0:02:03
Sampling (4 threads)  98%|█████████████████████████████▎|  ETA: 0:01:42
Sampling (4 threads)  98%|█████████████████████████████▍|  ETA: 0:01:22
Sampling (4 threads)  98%|█████████████████████████████▌|  ETA: 0:01:02
Sampling (4 threads)  99%|█████████████████████████████▊|  ETA: 0:00:41
Sampling (4 threads) 100%|█████████████████████████████▉|  ETA: 0:00:21
Sampling (4 threads) 100%|██████████████████████████████| Time: 1:08:47
Sampling (4 threads) 100%|██████████████████████████████| Time: 1:08:48
Precompiling project...
    DistributionsADReverseDiffExt Being precompiled by another machine (hostname: bp1-compute122, pid: 356549, pidfile: /user/home/em18564/.julia/compiled/v1.10/DistributionsADReverseDiffExt/hY00X_4RpdW.ji.pidfile)
  ✗ DistributionsAD → DistributionsADReverseDiffExt
  0 dependencies successfully precompiled in 105 seconds. 549 already precompiled.
┌ Warning: Runtime invalidation was disabled, but the CPU info is out-of-date.
│ Will continue with incorrect CPU name (from build time).
└ @ HostCPUFeatures ~/.julia/packages/HostCPUFeatures/ZTXz4/src/cpu_info.jl:71
┌ Warning: Runtime invalidation was disabled, but the CPU info is out-of-date.
│ Will continue with incorrect CPU feature flag: +avx512vnni.
└ @ HostCPUFeatures ~/.julia/packages/HostCPUFeatures/ZTXz4/src/cpu_info.jl:56
┌ Warning: Runtime invalidation was disabled, but the CPU info is out-of-date.
│ Will continue with incorrect CPU feature flag: -rtm.
└ @ HostCPUFeatures ~/.julia/packages/HostCPUFeatures/ZTXz4/src/cpu_info.jl:56
Sampling (4 threads)   0%|                              |  ETA: N/A
┌ Info: Found initial step size
└   ϵ = 0.00625
┌ Info: Found initial step size
└   ϵ = 0.003125
┌ Info: Found initial step size
└   ϵ = 0.003125
┌ Info: Found initial step size
└   ϵ = 0.0015625
Sampling (4 threads)   0%|▏                             |  ETA: 3:14:04
Sampling (4 threads)   1%|▎                             |  ETA: 1:36:38
Sampling (4 threads)   2%|▌                             |  ETA: 1:32:18
Sampling (4 threads)   2%|▋                             |  ETA: 1:08:53
Sampling (4 threads)   2%|▊                             |  ETA: 1:19:25
Sampling (4 threads)   3%|▉                             |  ETA: 1:05:50
Sampling (4 threads)   4%|█                             |  ETA: 1:05:18
Sampling (4 threads)   4%|█▎                            |  ETA: 0:56:51
Sampling (4 threads)   4%|█▍                            |  ETA: 1:01:02
Sampling (4 threads)   5%|█▌                            |  ETA: 0:54:39
Sampling (4 threads)   6%|█▋                            |  ETA: 1:09:52
Sampling (4 threads)   6%|█▊                            |  ETA: 1:03:43
Sampling (4 threads)   6%|██                            |  ETA: 1:10:05
Sampling (4 threads)   7%|██▏                           |  ETA: 1:04:43
Sampling (4 threads)   8%|██▎                           |  ETA: 1:00:05
Sampling (4 threads)   8%|██▍                           |  ETA: 1:03:54
Sampling (4 threads)   8%|██▌                           |  ETA: 0:59:49
Sampling (4 threads)   9%|██▊                           |  ETA: 1:00:50
Sampling (4 threads)  10%|██▉                           |  ETA: 0:57:19
Sampling (4 threads)  10%|███                           |  ETA: 0:54:09
Sampling (4 threads)  10%|███▏                          |  ETA: 0:59:34
Sampling (4 threads)  11%|███▎                          |  ETA: 0:56:33
Sampling (4 threads)  12%|███▌                          |  ETA: 0:53:47
Sampling (4 threads)  12%|███▋                          |  ETA: 0:51:15
Sampling (4 threads)  12%|███▊                          |  ETA: 0:57:19
Sampling (4 threads)  13%|███▉                          |  ETA: 0:54:47
Sampling (4 threads)  14%|████                          |  ETA: 0:52:27
Sampling (4 threads)  14%|████▎                         |  ETA: 0:56:18
Sampling (4 threads)  14%|████▍                         |  ETA: 0:54:03
Sampling (4 threads)  15%|████▌                         |  ETA: 0:57:52
Sampling (4 threads)  16%|████▋                         |  ETA: 0:55:40
Sampling (4 threads)  16%|████▊                         |  ETA: 0:53:37
Sampling (4 threads)  16%|█████                         |  ETA: 0:51:41
Sampling (4 threads)  17%|█████▏                        |  ETA: 0:55:38
Sampling (4 threads)  18%|█████▎                        |  ETA: 0:53:43
Sampling (4 threads)  18%|█████▍                        |  ETA: 0:53:48
Sampling (4 threads)  18%|█████▌                        |  ETA: 0:52:01
Sampling (4 threads)  19%|█████▊                        |  ETA: 0:54:05
Sampling (4 threads)  20%|█████▉                        |  ETA: 0:52:23
Sampling (4 threads)  20%|██████                        |  ETA: 0:50:45
Sampling (4 threads)  20%|██████▏                       |  ETA: 0:52:26
Sampling (4 threads)  21%|██████▎                       |  ETA: 0:50:51
Sampling (4 threads)  22%|██████▌                       |  ETA: 0:50:37
Sampling (4 threads)  22%|██████▋                       |  ETA: 0:49:09
Sampling (4 threads)  22%|██████▊                       |  ETA: 0:50:56
Sampling (4 threads)  23%|██████▉                       |  ETA: 0:49:30
Sampling (4 threads)  24%|███████                       |  ETA: 0:48:08
Sampling (4 threads)  24%|███████▎                      |  ETA: 0:49:22
Sampling (4 threads)  24%|███████▍                      |  ETA: 0:48:02
Sampling (4 threads)  25%|███████▌                      |  ETA: 0:48:54
Sampling (4 threads)  26%|███████▋                      |  ETA: 0:47:37
Sampling (4 threads)  26%|███████▊                      |  ETA: 0:46:23
Sampling (4 threads)  26%|████████                      |  ETA: 0:48:32
Sampling (4 threads)  27%|████████▏                     |  ETA: 0:47:19
Sampling (4 threads)  28%|████████▎                     |  ETA: 0:46:08
Sampling (4 threads)  28%|████████▍                     |  ETA: 0:47:28
Sampling (4 threads)  28%|████████▌                     |  ETA: 0:46:19
Sampling (4 threads)  29%|████████▊                     |  ETA: 0:45:12
Sampling (4 threads)  30%|████████▉                     |  ETA: 0:47:01
Sampling (4 threads)  30%|█████████                     |  ETA: 0:45:55
Sampling (4 threads)  30%|█████████▏                    |  ETA: 0:44:50
Sampling (4 threads)  31%|█████████▎                    |  ETA: 0:46:23
Sampling (4 threads)  32%|█████████▌                    |  ETA: 0:45:19
Sampling (4 threads)  32%|█████████▋                    |  ETA: 0:44:17
Sampling (4 threads)  32%|█████████▊                    |  ETA: 0:44:46
Sampling (4 threads)  33%|█████████▉                    |  ETA: 0:43:45
Sampling (4 threads)  34%|██████████                    |  ETA: 0:42:47
Sampling (4 threads)  34%|██████████▎                   |  ETA: 0:43:33
Sampling (4 threads)  34%|██████████▍                   |  ETA: 0:42:36
Sampling (4 threads)  35%|██████████▌                   |  ETA: 0:43:25
Sampling (4 threads)  36%|██████████▋                   |  ETA: 0:42:29
Sampling (4 threads)  36%|██████████▊                   |  ETA: 0:41:34
Sampling (4 threads)  36%|███████████                   |  ETA: 0:42:46
Sampling (4 threads)  37%|███████████▏                  |  ETA: 0:41:51
Sampling (4 threads)  38%|███████████▎                  |  ETA: 0:40:58
Sampling (4 threads)  38%|███████████▍                  |  ETA: 0:41:44
Sampling (4 threads)  38%|███████████▌                  |  ETA: 0:40:51
Sampling (4 threads)  39%|███████████▊                  |  ETA: 0:40:00
Sampling (4 threads)  40%|███████████▉                  |  ETA: 0:40:39
Sampling (4 threads)  40%|████████████                  |  ETA: 0:39:49
Sampling (4 threads)  40%|████████████▏                 |  ETA: 0:39:00
Sampling (4 threads)  41%|████████████▎                 |  ETA: 0:39:33
Sampling (4 threads)  42%|████████████▌                 |  ETA: 0:38:44
Sampling (4 threads)  42%|████████████▋                 |  ETA: 0:37:57
Sampling (4 threads)  42%|████████████▊                 |  ETA: 0:38:22
Sampling (4 threads)  43%|████████████▉                 |  ETA: 0:37:35
Sampling (4 threads)  44%|█████████████                 |  ETA: 0:36:50
Sampling (4 threads)  44%|█████████████▎                |  ETA: 0:37:19
Sampling (4 threads)  44%|█████████████▍                |  ETA: 0:36:34
Sampling (4 threads)  45%|█████████████▌                |  ETA: 0:35:50
Sampling (4 threads)  46%|█████████████▋                |  ETA: 0:36:10
Sampling (4 threads)  46%|█████████████▊                |  ETA: 0:35:27
Sampling (4 threads)  46%|██████████████                |  ETA: 0:35:47
Sampling (4 threads)  47%|██████████████▏               |  ETA: 0:35:04
Sampling (4 threads)  48%|██████████████▎               |  ETA: 0:34:23
Sampling (4 threads)  48%|██████████████▍               |  ETA: 0:34:45
Sampling (4 threads)  48%|██████████████▌               |  ETA: 0:34:04
Sampling (4 threads)  49%|██████████████▊               |  ETA: 0:33:24
Sampling (4 threads)  50%|██████████████▉               |  ETA: 0:33:39
Sampling (4 threads)  50%|███████████████               |  ETA: 0:32:59
Sampling (4 threads)  50%|███████████████▏              |  ETA: 0:32:20
Sampling (4 threads)  51%|███████████████▎              |  ETA: 0:32:36
Sampling (4 threads)  52%|███████████████▌              |  ETA: 0:31:58
Sampling (4 threads)  52%|███████████████▋              |  ETA: 0:31:20
Sampling (4 threads)  52%|███████████████▊              |  ETA: 0:31:17
Sampling (4 threads)  53%|███████████████▉              |  ETA: 0:30:40
Sampling (4 threads)  54%|████████████████              |  ETA: 0:30:45
Sampling (4 threads)  54%|████████████████▎             |  ETA: 0:30:09
Sampling (4 threads)  55%|████████████████▍             |  ETA: 0:29:33
Sampling (4 threads)  55%|████████████████▌             |  ETA: 0:29:30
Sampling (4 threads)  56%|████████████████▋             |  ETA: 0:28:55
Sampling (4 threads)  56%|████████████████▊             |  ETA: 0:28:46
Sampling (4 threads)  56%|█████████████████             |  ETA: 0:28:11
Sampling (4 threads)  57%|█████████████████▏            |  ETA: 0:28:23
Sampling (4 threads)  57%|█████████████████▎            |  ETA: 0:27:48
Sampling (4 threads)  58%|█████████████████▍            |  ETA: 0:27:14
Sampling (4 threads)  58%|█████████████████▌            |  ETA: 0:27:23
Sampling (4 threads)  59%|█████████████████▊            |  ETA: 0:26:50
Sampling (4 threads)  60%|█████████████████▉            |  ETA: 0:26:17
Sampling (4 threads)  60%|██████████████████            |  ETA: 0:26:26
Sampling (4 threads)  60%|██████████████████▏           |  ETA: 0:25:53
Sampling (4 threads)  61%|██████████████████▎           |  ETA: 0:25:21
Sampling (4 threads)  62%|██████████████████▌           |  ETA: 0:25:16
Sampling (4 threads)  62%|██████████████████▋           |  ETA: 0:24:44
Sampling (4 threads)  62%|██████████████████▊           |  ETA: 0:24:13
Sampling (4 threads)  63%|██████████████████▉           |  ETA: 0:24:07
Sampling (4 threads)  64%|███████████████████           |  ETA: 0:23:36
Sampling (4 threads)  64%|███████████████████▎          |  ETA: 0:23:34
Sampling (4 threads)  64%|███████████████████▍          |  ETA: 0:23:04
Sampling (4 threads)  65%|███████████████████▌          |  ETA: 0:22:34
Sampling (4 threads)  66%|███████████████████▋          |  ETA: 0:22:30
Sampling (4 threads)  66%|███████████████████▊          |  ETA: 0:22:01
Sampling (4 threads)  66%|████████████████████          |  ETA: 0:21:58
Sampling (4 threads)  67%|████████████████████▏         |  ETA: 0:21:29
Sampling (4 threads)  68%|████████████████████▎         |  ETA: 0:21:00
Sampling (4 threads)  68%|████████████████████▍         |  ETA: 0:20:59
Sampling (4 threads)  68%|████████████████████▌         |  ETA: 0:20:31
Sampling (4 threads)  69%|████████████████████▊         |  ETA: 0:20:02
Sampling (4 threads)  70%|████████████████████▉         |  ETA: 0:19:54
Sampling (4 threads)  70%|█████████████████████         |  ETA: 0:19:26
Sampling (4 threads)  70%|█████████████████████▏        |  ETA: 0:19:20
Sampling (4 threads)  71%|█████████████████████▎        |  ETA: 0:18:52
Sampling (4 threads)  72%|█████████████████████▌        |  ETA: 0:18:25
Sampling (4 threads)  72%|█████████████████████▋        |  ETA: 0:18:19
Sampling (4 threads)  72%|█████████████████████▊        |  ETA: 0:17:52
Sampling (4 threads)  73%|█████████████████████▉        |  ETA: 0:17:47
Sampling (4 threads)  74%|██████████████████████        |  ETA: 0:17:20
Sampling (4 threads)  74%|██████████████████████▎       |  ETA: 0:16:54
Sampling (4 threads)  74%|██████████████████████▍       |  ETA: 0:16:27
Sampling (4 threads)  75%|██████████████████████▌       |  ETA: 0:16:22
Sampling (4 threads)  76%|██████████████████████▋       |  ETA: 0:15:56
Sampling (4 threads)  76%|██████████████████████▊       |  ETA: 0:15:31
Sampling (4 threads)  76%|███████████████████████       |  ETA: 0:15:24
Sampling (4 threads)  77%|███████████████████████▏      |  ETA: 0:14:58
Sampling (4 threads)  78%|███████████████████████▎      |  ETA: 0:14:33
Sampling (4 threads)  78%|███████████████████████▍      |  ETA: 0:14:25
Sampling (4 threads)  78%|███████████████████████▌      |  ETA: 0:14:00
Sampling (4 threads)  79%|███████████████████████▊      |  ETA: 0:13:35
Sampling (4 threads)  80%|███████████████████████▉      |  ETA: 0:13:25
Sampling (4 threads)  80%|████████████████████████      |  ETA: 0:13:00
Sampling (4 threads)  80%|████████████████████████▏     |  ETA: 0:12:36
Sampling (4 threads)  81%|████████████████████████▎     |  ETA: 0:12:19
Sampling (4 threads)  82%|████████████████████████▌     |  ETA: 0:11:55
Sampling (4 threads)  82%|████████████████████████▋     |  ETA: 0:11:45
Sampling (4 threads)  82%|████████████████████████▊     |  ETA: 0:11:22
Sampling (4 threads)  83%|████████████████████████▉     |  ETA: 0:10:58
Sampling (4 threads)  84%|█████████████████████████     |  ETA: 0:10:47
Sampling (4 threads)  84%|█████████████████████████▎    |  ETA: 0:10:23
Sampling (4 threads)  84%|█████████████████████████▍    |  ETA: 0:10:00
Sampling (4 threads)  85%|█████████████████████████▌    |  ETA: 0:09:48
Sampling (4 threads)  86%|█████████████████████████▋    |  ETA: 0:09:25
Sampling (4 threads)  86%|█████████████████████████▊    |  ETA: 0:09:02
Sampling (4 threads)  86%|██████████████████████████    |  ETA: 0:08:45
Sampling (4 threads)  87%|██████████████████████████▏   |  ETA: 0:08:22
Sampling (4 threads)  88%|██████████████████████████▎   |  ETA: 0:08:05
Sampling (4 threads)  88%|██████████████████████████▍   |  ETA: 0:07:43
Sampling (4 threads)  88%|██████████████████████████▌   |  ETA: 0:07:29
Sampling (4 threads)  89%|██████████████████████████▊   |  ETA: 0:07:07
Sampling (4 threads)  90%|██████████████████████████▉   |  ETA: 0:06:45
Sampling (4 threads)  90%|███████████████████████████   |  ETA: 0:06:29
Sampling (4 threads)  90%|███████████████████████████▏  |  ETA: 0:06:10
Sampling (4 threads)  91%|███████████████████████████▎  |  ETA: 0:05:50
Sampling (4 threads)  92%|███████████████████████████▌  |  ETA: 0:05:30
Sampling (4 threads)  92%|███████████████████████████▋  |  ETA: 0:05:11
Sampling (4 threads)  92%|███████████████████████████▊  |  ETA: 0:04:53
Sampling (4 threads)  93%|███████████████████████████▉  |  ETA: 0:04:34
Sampling (4 threads)  94%|████████████████████████████  |  ETA: 0:04:15
Sampling (4 threads)  94%|████████████████████████████▎ |  ETA: 0:03:56
Sampling (4 threads)  94%|████████████████████████████▍ |  ETA: 0:03:37
Sampling (4 threads)  95%|████████████████████████████▌ |  ETA: 0:03:18
Sampling (4 threads)  96%|████████████████████████████▋ |  ETA: 0:02:59
Sampling (4 threads)  96%|████████████████████████████▊ |  ETA: 0:02:39
Sampling (4 threads)  96%|█████████████████████████████ |  ETA: 0:02:20
Sampling (4 threads)  97%|█████████████████████████████▏|  ETA: 0:02:00
Sampling (4 threads)  98%|█████████████████████████████▎|  ETA: 0:01:40
Sampling (4 threads)  98%|█████████████████████████████▍|  ETA: 0:01:21
Sampling (4 threads)  98%|█████████████████████████████▌|  ETA: 0:01:02
Sampling (4 threads)  99%|█████████████████████████████▊|  ETA: 0:00:42
Sampling (4 threads) 100%|█████████████████████████████▉|  ETA: 0:00:21
Sampling (4 threads) 100%|██████████████████████████████| Time: 1:11:06
Sampling (4 threads) 100%|██████████████████████████████| Time: 1:11:07
Precompiling project...
    DistributionsADReverseDiffExt Being precompiled by another process (pid: 356549, pidfile: /user/home/em18564/.julia/compiled/v1.10/DistributionsADReverseDiffExt/hY00X_4RpdW.ji.pidfile)
  ✗ DistributionsAD → DistributionsADReverseDiffExt
  0 dependencies successfully precompiled in 47 seconds. 549 already precompiled.
┌ Warning: Runtime invalidation was disabled, but the CPU info is out-of-date.
│ Will continue with incorrect CPU name (from build time).
└ @ HostCPUFeatures ~/.julia/packages/HostCPUFeatures/ZTXz4/src/cpu_info.jl:71
┌ Warning: Runtime invalidation was disabled, but the CPU info is out-of-date.
│ Will continue with incorrect CPU feature flag: +avx512vnni.
└ @ HostCPUFeatures ~/.julia/packages/HostCPUFeatures/ZTXz4/src/cpu_info.jl:56
┌ Warning: Runtime invalidation was disabled, but the CPU info is out-of-date.
│ Will continue with incorrect CPU feature flag: -rtm.
└ @ HostCPUFeatures ~/.julia/packages/HostCPUFeatures/ZTXz4/src/cpu_info.jl:56
Sampling (4 threads)   0%|                              |  ETA: N/A
┌ Info: Found initial step size
└   ϵ = 0.00625
┌ Info: Found initial step size
└   ϵ = 0.00078125
┌ Info: Found initial step size
└   ϵ = 0.00078125
┌ Info: Found initial step size
└   ϵ = 0.00078125
Sampling (4 threads)   0%|▏                             |  ETA: 4:17:50
Sampling (4 threads)   1%|▎                             |  ETA: 2:08:21
Sampling (4 threads)   2%|▌                             |  ETA: 2:24:26
Sampling (4 threads)   2%|▋                             |  ETA: 1:47:46
Sampling (4 threads)   2%|▊                             |  ETA: 1:25:47
Sampling (4 threads)   3%|▉                             |  ETA: 1:11:07
Sampling (4 threads)   4%|█                             |  ETA: 1:25:46
Sampling (4 threads)   4%|█▎                            |  ETA: 1:14:40
Sampling (4 threads)   4%|█▍                            |  ETA: 1:18:02
Sampling (4 threads)   5%|█▌                            |  ETA: 1:09:52
Sampling (4 threads)   6%|█▋                            |  ETA: 1:34:09
Sampling (4 threads)   6%|█▊                            |  ETA: 1:25:51
Sampling (4 threads)   6%|██                            |  ETA: 1:18:49
Sampling (4 threads)   7%|██▏                           |  ETA: 1:21:34
Sampling (4 threads)   8%|██▎                           |  ETA: 1:15:43
Sampling (4 threads)   8%|██▍                           |  ETA: 1:17:45
Sampling (4 threads)   8%|██▌                           |  ETA: 1:12:46
Sampling (4 threads)   9%|██▊                           |  ETA: 1:08:21
Sampling (4 threads)  10%|██▉                           |  ETA: 1:17:12
Sampling (4 threads)  10%|███                           |  ETA: 1:12:56
Sampling (4 threads)  10%|███▏                          |  ETA: 1:09:05
Sampling (4 threads)  11%|███▎                          |  ETA: 1:15:16
Sampling (4 threads)  12%|███▌                          |  ETA: 1:11:36
Sampling (4 threads)  12%|███▋                          |  ETA: 1:08:14
Sampling (4 threads)  12%|███▊                          |  ETA: 1:11:38
Sampling (4 threads)  13%|███▉                          |  ETA: 1:08:29
Sampling (4 threads)  14%|████                          |  ETA: 1:05:34
Sampling (4 threads)  14%|████▎                         |  ETA: 1:08:43
Sampling (4 threads)  14%|████▍                         |  ETA: 1:05:57
Sampling (4 threads)  15%|████▌                         |  ETA: 1:08:18
Sampling (4 threads)  16%|████▋                         |  ETA: 1:05:43
Sampling (4 threads)  16%|████▊                         |  ETA: 1:03:17
Sampling (4 threads)  16%|█████                         |  ETA: 1:05:21
Sampling (4 threads)  17%|█████▏                        |  ETA: 1:03:03
Sampling (4 threads)  18%|█████▎                        |  ETA: 1:05:41
Sampling (4 threads)  18%|█████▍                        |  ETA: 1:03:29
Sampling (4 threads)  18%|█████▌                        |  ETA: 1:05:53
Sampling (4 threads)  19%|█████▊                        |  ETA: 1:03:46
Sampling (4 threads)  20%|█████▉                        |  ETA: 1:01:45
Sampling (4 threads)  20%|██████                        |  ETA: 0:59:49
Sampling (4 threads)  20%|██████▏                       |  ETA: 1:02:16
Sampling (4 threads)  21%|██████▎                       |  ETA: 1:00:25
Sampling (4 threads)  22%|██████▌                       |  ETA: 1:00:59
Sampling (4 threads)  22%|██████▋                       |  ETA: 0:59:14
Sampling (4 threads)  22%|██████▊                       |  ETA: 0:59:32
Sampling (4 threads)  23%|██████▉                       |  ETA: 0:57:52
Sampling (4 threads)  24%|███████                       |  ETA: 0:59:40
Sampling (4 threads)  24%|███████▎                      |  ETA: 0:58:02
Sampling (4 threads)  24%|███████▍                      |  ETA: 0:58:26
Sampling (4 threads)  25%|███████▌                      |  ETA: 0:56:53
Sampling (4 threads)  26%|███████▋                      |  ETA: 0:57:19
Sampling (4 threads)  26%|███████▊                      |  ETA: 0:55:50
Sampling (4 threads)  26%|████████                      |  ETA: 0:57:47
Sampling (4 threads)  27%|████████▏                     |  ETA: 0:56:19
Sampling (4 threads)  28%|████████▎                     |  ETA: 0:54:55
Sampling (4 threads)  28%|████████▍                     |  ETA: 0:53:34
Sampling (4 threads)  28%|████████▌                     |  ETA: 0:54:48
Sampling (4 threads)  29%|████████▊                     |  ETA: 0:53:29
Sampling (4 threads)  30%|████████▉                     |  ETA: 0:54:50
Sampling (4 threads)  30%|█████████                     |  ETA: 0:53:32
Sampling (4 threads)  30%|█████████▏                    |  ETA: 0:52:17
Sampling (4 threads)  31%|█████████▎                    |  ETA: 0:52:28
Sampling (4 threads)  32%|█████████▌                    |  ETA: 0:51:15
Sampling (4 threads)  32%|█████████▋                    |  ETA: 0:51:30
Sampling (4 threads)  32%|█████████▊                    |  ETA: 0:50:20
Sampling (4 threads)  33%|█████████▉                    |  ETA: 0:51:29
Sampling (4 threads)  34%|██████████                    |  ETA: 0:50:21
Sampling (4 threads)  34%|██████████▎                   |  ETA: 0:50:28
Sampling (4 threads)  34%|██████████▍                   |  ETA: 0:49:22
Sampling (4 threads)  35%|██████████▌                   |  ETA: 0:49:49
Sampling (4 threads)  36%|██████████▋                   |  ETA: 0:48:44
Sampling (4 threads)  36%|██████████▊                   |  ETA: 0:49:45
Sampling (4 threads)  36%|███████████                   |  ETA: 0:48:41
Sampling (4 threads)  37%|███████████▏                  |  ETA: 0:47:39
Sampling (4 threads)  38%|███████████▎                  |  ETA: 0:48:30
Sampling (4 threads)  38%|███████████▍                  |  ETA: 0:47:29
Sampling (4 threads)  38%|███████████▌                  |  ETA: 0:47:26
Sampling (4 threads)  39%|███████████▊                  |  ETA: 0:46:27
Sampling (4 threads)  40%|███████████▉                  |  ETA: 0:47:22
Sampling (4 threads)  40%|████████████                  |  ETA: 0:46:23
Sampling (4 threads)  40%|████████████▏                 |  ETA: 0:45:26
Sampling (4 threads)  41%|████████████▎                 |  ETA: 0:44:30
Sampling (4 threads)  42%|████████████▌                 |  ETA: 0:45:32
Sampling (4 threads)  42%|████████████▋                 |  ETA: 0:44:36
Sampling (4 threads)  42%|████████████▊                 |  ETA: 0:45:12
Sampling (4 threads)  43%|████████████▉                 |  ETA: 0:44:17
Sampling (4 threads)  44%|█████████████                 |  ETA: 0:43:23
Sampling (4 threads)  44%|█████████████▎                |  ETA: 0:42:31
Sampling (4 threads)  44%|█████████████▍                |  ETA: 0:43:08
Sampling (4 threads)  45%|█████████████▌                |  ETA: 0:42:17
Sampling (4 threads)  46%|█████████████▋                |  ETA: 0:41:26
Sampling (4 threads)  46%|█████████████▊                |  ETA: 0:41:26
Sampling (4 threads)  46%|██████████████                |  ETA: 0:40:36
Sampling (4 threads)  47%|██████████████▏               |  ETA: 0:41:18
Sampling (4 threads)  48%|██████████████▎               |  ETA: 0:40:29
Sampling (4 threads)  48%|██████████████▍               |  ETA: 0:39:41
Sampling (4 threads)  48%|██████████████▌               |  ETA: 0:40:05
Sampling (4 threads)  49%|██████████████▊               |  ETA: 0:39:18
Sampling (4 threads)  50%|██████████████▉               |  ETA: 0:39:12
Sampling (4 threads)  50%|███████████████               |  ETA: 0:38:25
Sampling (4 threads)  50%|███████████████▏              |  ETA: 0:38:11
Sampling (4 threads)  51%|███████████████▎              |  ETA: 0:37:26
Sampling (4 threads)  52%|███████████████▌              |  ETA: 0:37:40
Sampling (4 threads)  52%|███████████████▋              |  ETA: 0:36:55
Sampling (4 threads)  52%|███████████████▊              |  ETA: 0:36:11
Sampling (4 threads)  53%|███████████████▉              |  ETA: 0:36:07
Sampling (4 threads)  54%|████████████████              |  ETA: 0:35:24
Sampling (4 threads)  54%|████████████████▎             |  ETA: 0:35:21
Sampling (4 threads)  55%|████████████████▍             |  ETA: 0:34:38
Sampling (4 threads)  55%|████████████████▌             |  ETA: 0:34:39
Sampling (4 threads)  56%|████████████████▋             |  ETA: 0:33:57
Sampling (4 threads)  56%|████████████████▊             |  ETA: 0:34:01
Sampling (4 threads)  56%|█████████████████             |  ETA: 0:33:19
Sampling (4 threads)  57%|█████████████████▏            |  ETA: 0:32:39
Sampling (4 threads)  57%|█████████████████▎            |  ETA: 0:32:33
Sampling (4 threads)  58%|█████████████████▍            |  ETA: 0:31:54
Sampling (4 threads)  58%|█████████████████▌            |  ETA: 0:31:52
Sampling (4 threads)  59%|█████████████████▊            |  ETA: 0:31:13
Sampling (4 threads)  60%|█████████████████▉            |  ETA: 0:30:34
Sampling (4 threads)  60%|██████████████████            |  ETA: 0:30:52
Sampling (4 threads)  60%|██████████████████▏           |  ETA: 0:30:14
Sampling (4 threads)  61%|██████████████████▎           |  ETA: 0:29:36
Sampling (4 threads)  62%|██████████████████▌           |  ETA: 0:29:45
Sampling (4 threads)  62%|██████████████████▋           |  ETA: 0:29:08
Sampling (4 threads)  62%|██████████████████▊           |  ETA: 0:29:10
Sampling (4 threads)  63%|██████████████████▉           |  ETA: 0:28:33
Sampling (4 threads)  64%|███████████████████           |  ETA: 0:27:57
Sampling (4 threads)  64%|███████████████████▎          |  ETA: 0:27:21
Sampling (4 threads)  64%|███████████████████▍          |  ETA: 0:27:22
Sampling (4 threads)  65%|███████████████████▌          |  ETA: 0:26:47
Sampling (4 threads)  66%|███████████████████▋          |  ETA: 0:26:12
Sampling (4 threads)  66%|███████████████████▊          |  ETA: 0:26:15
Sampling (4 threads)  66%|████████████████████          |  ETA: 0:25:40
Sampling (4 threads)  67%|████████████████████▏         |  ETA: 0:25:05
Sampling (4 threads)  68%|████████████████████▎         |  ETA: 0:25:03
Sampling (4 threads)  68%|████████████████████▍         |  ETA: 0:24:29
Sampling (4 threads)  68%|████████████████████▌         |  ETA: 0:23:56
Sampling (4 threads)  69%|████████████████████▊         |  ETA: 0:23:53
Sampling (4 threads)  70%|████████████████████▉         |  ETA: 0:23:20
Sampling (4 threads)  70%|█████████████████████         |  ETA: 0:22:47
Sampling (4 threads)  70%|█████████████████████▏        |  ETA: 0:22:43
Sampling (4 threads)  71%|█████████████████████▎        |  ETA: 0:22:10
Sampling (4 threads)  72%|█████████████████████▌        |  ETA: 0:21:38
Sampling (4 threads)  72%|█████████████████████▋        |  ETA: 0:21:21
Sampling (4 threads)  72%|█████████████████████▊        |  ETA: 0:20:50
Sampling (4 threads)  73%|█████████████████████▉        |  ETA: 0:20:33
Sampling (4 threads)  74%|██████████████████████        |  ETA: 0:20:02
Sampling (4 threads)  74%|██████████████████████▎       |  ETA: 0:19:56
Sampling (4 threads)  74%|██████████████████████▍       |  ETA: 0:19:25
Sampling (4 threads)  75%|██████████████████████▌       |  ETA: 0:18:54
Sampling (4 threads)  76%|██████████████████████▋       |  ETA: 0:18:47
Sampling (4 threads)  76%|██████████████████████▊       |  ETA: 0:18:16
Sampling (4 threads)  76%|███████████████████████       |  ETA: 0:17:46
Sampling (4 threads)  77%|███████████████████████▏      |  ETA: 0:17:38
Sampling (4 threads)  78%|███████████████████████▎      |  ETA: 0:17:09
Sampling (4 threads)  78%|███████████████████████▍      |  ETA: 0:16:39
Sampling (4 threads)  78%|███████████████████████▌      |  ETA: 0:16:28
Sampling (4 threads)  79%|███████████████████████▊      |  ETA: 0:15:59
Sampling (4 threads)  80%|███████████████████████▉      |  ETA: 0:15:30
Sampling (4 threads)  80%|████████████████████████      |  ETA: 0:15:20
Sampling (4 threads)  80%|████████████████████████▏     |  ETA: 0:14:51
Sampling (4 threads)  81%|████████████████████████▎     |  ETA: 0:14:23
Sampling (4 threads)  82%|████████████████████████▌     |  ETA: 0:14:10
Sampling (4 threads)  82%|████████████████████████▋     |  ETA: 0:13:42
Sampling (4 threads)  82%|████████████████████████▊     |  ETA: 0:13:14
Sampling (4 threads)  83%|████████████████████████▉     |  ETA: 0:13:02
Sampling (4 threads)  84%|█████████████████████████     |  ETA: 0:12:34
Sampling (4 threads)  84%|█████████████████████████▎    |  ETA: 0:12:07
Sampling (4 threads)  84%|█████████████████████████▍    |  ETA: 0:11:46
Sampling (4 threads)  85%|█████████████████████████▌    |  ETA: 0:11:21
Sampling (4 threads)  86%|█████████████████████████▋    |  ETA: 0:11:01
Sampling (4 threads)  86%|█████████████████████████▊    |  ETA: 0:10:37
Sampling (4 threads)  86%|██████████████████████████    |  ETA: 0:10:16
Sampling (4 threads)  87%|██████████████████████████▏   |  ETA: 0:09:53
Sampling (4 threads)  88%|██████████████████████████▎   |  ETA: 0:09:30
Sampling (4 threads)  88%|██████████████████████████▍   |  ETA: 0:09:09
Sampling (4 threads)  88%|██████████████████████████▌   |  ETA: 0:08:47
Sampling (4 threads)  89%|██████████████████████████▊   |  ETA: 0:08:23
Sampling (4 threads)  90%|██████████████████████████▉   |  ETA: 0:08:01
Sampling (4 threads)  90%|███████████████████████████   |  ETA: 0:07:39
Sampling (4 threads)  90%|███████████████████████████▏  |  ETA: 0:07:15
Sampling (4 threads)  91%|███████████████████████████▎  |  ETA: 0:06:53
Sampling (4 threads)  92%|███████████████████████████▌  |  ETA: 0:06:29
Sampling (4 threads)  92%|███████████████████████████▋  |  ETA: 0:06:06
Sampling (4 threads)  92%|███████████████████████████▊  |  ETA: 0:05:44
Sampling (4 threads)  93%|███████████████████████████▉  |  ETA: 0:05:20
Sampling (4 threads)  94%|████████████████████████████  |  ETA: 0:04:58
Sampling (4 threads)  94%|████████████████████████████▎ |  ETA: 0:04:35
Sampling (4 threads)  94%|████████████████████████████▍ |  ETA: 0:04:12
Sampling (4 threads)  95%|████████████████████████████▌ |  ETA: 0:03:50
Sampling (4 threads)  96%|████████████████████████████▋ |  ETA: 0:03:27
Sampling (4 threads)  96%|████████████████████████████▊ |  ETA: 0:03:04
Sampling (4 threads)  96%|█████████████████████████████ |  ETA: 0:02:42
Sampling (4 threads)  97%|█████████████████████████████▏|  ETA: 0:02:20
Sampling (4 threads)  98%|█████████████████████████████▎|  ETA: 0:01:57
Sampling (4 threads)  98%|█████████████████████████████▍|  ETA: 0:01:34
Sampling (4 threads)  98%|█████████████████████████████▌|  ETA: 0:01:11
Sampling (4 threads)  99%|█████████████████████████████▊|  ETA: 0:00:48
Sampling (4 threads) 100%|█████████████████████████████▉|  ETA: 0:00:24
Sampling (4 threads) 100%|██████████████████████████████| Time: 1:20:54
Sampling (4 threads) 100%|██████████████████████████████| Time: 1:20:55
[2026-09-21T15:34:58.325] error: *** JOB 18993530 ON bp1-compute054 CANCELLED AT 2026-09-21T15:34:58 DUE TO TIME LIMIT ***
