cpu-bind=MASK - bp1-compute031, task  0  0 [2405290]: mask 0x3000003000 set
Running on host bp1-compute031
Time is Tue Aug 4 12:14:44 BST 2026
Directory is /user/home/em18564/bayesian/BC4/Bayes/wordType_experiments/models/fixedRenorm
Slurm job ID is 18263808
This job runs on the following machines:
bp1-compute031
[2026-08-04T15:03:12.261] error: *** JOB 18263671 ON bp1-compute015 CANCELLED AT 2026-08-04T15:03:12 DUE to SIGNAL Terminated ***
[2026-08-04T15:03:12.270] error: *** JOB 18263670 ON bp1-compute015 CANCELLED AT 2026-08-04T15:03:12 DUE to SIGNAL Terminated ***
[2026-08-04T15:03:12.286] error: *** JOB 18263672 ON bp1-compute015 CANCELLED AT 2026-08-04T15:03:12 DUE to SIGNAL Terminated ***
[2026-08-04T15:03:12.893] error: *** JOB 18263674 ON bp1-compute016 CANCELLED AT 2026-08-04T15:03:12 DUE to SIGNAL Terminated ***
[2026-08-04T15:03:13.267] error: *** JOB 18263669 ON bp1-compute016 CANCELLED AT 2026-08-04T15:03:13 DUE to SIGNAL Terminated ***
[2026-08-04T15:03:13.772] error: *** JOB 18263673 ON bp1-compute016 CANCELLED AT 2026-08-04T15:03:13 DUE to SIGNAL Terminated ***
[2026-08-04T15:03:33.193] error: *** JOB 18263678 ON bp1-compute017 CANCELLED AT 2026-08-04T15:03:33 DUE to SIGNAL Terminated ***
[2026-08-04T15:03:33.230] error: *** JOB 18263677 ON bp1-compute017 CANCELLED AT 2026-08-04T15:03:33 DUE to SIGNAL Terminated ***
[2026-08-04T15:03:33.590] error: *** JOB 18263675 ON bp1-compute019 CANCELLED AT 2026-08-04T15:03:33 DUE to SIGNAL Terminated ***
[2026-08-04T15:03:33.682] error: *** JOB 18263676 ON bp1-compute016 CANCELLED AT 2026-08-04T15:03:33 DUE to SIGNAL Terminated ***
[2026-08-04T15:03:33.910] error: *** JOB 18263679 ON bp1-compute019 CANCELLED AT 2026-08-04T15:03:33 DUE to SIGNAL Terminated ***
[2026-08-04T15:03:34.273] error: *** JOB 18263680 ON bp1-compute019 CANCELLED AT 2026-08-04T15:03:34 DUE to SIGNAL Terminated ***
[2026-08-04T15:03:36.539] error: *** JOB 18263695 ON bp1-compute017 CANCELLED AT 2026-08-04T15:03:36 DUE to SIGNAL Terminated ***
[2026-08-04T15:03:36.585] error: *** JOB 18263694 ON bp1-compute017 CANCELLED AT 2026-08-04T15:03:36 DUE to SIGNAL Terminated ***
[2026-08-04T15:03:36.593] error: *** JOB 18263692 ON bp1-compute017 CANCELLED AT 2026-08-04T15:03:36 DUE to SIGNAL Terminated ***
[2026-08-04T15:03:36.596] error: *** JOB 18263693 ON bp1-compute017 CANCELLED AT 2026-08-04T15:03:36 DUE to SIGNAL Terminated ***
[2026-08-04T15:03:36.981] error: *** JOB 18263681 ON bp1-compute069 CANCELLED AT 2026-08-04T15:03:36 DUE to SIGNAL Terminated ***
[2026-08-04T15:03:37.046] error: *** JOB 18263682 ON bp1-compute019 CANCELLED AT 2026-08-04T15:03:37 DUE to SIGNAL Terminated ***
[2026-08-04T15:03:48.898] error: *** JOB 18263808 ON bp1-compute031 CANCELLED AT 2026-08-04T15:03:48 DUE to SIGNAL Terminated ***
[2026-08-04T15:03:49.025] error: *** JOB 18263683 ON bp1-compute032 CANCELLED AT 2026-08-04T15:03:49 DUE to SIGNAL Terminated ***
[2026-08-04T15:03:49.039] error: *** JOB 18263807 ON bp1-compute215 CANCELLED AT 2026-08-04T15:03:49 DUE to SIGNAL Terminated ***
[2026-08-04T15:03:49.123] error: *** JOB 18263810 ON bp1-compute032 CANCELLED AT 2026-08-04T15:03:49 DUE to SIGNAL Terminated ***
[2026-08-04T15:03:49.289] error: *** JOB 18263809 ON bp1-compute032 CANCELLED AT 2026-08-04T15:03:49 DUE to SIGNAL Terminated ***
[2026-08-04T15:03:49.417] error: *** JOB 18263811 ON bp1-compute032 CANCELLED AT 2026-08-04T15:03:49 DUE to SIGNAL Terminated ***
