cpu-bind=MASK - bp1-compute017, task  0  0 [3946448]: mask 0xc000000c000 set
cpu-bind=MASK - bp1-compute017, task  0  0 [3946443]: mask 0x30000003000 set
cpu-bind=MASK - bp1-compute017, task  0  0 [3946479]: mask 0xc000000c00000 set
cpu-bind=MASK - bp1-compute017, task  0  0 [3946476]: mask 0xc000000c0000 set
cpu-bind=MASK - bp1-compute017, task  0  0 [3946477]: mask 0x3000000300000 set
cpu-bind=MASK - bp1-compute017, task  0  0 [3946478]: mask 0x300000030000 set
Running on host bp1-compute017
Running on host bp1-compute017
Running on host bp1-compute017
Running on host bp1-compute017
Running on host bp1-compute017
Time is Sat Sep 12 18:31:33 BST 2026
Time is Sat Sep 12 18:31:33 BST 2026
Time is Sat Sep 12 18:31:33 BST 2026
Time is Sat Sep 12 18:31:33 BST 2026
Directory is /user/home/em18564/bayesian/BC4/Bayes/wordType_experiments/models/6_LKJPart
Directory is /user/home/em18564/bayesian/BC4/Bayes/wordType_experiments/models/6_LKJPart
Slurm job ID is 18939696
Directory is /user/home/em18564/bayesian/BC4/Bayes/wordType_experiments/models/6_LKJPart
Slurm job ID is 18939699
This job runs on the following machines:
This job runs on the following machines:
Slurm job ID is 18939701
This job runs on the following machines:
Time is Sat Sep 12 18:31:33 BST 2026
Directory is /user/home/em18564/bayesian/BC4/Bayes/wordType_experiments/models/6_LKJPart
Slurm job ID is 18939698
This job runs on the following machines:
Directory is /user/home/em18564/bayesian/BC4/Bayes/wordType_experiments/models/6_LKJPart
Slurm job ID is 18939700
This job runs on the following machines:
bp1-compute017
bp1-compute017
bp1-compute017
bp1-compute017
bp1-compute017
Running on host bp1-compute017
Time is Sat Sep 12 18:31:33 BST 2026
Directory is /user/home/em18564/bayesian/BC4/Bayes/wordType_experiments/models/6_LKJPart
Slurm job ID is 18939697
This job runs on the following machines:
bp1-compute017
Sampling (4 threads)   0%|                              |  ETA: N/A
┌ Info: Found initial step size
└   ϵ = 0.003125
┌ Info: Found initial step size
└   ϵ = 0.0001953125
┌ Info: Found initial step size
└   ϵ = 0.0015625
┌ Info: Found initial step size
└   ϵ = 0.0015625
Sampling (4 threads)   0%|▏                             |  ETA: 3:37:51
Sampling (4 threads)   1%|▎                             |  ETA: 1:48:29
Sampling (4 threads)   2%|▌                             |  ETA: 1:16:49
Sampling (4 threads)   2%|▋                             |  ETA: 0:57:19
Sampling (4 threads)   2%|▊                             |  ETA: 0:47:27
Sampling (4 threads)   3%|▉                             |  ETA: 0:39:20
Sampling (4 threads)   4%|█                             |  ETA: 0:38:13
Sampling (4 threads)   4%|█▎                            |  ETA: 0:33:16
Sampling (4 threads)   4%|█▍                            |  ETA: 0:47:10
Sampling (4 threads)   5%|█▌                            |  ETA: 0:42:14
Sampling (4 threads)   6%|█▋                            |  ETA: 0:38:11
Sampling (4 threads)   6%|█▊                            |  ETA: 1:43:32
Sampling (4 threads)   6%|██                            |  ETA: 1:35:03
Sampling (4 threads)   7%|██▏                           |  ETA: 3:09:21
Sampling (4 threads)   8%|██▎                           |  ETA: 2:55:46
Sampling (4 threads)   8%|██▍                           |  ETA: 2:43:54
Sampling (4 threads)   8%|██▌                           |  ETA: 2:33:25
Sampling (4 threads)   9%|██▊                           |  ETA: 3:41:33
Sampling (4 threads)  10%|██▉                           |  ETA: 3:28:44
Sampling (4 threads)  10%|███                           |  ETA: 4:19:49
Sampling (4 threads)  10%|███▏                          |  ETA: 4:06:04
Sampling (4 threads)  11%|███▎                          |  ETA: 4:53:42
Sampling (4 threads)  12%|███▌                          |  ETA: 4:39:21
Sampling (4 threads)  12%|███▋                          |  ETA: 4:26:12
Sampling (4 threads)  12%|███▊                          |  ETA: 4:38:34
Sampling (4 threads)  13%|███▉                          |  ETA: 4:26:19
Sampling (4 threads)  14%|████                          |  ETA: 4:36:15
Sampling (4 threads)  14%|████▎                         |  ETA: 4:24:50
Sampling (4 threads)  14%|████▍                         |  ETA: 5:07:56
Sampling (4 threads)  15%|████▌                         |  ETA: 4:55:56
Sampling (4 threads)  16%|████▋                         |  ETA: 4:44:42
Sampling (4 threads)  16%|████▊                         |  ETA: 4:34:10
Sampling (4 threads)  16%|█████                         |  ETA: 4:58:00
Sampling (4 threads)  17%|█████▏                        |  ETA: 4:47:30
Sampling (4 threads)  18%|█████▎                        |  ETA: 5:04:44
Sampling (4 threads)  18%|█████▍                        |  ETA: 4:54:28
Sampling (4 threads)  18%|█████▌                        |  ETA: 4:44:46
Sampling (4 threads)  19%|█████▊                        |  ETA: 5:03:09
Sampling (4 threads)  20%|█████▉                        |  ETA: 4:53:34
Sampling (4 threads)  20%|██████                        |  ETA: 4:44:27
Sampling (4 threads)  20%|██████▏                       |  ETA: 4:58:13
Sampling (4 threads)  21%|██████▎                       |  ETA: 4:49:17
Sampling (4 threads)  22%|██████▌                       |  ETA: 5:03:18
Sampling (4 threads)  22%|██████▋                       |  ETA: 4:54:31
Sampling (4 threads)  22%|██████▊                       |  ETA: 4:46:08
Sampling (4 threads)  23%|██████▉                       |  ETA: 4:57:05
Sampling (4 threads)  24%|███████                       |  ETA: 4:48:53
Sampling (4 threads)  24%|███████▎                      |  ETA: 4:41:01
Sampling (4 threads)  24%|███████▍                      |  ETA: 4:48:22
Sampling (4 threads)  25%|███████▌                      |  ETA: 4:40:43
Sampling (4 threads)  26%|███████▋                      |  ETA: 4:53:51
Sampling (4 threads)  26%|███████▊                      |  ETA: 4:46:16
Sampling (4 threads)  26%|████████                      |  ETA: 4:55:01
Sampling (4 threads)  27%|████████▏                     |  ETA: 4:47:35
Sampling (4 threads)  28%|████████▎                     |  ETA: 4:40:25
Sampling (4 threads)  28%|████████▍                     |  ETA: 4:50:18
Sampling (4 threads)  28%|████████▌                     |  ETA: 4:43:14
Sampling (4 threads)  29%|████████▊                     |  ETA: 4:36:24
Sampling (4 threads)  30%|████████▉                     |  ETA: 4:50:24
Sampling (4 threads)  30%|█████████                     |  ETA: 4:43:32
Sampling (4 threads)  30%|█████████▏                    |  ETA: 4:36:54
Sampling (4 threads)  31%|█████████▎                    |  ETA: 4:30:28
Sampling (4 threads)  32%|█████████▌                    |  ETA: 4:37:15
Sampling (4 threads)  32%|█████████▋                    |  ETA: 4:30:55
Sampling (4 threads)  32%|█████████▊                    |  ETA: 4:33:55
Sampling (4 threads)  33%|█████████▉                    |  ETA: 4:27:46
Sampling (4 threads)  34%|██████████                    |  ETA: 4:36:50
Sampling (4 threads)  34%|██████████▎                   |  ETA: 4:30:43
Sampling (4 threads)  34%|██████████▍                   |  ETA: 4:24:46
Sampling (4 threads)  35%|██████████▌                   |  ETA: 4:32:21
Sampling (4 threads)  36%|██████████▋                   |  ETA: 4:26:27
Sampling (4 threads)  36%|██████████▊                   |  ETA: 4:20:42
Sampling (4 threads)  36%|███████████                   |  ETA: 4:23:23
Sampling (4 threads)  37%|███████████▏                  |  ETA: 4:17:47
Sampling (4 threads)  38%|███████████▎                  |  ETA: 4:19:36
Sampling (4 threads)  38%|███████████▍                  |  ETA: 4:14:08
Sampling (4 threads)  38%|███████████▌                  |  ETA: 4:15:19
Sampling (4 threads)  39%|███████████▊                  |  ETA: 4:10:00
Sampling (4 threads)  40%|███████████▉                  |  ETA: 4:16:00
Sampling (4 threads)  40%|████████████                  |  ETA: 4:10:42
Sampling (4 threads)  40%|████████████▏                 |  ETA: 4:05:33
Sampling (4 threads)  41%|████████████▎                 |  ETA: 4:06:41
Sampling (4 threads)  42%|████████████▌                 |  ETA: 4:01:39
Sampling (4 threads)  42%|████████████▋                 |  ETA: 4:02:54
Sampling (4 threads)  42%|████████████▊                 |  ETA: 3:57:58
Sampling (4 threads)  43%|████████████▉                 |  ETA: 4:02:54
Sampling (4 threads)  44%|█████████████                 |  ETA: 3:58:00
Sampling (4 threads)  44%|█████████████▎                |  ETA: 3:53:13
Sampling (4 threads)  44%|█████████████▍                |  ETA: 3:58:36
Sampling (4 threads)  45%|█████████████▌                |  ETA: 3:53:50
Sampling (4 threads)  46%|█████████████▋                |  ETA: 3:49:09
Sampling (4 threads)  46%|█████████████▊                |  ETA: 3:44:35
Sampling (4 threads)  46%|██████████████                |  ETA: 3:48:49
Sampling (4 threads)  47%|██████████████▏               |  ETA: 3:44:16
Sampling (4 threads)  48%|██████████████▎               |  ETA: 3:49:32
Sampling (4 threads)  48%|██████████████▍               |  ETA: 3:44:58
Sampling (4 threads)  48%|██████████████▌               |  ETA: 3:40:31
Sampling (4 threads)  49%|██████████████▊               |  ETA: 3:36:09
Sampling (4 threads)  50%|██████████████▉               |  ETA: 3:40:03
Sampling (4 threads)  50%|███████████████               |  ETA: 3:35:41
Sampling (4 threads)  50%|███████████████▏              |  ETA: 3:31:25
Sampling (4 threads)  51%|███████████████▎              |  ETA: 3:35:31
Sampling (4 threads)  52%|███████████████▌              |  ETA: 3:31:14
Sampling (4 threads)  52%|███████████████▋              |  ETA: 3:27:03
Sampling (4 threads)  52%|███████████████▊              |  ETA: 3:29:31
Sampling (4 threads)  53%|███████████████▉              |  ETA: 3:25:22
Sampling (4 threads)  54%|████████████████              |  ETA: 3:21:17
Sampling (4 threads)  54%|████████████████▎             |  ETA: 3:17:16
Sampling (4 threads)  55%|████████████████▍             |  ETA: 3:20:54
Sampling (4 threads)  55%|████████████████▌             |  ETA: 3:16:53
Sampling (4 threads)  56%|████████████████▋             |  ETA: 3:12:57
Sampling (4 threads)  56%|████████████████▊             |  ETA: 3:16:12
Sampling (4 threads)  56%|█████████████████             |  ETA: 3:12:15
Sampling (4 threads)  57%|█████████████████▏            |  ETA: 3:08:22
Sampling (4 threads)  57%|█████████████████▎            |  ETA: 3:04:34
Sampling (4 threads)  58%|█████████████████▍            |  ETA: 3:06:37
Sampling (4 threads)  58%|█████████████████▌            |  ETA: 3:02:50
Sampling (4 threads)  59%|█████████████████▊            |  ETA: 3:03:02
Sampling (4 threads)  60%|█████████████████▉            |  ETA: 2:59:17
Sampling (4 threads)  60%|██████████████████            |  ETA: 2:55:36
Sampling (4 threads)  60%|██████████████████▏           |  ETA: 2:56:41
Sampling (4 threads)  61%|██████████████████▎           |  ETA: 2:53:01
Sampling (4 threads)  62%|██████████████████▌           |  ETA: 2:52:34
Sampling (4 threads)  62%|██████████████████▋           |  ETA: 2:48:57
Sampling (4 threads)  62%|██████████████████▊           |  ETA: 2:45:24
Sampling (4 threads)  63%|██████████████████▉           |  ETA: 2:46:17
Sampling (4 threads)  64%|███████████████████           |  ETA: 2:42:45
Sampling (4 threads)  64%|███████████████████▎          |  ETA: 2:39:16
Sampling (4 threads)  64%|███████████████████▍          |  ETA: 2:40:46
Sampling (4 threads)  65%|███████████████████▌          |  ETA: 2:37:17
Sampling (4 threads)  66%|███████████████████▋          |  ETA: 2:33:51
Sampling (4 threads)  66%|███████████████████▊          |  ETA: 2:33:55
Sampling (4 threads)  66%|████████████████████          |  ETA: 2:30:31
Sampling (4 threads)  67%|████████████████████▏         |  ETA: 2:27:10
Sampling (4 threads)  68%|████████████████████▎         |  ETA: 2:27:14
Sampling (4 threads)  68%|████████████████████▍         |  ETA: 2:23:54
Sampling (4 threads)  68%|████████████████████▌         |  ETA: 2:20:37
Sampling (4 threads)  69%|████████████████████▊         |  ETA: 2:20:47
Sampling (4 threads)  70%|████████████████████▉         |  ETA: 2:17:31
Sampling (4 threads)  70%|█████████████████████         |  ETA: 2:14:17
Sampling (4 threads)  70%|█████████████████████▏        |  ETA: 2:13:34
Sampling (4 threads)  71%|█████████████████████▎        |  ETA: 2:10:23
Sampling (4 threads)  72%|█████████████████████▌        |  ETA: 2:08:52
Sampling (4 threads)  72%|█████████████████████▋        |  ETA: 2:05:43
Sampling (4 threads)  72%|█████████████████████▊        |  ETA: 2:05:27
Sampling (4 threads)  73%|█████████████████████▉        |  ETA: 2:02:20
Sampling (4 threads)  74%|██████████████████████        |  ETA: 1:59:15
Sampling (4 threads)  74%|██████████████████████▎       |  ETA: 1:56:12
Sampling (4 threads)  74%|██████████████████████▍       |  ETA: 1:56:13
Sampling (4 threads)  75%|██████████████████████▌       |  ETA: 1:53:11
Sampling (4 threads)  76%|██████████████████████▋       |  ETA: 1:50:11
Sampling (4 threads)  76%|██████████████████████▊       |  ETA: 1:49:30
Sampling (4 threads)  76%|███████████████████████       |  ETA: 1:46:31
Sampling (4 threads)  77%|███████████████████████▏      |  ETA: 1:43:34
Sampling (4 threads)  78%|███████████████████████▎      |  ETA: 1:41:52
Sampling (4 threads)  78%|███████████████████████▍      |  ETA: 1:38:58
Sampling (4 threads)  78%|███████████████████████▌      |  ETA: 1:37:51
Sampling (4 threads)  79%|███████████████████████▊      |  ETA: 1:34:58
Sampling (4 threads)  80%|███████████████████████▉      |  ETA: 1:32:07
Sampling (4 threads)  80%|████████████████████████      |  ETA: 1:31:30
Sampling (4 threads)  80%|████████████████████████▏     |  ETA: 1:28:39
Sampling (4 threads)  81%|████████████████████████▎     |  ETA: 1:25:51
Sampling (4 threads)  82%|████████████████████████▌     |  ETA: 1:23:04
Sampling (4 threads)  82%|████████████████████████▋     |  ETA: 1:22:06
Sampling (4 threads)  82%|████████████████████████▊     |  ETA: 1:19:21
Sampling (4 threads)  83%|████████████████████████▉     |  ETA: 1:16:37
Sampling (4 threads)  84%|█████████████████████████     |  ETA: 1:15:35
Sampling (4 threads)  84%|█████████████████████████▎    |  ETA: 1:12:52
Sampling (4 threads)  84%|█████████████████████████▍    |  ETA: 1:10:10
Sampling (4 threads)  85%|█████████████████████████▌    |  ETA: 1:08:53
Sampling (4 threads)  86%|█████████████████████████▋    |  ETA: 1:06:12
Sampling (4 threads)  86%|█████████████████████████▊    |  ETA: 1:03:33
Sampling (4 threads)  86%|██████████████████████████    |  ETA: 1:01:40
Sampling (4 threads)  87%|██████████████████████████▏   |  ETA: 0:59:02
Sampling (4 threads)  88%|██████████████████████████▎   |  ETA: 0:57:32
Sampling (4 threads)  88%|██████████████████████████▍   |  ETA: 0:54:55
Sampling (4 threads)  88%|██████████████████████████▌   |  ETA: 0:52:20
Sampling (4 threads)  89%|██████████████████████████▊   |  ETA: 0:49:47
Sampling (4 threads)  90%|██████████████████████████▉   |  ETA: 0:48:13
Sampling (4 threads)  90%|███████████████████████████   |  ETA: 0:45:40
Sampling (4 threads)  90%|███████████████████████████▏  |  ETA: 0:43:09
Sampling (4 threads)  91%|███████████████████████████▎  |  ETA: 0:41:26
Sampling (4 threads)  92%|███████████████████████████▌  |  ETA: 0:38:55
Sampling (4 threads)  92%|███████████████████████████▋  |  ETA: 0:36:26
Sampling (4 threads)  92%|███████████████████████████▊  |  ETA: 0:34:22
Sampling (4 threads)  93%|███████████████████████████▉  |  ETA: 0:31:54
Sampling (4 threads)  94%|████████████████████████████  |  ETA: 0:29:28
Sampling (4 threads)  94%|████████████████████████████▎ |  ETA: 0:27:19
Sampling (4 threads)  94%|████████████████████████████▍ |  ETA: 0:25:04
Sampling (4 threads)  95%|████████████████████████████▌ |  ETA: 0:22:51
Sampling (4 threads)  96%|████████████████████████████▋ |  ETA: 0:20:32
Sampling (4 threads)  96%|████████████████████████████▊ |  ETA: 0:18:15
Sampling (4 threads)  96%|█████████████████████████████ |  ETA: 0:16:01
Sampling (4 threads)  97%|█████████████████████████████▏|  ETA: 0:13:45
Sampling (4 threads)  98%|█████████████████████████████▎|  ETA: 0:11:30
Sampling (4 threads)  98%|█████████████████████████████▍|  ETA: 0:09:12
Sampling (4 threads)  98%|█████████████████████████████▌|  ETA: 0:06:56
Sampling (4 threads)  99%|█████████████████████████████▊|  ETA: 0:04:39
Sampling (4 threads) 100%|█████████████████████████████▉|  ETA: 0:02:21
Sampling (4 threads) 100%|██████████████████████████████| Time: 7:51:28
Sampling (4 threads) 100%|██████████████████████████████| Time: 7:51:28
Sampling (4 threads)   0%|                              |  ETA: N/A
┌ Info: Found initial step size
└   ϵ = 0.00625
┌ Info: Found initial step size
└   ϵ = 0.003125
┌ Info: Found initial step size
└   ϵ = 0.00625
┌ Info: Found initial step size
└   ϵ = 0.003125
Sampling (4 threads)   0%|▏                             |  ETA: 3:42:14
Sampling (4 threads)   1%|▎                             |  ETA: 1:50:41
Sampling (4 threads)   2%|▌                             |  ETA: 1:20:27
Sampling (4 threads)   2%|▋                             |  ETA: 1:00:02
Sampling (4 threads)   2%|▊                             |  ETA: 0:47:47
Sampling (4 threads)   3%|▉                             |  ETA: 0:50:23
Sampling (4 threads)   4%|█                             |  ETA: 0:42:58
Sampling (4 threads)   4%|█▎                            |  ETA: 0:37:24
Sampling (4 threads)   4%|█▍                            |  ETA: 1:19:09
Sampling (4 threads)   5%|█▌                            |  ETA: 1:10:52
Sampling (4 threads)   6%|█▋                            |  ETA: 1:04:05
Sampling (4 threads)   6%|█▊                            |  ETA: 1:28:20
Sampling (4 threads)   6%|██                            |  ETA: 1:21:06
Sampling (4 threads)   7%|██▏                           |  ETA: 1:14:54
Sampling (4 threads)   8%|██▎                           |  ETA: 2:30:41
Sampling (4 threads)   8%|██▍                           |  ETA: 2:20:30
Sampling (4 threads)   8%|██▌                           |  ETA: 2:11:31
Sampling (4 threads)   9%|██▊                           |  ETA: 2:48:39
Sampling (4 threads)  10%|██▉                           |  ETA: 2:38:54
Sampling (4 threads)  10%|███                           |  ETA: 2:30:07
Sampling (4 threads)  10%|███▏                          |  ETA: 3:31:29
Sampling (4 threads)  11%|███▎                          |  ETA: 3:20:44
Sampling (4 threads)  12%|███▌                          |  ETA: 3:10:56
Sampling (4 threads)  12%|███▋                          |  ETA: 3:47:14
Sampling (4 threads)  12%|███▊                          |  ETA: 3:36:54
Sampling (4 threads)  13%|███▉                          |  ETA: 3:27:22
Sampling (4 threads)  14%|████                          |  ETA: 4:21:20
Sampling (4 threads)  14%|████▎                         |  ETA: 4:10:33
Sampling (4 threads)  14%|████▍                         |  ETA: 4:00:30
Sampling (4 threads)  15%|████▌                         |  ETA: 4:17:54
Sampling (4 threads)  16%|████▋                         |  ETA: 4:08:07
Sampling (4 threads)  16%|████▊                         |  ETA: 4:37:10
Sampling (4 threads)  16%|█████                         |  ETA: 4:27:11
Sampling (4 threads)  17%|█████▏                        |  ETA: 4:17:46
Sampling (4 threads)  18%|█████▎                        |  ETA: 4:28:52
Sampling (4 threads)  18%|█████▍                        |  ETA: 4:19:49
Sampling (4 threads)  18%|█████▌                        |  ETA: 4:36:41
Sampling (4 threads)  19%|█████▊                        |  ETA: 4:27:45
Sampling (4 threads)  20%|█████▉                        |  ETA: 4:19:17
Sampling (4 threads)  20%|██████                        |  ETA: 4:11:13
Sampling (4 threads)  20%|██████▏                       |  ETA: 4:40:54
Sampling (4 threads)  21%|██████▎                       |  ETA: 4:32:30
Sampling (4 threads)  22%|██████▌                       |  ETA: 4:24:28
Sampling (4 threads)  22%|██████▋                       |  ETA: 4:46:46
Sampling (4 threads)  22%|██████▊                       |  ETA: 4:38:36
Sampling (4 threads)  23%|██████▉                       |  ETA: 4:30:47
Sampling (4 threads)  24%|███████                       |  ETA: 4:47:33
Sampling (4 threads)  24%|███████▎                      |  ETA: 4:39:43
Sampling (4 threads)  24%|███████▍                      |  ETA: 4:32:12
Sampling (4 threads)  25%|███████▌                      |  ETA: 4:24:59
Sampling (4 threads)  26%|███████▋                      |  ETA: 4:36:15
Sampling (4 threads)  26%|███████▊                      |  ETA: 4:29:07
Sampling (4 threads)  26%|████████                      |  ETA: 4:35:58
Sampling (4 threads)  27%|████████▏                     |  ETA: 4:29:01
Sampling (4 threads)  28%|████████▎                     |  ETA: 4:31:57
Sampling (4 threads)  28%|████████▍                     |  ETA: 4:25:15
Sampling (4 threads)  28%|████████▌                     |  ETA: 4:29:51
Sampling (4 threads)  29%|████████▊                     |  ETA: 4:23:21
Sampling (4 threads)  30%|████████▉                     |  ETA: 4:34:39
Sampling (4 threads)  30%|█████████                     |  ETA: 4:28:10
Sampling (4 threads)  30%|█████████▏                    |  ETA: 4:21:53
Sampling (4 threads)  31%|█████████▎                    |  ETA: 4:32:05
Sampling (4 threads)  32%|█████████▌                    |  ETA: 4:25:49
Sampling (4 threads)  32%|█████████▋                    |  ETA: 4:19:46
Sampling (4 threads)  32%|█████████▊                    |  ETA: 4:27:06
Sampling (4 threads)  33%|█████████▉                    |  ETA: 4:21:06
Sampling (4 threads)  34%|██████████                    |  ETA: 4:26:19
Sampling (4 threads)  34%|██████████▎                   |  ETA: 4:20:26
Sampling (4 threads)  34%|██████████▍                   |  ETA: 4:27:19
Sampling (4 threads)  35%|██████████▌                   |  ETA: 4:21:29
Sampling (4 threads)  36%|██████████▋                   |  ETA: 4:15:49
Sampling (4 threads)  36%|██████████▊                   |  ETA: 4:10:19
Sampling (4 threads)  36%|███████████                   |  ETA: 4:20:36
Sampling (4 threads)  37%|███████████▏                  |  ETA: 4:15:03
Sampling (4 threads)  38%|███████████▎                  |  ETA: 4:22:19
Sampling (4 threads)  38%|███████████▍                  |  ETA: 4:16:48
Sampling (4 threads)  38%|███████████▌                  |  ETA: 4:11:25
Sampling (4 threads)  39%|███████████▊                  |  ETA: 4:06:10
Sampling (4 threads)  40%|███████████▉                  |  ETA: 4:14:29
Sampling (4 threads)  40%|████████████                  |  ETA: 4:09:13
Sampling (4 threads)  40%|████████████▏                 |  ETA: 4:04:06
Sampling (4 threads)  41%|████████████▎                 |  ETA: 4:09:52
Sampling (4 threads)  42%|████████████▌                 |  ETA: 4:04:46
Sampling (4 threads)  42%|████████████▋                 |  ETA: 3:59:47
Sampling (4 threads)  42%|████████████▊                 |  ETA: 4:01:24
Sampling (4 threads)  43%|████████████▉                 |  ETA: 3:56:31
Sampling (4 threads)  44%|█████████████                 |  ETA: 3:58:18
Sampling (4 threads)  44%|█████████████▎                |  ETA: 3:53:30
Sampling (4 threads)  44%|█████████████▍                |  ETA: 3:58:03
Sampling (4 threads)  45%|█████████████▌                |  ETA: 3:53:17
Sampling (4 threads)  46%|█████████████▋                |  ETA: 3:48:37
Sampling (4 threads)  46%|█████████████▊                |  ETA: 3:50:43
Sampling (4 threads)  46%|██████████████                |  ETA: 3:46:08
Sampling (4 threads)  47%|██████████████▏               |  ETA: 3:46:34
Sampling (4 threads)  48%|██████████████▎               |  ETA: 3:42:04
Sampling (4 threads)  48%|██████████████▍               |  ETA: 3:46:05
Sampling (4 threads)  48%|██████████████▌               |  ETA: 3:41:36
Sampling (4 threads)  49%|██████████████▊               |  ETA: 3:37:12
Sampling (4 threads)  50%|██████████████▉               |  ETA: 3:32:54
Sampling (4 threads)  50%|███████████████               |  ETA: 3:37:34
Sampling (4 threads)  50%|███████████████▏              |  ETA: 3:33:15
Sampling (4 threads)  51%|███████████████▎              |  ETA: 3:29:02
Sampling (4 threads)  52%|███████████████▌              |  ETA: 3:31:56
Sampling (4 threads)  52%|███████████████▋              |  ETA: 3:27:44
Sampling (4 threads)  52%|███████████████▊              |  ETA: 3:23:37
Sampling (4 threads)  53%|███████████████▉              |  ETA: 3:27:26
Sampling (4 threads)  54%|████████████████              |  ETA: 3:23:19
Sampling (4 threads)  54%|████████████████▎             |  ETA: 3:19:16
Sampling (4 threads)  55%|████████████████▍             |  ETA: 3:21:54
Sampling (4 threads)  55%|████████████████▌             |  ETA: 3:17:52
Sampling (4 threads)  56%|████████████████▋             |  ETA: 3:13:54
Sampling (4 threads)  56%|████████████████▊             |  ETA: 3:14:32
Sampling (4 threads)  56%|█████████████████             |  ETA: 3:10:37
Sampling (4 threads)  57%|█████████████████▏            |  ETA: 3:10:03
Sampling (4 threads)  57%|█████████████████▎            |  ETA: 3:06:13
Sampling (4 threads)  58%|█████████████████▍            |  ETA: 3:09:26
Sampling (4 threads)  58%|█████████████████▌            |  ETA: 3:05:35
Sampling (4 threads)  59%|█████████████████▊            |  ETA: 3:01:48
Sampling (4 threads)  60%|█████████████████▉            |  ETA: 2:58:04
Sampling (4 threads)  60%|██████████████████            |  ETA: 2:58:39
Sampling (4 threads)  60%|██████████████████▏           |  ETA: 2:54:58
Sampling (4 threads)  61%|██████████████████▎           |  ETA: 2:54:34
Sampling (4 threads)  62%|██████████████████▌           |  ETA: 2:50:55
Sampling (4 threads)  62%|██████████████████▋           |  ETA: 2:49:47
Sampling (4 threads)  62%|██████████████████▊           |  ETA: 2:46:13
Sampling (4 threads)  63%|██████████████████▉           |  ETA: 2:48:05
Sampling (4 threads)  64%|███████████████████           |  ETA: 2:44:30
Sampling (4 threads)  64%|███████████████████▎          |  ETA: 2:40:59
Sampling (4 threads)  64%|███████████████████▍          |  ETA: 2:43:22
Sampling (4 threads)  65%|███████████████████▌          |  ETA: 2:39:50
Sampling (4 threads)  66%|███████████████████▋          |  ETA: 2:36:21
Sampling (4 threads)  66%|███████████████████▊          |  ETA: 2:32:55
Sampling (4 threads)  66%|████████████████████          |  ETA: 2:35:05
Sampling (4 threads)  67%|████████████████████▏         |  ETA: 2:31:37
Sampling (4 threads)  68%|████████████████████▎         |  ETA: 2:28:13
Sampling (4 threads)  68%|████████████████████▍         |  ETA: 2:27:54
Sampling (4 threads)  68%|████████████████████▌         |  ETA: 2:24:31
Sampling (4 threads)  69%|████████████████████▊         |  ETA: 2:24:40
Sampling (4 threads)  70%|████████████████████▉         |  ETA: 2:21:18
Sampling (4 threads)  70%|█████████████████████         |  ETA: 2:18:00
Sampling (4 threads)  70%|█████████████████████▏        |  ETA: 2:18:18
Sampling (4 threads)  71%|█████████████████████▎        |  ETA: 2:15:00
Sampling (4 threads)  72%|█████████████████████▌        |  ETA: 2:11:44
Sampling (4 threads)  72%|█████████████████████▋        |  ETA: 2:10:32
Sampling (4 threads)  72%|█████████████████████▊        |  ETA: 2:07:19
Sampling (4 threads)  73%|█████████████████████▉        |  ETA: 2:04:09
Sampling (4 threads)  74%|██████████████████████        |  ETA: 2:04:01
Sampling (4 threads)  74%|██████████████████████▎       |  ETA: 2:00:51
Sampling (4 threads)  74%|██████████████████████▍       |  ETA: 1:59:24
Sampling (4 threads)  75%|██████████████████████▌       |  ETA: 1:56:16
Sampling (4 threads)  76%|██████████████████████▋       |  ETA: 1:54:48
Sampling (4 threads)  76%|██████████████████████▊       |  ETA: 1:51:43
Sampling (4 threads)  76%|███████████████████████       |  ETA: 1:49:45
Sampling (4 threads)  77%|███████████████████████▏      |  ETA: 1:46:43
Sampling (4 threads)  78%|███████████████████████▎      |  ETA: 1:45:08
Sampling (4 threads)  78%|███████████████████████▍      |  ETA: 1:42:09
Sampling (4 threads)  78%|███████████████████████▌      |  ETA: 1:40:56
Sampling (4 threads)  79%|███████████████████████▊      |  ETA: 1:37:58
Sampling (4 threads)  80%|███████████████████████▉      |  ETA: 1:35:02
Sampling (4 threads)  80%|████████████████████████      |  ETA: 1:32:08
Sampling (4 threads)  80%|████████████████████████▏     |  ETA: 1:31:20
Sampling (4 threads)  81%|████████████████████████▎     |  ETA: 1:28:27
Sampling (4 threads)  82%|████████████████████████▌     |  ETA: 1:26:30
Sampling (4 threads)  82%|████████████████████████▋     |  ETA: 1:23:39
Sampling (4 threads)  82%|████████████████████████▊     |  ETA: 1:21:50
Sampling (4 threads)  83%|████████████████████████▉     |  ETA: 1:19:01
Sampling (4 threads)  84%|█████████████████████████     |  ETA: 1:16:14
Sampling (4 threads)  84%|█████████████████████████▎    |  ETA: 1:14:50
Sampling (4 threads)  84%|█████████████████████████▍    |  ETA: 1:12:04
Sampling (4 threads)  85%|█████████████████████████▌    |  ETA: 1:09:20
Sampling (4 threads)  86%|█████████████████████████▋    |  ETA: 1:08:08
Sampling (4 threads)  86%|█████████████████████████▊    |  ETA: 1:05:24
Sampling (4 threads)  86%|██████████████████████████    |  ETA: 1:02:42
Sampling (4 threads)  87%|██████████████████████████▏   |  ETA: 1:01:06
Sampling (4 threads)  88%|██████████████████████████▎   |  ETA: 0:58:25
Sampling (4 threads)  88%|██████████████████████████▍   |  ETA: 0:56:30
Sampling (4 threads)  88%|██████████████████████████▌   |  ETA: 0:53:51
Sampling (4 threads)  89%|██████████████████████████▊   |  ETA: 0:51:44
Sampling (4 threads)  90%|██████████████████████████▉   |  ETA: 0:49:06
Sampling (4 threads)  90%|███████████████████████████   |  ETA: 0:46:55
Sampling (4 threads)  90%|███████████████████████████▏  |  ETA: 0:44:19
Sampling (4 threads)  91%|███████████████████████████▎  |  ETA: 0:41:46
Sampling (4 threads)  92%|███████████████████████████▌  |  ETA: 0:39:22
Sampling (4 threads)  92%|███████████████████████████▋  |  ETA: 0:37:08
Sampling (4 threads)  92%|███████████████████████████▊  |  ETA: 0:34:54
Sampling (4 threads)  93%|███████████████████████████▉  |  ETA: 0:32:33
Sampling (4 threads)  94%|████████████████████████████  |  ETA: 0:30:21
Sampling (4 threads)  94%|████████████████████████████▎ |  ETA: 0:27:59
Sampling (4 threads)  94%|████████████████████████████▍ |  ETA: 0:25:36
Sampling (4 threads)  95%|████████████████████████████▌ |  ETA: 0:23:20
Sampling (4 threads)  96%|████████████████████████████▋ |  ETA: 0:21:02
Sampling (4 threads)  96%|████████████████████████████▊ |  ETA: 0:18:43
Sampling (4 threads)  96%|█████████████████████████████ |  ETA: 0:16:24
Sampling (4 threads)  97%|█████████████████████████████▏|  ETA: 0:14:04
Sampling (4 threads)  98%|█████████████████████████████▎|  ETA: 0:11:45
Sampling (4 threads)  98%|█████████████████████████████▍|  ETA: 0:09:26
Sampling (4 threads)  98%|█████████████████████████████▌|  ETA: 0:07:08
Sampling (4 threads)  99%|█████████████████████████████▊|  ETA: 0:04:47
Sampling (4 threads) 100%|█████████████████████████████▉|  ETA: 0:02:24
Sampling (4 threads) 100%|██████████████████████████████| Time: 8:02:38
Sampling (4 threads) 100%|██████████████████████████████| Time: 8:02:38
Sampling (4 threads)   0%|                              |  ETA: N/A
┌ Info: Found initial step size
└   ϵ = 0.0015625
┌ Info: Found initial step size
└   ϵ = 0.00078125
┌ Info: Found initial step size
└   ϵ = 0.0015625
┌ Info: Found initial step size
└   ϵ = 0.00625
Sampling (4 threads)   0%|▏                             |  ETA: 3:43:40
Sampling (4 threads)   1%|▎                             |  ETA: 1:51:24
Sampling (4 threads)   2%|▌                             |  ETA: 1:23:39
Sampling (4 threads)   2%|▋                             |  ETA: 1:02:25
Sampling (4 threads)   2%|▊                             |  ETA: 0:49:41
Sampling (4 threads)   3%|▉                             |  ETA: 0:45:11
Sampling (4 threads)   4%|█                             |  ETA: 0:38:32
Sampling (4 threads)   4%|█▎                            |  ETA: 0:37:20
Sampling (4 threads)   4%|█▍                            |  ETA: 0:33:01
Sampling (4 threads)   5%|█▌                            |  ETA: 0:34:00
Sampling (4 threads)   6%|█▋                            |  ETA: 0:30:45
Sampling (4 threads)   6%|█▊                            |  ETA: 0:28:02
Sampling (4 threads)   6%|██                            |  ETA: 0:42:54
Sampling (4 threads)   7%|██▏                           |  ETA: 0:39:38
Sampling (4 threads)   8%|██▎                           |  ETA: 0:36:47
Sampling (4 threads)   8%|██▍                           |  ETA: 0:34:18
Sampling (4 threads)   8%|██▌                           |  ETA: 1:28:35
Sampling (4 threads)   9%|██▊                           |  ETA: 1:23:12
Sampling (4 threads)  10%|██▉                           |  ETA: 2:20:37
Sampling (4 threads)  10%|███                           |  ETA: 2:12:51
Sampling (4 threads)  10%|███▏                          |  ETA: 2:05:49
Sampling (4 threads)  11%|███▎                          |  ETA: 3:15:57
Sampling (4 threads)  12%|███▌                          |  ETA: 3:06:22
Sampling (4 threads)  12%|███▋                          |  ETA: 2:57:36
Sampling (4 threads)  12%|███▊                          |  ETA: 2:49:31
Sampling (4 threads)  13%|███▉                          |  ETA: 3:50:30
Sampling (4 threads)  14%|████                          |  ETA: 3:40:42
Sampling (4 threads)  14%|████▎                         |  ETA: 4:25:00
Sampling (4 threads)  14%|████▍                         |  ETA: 4:14:23
Sampling (4 threads)  15%|████▌                         |  ETA: 4:04:28
Sampling (4 threads)  16%|████▋                         |  ETA: 3:55:11
Sampling (4 threads)  16%|████▊                         |  ETA: 4:32:11
Sampling (4 threads)  16%|█████                         |  ETA: 4:22:22
Sampling (4 threads)  17%|█████▏                        |  ETA: 4:13:08
Sampling (4 threads)  18%|█████▎                        |  ETA: 4:52:02
Sampling (4 threads)  18%|█████▍                        |  ETA: 4:42:12
Sampling (4 threads)  18%|█████▌                        |  ETA: 4:32:54
Sampling (4 threads)  19%|█████▊                        |  ETA: 5:07:25
Sampling (4 threads)  20%|█████▉                        |  ETA: 4:57:41
Sampling (4 threads)  20%|██████                        |  ETA: 4:48:27
Sampling (4 threads)  20%|██████▏                       |  ETA: 4:39:39
Sampling (4 threads)  21%|██████▎                       |  ETA: 5:08:05
Sampling (4 threads)  22%|██████▌                       |  ETA: 4:59:01
Sampling (4 threads)  22%|██████▋                       |  ETA: 4:50:22
Sampling (4 threads)  22%|██████▊                       |  ETA: 5:09:58
Sampling (4 threads)  23%|██████▉                       |  ETA: 5:01:16
Sampling (4 threads)  24%|███████                       |  ETA: 5:09:24
Sampling (4 threads)  24%|███████▎                      |  ETA: 5:00:58
Sampling (4 threads)  24%|███████▍                      |  ETA: 5:17:34
Sampling (4 threads)  25%|███████▌                      |  ETA: 5:09:09
Sampling (4 threads)  26%|███████▋                      |  ETA: 5:01:04
Sampling (4 threads)  26%|███████▊                      |  ETA: 5:13:03
Sampling (4 threads)  26%|████████                      |  ETA: 5:05:04
Sampling (4 threads)  27%|████████▏                     |  ETA: 4:57:23
Sampling (4 threads)  28%|████████▎                     |  ETA: 5:09:12
Sampling (4 threads)  28%|████████▍                     |  ETA: 5:01:35
Sampling (4 threads)  28%|████████▌                     |  ETA: 5:09:31
Sampling (4 threads)  29%|████████▊                     |  ETA: 5:02:03
Sampling (4 threads)  30%|████████▉                     |  ETA: 4:54:50
Sampling (4 threads)  30%|█████████                     |  ETA: 5:02:40
Sampling (4 threads)  30%|█████████▏                    |  ETA: 4:55:35
Sampling (4 threads)  31%|█████████▎                    |  ETA: 5:08:02
Sampling (4 threads)  32%|█████████▌                    |  ETA: 5:00:57
Sampling (4 threads)  32%|█████████▋                    |  ETA: 4:54:05
Sampling (4 threads)  32%|█████████▊                    |  ETA: 5:00:10
Sampling (4 threads)  33%|█████████▉                    |  ETA: 4:53:26
Sampling (4 threads)  34%|██████████                    |  ETA: 5:05:29
Sampling (4 threads)  34%|██████████▎                   |  ETA: 4:58:44
Sampling (4 threads)  34%|██████████▍                   |  ETA: 4:52:10
Sampling (4 threads)  35%|██████████▌                   |  ETA: 4:45:48
Sampling (4 threads)  36%|██████████▋                   |  ETA: 4:50:19
Sampling (4 threads)  36%|██████████▊                   |  ETA: 4:44:03
Sampling (4 threads)  36%|███████████                   |  ETA: 4:51:04
Sampling (4 threads)  37%|███████████▏                  |  ETA: 4:44:52
Sampling (4 threads)  38%|███████████▎                  |  ETA: 4:38:50
Sampling (4 threads)  38%|███████████▍                  |  ETA: 4:49:31
Sampling (4 threads)  38%|███████████▌                  |  ETA: 4:43:27
Sampling (4 threads)  39%|███████████▊                  |  ETA: 4:37:33
Sampling (4 threads)  40%|███████████▉                  |  ETA: 4:47:11
Sampling (4 threads)  40%|████████████                  |  ETA: 4:41:15
Sampling (4 threads)  40%|████████████▏                 |  ETA: 4:40:32
Sampling (4 threads)  41%|████████████▎                 |  ETA: 4:34:47
Sampling (4 threads)  42%|████████████▌                 |  ETA: 4:36:09
Sampling (4 threads)  42%|████████████▋                 |  ETA: 4:30:32
Sampling (4 threads)  42%|████████████▊                 |  ETA: 4:31:47
Sampling (4 threads)  43%|████████████▉                 |  ETA: 4:26:18
Sampling (4 threads)  44%|█████████████                 |  ETA: 4:31:39
Sampling (4 threads)  44%|█████████████▎                |  ETA: 4:26:11
Sampling (4 threads)  44%|█████████████▍                |  ETA: 4:20:51
Sampling (4 threads)  45%|█████████████▌                |  ETA: 4:25:35
Sampling (4 threads)  46%|█████████████▋                |  ETA: 4:20:16
Sampling (4 threads)  46%|█████████████▊                |  ETA: 4:15:05
Sampling (4 threads)  46%|██████████████                |  ETA: 4:20:42
Sampling (4 threads)  47%|██████████████▏               |  ETA: 4:15:31
Sampling (4 threads)  48%|██████████████▎               |  ETA: 4:10:27
Sampling (4 threads)  48%|██████████████▍               |  ETA: 4:12:08
Sampling (4 threads)  48%|██████████████▌               |  ETA: 4:07:08
Sampling (4 threads)  49%|██████████████▊               |  ETA: 4:02:15
Sampling (4 threads)  50%|██████████████▉               |  ETA: 4:06:07
Sampling (4 threads)  50%|███████████████               |  ETA: 4:01:15
Sampling (4 threads)  50%|███████████████▏              |  ETA: 4:02:43
Sampling (4 threads)  51%|███████████████▎              |  ETA: 3:57:55
Sampling (4 threads)  52%|███████████████▌              |  ETA: 3:59:05
Sampling (4 threads)  52%|███████████████▋              |  ETA: 3:54:21
Sampling (4 threads)  52%|███████████████▊              |  ETA: 3:54:12
Sampling (4 threads)  53%|███████████████▉              |  ETA: 3:49:33
Sampling (4 threads)  54%|████████████████              |  ETA: 3:50:27
Sampling (4 threads)  54%|████████████████▎             |  ETA: 3:45:52
Sampling (4 threads)  55%|████████████████▍             |  ETA: 3:41:21
Sampling (4 threads)  55%|████████████████▌             |  ETA: 3:45:04
Sampling (4 threads)  56%|████████████████▋             |  ETA: 3:40:33
Sampling (4 threads)  56%|████████████████▊             |  ETA: 3:36:08
Sampling (4 threads)  56%|█████████████████             |  ETA: 3:41:22
Sampling (4 threads)  57%|█████████████████▏            |  ETA: 3:36:55
Sampling (4 threads)  57%|█████████████████▎            |  ETA: 3:32:31
Sampling (4 threads)  58%|█████████████████▍            |  ETA: 3:35:19
Sampling (4 threads)  58%|█████████████████▌            |  ETA: 3:30:56
Sampling (4 threads)  59%|█████████████████▊            |  ETA: 3:26:37
Sampling (4 threads)  60%|█████████████████▉            |  ETA: 3:29:32
Sampling (4 threads)  60%|██████████████████            |  ETA: 3:25:13
Sampling (4 threads)  60%|██████████████████▏           |  ETA: 3:20:59
Sampling (4 threads)  61%|██████████████████▎           |  ETA: 3:23:27
Sampling (4 threads)  62%|██████████████████▌           |  ETA: 3:19:12
Sampling (4 threads)  62%|██████████████████▋           |  ETA: 3:15:02
Sampling (4 threads)  62%|██████████████████▊           |  ETA: 3:16:39
Sampling (4 threads)  63%|██████████████████▉           |  ETA: 3:12:29
Sampling (4 threads)  64%|███████████████████           |  ETA: 3:08:23
Sampling (4 threads)  64%|███████████████████▎          |  ETA: 3:09:59
Sampling (4 threads)  64%|███████████████████▍          |  ETA: 3:05:54
Sampling (4 threads)  65%|███████████████████▌          |  ETA: 3:01:52
Sampling (4 threads)  66%|███████████████████▋          |  ETA: 2:57:54
Sampling (4 threads)  66%|███████████████████▊          |  ETA: 2:58:50
Sampling (4 threads)  66%|████████████████████          |  ETA: 2:54:52
Sampling (4 threads)  67%|████████████████████▏         |  ETA: 2:54:02
Sampling (4 threads)  68%|████████████████████▎         |  ETA: 2:50:08
Sampling (4 threads)  68%|████████████████████▍         |  ETA: 2:46:17
Sampling (4 threads)  68%|████████████████████▌         |  ETA: 2:45:58
Sampling (4 threads)  69%|████████████████████▊         |  ETA: 2:42:09
Sampling (4 threads)  70%|████████████████████▉         |  ETA: 2:38:24
Sampling (4 threads)  70%|█████████████████████         |  ETA: 2:38:10
Sampling (4 threads)  70%|█████████████████████▏        |  ETA: 2:34:26
Sampling (4 threads)  71%|█████████████████████▎        |  ETA: 2:33:14
Sampling (4 threads)  72%|█████████████████████▌        |  ETA: 2:29:32
Sampling (4 threads)  72%|█████████████████████▋        |  ETA: 2:28:26
Sampling (4 threads)  72%|█████████████████████▊        |  ETA: 2:24:46
Sampling (4 threads)  73%|█████████████████████▉        |  ETA: 2:21:10
Sampling (4 threads)  74%|██████████████████████        |  ETA: 2:21:27
Sampling (4 threads)  74%|██████████████████████▎       |  ETA: 2:17:50
Sampling (4 threads)  74%|██████████████████████▍       |  ETA: 2:14:17
Sampling (4 threads)  75%|██████████████████████▌       |  ETA: 2:10:46
Sampling (4 threads)  76%|██████████████████████▋       |  ETA: 2:10:50
Sampling (4 threads)  76%|██████████████████████▊       |  ETA: 2:07:19
Sampling (4 threads)  76%|███████████████████████       |  ETA: 2:03:51
Sampling (4 threads)  77%|███████████████████████▏      |  ETA: 2:03:31
Sampling (4 threads)  78%|███████████████████████▎      |  ETA: 2:00:03
Sampling (4 threads)  78%|███████████████████████▍      |  ETA: 1:56:38
Sampling (4 threads)  78%|███████████████████████▌      |  ETA: 1:55:27
Sampling (4 threads)  79%|███████████████████████▊      |  ETA: 1:52:03
Sampling (4 threads)  80%|███████████████████████▉      |  ETA: 1:50:35
Sampling (4 threads)  80%|████████████████████████      |  ETA: 1:47:12
Sampling (4 threads)  80%|████████████████████████▏     |  ETA: 1:43:53
Sampling (4 threads)  81%|████████████████████████▎     |  ETA: 1:40:35
Sampling (4 threads)  82%|████████████████████████▌     |  ETA: 1:39:37
Sampling (4 threads)  82%|████████████████████████▋     |  ETA: 1:36:20
Sampling (4 threads)  82%|████████████████████████▊     |  ETA: 1:33:05
Sampling (4 threads)  83%|████████████████████████▉     |  ETA: 1:31:16
Sampling (4 threads)  84%|█████████████████████████     |  ETA: 1:28:03
Sampling (4 threads)  84%|█████████████████████████▎    |  ETA: 1:26:26
Sampling (4 threads)  84%|█████████████████████████▍    |  ETA: 1:23:14
Sampling (4 threads)  85%|█████████████████████████▌    |  ETA: 1:20:05
Sampling (4 threads)  86%|█████████████████████████▋    |  ETA: 1:16:58
Sampling (4 threads)  86%|█████████████████████████▊    |  ETA: 1:15:17
Sampling (4 threads)  86%|██████████████████████████    |  ETA: 1:12:11
Sampling (4 threads)  87%|██████████████████████████▏   |  ETA: 1:09:06
Sampling (4 threads)  88%|██████████████████████████▎   |  ETA: 1:06:58
Sampling (4 threads)  88%|██████████████████████████▍   |  ETA: 1:03:55
Sampling (4 threads)  88%|██████████████████████████▌   |  ETA: 1:00:54
Sampling (4 threads)  89%|██████████████████████████▊   |  ETA: 0:58:38
Sampling (4 threads)  90%|██████████████████████████▉   |  ETA: 0:55:39
Sampling (4 threads)  90%|███████████████████████████   |  ETA: 0:53:24
Sampling (4 threads)  90%|███████████████████████████▏  |  ETA: 0:50:27
Sampling (4 threads)  91%|███████████████████████████▎  |  ETA: 0:47:32
Sampling (4 threads)  92%|███████████████████████████▌  |  ETA: 0:44:40
Sampling (4 threads)  92%|███████████████████████████▋  |  ETA: 0:42:10
Sampling (4 threads)  92%|███████████████████████████▊  |  ETA: 0:39:28
Sampling (4 threads)  93%|███████████████████████████▉  |  ETA: 0:36:46
Sampling (4 threads)  94%|████████████████████████████  |  ETA: 0:34:12
Sampling (4 threads)  94%|████████████████████████████▎ |  ETA: 0:31:30
Sampling (4 threads)  94%|████████████████████████████▍ |  ETA: 0:28:55
Sampling (4 threads)  95%|████████████████████████████▌ |  ETA: 0:26:16
Sampling (4 threads)  96%|████████████████████████████▋ |  ETA: 0:23:38
Sampling (4 threads)  96%|████████████████████████████▊ |  ETA: 0:20:58
Sampling (4 threads)  96%|█████████████████████████████ |  ETA: 0:18:19
Sampling (4 threads)  97%|█████████████████████████████▏|  ETA: 0:15:43
Sampling (4 threads)  98%|█████████████████████████████▎|  ETA: 0:13:06
Sampling (4 threads)  98%|█████████████████████████████▍|  ETA: 0:10:29
Sampling (4 threads)  98%|█████████████████████████████▌|  ETA: 0:07:53
Sampling (4 threads)  99%|█████████████████████████████▊|  ETA: 0:05:15
Sampling (4 threads) 100%|█████████████████████████████▉|  ETA: 0:02:37
Sampling (4 threads) 100%|██████████████████████████████| Time: 8:44:03
Sampling (4 threads) 100%|██████████████████████████████| Time: 8:44:04
Sampling (4 threads)   0%|                              |  ETA: N/A
┌ Info: Found initial step size
└   ϵ = 0.000390625
┌ Info: Found initial step size
└   ϵ = 0.00625
┌ Info: Found initial step size
└   ϵ = 0.003125
┌ Info: Found initial step size
└   ϵ = 0.00078125
Sampling (4 threads)   0%|▏                             |  ETA: 3:37:52
Sampling (4 threads)   1%|▎                             |  ETA: 1:48:30
Sampling (4 threads)   2%|▌                             |  ETA: 1:11:58
Sampling (4 threads)   2%|▋                             |  ETA: 1:07:36
Sampling (4 threads)   2%|▊                             |  ETA: 0:53:48
Sampling (4 threads)   3%|▉                             |  ETA: 0:44:36
Sampling (4 threads)   4%|█                             |  ETA: 0:47:29
Sampling (4 threads)   4%|█▎                            |  ETA: 0:41:20
Sampling (4 threads)   4%|█▍                            |  ETA: 0:36:33
Sampling (4 threads)   5%|█▌                            |  ETA: 0:39:01
Sampling (4 threads)   6%|█▋                            |  ETA: 0:35:17
Sampling (4 threads)   6%|█▊                            |  ETA: 0:32:10
Sampling (4 threads)   6%|██                            |  ETA: 0:57:01
Sampling (4 threads)   7%|██▏                           |  ETA: 0:52:39
Sampling (4 threads)   8%|██▎                           |  ETA: 0:48:53
Sampling (4 threads)   8%|██▍                           |  ETA: 0:45:35
Sampling (4 threads)   8%|██▌                           |  ETA: 1:22:42
Sampling (4 threads)   9%|██▊                           |  ETA: 1:17:41
Sampling (4 threads)  10%|██▉                           |  ETA: 1:13:11
Sampling (4 threads)  10%|███                           |  ETA: 2:08:07
Sampling (4 threads)  10%|███▏                          |  ETA: 2:01:20
Sampling (4 threads)  11%|███▎                          |  ETA: 3:01:12
Sampling (4 threads)  12%|███▌                          |  ETA: 2:52:21
Sampling (4 threads)  12%|███▋                          |  ETA: 2:44:14
Sampling (4 threads)  12%|███▊                          |  ETA: 3:33:16
Sampling (4 threads)  13%|███▉                          |  ETA: 3:23:53
Sampling (4 threads)  14%|████                          |  ETA: 3:15:12
Sampling (4 threads)  14%|████▎                         |  ETA: 3:52:05
Sampling (4 threads)  14%|████▍                         |  ETA: 3:42:47
Sampling (4 threads)  15%|████▌                         |  ETA: 3:34:06
Sampling (4 threads)  16%|████▋                         |  ETA: 4:11:27
Sampling (4 threads)  16%|████▊                         |  ETA: 4:02:09
Sampling (4 threads)  16%|█████                         |  ETA: 3:53:25
Sampling (4 threads)  17%|█████▏                        |  ETA: 4:27:49
Sampling (4 threads)  18%|█████▎                        |  ETA: 4:18:36
Sampling (4 threads)  18%|█████▍                        |  ETA: 4:09:53
Sampling (4 threads)  18%|█████▌                        |  ETA: 4:40:44
Sampling (4 threads)  19%|█████▊                        |  ETA: 4:31:40
Sampling (4 threads)  20%|█████▉                        |  ETA: 4:23:04
Sampling (4 threads)  20%|██████                        |  ETA: 4:14:54
Sampling (4 threads)  20%|██████▏                       |  ETA: 4:35:15
Sampling (4 threads)  21%|██████▎                       |  ETA: 4:27:01
Sampling (4 threads)  22%|██████▌                       |  ETA: 4:43:28
Sampling (4 threads)  22%|██████▋                       |  ETA: 4:35:16
Sampling (4 threads)  22%|██████▊                       |  ETA: 4:42:29
Sampling (4 threads)  23%|██████▉                       |  ETA: 4:34:34
Sampling (4 threads)  24%|███████                       |  ETA: 4:50:08
Sampling (4 threads)  24%|███████▎                      |  ETA: 4:42:14
Sampling (4 threads)  24%|███████▍                      |  ETA: 4:34:39
Sampling (4 threads)  25%|███████▌                      |  ETA: 4:44:15
Sampling (4 threads)  26%|███████▋                      |  ETA: 4:36:49
Sampling (4 threads)  26%|███████▊                      |  ETA: 4:49:34
Sampling (4 threads)  26%|████████                      |  ETA: 4:42:11
Sampling (4 threads)  27%|████████▏                     |  ETA: 4:35:05
Sampling (4 threads)  28%|████████▎                     |  ETA: 4:53:24
Sampling (4 threads)  28%|████████▍                     |  ETA: 4:46:11
Sampling (4 threads)  28%|████████▌                     |  ETA: 4:39:12
Sampling (4 threads)  29%|████████▊                     |  ETA: 4:32:28
Sampling (4 threads)  30%|████████▉                     |  ETA: 4:51:45
Sampling (4 threads)  30%|█████████                     |  ETA: 4:44:51
Sampling (4 threads)  30%|█████████▏                    |  ETA: 4:51:03
Sampling (4 threads)  31%|█████████▎                    |  ETA: 4:44:18
Sampling (4 threads)  32%|█████████▌                    |  ETA: 4:37:46
Sampling (4 threads)  32%|█████████▋                    |  ETA: 4:48:08
Sampling (4 threads)  32%|█████████▊                    |  ETA: 4:41:37
Sampling (4 threads)  33%|█████████▉                    |  ETA: 4:35:18
Sampling (4 threads)  34%|██████████                    |  ETA: 4:46:24
Sampling (4 threads)  34%|██████████▎                   |  ETA: 4:40:04
Sampling (4 threads)  34%|██████████▍                   |  ETA: 4:33:55
Sampling (4 threads)  35%|██████████▌                   |  ETA: 4:49:32
Sampling (4 threads)  36%|██████████▋                   |  ETA: 4:43:16
Sampling (4 threads)  36%|██████████▊                   |  ETA: 4:37:10
Sampling (4 threads)  36%|███████████                   |  ETA: 4:49:29
Sampling (4 threads)  37%|███████████▏                  |  ETA: 4:43:20
Sampling (4 threads)  38%|███████████▎                  |  ETA: 4:37:20
Sampling (4 threads)  38%|███████████▍                  |  ETA: 4:46:48
Sampling (4 threads)  38%|███████████▌                  |  ETA: 4:40:48
Sampling (4 threads)  39%|███████████▊                  |  ETA: 4:43:45
Sampling (4 threads)  40%|███████████▉                  |  ETA: 4:37:52
Sampling (4 threads)  40%|████████████                  |  ETA: 4:41:44
Sampling (4 threads)  40%|████████████▏                 |  ETA: 4:35:57
Sampling (4 threads)  41%|████████████▎                 |  ETA: 4:30:17
Sampling (4 threads)  42%|████████████▌                 |  ETA: 4:33:58
Sampling (4 threads)  42%|████████████▋                 |  ETA: 4:28:24
Sampling (4 threads)  42%|████████████▊                 |  ETA: 4:33:38
Sampling (4 threads)  43%|████████████▉                 |  ETA: 4:28:06
Sampling (4 threads)  44%|█████████████                 |  ETA: 4:22:41
Sampling (4 threads)  44%|█████████████▎                |  ETA: 4:29:44
Sampling (4 threads)  44%|█████████████▍                |  ETA: 4:24:19
Sampling (4 threads)  45%|█████████████▌                |  ETA: 4:19:01
Sampling (4 threads)  46%|█████████████▋                |  ETA: 4:25:17
Sampling (4 threads)  46%|█████████████▊                |  ETA: 4:20:00
Sampling (4 threads)  46%|██████████████                |  ETA: 4:14:49
Sampling (4 threads)  47%|██████████████▏               |  ETA: 4:17:20
Sampling (4 threads)  48%|██████████████▎               |  ETA: 4:12:13
Sampling (4 threads)  48%|██████████████▍               |  ETA: 4:16:55
Sampling (4 threads)  48%|██████████████▌               |  ETA: 4:11:49
Sampling (4 threads)  49%|██████████████▊               |  ETA: 4:06:50
Sampling (4 threads)  50%|██████████████▉               |  ETA: 4:11:10
Sampling (4 threads)  50%|███████████████               |  ETA: 4:06:12
Sampling (4 threads)  50%|███████████████▏              |  ETA: 4:08:56
Sampling (4 threads)  51%|███████████████▎              |  ETA: 4:04:00
Sampling (4 threads)  52%|███████████████▌              |  ETA: 3:59:10
Sampling (4 threads)  52%|███████████████▋              |  ETA: 4:02:48
Sampling (4 threads)  52%|███████████████▊              |  ETA: 3:57:59
Sampling (4 threads)  53%|███████████████▉              |  ETA: 3:53:16
Sampling (4 threads)  54%|████████████████              |  ETA: 3:57:49
Sampling (4 threads)  54%|████████████████▎             |  ETA: 3:53:05
Sampling (4 threads)  55%|████████████████▍             |  ETA: 3:48:26
Sampling (4 threads)  55%|████████████████▌             |  ETA: 3:49:39
Sampling (4 threads)  56%|████████████████▋             |  ETA: 3:45:04
Sampling (4 threads)  56%|████████████████▊             |  ETA: 3:49:02
Sampling (4 threads)  56%|█████████████████             |  ETA: 3:44:25
Sampling (4 threads)  57%|█████████████████▏            |  ETA: 3:39:54
Sampling (4 threads)  57%|█████████████████▎            |  ETA: 3:35:27
Sampling (4 threads)  58%|█████████████████▍            |  ETA: 3:37:57
Sampling (4 threads)  58%|█████████████████▌            |  ETA: 3:33:30
Sampling (4 threads)  59%|█████████████████▊            |  ETA: 3:33:07
Sampling (4 threads)  60%|█████████████████▉            |  ETA: 3:28:45
Sampling (4 threads)  60%|██████████████████            |  ETA: 3:28:14
Sampling (4 threads)  60%|██████████████████▏           |  ETA: 3:23:56
Sampling (4 threads)  61%|██████████████████▎           |  ETA: 3:23:56
Sampling (4 threads)  62%|██████████████████▌           |  ETA: 3:19:41
Sampling (4 threads)  62%|██████████████████▋           |  ETA: 3:18:56
Sampling (4 threads)  62%|██████████████████▊           |  ETA: 3:14:44
Sampling (4 threads)  63%|██████████████████▉           |  ETA: 3:13:50
Sampling (4 threads)  64%|███████████████████           |  ETA: 3:09:42
Sampling (4 threads)  64%|███████████████████▎          |  ETA: 3:10:10
Sampling (4 threads)  64%|███████████████████▍          |  ETA: 3:06:04
Sampling (4 threads)  65%|███████████████████▌          |  ETA: 3:05:02
Sampling (4 threads)  66%|███████████████████▋          |  ETA: 3:01:00
Sampling (4 threads)  66%|███████████████████▊          |  ETA: 2:59:50
Sampling (4 threads)  66%|████████████████████          |  ETA: 2:55:51
Sampling (4 threads)  67%|████████████████████▏         |  ETA: 2:56:49
Sampling (4 threads)  68%|████████████████████▎         |  ETA: 2:52:51
Sampling (4 threads)  68%|████████████████████▍         |  ETA: 2:48:56
Sampling (4 threads)  68%|████████████████████▌         |  ETA: 2:45:05
Sampling (4 threads)  69%|████████████████████▊         |  ETA: 2:44:46
Sampling (4 threads)  70%|████████████████████▉         |  ETA: 2:40:57
Sampling (4 threads)  70%|█████████████████████         |  ETA: 2:40:04
Sampling (4 threads)  70%|█████████████████████▏        |  ETA: 2:36:17
Sampling (4 threads)  71%|█████████████████████▎        |  ETA: 2:35:54
Sampling (4 threads)  72%|█████████████████████▌        |  ETA: 2:32:08
Sampling (4 threads)  72%|█████████████████████▋        |  ETA: 2:28:26
Sampling (4 threads)  72%|█████████████████████▊        |  ETA: 2:27:19
Sampling (4 threads)  73%|█████████████████████▉        |  ETA: 2:23:39
Sampling (4 threads)  74%|██████████████████████        |  ETA: 2:23:03
Sampling (4 threads)  74%|██████████████████████▎       |  ETA: 2:19:24
Sampling (4 threads)  74%|██████████████████████▍       |  ETA: 2:15:48
Sampling (4 threads)  75%|██████████████████████▌       |  ETA: 2:12:15
Sampling (4 threads)  76%|██████████████████████▋       |  ETA: 2:10:51
Sampling (4 threads)  76%|██████████████████████▊       |  ETA: 2:07:20
Sampling (4 threads)  76%|███████████████████████       |  ETA: 2:05:30
Sampling (4 threads)  77%|███████████████████████▏      |  ETA: 2:02:02
Sampling (4 threads)  78%|███████████████████████▎      |  ETA: 2:00:33
Sampling (4 threads)  78%|███████████████████████▍      |  ETA: 1:57:07
Sampling (4 threads)  78%|███████████████████████▌      |  ETA: 1:55:14
Sampling (4 threads)  79%|███████████████████████▊      |  ETA: 1:51:50
Sampling (4 threads)  80%|███████████████████████▉      |  ETA: 1:49:28
Sampling (4 threads)  80%|████████████████████████      |  ETA: 1:46:08
Sampling (4 threads)  80%|████████████████████████▏     |  ETA: 1:44:30
Sampling (4 threads)  81%|████████████████████████▎     |  ETA: 1:41:12
Sampling (4 threads)  82%|████████████████████████▌     |  ETA: 1:39:22
Sampling (4 threads)  82%|████████████████████████▋     |  ETA: 1:36:06
Sampling (4 threads)  82%|████████████████████████▊     |  ETA: 1:32:51
Sampling (4 threads)  83%|████████████████████████▉     |  ETA: 1:31:09
Sampling (4 threads)  84%|█████████████████████████     |  ETA: 1:27:56
Sampling (4 threads)  84%|█████████████████████████▎    |  ETA: 1:25:41
Sampling (4 threads)  84%|█████████████████████████▍    |  ETA: 1:22:31
Sampling (4 threads)  85%|█████████████████████████▌    |  ETA: 1:20:47
Sampling (4 threads)  86%|█████████████████████████▋    |  ETA: 1:17:38
Sampling (4 threads)  86%|█████████████████████████▊    |  ETA: 1:14:31
Sampling (4 threads)  86%|██████████████████████████    |  ETA: 1:13:00
Sampling (4 threads)  87%|██████████████████████████▏   |  ETA: 1:09:54
Sampling (4 threads)  88%|██████████████████████████▎   |  ETA: 1:06:49
Sampling (4 threads)  88%|██████████████████████████▍   |  ETA: 1:03:47
Sampling (4 threads)  88%|██████████████████████████▌   |  ETA: 1:01:40
Sampling (4 threads)  89%|██████████████████████████▊   |  ETA: 0:58:39
Sampling (4 threads)  90%|██████████████████████████▉   |  ETA: 0:56:33
Sampling (4 threads)  90%|███████████████████████████   |  ETA: 0:53:34
Sampling (4 threads)  90%|███████████████████████████▏  |  ETA: 0:50:36
Sampling (4 threads)  91%|███████████████████████████▎  |  ETA: 0:47:41
Sampling (4 threads)  92%|███████████████████████████▌  |  ETA: 0:45:25
Sampling (4 threads)  92%|███████████████████████████▋  |  ETA: 0:42:31
Sampling (4 threads)  92%|███████████████████████████▊  |  ETA: 0:39:39
Sampling (4 threads)  93%|███████████████████████████▉  |  ETA: 0:37:27
Sampling (4 threads)  94%|████████████████████████████  |  ETA: 0:34:35
Sampling (4 threads)  94%|████████████████████████████▎ |  ETA: 0:31:45
Sampling (4 threads)  94%|████████████████████████████▍ |  ETA: 0:29:07
Sampling (4 threads)  95%|████████████████████████████▌ |  ETA: 0:26:25
Sampling (4 threads)  96%|████████████████████████████▋ |  ETA: 0:23:46
Sampling (4 threads)  96%|████████████████████████████▊ |  ETA: 0:21:03
Sampling (4 threads)  96%|█████████████████████████████ |  ETA: 0:18:28
Sampling (4 threads)  97%|█████████████████████████████▏|  ETA: 0:15:45
Sampling (4 threads)  98%|█████████████████████████████▎|  ETA: 0:13:10
Sampling (4 threads)  98%|█████████████████████████████▍|  ETA: 0:10:31
Sampling (4 threads)  98%|█████████████████████████████▌|  ETA: 0:07:54
Sampling (4 threads)  99%|█████████████████████████████▊|  ETA: 0:05:15
Sampling (4 threads) 100%|█████████████████████████████▉|  ETA: 0:02:39
Sampling (4 threads) 100%|██████████████████████████████| Time: 8:52:51
Sampling (4 threads) 100%|██████████████████████████████| Time: 8:52:51
Sampling (4 threads)   0%|                              |  ETA: N/A
┌ Info: Found initial step size
└   ϵ = 0.00625
┌ Info: Found initial step size
└   ϵ = 0.000390625
┌ Info: Found initial step size
└   ϵ = 0.003125
┌ Info: Found initial step size
└   ϵ = 0.000390625
Sampling (4 threads)   0%|▏                             |  ETA: 3:57:10
Sampling (4 threads)   1%|▎                             |  ETA: 1:58:07
Sampling (4 threads)   2%|▌                             |  ETA: 1:18:21
Sampling (4 threads)   2%|▋                             |  ETA: 1:03:48
Sampling (4 threads)   2%|▊                             |  ETA: 0:50:47
Sampling (4 threads)   3%|▉                             |  ETA: 0:42:06
Sampling (4 threads)   4%|█                             |  ETA: 0:40:27
Sampling (4 threads)   4%|█▎                            |  ETA: 0:35:12
Sampling (4 threads)   4%|█▍                            |  ETA: 0:52:22
Sampling (4 threads)   5%|█▌                            |  ETA: 0:46:53
Sampling (4 threads)   6%|█▋                            |  ETA: 0:42:24
Sampling (4 threads)   6%|█▊                            |  ETA: 1:37:25
Sampling (4 threads)   6%|██                            |  ETA: 1:29:27
Sampling (4 threads)   7%|██▏                           |  ETA: 1:22:37
Sampling (4 threads)   8%|██▎                           |  ETA: 2:05:46
Sampling (4 threads)   8%|██▍                           |  ETA: 1:57:16
Sampling (4 threads)   8%|██▌                           |  ETA: 1:49:46
Sampling (4 threads)   9%|██▊                           |  ETA: 2:28:42
Sampling (4 threads)  10%|██▉                           |  ETA: 2:20:06
Sampling (4 threads)  10%|███                           |  ETA: 2:12:21
Sampling (4 threads)  10%|███▏                          |  ETA: 2:57:29
Sampling (4 threads)  11%|███▎                          |  ETA: 2:48:28
Sampling (4 threads)  12%|███▌                          |  ETA: 3:24:08
Sampling (4 threads)  12%|███▋                          |  ETA: 3:14:31
Sampling (4 threads)  12%|███▊                          |  ETA: 3:48:22
Sampling (4 threads)  13%|███▉                          |  ETA: 3:38:20
Sampling (4 threads)  14%|████                          |  ETA: 3:29:02
Sampling (4 threads)  14%|████▎                         |  ETA: 3:56:35
Sampling (4 threads)  14%|████▍                         |  ETA: 3:47:06
Sampling (4 threads)  15%|████▌                         |  ETA: 4:24:54
Sampling (4 threads)  16%|████▋                         |  ETA: 4:14:51
Sampling (4 threads)  16%|████▊                         |  ETA: 4:05:26
Sampling (4 threads)  16%|█████                         |  ETA: 3:56:35
Sampling (4 threads)  17%|█████▏                        |  ETA: 4:51:09
Sampling (4 threads)  18%|█████▎                        |  ETA: 4:41:08
Sampling (4 threads)  18%|█████▍                        |  ETA: 4:31:40
Sampling (4 threads)  18%|█████▌                        |  ETA: 5:03:05
Sampling (4 threads)  19%|█████▊                        |  ETA: 4:53:18
Sampling (4 threads)  20%|█████▉                        |  ETA: 4:44:01
Sampling (4 threads)  20%|██████                        |  ETA: 4:58:11
Sampling (4 threads)  20%|██████▏                       |  ETA: 4:49:05
Sampling (4 threads)  21%|██████▎                       |  ETA: 5:16:38
Sampling (4 threads)  22%|██████▌                       |  ETA: 5:07:19
Sampling (4 threads)  22%|██████▋                       |  ETA: 4:58:25
Sampling (4 threads)  22%|██████▊                       |  ETA: 5:10:15
Sampling (4 threads)  23%|██████▉                       |  ETA: 5:01:33
Sampling (4 threads)  24%|███████                       |  ETA: 4:53:13
Sampling (4 threads)  24%|███████▎                      |  ETA: 5:04:53
Sampling (4 threads)  24%|███████▍                      |  ETA: 4:56:42
Sampling (4 threads)  25%|███████▌                      |  ETA: 5:06:50
Sampling (4 threads)  26%|███████▋                      |  ETA: 4:58:49
Sampling (4 threads)  26%|███████▊                      |  ETA: 5:04:44
Sampling (4 threads)  26%|████████                      |  ETA: 4:56:58
Sampling (4 threads)  27%|████████▏                     |  ETA: 5:11:27
Sampling (4 threads)  28%|████████▎                     |  ETA: 5:03:41
Sampling (4 threads)  28%|████████▍                     |  ETA: 4:56:12
Sampling (4 threads)  28%|████████▌                     |  ETA: 5:14:31
Sampling (4 threads)  29%|████████▊                     |  ETA: 5:06:56
Sampling (4 threads)  30%|████████▉                     |  ETA: 4:59:37
Sampling (4 threads)  30%|█████████                     |  ETA: 4:52:32
Sampling (4 threads)  30%|█████████▏                    |  ETA: 5:13:30
Sampling (4 threads)  31%|█████████▎                    |  ETA: 5:06:13
Sampling (4 threads)  32%|█████████▌                    |  ETA: 4:59:10
Sampling (4 threads)  32%|█████████▋                    |  ETA: 5:14:00
Sampling (4 threads)  32%|█████████▊                    |  ETA: 5:06:53
Sampling (4 threads)  33%|█████████▉                    |  ETA: 5:00:00
Sampling (4 threads)  34%|██████████                    |  ETA: 4:53:19
Sampling (4 threads)  34%|██████████▎                   |  ETA: 5:06:40
Sampling (4 threads)  34%|██████████▍                   |  ETA: 4:59:56
Sampling (4 threads)  35%|██████████▌                   |  ETA: 4:53:24
Sampling (4 threads)  36%|██████████▋                   |  ETA: 5:01:44
Sampling (4 threads)  36%|██████████▊                   |  ETA: 4:55:14
Sampling (4 threads)  36%|███████████                   |  ETA: 4:48:55
Sampling (4 threads)  37%|███████████▏                  |  ETA: 4:58:40
Sampling (4 threads)  38%|███████████▎                  |  ETA: 4:52:20
Sampling (4 threads)  38%|███████████▍                  |  ETA: 4:46:11
Sampling (4 threads)  38%|███████████▌                  |  ETA: 5:00:47
Sampling (4 threads)  39%|███████████▊                  |  ETA: 4:54:30
Sampling (4 threads)  40%|███████████▉                  |  ETA: 4:48:24
Sampling (4 threads)  40%|████████████                  |  ETA: 4:42:26
Sampling (4 threads)  40%|████████████▏                 |  ETA: 4:51:59
Sampling (4 threads)  41%|████████████▎                 |  ETA: 4:46:00
Sampling (4 threads)  42%|████████████▌                 |  ETA: 4:52:05
Sampling (4 threads)  42%|████████████▋                 |  ETA: 4:46:08
Sampling (4 threads)  42%|████████████▊                 |  ETA: 4:40:20
Sampling (4 threads)  43%|████████████▉                 |  ETA: 4:42:14
Sampling (4 threads)  44%|█████████████                 |  ETA: 4:36:33
Sampling (4 threads)  44%|█████████████▎                |  ETA: 4:41:39
Sampling (4 threads)  44%|█████████████▍                |  ETA: 4:35:59
Sampling (4 threads)  45%|█████████████▌                |  ETA: 4:30:28
Sampling (4 threads)  46%|█████████████▋                |  ETA: 4:33:43
Sampling (4 threads)  46%|█████████████▊                |  ETA: 4:28:16
Sampling (4 threads)  46%|██████████████                |  ETA: 4:22:55
Sampling (4 threads)  47%|██████████████▏               |  ETA: 4:27:02
Sampling (4 threads)  48%|██████████████▎               |  ETA: 4:21:44
Sampling (4 threads)  48%|██████████████▍               |  ETA: 4:27:26
Sampling (4 threads)  48%|██████████████▌               |  ETA: 4:22:08
Sampling (4 threads)  49%|██████████████▊               |  ETA: 4:16:57
Sampling (4 threads)  50%|██████████████▉               |  ETA: 4:20:21
Sampling (4 threads)  50%|███████████████               |  ETA: 4:15:12
Sampling (4 threads)  50%|███████████████▏              |  ETA: 4:10:09
Sampling (4 threads)  51%|███████████████▎              |  ETA: 4:09:54
Sampling (4 threads)  52%|███████████████▌              |  ETA: 4:04:57
Sampling (4 threads)  52%|███████████████▋              |  ETA: 4:09:52
Sampling (4 threads)  52%|███████████████▊              |  ETA: 4:04:55
Sampling (4 threads)  53%|███████████████▉              |  ETA: 4:00:03
Sampling (4 threads)  54%|████████████████              |  ETA: 4:05:02
Sampling (4 threads)  54%|████████████████▎             |  ETA: 4:00:10
Sampling (4 threads)  55%|████████████████▍             |  ETA: 3:55:22
Sampling (4 threads)  55%|████████████████▌             |  ETA: 3:55:35
Sampling (4 threads)  56%|████████████████▋             |  ETA: 3:50:52
Sampling (4 threads)  56%|████████████████▊             |  ETA: 3:46:14
Sampling (4 threads)  56%|█████████████████             |  ETA: 3:49:22
Sampling (4 threads)  57%|█████████████████▏            |  ETA: 3:44:45
Sampling (4 threads)  57%|█████████████████▎            |  ETA: 3:40:12
Sampling (4 threads)  58%|█████████████████▍            |  ETA: 3:39:34
Sampling (4 threads)  58%|█████████████████▌            |  ETA: 3:35:06
Sampling (4 threads)  59%|█████████████████▊            |  ETA: 3:38:13
Sampling (4 threads)  60%|█████████████████▉            |  ETA: 3:33:45
Sampling (4 threads)  60%|██████████████████            |  ETA: 3:29:21
Sampling (4 threads)  60%|██████████████████▏           |  ETA: 3:31:02
Sampling (4 threads)  61%|██████████████████▎           |  ETA: 3:26:39
Sampling (4 threads)  62%|██████████████████▌           |  ETA: 3:22:21
Sampling (4 threads)  62%|██████████████████▋           |  ETA: 3:23:45
Sampling (4 threads)  62%|██████████████████▊           |  ETA: 3:19:28
Sampling (4 threads)  63%|██████████████████▉           |  ETA: 3:15:15
Sampling (4 threads)  64%|███████████████████           |  ETA: 3:15:04
Sampling (4 threads)  64%|███████████████████▎          |  ETA: 3:10:53
Sampling (4 threads)  64%|███████████████████▍          |  ETA: 3:11:41
Sampling (4 threads)  65%|███████████████████▌          |  ETA: 3:07:32
Sampling (4 threads)  66%|███████████████████▋          |  ETA: 3:03:26
Sampling (4 threads)  66%|███████████████████▊          |  ETA: 3:03:42
Sampling (4 threads)  66%|████████████████████          |  ETA: 2:59:38
Sampling (4 threads)  67%|████████████████████▏         |  ETA: 2:57:52
Sampling (4 threads)  68%|████████████████████▎         |  ETA: 2:53:52
Sampling (4 threads)  68%|████████████████████▍         |  ETA: 2:52:10
Sampling (4 threads)  68%|████████████████████▌         |  ETA: 2:48:14
Sampling (4 threads)  69%|████████████████████▊         |  ETA: 2:47:02
Sampling (4 threads)  70%|████████████████████▉         |  ETA: 2:43:10
Sampling (4 threads)  70%|█████████████████████         |  ETA: 2:43:01
Sampling (4 threads)  70%|█████████████████████▏        |  ETA: 2:39:09
Sampling (4 threads)  71%|█████████████████████▎        |  ETA: 2:35:21
Sampling (4 threads)  72%|█████████████████████▌        |  ETA: 2:31:37
Sampling (4 threads)  72%|█████████████████████▋        |  ETA: 2:31:23
Sampling (4 threads)  72%|█████████████████████▊        |  ETA: 2:27:40
Sampling (4 threads)  73%|█████████████████████▉        |  ETA: 2:23:59
Sampling (4 threads)  74%|██████████████████████        |  ETA: 2:22:29
Sampling (4 threads)  74%|██████████████████████▎       |  ETA: 2:18:51
Sampling (4 threads)  74%|██████████████████████▍       |  ETA: 2:16:30
Sampling (4 threads)  75%|██████████████████████▌       |  ETA: 2:12:55
Sampling (4 threads)  76%|██████████████████████▋       |  ETA: 2:12:34
Sampling (4 threads)  76%|██████████████████████▊       |  ETA: 2:09:01
Sampling (4 threads)  76%|███████████████████████       |  ETA: 2:05:30
Sampling (4 threads)  77%|███████████████████████▏      |  ETA: 2:05:03
Sampling (4 threads)  78%|███████████████████████▎      |  ETA: 2:01:32
Sampling (4 threads)  78%|███████████████████████▍      |  ETA: 1:58:04
Sampling (4 threads)  78%|███████████████████████▌      |  ETA: 1:56:14
Sampling (4 threads)  79%|███████████████████████▊      |  ETA: 1:52:48
Sampling (4 threads)  80%|███████████████████████▉      |  ETA: 1:49:26
Sampling (4 threads)  80%|████████████████████████      |  ETA: 1:47:53
Sampling (4 threads)  80%|████████████████████████▏     |  ETA: 1:44:32
Sampling (4 threads)  81%|████████████████████████▎     |  ETA: 1:41:13
Sampling (4 threads)  82%|████████████████████████▌     |  ETA: 1:39:58
Sampling (4 threads)  82%|████████████████████████▋     |  ETA: 1:36:41
Sampling (4 threads)  82%|████████████████████████▊     |  ETA: 1:34:55
Sampling (4 threads)  83%|████████████████████████▉     |  ETA: 1:31:39
Sampling (4 threads)  84%|█████████████████████████     |  ETA: 1:28:25
Sampling (4 threads)  84%|█████████████████████████▎    |  ETA: 1:26:16
Sampling (4 threads)  84%|█████████████████████████▍    |  ETA: 1:23:04
Sampling (4 threads)  85%|█████████████████████████▌    |  ETA: 1:21:00
Sampling (4 threads)  86%|█████████████████████████▋    |  ETA: 1:17:50
Sampling (4 threads)  86%|█████████████████████████▊    |  ETA: 1:14:43
Sampling (4 threads)  86%|██████████████████████████    |  ETA: 1:12:40
Sampling (4 threads)  87%|██████████████████████████▏   |  ETA: 1:09:34
Sampling (4 threads)  88%|██████████████████████████▎   |  ETA: 1:07:37
Sampling (4 threads)  88%|██████████████████████████▍   |  ETA: 1:04:33
Sampling (4 threads)  88%|██████████████████████████▌   |  ETA: 1:01:31
Sampling (4 threads)  89%|██████████████████████████▊   |  ETA: 0:58:30
Sampling (4 threads)  90%|██████████████████████████▉   |  ETA: 0:56:22
Sampling (4 threads)  90%|███████████████████████████   |  ETA: 0:53:23
Sampling (4 threads)  90%|███████████████████████████▏  |  ETA: 0:50:26
Sampling (4 threads)  91%|███████████████████████████▎  |  ETA: 0:47:48
Sampling (4 threads)  92%|███████████████████████████▌  |  ETA: 0:45:05
Sampling (4 threads)  92%|███████████████████████████▋  |  ETA: 0:42:23
Sampling (4 threads)  92%|███████████████████████████▊  |  ETA: 0:39:36
Sampling (4 threads)  93%|███████████████████████████▉  |  ETA: 0:36:55
Sampling (4 threads)  94%|████████████████████████████  |  ETA: 0:34:19
Sampling (4 threads)  94%|████████████████████████████▎ |  ETA: 0:31:44
Sampling (4 threads)  94%|████████████████████████████▍ |  ETA: 0:29:08
Sampling (4 threads)  95%|████████████████████████████▌ |  ETA: 0:26:27
Sampling (4 threads)  96%|████████████████████████████▋ |  ETA: 0:23:51
Sampling (4 threads)  96%|████████████████████████████▊ |  ETA: 0:21:13
Sampling (4 threads)  96%|█████████████████████████████ |  ETA: 0:18:35
Sampling (4 threads)  97%|█████████████████████████████▏|  ETA: 0:15:54
Sampling (4 threads)  98%|█████████████████████████████▎|  ETA: 0:13:18
Sampling (4 threads)  98%|█████████████████████████████▍|  ETA: 0:10:38
Sampling (4 threads)  98%|█████████████████████████████▌|  ETA: 0:07:58
Sampling (4 threads)  99%|█████████████████████████████▊|  ETA: 0:05:18
Sampling (4 threads) 100%|█████████████████████████████▉|  ETA: 0:02:40
Sampling (4 threads) 100%|██████████████████████████████| Time: 8:56:03
Sampling (4 threads) 100%|██████████████████████████████| Time: 8:56:04
Sampling (4 threads)   0%|                              |  ETA: N/A
┌ Info: Found initial step size
└   ϵ = 0.00625
┌ Info: Found initial step size
└   ϵ = 0.00078125
┌ Info: Found initial step size
└   ϵ = 0.0001953125
┌ Info: Found initial step size
└   ϵ = 0.0001953125
Sampling (4 threads)   0%|▏                             |  ETA: 4:22:01
Sampling (4 threads)   1%|▎                             |  ETA: 2:10:26
Sampling (4 threads)   2%|▌                             |  ETA: 1:26:31
Sampling (4 threads)   2%|▋                             |  ETA: 1:14:14
Sampling (4 threads)   2%|▊                             |  ETA: 0:59:05
Sampling (4 threads)   3%|▉                             |  ETA: 0:58:02
Sampling (4 threads)   4%|█                             |  ETA: 0:49:29
Sampling (4 threads)   4%|█▎                            |  ETA: 0:43:04
Sampling (4 threads)   4%|█▍                            |  ETA: 0:43:09
Sampling (4 threads)   5%|█▌                            |  ETA: 0:38:38
Sampling (4 threads)   6%|█▋                            |  ETA: 0:37:48
Sampling (4 threads)   6%|█▊                            |  ETA: 0:34:28
Sampling (4 threads)   6%|██                            |  ETA: 0:50:54
Sampling (4 threads)   7%|██▏                           |  ETA: 0:47:01
Sampling (4 threads)   8%|██▎                           |  ETA: 0:43:39
Sampling (4 threads)   8%|██▍                           |  ETA: 1:17:08
Sampling (4 threads)   8%|██▌                           |  ETA: 1:12:13
Sampling (4 threads)   9%|██▊                           |  ETA: 1:07:49
Sampling (4 threads)  10%|██▉                           |  ETA: 1:39:07
Sampling (4 threads)  10%|███                           |  ETA: 1:33:38
Sampling (4 threads)  10%|███▏                          |  ETA: 1:28:41
Sampling (4 threads)  11%|███▎                          |  ETA: 2:14:49
Sampling (4 threads)  12%|███▌                          |  ETA: 2:08:14
Sampling (4 threads)  12%|███▋                          |  ETA: 2:38:49
Sampling (4 threads)  12%|███▊                          |  ETA: 2:31:36
Sampling (4 threads)  13%|███▉                          |  ETA: 3:22:16
Sampling (4 threads)  14%|████                          |  ETA: 3:13:40
Sampling (4 threads)  14%|████▎                         |  ETA: 3:05:40
Sampling (4 threads)  14%|████▍                         |  ETA: 3:43:08
Sampling (4 threads)  15%|████▌                         |  ETA: 3:34:26
Sampling (4 threads)  16%|████▋                         |  ETA: 3:56:51
Sampling (4 threads)  16%|████▊                         |  ETA: 3:48:06
Sampling (4 threads)  16%|█████                         |  ETA: 3:39:52
Sampling (4 threads)  17%|█████▏                        |  ETA: 4:23:02
Sampling (4 threads)  18%|█████▎                        |  ETA: 4:13:58
Sampling (4 threads)  18%|█████▍                        |  ETA: 4:56:13
Sampling (4 threads)  18%|█████▌                        |  ETA: 4:46:28
Sampling (4 threads)  19%|█████▊                        |  ETA: 4:37:13
Sampling (4 threads)  20%|█████▉                        |  ETA: 4:28:26
Sampling (4 threads)  20%|██████                        |  ETA: 4:54:53
Sampling (4 threads)  20%|██████▏                       |  ETA: 4:45:54
Sampling (4 threads)  21%|██████▎                       |  ETA: 4:37:20
Sampling (4 threads)  22%|██████▌                       |  ETA: 5:09:01
Sampling (4 threads)  22%|██████▋                       |  ETA: 5:00:04
Sampling (4 threads)  22%|██████▊                       |  ETA: 4:51:31
Sampling (4 threads)  23%|██████▉                       |  ETA: 5:04:47
Sampling (4 threads)  24%|███████                       |  ETA: 4:56:22
Sampling (4 threads)  24%|███████▎                      |  ETA: 5:12:39
Sampling (4 threads)  24%|███████▍                      |  ETA: 5:04:15
Sampling (4 threads)  25%|███████▌                      |  ETA: 5:15:58
Sampling (4 threads)  26%|███████▋                      |  ETA: 5:07:43
Sampling (4 threads)  26%|███████▊                      |  ETA: 4:59:46
Sampling (4 threads)  26%|████████                      |  ETA: 5:20:55
Sampling (4 threads)  27%|████████▏                     |  ETA: 5:12:50
Sampling (4 threads)  28%|████████▎                     |  ETA: 5:05:03
Sampling (4 threads)  28%|████████▍                     |  ETA: 5:33:45
Sampling (4 threads)  28%|████████▌                     |  ETA: 5:25:37
Sampling (4 threads)  29%|████████▊                     |  ETA: 5:17:46
Sampling (4 threads)  30%|████████▉                     |  ETA: 5:10:11
Sampling (4 threads)  30%|█████████                     |  ETA: 5:25:27
Sampling (4 threads)  30%|█████████▏                    |  ETA: 5:17:49
Sampling (4 threads)  31%|█████████▎                    |  ETA: 5:10:27
Sampling (4 threads)  32%|█████████▌                    |  ETA: 5:27:05
Sampling (4 threads)  32%|█████████▋                    |  ETA: 5:19:37
Sampling (4 threads)  32%|█████████▊                    |  ETA: 5:12:23
Sampling (4 threads)  33%|█████████▉                    |  ETA: 5:28:54
Sampling (4 threads)  34%|██████████                    |  ETA: 5:21:34
Sampling (4 threads)  34%|██████████▎                   |  ETA: 5:14:27
Sampling (4 threads)  34%|██████████▍                   |  ETA: 5:23:44
Sampling (4 threads)  35%|██████████▌                   |  ETA: 5:16:40
Sampling (4 threads)  36%|██████████▋                   |  ETA: 5:09:48
Sampling (4 threads)  36%|██████████▊                   |  ETA: 5:18:42
Sampling (4 threads)  36%|███████████                   |  ETA: 5:11:52
Sampling (4 threads)  37%|███████████▏                  |  ETA: 5:05:14
Sampling (4 threads)  38%|███████████▎                  |  ETA: 5:14:15
Sampling (4 threads)  38%|███████████▍                  |  ETA: 5:07:38
Sampling (4 threads)  38%|███████████▌                  |  ETA: 5:16:10
Sampling (4 threads)  39%|███████████▊                  |  ETA: 5:09:35
Sampling (4 threads)  40%|███████████▉                  |  ETA: 5:03:09
Sampling (4 threads)  40%|████████████                  |  ETA: 5:06:00
Sampling (4 threads)  40%|████████████▏                 |  ETA: 4:59:43
Sampling (4 threads)  41%|████████████▎                 |  ETA: 5:08:17
Sampling (4 threads)  42%|████████████▌                 |  ETA: 5:02:00
Sampling (4 threads)  42%|████████████▋                 |  ETA: 4:55:51
Sampling (4 threads)  42%|████████████▊                 |  ETA: 4:49:51
Sampling (4 threads)  43%|████████████▉                 |  ETA: 5:01:32
Sampling (4 threads)  44%|█████████████                 |  ETA: 4:55:27
Sampling (4 threads)  44%|█████████████▎                |  ETA: 4:49:30
Sampling (4 threads)  44%|█████████████▍                |  ETA: 4:56:47
Sampling (4 threads)  45%|█████████████▌                |  ETA: 4:50:51
Sampling (4 threads)  46%|█████████████▋                |  ETA: 4:45:02
Sampling (4 threads)  46%|█████████████▊                |  ETA: 4:54:45
Sampling (4 threads)  46%|██████████████                |  ETA: 4:48:53
Sampling (4 threads)  47%|██████████████▏               |  ETA: 4:43:08
Sampling (4 threads)  48%|██████████████▎               |  ETA: 4:48:31
Sampling (4 threads)  48%|██████████████▍               |  ETA: 4:42:47
Sampling (4 threads)  48%|██████████████▌               |  ETA: 4:37:11
Sampling (4 threads)  49%|██████████████▊               |  ETA: 4:44:35
Sampling (4 threads)  50%|██████████████▉               |  ETA: 4:38:57
Sampling (4 threads)  50%|███████████████               |  ETA: 4:33:25
Sampling (4 threads)  50%|███████████████▏              |  ETA: 4:28:01
Sampling (4 threads)  51%|███████████████▎              |  ETA: 4:32:33
Sampling (4 threads)  52%|███████████████▌              |  ETA: 4:27:09
Sampling (4 threads)  52%|███████████████▋              |  ETA: 4:31:56
Sampling (4 threads)  52%|███████████████▊              |  ETA: 4:26:32
Sampling (4 threads)  53%|███████████████▉              |  ETA: 4:21:15
Sampling (4 threads)  54%|████████████████              |  ETA: 4:16:03
Sampling (4 threads)  54%|████████████████▎             |  ETA: 4:21:09
Sampling (4 threads)  55%|████████████████▍             |  ETA: 4:15:57
Sampling (4 threads)  55%|████████████████▌             |  ETA: 4:10:50
Sampling (4 threads)  56%|████████████████▋             |  ETA: 4:15:56
Sampling (4 threads)  56%|████████████████▊             |  ETA: 4:10:48
Sampling (4 threads)  56%|█████████████████             |  ETA: 4:05:45
Sampling (4 threads)  57%|█████████████████▏            |  ETA: 4:08:28
Sampling (4 threads)  57%|█████████████████▎            |  ETA: 4:03:27
Sampling (4 threads)  58%|█████████████████▍            |  ETA: 3:58:30
Sampling (4 threads)  58%|█████████████████▌            |  ETA: 4:00:06
Sampling (4 threads)  59%|█████████████████▊            |  ETA: 3:55:12
Sampling (4 threads)  60%|█████████████████▉            |  ETA: 3:50:22
Sampling (4 threads)  60%|██████████████████            |  ETA: 3:52:46
Sampling (4 threads)  60%|██████████████████▏           |  ETA: 3:47:57
Sampling (4 threads)  61%|██████████████████▎           |  ETA: 3:43:14
Sampling (4 threads)  62%|██████████████████▌           |  ETA: 3:44:27
Sampling (4 threads)  62%|██████████████████▋           |  ETA: 3:39:45
Sampling (4 threads)  62%|██████████████████▊           |  ETA: 3:40:51
Sampling (4 threads)  63%|██████████████████▉           |  ETA: 3:36:11
Sampling (4 threads)  64%|███████████████████           |  ETA: 3:31:35
Sampling (4 threads)  64%|███████████████████▎          |  ETA: 3:27:03
Sampling (4 threads)  64%|███████████████████▍          |  ETA: 3:26:56
Sampling (4 threads)  65%|███████████████████▌          |  ETA: 3:22:27
Sampling (4 threads)  66%|███████████████████▋          |  ETA: 3:21:14
Sampling (4 threads)  66%|███████████████████▊          |  ETA: 3:16:49
Sampling (4 threads)  66%|████████████████████          |  ETA: 3:15:53
Sampling (4 threads)  67%|████████████████████▏         |  ETA: 3:11:31
Sampling (4 threads)  68%|████████████████████▎         |  ETA: 3:11:30
Sampling (4 threads)  68%|████████████████████▍         |  ETA: 3:07:10
Sampling (4 threads)  68%|████████████████████▌         |  ETA: 3:02:54
Sampling (4 threads)  69%|████████████████████▊         |  ETA: 2:58:42
Sampling (4 threads)  70%|████████████████████▉         |  ETA: 2:58:19
Sampling (4 threads)  70%|█████████████████████         |  ETA: 2:54:08
Sampling (4 threads)  70%|█████████████████████▏        |  ETA: 2:52:52
Sampling (4 threads)  71%|█████████████████████▎        |  ETA: 2:48:44
Sampling (4 threads)  72%|█████████████████████▌        |  ETA: 2:44:40
Sampling (4 threads)  72%|█████████████████████▋        |  ETA: 2:42:19
Sampling (4 threads)  72%|█████████████████████▊        |  ETA: 2:38:19
Sampling (4 threads)  73%|█████████████████████▉        |  ETA: 2:36:29
Sampling (4 threads)  74%|██████████████████████        |  ETA: 2:32:32
Sampling (4 threads)  74%|██████████████████████▎       |  ETA: 2:28:39
Sampling (4 threads)  74%|██████████████████████▍       |  ETA: 2:26:39
Sampling (4 threads)  75%|██████████████████████▌       |  ETA: 2:22:49
Sampling (4 threads)  76%|██████████████████████▋       |  ETA: 2:19:02
Sampling (4 threads)  76%|██████████████████████▊       |  ETA: 2:16:48
Sampling (4 threads)  76%|███████████████████████       |  ETA: 2:13:04
Sampling (4 threads)  77%|███████████████████████▏      |  ETA: 2:10:24
Sampling (4 threads)  78%|███████████████████████▎      |  ETA: 2:06:45
Sampling (4 threads)  78%|███████████████████████▍      |  ETA: 2:04:16
Sampling (4 threads)  78%|███████████████████████▌      |  ETA: 2:00:40
Sampling (4 threads)  79%|███████████████████████▊      |  ETA: 1:58:11
Sampling (4 threads)  80%|███████████████████████▉      |  ETA: 1:54:39
Sampling (4 threads)  80%|████████████████████████      |  ETA: 1:51:55
Sampling (4 threads)  80%|████████████████████████▏     |  ETA: 1:48:26
Sampling (4 threads)  81%|████████████████████████▎     |  ETA: 1:46:16
Sampling (4 threads)  82%|████████████████████████▌     |  ETA: 1:42:51
Sampling (4 threads)  82%|████████████████████████▋     |  ETA: 1:39:27
Sampling (4 threads)  82%|████████████████████████▊     |  ETA: 1:36:06
Sampling (4 threads)  83%|████████████████████████▉     |  ETA: 1:34:10
Sampling (4 threads)  84%|█████████████████████████     |  ETA: 1:30:51
Sampling (4 threads)  84%|█████████████████████████▎    |  ETA: 1:27:35
Sampling (4 threads)  84%|█████████████████████████▍    |  ETA: 1:25:09
Sampling (4 threads)  85%|█████████████████████████▌    |  ETA: 1:21:55
Sampling (4 threads)  86%|█████████████████████████▋    |  ETA: 1:18:43
Sampling (4 threads)  86%|█████████████████████████▊    |  ETA: 1:16:00
Sampling (4 threads)  86%|██████████████████████████    |  ETA: 1:12:52
Sampling (4 threads)  87%|██████████████████████████▏   |  ETA: 1:10:16
Sampling (4 threads)  88%|██████████████████████████▎   |  ETA: 1:07:11
Sampling (4 threads)  88%|██████████████████████████▍   |  ETA: 1:04:50
Sampling (4 threads)  88%|██████████████████████████▌   |  ETA: 1:01:47
Sampling (4 threads)  89%|██████████████████████████▊   |  ETA: 0:59:09
Sampling (4 threads)  90%|██████████████████████████▉   |  ETA: 0:56:09
Sampling (4 threads)  90%|███████████████████████████   |  ETA: 0:53:11
Sampling (4 threads)  90%|███████████████████████████▏  |  ETA: 0:50:45
Sampling (4 threads)  91%|███████████████████████████▎  |  ETA: 0:47:49
Sampling (4 threads)  92%|███████████████████████████▌  |  ETA: 0:44:55
Sampling (4 threads)  92%|███████████████████████████▋  |  ETA: 0:42:04
Sampling (4 threads)  92%|███████████████████████████▊  |  ETA: 0:39:23
Sampling (4 threads)  93%|███████████████████████████▉  |  ETA: 0:36:41
Sampling (4 threads)  94%|████████████████████████████  |  ETA: 0:34:01
Sampling (4 threads)  94%|████████████████████████████▎ |  ETA: 0:31:22
Sampling (4 threads)  94%|████████████████████████████▍ |  ETA: 0:28:46
Sampling (4 threads)  95%|████████████████████████████▌ |  ETA: 0:26:06
Sampling (4 threads)  96%|████████████████████████████▋ |  ETA: 0:23:30
Sampling (4 threads)  96%|████████████████████████████▊ |  ETA: 0:20:47
Sampling (4 threads)  96%|█████████████████████████████ |  ETA: 0:18:12
Sampling (4 threads)  97%|█████████████████████████████▏|  ETA: 0:15:34
Sampling (4 threads)  98%|█████████████████████████████▎|  ETA: 0:12:57
Sampling (4 threads)  98%|█████████████████████████████▍|  ETA: 0:10:22
Sampling (4 threads)  98%|█████████████████████████████▌|  ETA: 0:07:47
Sampling (4 threads)  99%|█████████████████████████████▊|  ETA: 0:05:11
Sampling (4 threads) 100%|█████████████████████████████▉|  ETA: 0:02:36
Sampling (4 threads) 100%|██████████████████████████████| Time: 8:39:54
Sampling (4 threads) 100%|██████████████████████████████| Time: 8:39:55
ERROR: LoadError: MethodError: no method matching plotGraphs(::String, ::Vector{String}, ::Vector{RGB{Float64}}, ::Int64)

Closest candidates are:
  plotGraphs(::Any, ::Any, ::Any, ::Any, !Matched::Any)
   @ Main ~/bayesian/BC4/Bayes/wordType_experiments/plottingFuncs.jl:261

Stacktrace:
 [1] concludeAndPlot(m::Chains{Float64, AxisArray{Float64, 3, Array{Float64, 3}, Tuple{Axis{:iter, StepRange{Int64, Int64}}, Axis{:var, Vector{Symbol}}, Axis{:chain, UnitRange{Int64}}}}, Missing, @NamedTuple{parameters::Vector{Symbol}, internals::Vector{Symbol}}, @NamedTuple{varname_to_symbol::OrderedDict{AbstractPPL.VarName, Symbol}, start_time::Vector{Float64}, stop_time::Vector{Float64}, samplerstate::Vector{Nothing}}}, output_loc::String, pc::Int64, wordTypes::Vector{String}, cols::Vector{RGB{Float64}}, noPCS::Int64)
   @ Main ~/bayesian/BC4/Bayes/wordType_experiments/plottingFuncs.jl:21
 [2] runModel(model::DynamicPPL.Model{typeof(model_12_1), (:participant, :word, :surprisal, :tags, :PCA, :ExpMean, :cauchyMean, :NUM_TYPES, :NUM_PARTICIPANTS), (), (), Tuple{Vector{Int64}, Vector{Float64}, Vector{Float64}, Vector{Int64}, Vector{Float64}, Float64, Float64, Int64, Int64}, Tuple{}, DynamicPPL.DefaultContext}, df_modified::DataFrame, dfPCA::DataFrame, pc::Int64, NUM_PARTICIPANTS::Int64, NUM_WORDS::Int64, TYPE_STRUCTURE::String, NUM_TYPES::Int64, wordTypes::Vector{String}, cols::Vector{RGB{Float64}}, isPlotting::Int64, analyseEssRhat::Int64, output_loc::String, expMean::Float64, cauchyMean::Float64, noPCS::Int64, noInChain::Int64)
   @ Main ~/bayesian/BC4/Bayes/wordType_experiments/model_master.jl:131
 [3] top-level scope
   @ ~/bayesian/BC4/Bayes/wordType_experiments/models/6_LKJPart/model.jl:12
in expression starting at /user/home/em18564/bayesian/BC4/Bayes/wordType_experiments/models/6_LKJPart/model.jl:12
