cpu-bind=MASK - bp1-compute196, task  0  0 [1783277]: mask 0x18000000180000 set
cpu-bind=MASK - bp1-compute196, task  0  0 [1783278]: mask 0x6000000060000 set
Running on host bp1-compute196
Running on host bp1-compute196
Time is Mon Sep 14 18:29:04 BST 2026
Time is Mon Sep 14 18:29:04 BST 2026
Directory is /user/home/em18564/bayesian/BC4/Bayes/wordType_experiments/models/__2
Slurm job ID is 18955978
This job runs on the following machines:
Directory is /user/home/em18564/bayesian/BC4/Bayes/wordType_experiments/models/__2
Slurm job ID is 18955979
This job runs on the following machines:
bp1-compute196
bp1-compute196
Precompiling project...
    DistributionsADReverseDiffExt Being precompiled by another machine (hostname: bp1-compute032, pid: 1025607, pidfile: /user/home/em18564/.julia/compiled/v1.10/DistributionsADReverseDiffExt/hY00X_4RpdW.ji.pidfile)
  ✗ DistributionsAD → DistributionsADReverseDiffExt
  0 dependencies successfully precompiled in 103 seconds. 549 already precompiled.
┌ Warning: Runtime invalidation was disabled, but the CPU info is out-of-date.
│ Will continue with incorrect CPU name (from build time).
└ @ HostCPUFeatures ~/.julia/packages/HostCPUFeatures/ZTXz4/src/cpu_info.jl:71
┌ Warning: Runtime invalidation was disabled, but the CPU info is out-of-date.
│ Will continue with incorrect CPU feature flag: +avx512vnni.
└ @ HostCPUFeatures ~/.julia/packages/HostCPUFeatures/ZTXz4/src/cpu_info.jl:56
┌ Warning: Runtime invalidation was disabled, but the CPU info is out-of-date.
│ Will continue with incorrect CPU feature flag: -rtm.
└ @ HostCPUFeatures ~/.julia/packages/HostCPUFeatures/ZTXz4/src/cpu_info.jl:56
Sampling (4 threads)   0%|                              |  ETA: N/A
┌ Info: Found initial step size
└   ϵ = 0.000390625
┌ Info: Found initial step size
└   ϵ = 0.0015625
┌ Info: Found initial step size
└   ϵ = 0.0001953125
┌ Info: Found initial step size
└   ϵ = 0.00078125
Sampling (4 threads)   0%|▏                             |  ETA: 1 days, 3:42:53
Sampling (4 threads)   1%|▎                             |  ETA: 13:47:20
Sampling (4 threads)   2%|▌                             |  ETA: 1 days, 3:24:50
Sampling (4 threads)   2%|▋                             |  ETA: 20:27:22
Sampling (4 threads)   2%|▊                             |  ETA: 1 days, 3:33:31
Sampling (4 threads)   3%|▉                             |  ETA: 22:50:52
Sampling (4 threads)   4%|█                             |  ETA: 19:28:58
Sampling (4 threads)   4%|█▎                            |  ETA: 23:35:56
Sampling (4 threads)   4%|█▍                            |  ETA: 20:52:04
Sampling (4 threads)   5%|█▌                            |  ETA: 23:30:16
Sampling (4 threads)   6%|█▋                            |  ETA: 21:15:19
Sampling (4 threads)   6%|█▊                            |  ETA: 19:22:51
Sampling (4 threads)   6%|██                            |  ETA: 19:50:59
Sampling (4 threads)   7%|██▏                           |  ETA: 18:20:00
Sampling (4 threads)   8%|██▎                           |  ETA: 17:01:08
Sampling (4 threads)   8%|██▍                           |  ETA: 16:24:29
Sampling (4 threads)   8%|██▌                           |  ETA: 15:21:32
Sampling (4 threads)   9%|██▊                           |  ETA: 14:25:35
Sampling (4 threads)  10%|██▉                           |  ETA: 13:56:01
Sampling (4 threads)  10%|███                           |  ETA: 13:09:49
Sampling (4 threads)  10%|███▏                          |  ETA: 12:28:02
Sampling (4 threads)  11%|███▎                          |  ETA: 12:05:27
Sampling (4 threads)  12%|███▌                          |  ETA: 11:30:01
Sampling (4 threads)  12%|███▋                          |  ETA: 10:57:32
Sampling (4 threads)  12%|███▊                          |  ETA: 10:35:30
Sampling (4 threads)  13%|███▉                          |  ETA: 10:07:34
Sampling (4 threads)  14%|████                          |  ETA: 9:51:01
Sampling (4 threads)  14%|████▎                         |  ETA: 9:26:37
Sampling (4 threads)  14%|████▍                         |  ETA: 9:03:54
Sampling (4 threads)  15%|████▌                         |  ETA: 8:51:07
Sampling (4 threads)  16%|████▋                         |  ETA: 8:30:57
Sampling (4 threads)  16%|████▊                         |  ETA: 8:12:04
Sampling (4 threads)  16%|█████                         |  ETA: 7:59:15
Sampling (4 threads)  17%|█████▏                        |  ETA: 7:42:23
Sampling (4 threads)  18%|█████▎                        |  ETA: 7:33:59
Sampling (4 threads)  18%|█████▍                        |  ETA: 7:18:42
Sampling (4 threads)  18%|█████▌                        |  ETA: 7:04:14
Sampling (4 threads)  19%|█████▊                        |  ETA: 7:02:18
Sampling (4 threads)  20%|█████▉                        |  ETA: 6:48:56
Sampling (4 threads)  20%|██████                        |  ETA: 6:36:14
Sampling (4 threads)  20%|██████▏                       |  ETA: 6:24:09
Sampling (4 threads)  21%|██████▎                       |  ETA: 6:18:51
Sampling (4 threads)  22%|██████▌                       |  ETA: 6:07:42
Sampling (4 threads)  22%|██████▋                       |  ETA: 5:57:03
Sampling (4 threads)  22%|██████▊                       |  ETA: 5:52:18
Sampling (4 threads)  23%|██████▉                       |  ETA: 5:42:25
Sampling (4 threads)  24%|███████                       |  ETA: 5:32:57
Sampling (4 threads)  24%|███████▎                      |  ETA: 5:29:25
Sampling (4 threads)  24%|███████▍                      |  ETA: 5:20:35
Sampling (4 threads)  25%|███████▌                      |  ETA: 5:12:05
Sampling (4 threads)  26%|███████▋                      |  ETA: 5:03:55
Sampling (4 threads)  26%|███████▊                      |  ETA: 4:59:09
Sampling (4 threads)  26%|████████                      |  ETA: 4:51:31
Sampling (4 threads)  27%|████████▏                     |  ETA: 4:47:10
Sampling (4 threads)  28%|████████▎                     |  ETA: 4:40:01
Sampling (4 threads)  28%|████████▍                     |  ETA: 4:36:19
Sampling (4 threads)  28%|████████▌                     |  ETA: 4:29:35
Sampling (4 threads)  29%|████████▊                     |  ETA: 4:26:13
Sampling (4 threads)  30%|████████▉                     |  ETA: 4:19:51
Sampling (4 threads)  30%|█████████                     |  ETA: 4:13:43
Sampling (4 threads)  30%|█████████▏                    |  ETA: 4:10:01
Sampling (4 threads)  31%|█████████▎                    |  ETA: 4:04:13
Sampling (4 threads)  32%|█████████▌                    |  ETA: 4:02:28
Sampling (4 threads)  32%|█████████▋                    |  ETA: 3:56:56
Sampling (4 threads)  32%|█████████▊                    |  ETA: 3:51:34
Sampling (4 threads)  33%|█████████▉                    |  ETA: 3:49:28
Sampling (4 threads)  34%|██████████                    |  ETA: 3:44:21
Sampling (4 threads)  34%|██████████▎                   |  ETA: 3:39:24
Sampling (4 threads)  34%|██████████▍                   |  ETA: 3:36:27
Sampling (4 threads)  35%|██████████▌                   |  ETA: 3:31:44
Sampling (4 threads)  36%|██████████▋                   |  ETA: 3:30:07
Sampling (4 threads)  36%|██████████▊                   |  ETA: 3:25:35
Sampling (4 threads)  36%|███████████                   |  ETA: 3:21:11
Sampling (4 threads)  37%|███████████▏                  |  ETA: 3:19:31
Sampling (4 threads)  38%|███████████▎                  |  ETA: 3:15:17
Sampling (4 threads)  38%|███████████▍                  |  ETA: 3:11:11
Sampling (4 threads)  38%|███████████▌                  |  ETA: 3:09:52
Sampling (4 threads)  39%|███████████▊                  |  ETA: 3:05:55
Sampling (4 threads)  40%|███████████▉                  |  ETA: 3:02:03
Sampling (4 threads)  40%|████████████                  |  ETA: 3:00:54
Sampling (4 threads)  40%|████████████▏                 |  ETA: 2:57:10
Sampling (4 threads)  41%|████████████▎                 |  ETA: 2:53:33
Sampling (4 threads)  42%|████████████▌                 |  ETA: 2:52:12
Sampling (4 threads)  42%|████████████▋                 |  ETA: 2:48:42
Sampling (4 threads)  42%|████████████▊                 |  ETA: 2:45:16
Sampling (4 threads)  43%|████████████▉                 |  ETA: 2:44:22
Sampling (4 threads)  44%|█████████████                 |  ETA: 2:41:03
Sampling (4 threads)  44%|█████████████▎                |  ETA: 2:37:49
Sampling (4 threads)  44%|█████████████▍                |  ETA: 2:34:39
Sampling (4 threads)  45%|█████████████▌                |  ETA: 2:33:09
Sampling (4 threads)  46%|█████████████▋                |  ETA: 2:30:06
Sampling (4 threads)  46%|█████████████▊                |  ETA: 2:28:23
Sampling (4 threads)  46%|██████████████                |  ETA: 2:25:25
Sampling (4 threads)  47%|██████████████▏               |  ETA: 2:23:57
Sampling (4 threads)  48%|██████████████▎               |  ETA: 2:21:05
Sampling (4 threads)  48%|██████████████▍               |  ETA: 2:18:17
Sampling (4 threads)  48%|██████████████▌               |  ETA: 2:16:48
Sampling (4 threads)  49%|██████████████▊               |  ETA: 2:14:05
Sampling (4 threads)  50%|██████████████▉               |  ETA: 2:12:38
Sampling (4 threads)  50%|███████████████               |  ETA: 2:10:01
Sampling (4 threads)  50%|███████████████▏              |  ETA: 2:07:26
Sampling (4 threads)  51%|███████████████▎              |  ETA: 2:06:01
Sampling (4 threads)  52%|███████████████▌              |  ETA: 2:03:31
Sampling (4 threads)  52%|███████████████▋              |  ETA: 2:01:53
Sampling (4 threads)  52%|███████████████▊              |  ETA: 1:59:28
Sampling (4 threads)  53%|███████████████▉              |  ETA: 1:57:55
Sampling (4 threads)  54%|████████████████              |  ETA: 1:55:34
Sampling (4 threads)  54%|████████████████▎             |  ETA: 1:54:11
Sampling (4 threads)  55%|████████████████▍             |  ETA: 1:51:54
Sampling (4 threads)  55%|████████████████▌             |  ETA: 1:49:40
Sampling (4 threads)  56%|████████████████▋             |  ETA: 1:48:15
Sampling (4 threads)  56%|████████████████▊             |  ETA: 1:46:05
Sampling (4 threads)  56%|█████████████████             |  ETA: 1:44:38
Sampling (4 threads)  57%|█████████████████▏            |  ETA: 1:42:31
Sampling (4 threads)  57%|█████████████████▎            |  ETA: 1:41:11
Sampling (4 threads)  58%|█████████████████▍            |  ETA: 1:39:07
Sampling (4 threads)  58%|█████████████████▌            |  ETA: 1:38:17
Sampling (4 threads)  59%|█████████████████▊            |  ETA: 1:36:16
Sampling (4 threads)  60%|█████████████████▉            |  ETA: 1:34:18
Sampling (4 threads)  60%|██████████████████            |  ETA: 1:33:03
Sampling (4 threads)  60%|██████████████████▏           |  ETA: 1:31:08
Sampling (4 threads)  61%|██████████████████▎           |  ETA: 1:30:19
Sampling (4 threads)  62%|██████████████████▌           |  ETA: 1:28:26
Sampling (4 threads)  62%|██████████████████▋           |  ETA: 1:26:35
Sampling (4 threads)  62%|██████████████████▊           |  ETA: 1:25:46
Sampling (4 threads)  63%|██████████████████▉           |  ETA: 1:23:57
Sampling (4 threads)  64%|███████████████████           |  ETA: 1:22:10
Sampling (4 threads)  64%|███████████████████▎          |  ETA: 1:21:30
Sampling (4 threads)  64%|███████████████████▍          |  ETA: 1:19:45
Sampling (4 threads)  65%|███████████████████▌          |  ETA: 1:18:01
Sampling (4 threads)  66%|███████████████████▋          |  ETA: 1:16:19
Sampling (4 threads)  66%|███████████████████▊          |  ETA: 1:15:15
Sampling (4 threads)  66%|████████████████████          |  ETA: 1:13:35
Sampling (4 threads)  67%|████████████████████▏         |  ETA: 1:12:30
Sampling (4 threads)  68%|████████████████████▎         |  ETA: 1:10:53
Sampling (4 threads)  68%|████████████████████▍         |  ETA: 1:09:49
Sampling (4 threads)  68%|████████████████████▌         |  ETA: 1:08:13
Sampling (4 threads)  69%|████████████████████▊         |  ETA: 1:07:09
Sampling (4 threads)  70%|████████████████████▉         |  ETA: 1:05:35
Sampling (4 threads)  70%|█████████████████████         |  ETA: 1:04:30
Sampling (4 threads)  70%|█████████████████████▏        |  ETA: 1:02:58
Sampling (4 threads)  71%|█████████████████████▎        |  ETA: 1:02:02
Sampling (4 threads)  72%|█████████████████████▌        |  ETA: 1:00:32
Sampling (4 threads)  72%|█████████████████████▋        |  ETA: 0:59:03
Sampling (4 threads)  72%|█████████████████████▊        |  ETA: 0:58:11
Sampling (4 threads)  73%|█████████████████████▉        |  ETA: 0:56:44
Sampling (4 threads)  74%|██████████████████████        |  ETA: 0:55:18
Sampling (4 threads)  74%|██████████████████████▎       |  ETA: 0:54:14
Sampling (4 threads)  74%|██████████████████████▍       |  ETA: 0:52:50
Sampling (4 threads)  75%|██████████████████████▌       |  ETA: 0:51:57
Sampling (4 threads)  76%|██████████████████████▋       |  ETA: 0:50:34
Sampling (4 threads)  76%|██████████████████████▊       |  ETA: 0:49:13
Sampling (4 threads)  76%|███████████████████████       |  ETA: 0:48:22
Sampling (4 threads)  77%|███████████████████████▏      |  ETA: 0:47:01
Sampling (4 threads)  78%|███████████████████████▎      |  ETA: 0:45:42
Sampling (4 threads)  78%|███████████████████████▍      |  ETA: 0:44:24
Sampling (4 threads)  78%|███████████████████████▌      |  ETA: 0:43:25
Sampling (4 threads)  79%|███████████████████████▊      |  ETA: 0:42:08
Sampling (4 threads)  80%|███████████████████████▉      |  ETA: 0:41:10
Sampling (4 threads)  80%|████████████████████████      |  ETA: 0:39:55
Sampling (4 threads)  80%|████████████████████████▏     |  ETA: 0:38:56
Sampling (4 threads)  81%|████████████████████████▎     |  ETA: 0:37:42
Sampling (4 threads)  82%|████████████████████████▌     |  ETA: 0:36:45
Sampling (4 threads)  82%|████████████████████████▋     |  ETA: 0:35:32
Sampling (4 threads)  82%|████████████████████████▊     |  ETA: 0:34:20
Sampling (4 threads)  83%|████████████████████████▉     |  ETA: 0:33:23
Sampling (4 threads)  84%|█████████████████████████     |  ETA: 0:32:13
Sampling (4 threads)  84%|█████████████████████████▎    |  ETA: 0:31:24
Sampling (4 threads)  84%|█████████████████████████▍    |  ETA: 0:30:14
Sampling (4 threads)  85%|█████████████████████████▌    |  ETA: 0:29:05
Sampling (4 threads)  86%|█████████████████████████▋    |  ETA: 0:27:57
Sampling (4 threads)  86%|█████████████████████████▊    |  ETA: 0:27:06
Sampling (4 threads)  86%|██████████████████████████    |  ETA: 0:25:59
Sampling (4 threads)  87%|██████████████████████████▏   |  ETA: 0:25:06
Sampling (4 threads)  88%|██████████████████████████▎   |  ETA: 0:24:00
Sampling (4 threads)  88%|██████████████████████████▍   |  ETA: 0:22:54
Sampling (4 threads)  88%|██████████████████████████▌   |  ETA: 0:21:50
Sampling (4 threads)  89%|██████████████████████████▊   |  ETA: 0:20:58
Sampling (4 threads)  90%|██████████████████████████▉   |  ETA: 0:19:54
Sampling (4 threads)  90%|███████████████████████████   |  ETA: 0:19:01
Sampling (4 threads)  90%|███████████████████████████▏  |  ETA: 0:17:58
Sampling (4 threads)  91%|███████████████████████████▎  |  ETA: 0:16:56
Sampling (4 threads)  92%|███████████████████████████▌  |  ETA: 0:15:54
Sampling (4 threads)  92%|███████████████████████████▋  |  ETA: 0:14:57
Sampling (4 threads)  92%|███████████████████████████▊  |  ETA: 0:13:57
Sampling (4 threads)  93%|███████████████████████████▉  |  ETA: 0:13:01
Sampling (4 threads)  94%|████████████████████████████  |  ETA: 0:12:03
Sampling (4 threads)  94%|████████████████████████████▎ |  ETA: 0:11:06
Sampling (4 threads)  94%|████████████████████████████▍ |  ETA: 0:10:09
Sampling (4 threads)  95%|████████████████████████████▌ |  ETA: 0:09:12
Sampling (4 threads)  96%|████████████████████████████▋ |  ETA: 0:08:16
Sampling (4 threads)  96%|████████████████████████████▊ |  ETA: 0:07:23
Sampling (4 threads)  96%|█████████████████████████████ |  ETA: 0:06:30
Sampling (4 threads)  97%|█████████████████████████████▏|  ETA: 0:05:36
Sampling (4 threads)  98%|█████████████████████████████▎|  ETA: 0:04:41
Sampling (4 threads)  98%|█████████████████████████████▍|  ETA: 0:03:45
Sampling (4 threads)  98%|█████████████████████████████▌|  ETA: 0:02:49
Sampling (4 threads)  99%|█████████████████████████████▊|  ETA: 0:01:53
Sampling (4 threads) 100%|█████████████████████████████▉|  ETA: 0:00:57
Sampling (4 threads) 100%|██████████████████████████████| Time: 3:11:01
Sampling (4 threads) 100%|██████████████████████████████| Time: 3:11:02
Precompiling project...
    DistributionsADReverseDiffExt Being precompiled by another machine (hostname: bp1-compute032, pid: 1025607, pidfile: /user/home/em18564/.julia/compiled/v1.10/DistributionsADReverseDiffExt/hY00X_4RpdW.ji.pidfile)
  ✗ DistributionsAD → DistributionsADReverseDiffExt
  0 dependencies successfully precompiled in 95 seconds. 549 already precompiled.
┌ Warning: Runtime invalidation was disabled, but the CPU info is out-of-date.
│ Will continue with incorrect CPU name (from build time).
└ @ HostCPUFeatures ~/.julia/packages/HostCPUFeatures/ZTXz4/src/cpu_info.jl:71
┌ Warning: Runtime invalidation was disabled, but the CPU info is out-of-date.
│ Will continue with incorrect CPU feature flag: +avx512vnni.
└ @ HostCPUFeatures ~/.julia/packages/HostCPUFeatures/ZTXz4/src/cpu_info.jl:56
┌ Warning: Runtime invalidation was disabled, but the CPU info is out-of-date.
│ Will continue with incorrect CPU feature flag: -rtm.
└ @ HostCPUFeatures ~/.julia/packages/HostCPUFeatures/ZTXz4/src/cpu_info.jl:56
Sampling (4 threads)   0%|                              |  ETA: N/A
┌ Info: Found initial step size
└   ϵ = 0.003125
┌ Info: Found initial step size
└   ϵ = 0.003125
┌ Info: Found initial step size
└   ϵ = 0.0001953125
┌ Info: Found initial step size
└   ϵ = 0.0015625
Sampling (4 threads)   0%|▏                             |  ETA: 2 days, 12:29:56
Sampling (4 threads)   1%|▎                             |  ETA: 1 days, 6:05:53
Sampling (4 threads)   2%|▌                             |  ETA: 19:57:51
Sampling (4 threads)   2%|▋                             |  ETA: 1 days, 12:38:48
Sampling (4 threads)   2%|▊                             |  ETA: 1 days, 5:10:04
Sampling (4 threads)   3%|▉                             |  ETA: 1 days, 0:10:54
Sampling (4 threads)   4%|█                             |  ETA: 1 days, 8:15:59
Sampling (4 threads)   4%|█▎                            |  ETA: 1 days, 4:05:13
Sampling (4 threads)   4%|█▍                            |  ETA: 1 days, 0:50:10
Sampling (4 threads)   5%|█▌                            |  ETA: 1 days, 2:35:17
Sampling (4 threads)   6%|█▋                            |  ETA: 1 days, 0:02:38
Sampling (4 threads)   6%|█▊                            |  ETA: 1 days, 0:38:56
Sampling (4 threads)   6%|██                            |  ETA: 22:37:55
Sampling (4 threads)   7%|██▏                           |  ETA: 20:54:10
Sampling (4 threads)   8%|██▎                           |  ETA: 19:59:43
Sampling (4 threads)   8%|██▍                           |  ETA: 18:38:39
Sampling (4 threads)   8%|██▌                           |  ETA: 17:27:08
Sampling (4 threads)   9%|██▊                           |  ETA: 16:49:34
Sampling (4 threads)  10%|██▉                           |  ETA: 15:51:10
Sampling (4 threads)  10%|███                           |  ETA: 14:58:37
Sampling (4 threads)  10%|███▏                          |  ETA: 14:26:28
Sampling (4 threads)  11%|███▎                          |  ETA: 13:42:28
Sampling (4 threads)  12%|███▌                          |  ETA: 13:02:17
Sampling (4 threads)  12%|███▋                          |  ETA: 12:43:43
Sampling (4 threads)  12%|███▊                          |  ETA: 12:09:00
Sampling (4 threads)  13%|███▉                          |  ETA: 11:36:57
Sampling (4 threads)  14%|████                          |  ETA: 11:21:51
Sampling (4 threads)  14%|████▎                         |  ETA: 10:53:42
Sampling (4 threads)  14%|████▍                         |  ETA: 10:27:30
Sampling (4 threads)  15%|████▌                         |  ETA: 10:15:09
Sampling (4 threads)  16%|████▋                         |  ETA: 9:51:48
Sampling (4 threads)  16%|████▊                         |  ETA: 9:29:55
Sampling (4 threads)  16%|█████                         |  ETA: 9:17:42
Sampling (4 threads)  17%|█████▏                        |  ETA: 8:58:03
Sampling (4 threads)  18%|█████▎                        |  ETA: 8:48:35
Sampling (4 threads)  18%|█████▍                        |  ETA: 8:30:47
Sampling (4 threads)  18%|█████▌                        |  ETA: 8:13:57
Sampling (4 threads)  19%|█████▊                        |  ETA: 8:06:24
Sampling (4 threads)  20%|█████▉                        |  ETA: 7:51:00
Sampling (4 threads)  20%|██████                        |  ETA: 7:36:23
Sampling (4 threads)  20%|██████▏                       |  ETA: 7:22:28
Sampling (4 threads)  21%|██████▎                       |  ETA: 7:17:07
Sampling (4 threads)  22%|██████▌                       |  ETA: 7:04:15
Sampling (4 threads)  22%|██████▋                       |  ETA: 6:54:54
Sampling (4 threads)  22%|██████▊                       |  ETA: 6:43:05
Sampling (4 threads)  23%|██████▉                       |  ETA: 6:35:27
Sampling (4 threads)  24%|███████                       |  ETA: 6:24:31
Sampling (4 threads)  24%|███████▎                      |  ETA: 6:19:37
Sampling (4 threads)  24%|███████▍                      |  ETA: 6:09:26
Sampling (4 threads)  25%|███████▌                      |  ETA: 5:59:38
Sampling (4 threads)  26%|███████▋                      |  ETA: 5:56:06
Sampling (4 threads)  26%|███████▊                      |  ETA: 5:46:54
Sampling (4 threads)  26%|████████                      |  ETA: 5:38:03
Sampling (4 threads)  27%|████████▏                     |  ETA: 5:32:46
Sampling (4 threads)  28%|████████▎                     |  ETA: 5:24:28
Sampling (4 threads)  28%|████████▍                     |  ETA: 5:20:05
Sampling (4 threads)  28%|████████▌                     |  ETA: 5:12:17
Sampling (4 threads)  29%|████████▊                     |  ETA: 5:06:48
Sampling (4 threads)  30%|████████▉                     |  ETA: 4:59:29
Sampling (4 threads)  30%|█████████                     |  ETA: 4:55:04
Sampling (4 threads)  30%|█████████▏                    |  ETA: 4:48:10
Sampling (4 threads)  31%|█████████▎                    |  ETA: 4:43:57
Sampling (4 threads)  32%|█████████▌                    |  ETA: 4:37:25
Sampling (4 threads)  32%|█████████▋                    |  ETA: 4:33:29
Sampling (4 threads)  32%|█████████▊                    |  ETA: 4:27:18
Sampling (4 threads)  33%|█████████▉                    |  ETA: 4:21:18
Sampling (4 threads)  34%|██████████                    |  ETA: 4:18:01
Sampling (4 threads)  34%|██████████▎                   |  ETA: 4:12:19
Sampling (4 threads)  34%|██████████▍                   |  ETA: 4:09:01
Sampling (4 threads)  35%|██████████▌                   |  ETA: 4:03:36
Sampling (4 threads)  36%|██████████▋                   |  ETA: 3:59:46
Sampling (4 threads)  36%|██████████▊                   |  ETA: 3:54:36
Sampling (4 threads)  36%|███████████                   |  ETA: 3:51:50
Sampling (4 threads)  37%|███████████▏                  |  ETA: 3:46:54
Sampling (4 threads)  38%|███████████▎                  |  ETA: 3:42:06
Sampling (4 threads)  38%|███████████▍                  |  ETA: 3:40:45
Sampling (4 threads)  38%|███████████▌                  |  ETA: 3:36:08
Sampling (4 threads)  39%|███████████▊                  |  ETA: 3:31:37
Sampling (4 threads)  40%|███████████▉                  |  ETA: 3:29:33
Sampling (4 threads)  40%|████████████                  |  ETA: 3:25:13
Sampling (4 threads)  40%|████████████▏                 |  ETA: 3:23:00
Sampling (4 threads)  41%|████████████▎                 |  ETA: 3:18:51
Sampling (4 threads)  42%|████████████▌                 |  ETA: 3:14:47
Sampling (4 threads)  42%|████████████▋                 |  ETA: 3:12:53
Sampling (4 threads)  42%|████████████▊                 |  ETA: 3:08:58
Sampling (4 threads)  43%|████████████▉                 |  ETA: 3:05:09
Sampling (4 threads)  44%|█████████████                 |  ETA: 3:03:57
Sampling (4 threads)  44%|█████████████▎                |  ETA: 3:00:15
Sampling (4 threads)  44%|█████████████▍                |  ETA: 2:56:38
Sampling (4 threads)  45%|█████████████▌                |  ETA: 2:55:57
Sampling (4 threads)  46%|█████████████▋                |  ETA: 2:52:26
Sampling (4 threads)  46%|█████████████▊                |  ETA: 2:49:00
Sampling (4 threads)  46%|██████████████                |  ETA: 2:45:38
Sampling (4 threads)  47%|██████████████▏               |  ETA: 2:44:43
Sampling (4 threads)  48%|██████████████▎               |  ETA: 2:41:27
Sampling (4 threads)  48%|██████████████▍               |  ETA: 2:38:15
Sampling (4 threads)  48%|██████████████▌               |  ETA: 2:36:51
Sampling (4 threads)  49%|██████████████▊               |  ETA: 2:33:44
Sampling (4 threads)  50%|██████████████▉               |  ETA: 2:30:42
Sampling (4 threads)  50%|███████████████               |  ETA: 2:28:41
Sampling (4 threads)  50%|███████████████▏              |  ETA: 2:25:44
Sampling (4 threads)  51%|███████████████▎              |  ETA: 2:23:49
Sampling (4 threads)  52%|███████████████▌              |  ETA: 2:20:58
Sampling (4 threads)  52%|███████████████▋              |  ETA: 2:19:28
Sampling (4 threads)  52%|███████████████▊              |  ETA: 2:16:42
Sampling (4 threads)  53%|███████████████▉              |  ETA: 2:14:55
Sampling (4 threads)  54%|████████████████              |  ETA: 2:12:14
Sampling (4 threads)  54%|████████████████▎             |  ETA: 2:11:07
Sampling (4 threads)  55%|████████████████▍             |  ETA: 2:08:30
Sampling (4 threads)  55%|████████████████▌             |  ETA: 2:05:56
Sampling (4 threads)  56%|████████████████▋             |  ETA: 2:05:02
Sampling (4 threads)  56%|████████████████▊             |  ETA: 2:02:31
Sampling (4 threads)  56%|█████████████████             |  ETA: 2:00:04
Sampling (4 threads)  57%|█████████████████▏            |  ETA: 1:57:38
Sampling (4 threads)  57%|█████████████████▎            |  ETA: 1:56:56
Sampling (4 threads)  58%|█████████████████▍            |  ETA: 1:54:34
Sampling (4 threads)  58%|█████████████████▌            |  ETA: 1:52:14
Sampling (4 threads)  59%|█████████████████▊            |  ETA: 1:51:15
Sampling (4 threads)  60%|█████████████████▉            |  ETA: 1:48:58
Sampling (4 threads)  60%|██████████████████            |  ETA: 1:46:44
Sampling (4 threads)  60%|██████████████████▏           |  ETA: 1:45:41
Sampling (4 threads)  61%|██████████████████▎           |  ETA: 1:43:30
Sampling (4 threads)  62%|██████████████████▌           |  ETA: 1:41:20
Sampling (4 threads)  62%|██████████████████▋           |  ETA: 1:40:32
Sampling (4 threads)  62%|██████████████████▊           |  ETA: 1:38:25
Sampling (4 threads)  63%|██████████████████▉           |  ETA: 1:36:20
Sampling (4 threads)  64%|███████████████████           |  ETA: 1:34:17
Sampling (4 threads)  64%|███████████████████▎          |  ETA: 1:33:08
Sampling (4 threads)  64%|███████████████████▍          |  ETA: 1:31:07
Sampling (4 threads)  65%|███████████████████▌          |  ETA: 1:29:57
Sampling (4 threads)  66%|███████████████████▋          |  ETA: 1:27:59
Sampling (4 threads)  66%|███████████████████▊          |  ETA: 1:26:03
Sampling (4 threads)  66%|████████████████████          |  ETA: 1:24:50
Sampling (4 threads)  67%|████████████████████▏         |  ETA: 1:22:56
Sampling (4 threads)  68%|████████████████████▎         |  ETA: 1:21:55
Sampling (4 threads)  68%|████████████████████▍         |  ETA: 1:20:04
Sampling (4 threads)  68%|████████████████████▌         |  ETA: 1:18:14
Sampling (4 threads)  69%|████████████████████▊         |  ETA: 1:17:13
Sampling (4 threads)  70%|████████████████████▉         |  ETA: 1:15:25
Sampling (4 threads)  70%|█████████████████████         |  ETA: 1:13:39
Sampling (4 threads)  70%|█████████████████████▏        |  ETA: 1:12:29
Sampling (4 threads)  71%|█████████████████████▎        |  ETA: 1:10:45
Sampling (4 threads)  72%|█████████████████████▌        |  ETA: 1:09:37
Sampling (4 threads)  72%|█████████████████████▋        |  ETA: 1:07:55
Sampling (4 threads)  72%|█████████████████████▊        |  ETA: 1:06:15
Sampling (4 threads)  73%|█████████████████████▉        |  ETA: 1:05:16
Sampling (4 threads)  74%|██████████████████████        |  ETA: 1:03:37
Sampling (4 threads)  74%|██████████████████████▎       |  ETA: 1:02:00
Sampling (4 threads)  74%|██████████████████████▍       |  ETA: 1:00:58
Sampling (4 threads)  75%|██████████████████████▌       |  ETA: 0:59:23
Sampling (4 threads)  76%|██████████████████████▋       |  ETA: 0:57:48
Sampling (4 threads)  76%|██████████████████████▊       |  ETA: 0:56:50
Sampling (4 threads)  76%|███████████████████████       |  ETA: 0:55:18
Sampling (4 threads)  77%|███████████████████████▏      |  ETA: 0:53:46
Sampling (4 threads)  78%|███████████████████████▎      |  ETA: 0:52:44
Sampling (4 threads)  78%|███████████████████████▍      |  ETA: 0:51:14
Sampling (4 threads)  78%|███████████████████████▌      |  ETA: 0:49:45
Sampling (4 threads)  79%|███████████████████████▊      |  ETA: 0:48:35
Sampling (4 threads)  80%|███████████████████████▉      |  ETA: 0:47:08
Sampling (4 threads)  80%|████████████████████████      |  ETA: 0:46:05
Sampling (4 threads)  80%|████████████████████████▏     |  ETA: 0:44:39
Sampling (4 threads)  81%|████████████████████████▎     |  ETA: 0:43:14
Sampling (4 threads)  82%|████████████████████████▌     |  ETA: 0:42:14
Sampling (4 threads)  82%|████████████████████████▋     |  ETA: 0:40:50
Sampling (4 threads)  82%|████████████████████████▊     |  ETA: 0:39:48
Sampling (4 threads)  83%|████████████████████████▉     |  ETA: 0:38:26
Sampling (4 threads)  84%|█████████████████████████     |  ETA: 0:37:05
Sampling (4 threads)  84%|█████████████████████████▎    |  ETA: 0:35:46
Sampling (4 threads)  84%|█████████████████████████▍    |  ETA: 0:34:35
Sampling (4 threads)  85%|█████████████████████████▌    |  ETA: 0:33:22
Sampling (4 threads)  86%|█████████████████████████▋    |  ETA: 0:32:08
Sampling (4 threads)  86%|█████████████████████████▊    |  ETA: 0:30:59
Sampling (4 threads)  86%|██████████████████████████    |  ETA: 0:29:47
Sampling (4 threads)  87%|██████████████████████████▏   |  ETA: 0:28:37
Sampling (4 threads)  88%|██████████████████████████▎   |  ETA: 0:27:28
Sampling (4 threads)  88%|██████████████████████████▍   |  ETA: 0:26:20
Sampling (4 threads)  88%|██████████████████████████▌   |  ETA: 0:25:12
Sampling (4 threads)  89%|██████████████████████████▊   |  ETA: 0:24:05
Sampling (4 threads)  90%|██████████████████████████▉   |  ETA: 0:22:56
Sampling (4 threads)  90%|███████████████████████████   |  ETA: 0:21:49
Sampling (4 threads)  90%|███████████████████████████▏  |  ETA: 0:20:43
Sampling (4 threads)  91%|███████████████████████████▎  |  ETA: 0:19:38
Sampling (4 threads)  92%|███████████████████████████▌  |  ETA: 0:18:30
Sampling (4 threads)  92%|███████████████████████████▋  |  ETA: 0:17:24
Sampling (4 threads)  92%|███████████████████████████▊  |  ETA: 0:16:18
Sampling (4 threads)  93%|███████████████████████████▉  |  ETA: 0:15:12
Sampling (4 threads)  94%|████████████████████████████  |  ETA: 0:14:06
Sampling (4 threads)  94%|████████████████████████████▎ |  ETA: 0:12:59
Sampling (4 threads)  94%|████████████████████████████▍ |  ETA: 0:11:57
Sampling (4 threads)  95%|████████████████████████████▌ |  ETA: 0:10:54
Sampling (4 threads)  96%|████████████████████████████▋ |  ETA: 0:09:52
Sampling (4 threads)  96%|████████████████████████████▊ |  ETA: 0:08:50
Sampling (4 threads)  96%|█████████████████████████████ |  ETA: 0:07:46
Sampling (4 threads)  97%|█████████████████████████████▏|  ETA: 0:06:41
Sampling (4 threads)  98%|█████████████████████████████▎|  ETA: 0:05:36
Sampling (4 threads)  98%|█████████████████████████████▍|  ETA: 0:04:29
Sampling (4 threads)  98%|█████████████████████████████▌|  ETA: 0:03:23
Sampling (4 threads)  99%|█████████████████████████████▊|  ETA: 0:02:16
Sampling (4 threads) 100%|█████████████████████████████▉|  ETA: 0:01:08
Sampling (4 threads) 100%|██████████████████████████████| Time: 3:47:44
Sampling (4 threads) 100%|██████████████████████████████| Time: 3:47:45
Precompiling project...
    DistributionsADReverseDiffExt Being precompiled by another machine (hostname: bp1-compute196, pid: 1783324, pidfile: /user/home/em18564/.julia/compiled/v1.10/DistributionsADReverseDiffExt/hY00X_4RpdW.ji.pidfile)
  ✗ DistributionsAD → DistributionsADReverseDiffExt
  0 dependencies successfully precompiled in 109 seconds. 549 already precompiled.
┌ Warning: Runtime invalidation was disabled, but the CPU info is out-of-date.
│ Will continue with incorrect CPU name (from build time).
└ @ HostCPUFeatures ~/.julia/packages/HostCPUFeatures/ZTXz4/src/cpu_info.jl:71
┌ Warning: Runtime invalidation was disabled, but the CPU info is out-of-date.
│ Will continue with incorrect CPU feature flag: +avx512vnni.
└ @ HostCPUFeatures ~/.julia/packages/HostCPUFeatures/ZTXz4/src/cpu_info.jl:56
┌ Warning: Runtime invalidation was disabled, but the CPU info is out-of-date.
│ Will continue with incorrect CPU feature flag: -rtm.
└ @ HostCPUFeatures ~/.julia/packages/HostCPUFeatures/ZTXz4/src/cpu_info.jl:56
Sampling (4 threads)   0%|                              |  ETA: N/A
┌ Info: Found initial step size
└   ϵ = 0.00078125
┌ Info: Found initial step size
└   ϵ = 0.0001953125
┌ Info: Found initial step size
└   ϵ = 0.0015625
┌ Info: Found initial step size
└   ϵ = 0.000390625
Sampling (4 threads)   0%|▏                             |  ETA: 12:05:38
Sampling (4 threads)   1%|▎                             |  ETA: 6:01:07
Sampling (4 threads)   2%|▌                             |  ETA: 1 days, 11:55:08
Sampling (4 threads)   2%|▋                             |  ETA: 1 days, 2:48:09
Sampling (4 threads)   2%|▊                             |  ETA: 21:19:57
Sampling (4 threads)   3%|▉                             |  ETA: 1 days, 2:17:58
Sampling (4 threads)   4%|█                             |  ETA: 22:25:34
Sampling (4 threads)   4%|█▎                            |  ETA: 1 days, 2:03:23
Sampling (4 threads)   4%|█▍                            |  ETA: 23:02:26
Sampling (4 threads)   5%|█▌                            |  ETA: 1 days, 1:38:45
Sampling (4 threads)   6%|█▋                            |  ETA: 23:11:30
Sampling (4 threads)   6%|█▊                            |  ETA: 21:08:47
Sampling (4 threads)   6%|██                            |  ETA: 21:51:12
Sampling (4 threads)   7%|██▏                           |  ETA: 20:11:02
Sampling (4 threads)   8%|██▎                           |  ETA: 18:44:13
Sampling (4 threads)   8%|██▍                           |  ETA: 19:03:32
Sampling (4 threads)   8%|██▌                           |  ETA: 17:50:25
Sampling (4 threads)   9%|██▊                           |  ETA: 16:45:26
Sampling (4 threads)  10%|██▉                           |  ETA: 15:47:17
Sampling (4 threads)  10%|███                           |  ETA: 15:18:51
Sampling (4 threads)  10%|███▏                          |  ETA: 14:30:14
Sampling (4 threads)  11%|███▎                          |  ETA: 14:12:46
Sampling (4 threads)  12%|███▌                          |  ETA: 13:31:07
Sampling (4 threads)  12%|███▋                          |  ETA: 12:52:55
Sampling (4 threads)  12%|███▊                          |  ETA: 12:39:07
Sampling (4 threads)  13%|███▉                          |  ETA: 12:05:45
Sampling (4 threads)  14%|████                          |  ETA: 11:34:51
Sampling (4 threads)  14%|████▎                         |  ETA: 11:25:54
Sampling (4 threads)  14%|████▍                         |  ETA: 10:58:23
Sampling (4 threads)  15%|████▌                         |  ETA: 10:32:43
Sampling (4 threads)  16%|████▋                         |  ETA: 10:21:04
Sampling (4 threads)  16%|████▊                         |  ETA: 9:58:06
Sampling (4 threads)  16%|█████                         |  ETA: 9:36:32
Sampling (4 threads)  17%|█████▏                        |  ETA: 9:30:13
Sampling (4 threads)  18%|█████▎                        |  ETA: 9:10:36
Sampling (4 threads)  18%|█████▍                        |  ETA: 8:52:03
Sampling (4 threads)  18%|█████▌                        |  ETA: 8:48:01
Sampling (4 threads)  19%|█████▊                        |  ETA: 8:30:58
Sampling (4 threads)  20%|█████▉                        |  ETA: 8:14:47
Sampling (4 threads)  20%|██████                        |  ETA: 7:59:25
Sampling (4 threads)  20%|██████▏                       |  ETA: 7:50:34
Sampling (4 threads)  21%|██████▎                       |  ETA: 7:36:28
Sampling (4 threads)  22%|██████▌                       |  ETA: 7:28:25
Sampling (4 threads)  22%|██████▋                       |  ETA: 7:15:26
Sampling (4 threads)  22%|██████▊                       |  ETA: 7:09:31
Sampling (4 threads)  23%|██████▉                       |  ETA: 6:57:28
Sampling (4 threads)  24%|███████                       |  ETA: 6:52:29
Sampling (4 threads)  24%|███████▎                      |  ETA: 6:41:15
Sampling (4 threads)  24%|███████▍                      |  ETA: 6:30:29
Sampling (4 threads)  25%|███████▌                      |  ETA: 6:28:47
Sampling (4 threads)  26%|███████▋                      |  ETA: 6:18:37
Sampling (4 threads)  26%|███████▊                      |  ETA: 6:08:51
Sampling (4 threads)  26%|████████                      |  ETA: 6:03:19
Sampling (4 threads)  27%|████████▏                     |  ETA: 5:54:10
Sampling (4 threads)  28%|████████▎                     |  ETA: 5:49:05
Sampling (4 threads)  28%|████████▍                     |  ETA: 5:40:30
Sampling (4 threads)  28%|████████▌                     |  ETA: 5:36:00
Sampling (4 threads)  29%|████████▊                     |  ETA: 5:27:54
Sampling (4 threads)  30%|████████▉                     |  ETA: 5:24:03
Sampling (4 threads)  30%|█████████                     |  ETA: 5:16:23
Sampling (4 threads)  30%|█████████▏                    |  ETA: 5:14:22
Sampling (4 threads)  31%|█████████▎                    |  ETA: 5:07:04
Sampling (4 threads)  32%|█████████▌                    |  ETA: 5:00:00
Sampling (4 threads)  32%|█████████▋                    |  ETA: 4:57:24
Sampling (4 threads)  32%|█████████▊                    |  ETA: 4:50:41
Sampling (4 threads)  33%|█████████▉                    |  ETA: 4:48:48
Sampling (4 threads)  34%|██████████                    |  ETA: 4:42:22
Sampling (4 threads)  34%|██████████▎                   |  ETA: 4:38:40
Sampling (4 threads)  34%|██████████▍                   |  ETA: 4:32:33
Sampling (4 threads)  35%|██████████▌                   |  ETA: 4:28:57
Sampling (4 threads)  36%|██████████▋                   |  ETA: 4:23:07
Sampling (4 threads)  36%|██████████▊                   |  ETA: 4:20:49
Sampling (4 threads)  36%|███████████                   |  ETA: 4:15:14
Sampling (4 threads)  37%|███████████▏                  |  ETA: 4:12:03
Sampling (4 threads)  38%|███████████▎                  |  ETA: 4:06:43
Sampling (4 threads)  38%|███████████▍                  |  ETA: 4:05:19
Sampling (4 threads)  38%|███████████▌                  |  ETA: 4:00:11
Sampling (4 threads)  39%|███████████▊                  |  ETA: 3:55:10
Sampling (4 threads)  40%|███████████▉                  |  ETA: 3:54:06
Sampling (4 threads)  40%|████████████                  |  ETA: 3:49:15
Sampling (4 threads)  40%|████████████▏                 |  ETA: 3:44:32
Sampling (4 threads)  41%|████████████▎                 |  ETA: 3:43:58
Sampling (4 threads)  42%|████████████▌                 |  ETA: 3:39:23
Sampling (4 threads)  42%|████████████▋                 |  ETA: 3:34:55
Sampling (4 threads)  42%|████████████▊                 |  ETA: 3:30:34
Sampling (4 threads)  43%|████████████▉                 |  ETA: 3:29:22
Sampling (4 threads)  44%|█████████████                 |  ETA: 3:25:08
Sampling (4 threads)  44%|█████████████▎                |  ETA: 3:22:44
Sampling (4 threads)  44%|█████████████▍                |  ETA: 3:18:40
Sampling (4 threads)  45%|█████████████▌                |  ETA: 3:16:20
Sampling (4 threads)  46%|█████████████▋                |  ETA: 3:12:25
Sampling (4 threads)  46%|█████████████▊                |  ETA: 3:10:23
Sampling (4 threads)  46%|██████████████                |  ETA: 3:06:35
Sampling (4 threads)  47%|██████████████▏               |  ETA: 3:05:01
Sampling (4 threads)  48%|██████████████▎               |  ETA: 3:01:21
Sampling (4 threads)  48%|██████████████▍               |  ETA: 2:57:45
Sampling (4 threads)  48%|██████████████▌               |  ETA: 2:54:14
Sampling (4 threads)  49%|██████████████▊               |  ETA: 2:53:10
Sampling (4 threads)  50%|██████████████▉               |  ETA: 2:49:44
Sampling (4 threads)  50%|███████████████               |  ETA: 2:48:38
Sampling (4 threads)  50%|███████████████▏              |  ETA: 2:45:18
Sampling (4 threads)  51%|███████████████▎              |  ETA: 2:42:01
Sampling (4 threads)  52%|███████████████▌              |  ETA: 2:40:22
Sampling (4 threads)  52%|███████████████▋              |  ETA: 2:37:12
Sampling (4 threads)  52%|███████████████▊              |  ETA: 2:34:05
Sampling (4 threads)  53%|███████████████▉              |  ETA: 2:32:25
Sampling (4 threads)  54%|████████████████              |  ETA: 2:29:23
Sampling (4 threads)  54%|████████████████▎             |  ETA: 2:27:36
Sampling (4 threads)  55%|████████████████▍             |  ETA: 2:24:39
Sampling (4 threads)  55%|████████████████▌             |  ETA: 2:23:17
Sampling (4 threads)  56%|████████████████▋             |  ETA: 2:20:25
Sampling (4 threads)  56%|████████████████▊             |  ETA: 2:18:54
Sampling (4 threads)  56%|█████████████████             |  ETA: 2:16:06
Sampling (4 threads)  57%|█████████████████▏            |  ETA: 2:14:24
Sampling (4 threads)  57%|█████████████████▎            |  ETA: 2:11:41
Sampling (4 threads)  58%|█████████████████▍            |  ETA: 2:10:16
Sampling (4 threads)  58%|█████████████████▌            |  ETA: 2:07:37
Sampling (4 threads)  59%|█████████████████▊            |  ETA: 2:05:01
Sampling (4 threads)  60%|█████████████████▉            |  ETA: 2:03:44
Sampling (4 threads)  60%|██████████████████            |  ETA: 2:01:11
Sampling (4 threads)  60%|██████████████████▏           |  ETA: 1:59:54
Sampling (4 threads)  61%|██████████████████▎           |  ETA: 1:57:25
Sampling (4 threads)  62%|██████████████████▌           |  ETA: 1:55:55
Sampling (4 threads)  62%|██████████████████▋           |  ETA: 1:53:29
Sampling (4 threads)  62%|██████████████████▊           |  ETA: 1:51:50
Sampling (4 threads)  63%|██████████████████▉           |  ETA: 1:49:28
Sampling (4 threads)  64%|███████████████████           |  ETA: 1:48:07
Sampling (4 threads)  64%|███████████████████▎          |  ETA: 1:45:49
Sampling (4 threads)  64%|███████████████████▍          |  ETA: 1:43:32
Sampling (4 threads)  65%|███████████████████▌          |  ETA: 1:42:29
Sampling (4 threads)  66%|███████████████████▋          |  ETA: 1:40:15
Sampling (4 threads)  66%|███████████████████▊          |  ETA: 1:38:03
Sampling (4 threads)  66%|████████████████████          |  ETA: 1:36:51
Sampling (4 threads)  67%|████████████████████▏         |  ETA: 1:34:41
Sampling (4 threads)  68%|████████████████████▎         |  ETA: 1:33:16
Sampling (4 threads)  68%|████████████████████▍         |  ETA: 1:31:10
Sampling (4 threads)  68%|████████████████████▌         |  ETA: 1:29:53
Sampling (4 threads)  69%|████████████████████▊         |  ETA: 1:27:49
Sampling (4 threads)  70%|████████████████████▉         |  ETA: 1:26:25
Sampling (4 threads)  70%|█████████████████████         |  ETA: 1:24:24
Sampling (4 threads)  70%|█████████████████████▏        |  ETA: 1:23:06
Sampling (4 threads)  71%|█████████████████████▎        |  ETA: 1:21:07
Sampling (4 threads)  72%|█████████████████████▌        |  ETA: 1:19:46
Sampling (4 threads)  72%|█████████████████████▋        |  ETA: 1:17:50
Sampling (4 threads)  72%|█████████████████████▊        |  ETA: 1:15:55
Sampling (4 threads)  73%|█████████████████████▉        |  ETA: 1:14:35
Sampling (4 threads)  74%|██████████████████████        |  ETA: 1:12:42
Sampling (4 threads)  74%|██████████████████████▎       |  ETA: 1:11:24
Sampling (4 threads)  74%|██████████████████████▍       |  ETA: 1:09:34
Sampling (4 threads)  75%|██████████████████████▌       |  ETA: 1:08:12
Sampling (4 threads)  76%|██████████████████████▋       |  ETA: 1:06:24
Sampling (4 threads)  76%|██████████████████████▊       |  ETA: 1:05:07
Sampling (4 threads)  76%|███████████████████████       |  ETA: 1:03:21
Sampling (4 threads)  77%|███████████████████████▏      |  ETA: 1:01:35
Sampling (4 threads)  78%|███████████████████████▎      |  ETA: 1:00:18
Sampling (4 threads)  78%|███████████████████████▍      |  ETA: 0:58:35
Sampling (4 threads)  78%|███████████████████████▌      |  ETA: 0:57:15
Sampling (4 threads)  79%|███████████████████████▊      |  ETA: 0:55:34
Sampling (4 threads)  80%|███████████████████████▉      |  ETA: 0:54:24
Sampling (4 threads)  80%|████████████████████████      |  ETA: 0:52:44
Sampling (4 threads)  80%|████████████████████████▏     |  ETA: 0:51:25
Sampling (4 threads)  81%|████████████████████████▎     |  ETA: 0:49:47
Sampling (4 threads)  82%|████████████████████████▌     |  ETA: 0:48:44
Sampling (4 threads)  82%|████████████████████████▋     |  ETA: 0:47:08
Sampling (4 threads)  82%|████████████████████████▊     |  ETA: 0:45:33
Sampling (4 threads)  83%|████████████████████████▉     |  ETA: 0:44:13
Sampling (4 threads)  84%|█████████████████████████     |  ETA: 0:42:40
Sampling (4 threads)  84%|█████████████████████████▎    |  ETA: 0:41:32
Sampling (4 threads)  84%|█████████████████████████▍    |  ETA: 0:40:00
Sampling (4 threads)  85%|█████████████████████████▌    |  ETA: 0:38:29
Sampling (4 threads)  86%|█████████████████████████▋    |  ETA: 0:37:22
Sampling (4 threads)  86%|█████████████████████████▊    |  ETA: 0:35:52
Sampling (4 threads)  86%|██████████████████████████    |  ETA: 0:34:23
Sampling (4 threads)  87%|██████████████████████████▏   |  ETA: 0:33:16
Sampling (4 threads)  88%|██████████████████████████▎   |  ETA: 0:31:48
Sampling (4 threads)  88%|██████████████████████████▍   |  ETA: 0:30:22
Sampling (4 threads)  88%|██████████████████████████▌   |  ETA: 0:29:12
Sampling (4 threads)  89%|██████████████████████████▊   |  ETA: 0:27:47
Sampling (4 threads)  90%|██████████████████████████▉   |  ETA: 0:26:23
Sampling (4 threads)  90%|███████████████████████████   |  ETA: 0:25:04
Sampling (4 threads)  90%|███████████████████████████▏  |  ETA: 0:23:45
Sampling (4 threads)  91%|███████████████████████████▎  |  ETA: 0:22:28
Sampling (4 threads)  92%|███████████████████████████▌  |  ETA: 0:21:12
Sampling (4 threads)  92%|███████████████████████████▋  |  ETA: 0:19:56
Sampling (4 threads)  92%|███████████████████████████▊  |  ETA: 0:18:38
Sampling (4 threads)  93%|███████████████████████████▉  |  ETA: 0:17:22
Sampling (4 threads)  94%|████████████████████████████  |  ETA: 0:16:05
Sampling (4 threads)  94%|████████████████████████████▎ |  ETA: 0:14:49
Sampling (4 threads)  94%|████████████████████████████▍ |  ETA: 0:13:34
Sampling (4 threads)  95%|████████████████████████████▌ |  ETA: 0:12:20
Sampling (4 threads)  96%|████████████████████████████▋ |  ETA: 0:11:05
Sampling (4 threads)  96%|████████████████████████████▊ |  ETA: 0:09:50
Sampling (4 threads)  96%|█████████████████████████████ |  ETA: 0:08:36
Sampling (4 threads)  97%|█████████████████████████████▏|  ETA: 0:07:21
Sampling (4 threads)  98%|█████████████████████████████▎|  ETA: 0:06:08
Sampling (4 threads)  98%|█████████████████████████████▍|  ETA: 0:04:54
Sampling (4 threads)  98%|█████████████████████████████▌|  ETA: 0:03:41
Sampling (4 threads)  99%|█████████████████████████████▊|  ETA: 0:02:27
Sampling (4 threads) 100%|█████████████████████████████▉|  ETA: 0:01:14
Sampling (4 threads) 100%|██████████████████████████████| Time: 4:07:10
Sampling (4 threads) 100%|██████████████████████████████| Time: 4:07:11
Precompiling project...
    DistributionsADReverseDiffExt Being precompiled by another machine (hostname: bp1-compute196, pid: 1783324, pidfile: /user/home/em18564/.julia/compiled/v1.10/DistributionsADReverseDiffExt/hY00X_4RpdW.ji.pidfile)
  ✗ DistributionsAD → DistributionsADReverseDiffExt
  0 dependencies successfully precompiled in 105 seconds. 549 already precompiled.
┌ Warning: Runtime invalidation was disabled, but the CPU info is out-of-date.
│ Will continue with incorrect CPU name (from build time).
└ @ HostCPUFeatures ~/.julia/packages/HostCPUFeatures/ZTXz4/src/cpu_info.jl:71
┌ Warning: Runtime invalidation was disabled, but the CPU info is out-of-date.
│ Will continue with incorrect CPU feature flag: +avx512vnni.
└ @ HostCPUFeatures ~/.julia/packages/HostCPUFeatures/ZTXz4/src/cpu_info.jl:56
┌ Warning: Runtime invalidation was disabled, but the CPU info is out-of-date.
│ Will continue with incorrect CPU feature flag: -rtm.
└ @ HostCPUFeatures ~/.julia/packages/HostCPUFeatures/ZTXz4/src/cpu_info.jl:56
Sampling (4 threads)   0%|                              |  ETA: N/A
┌ Info: Found initial step size
└   ϵ = 0.000390625
┌ Info: Found initial step size
└   ϵ = 0.00625
┌ Info: Found initial step size
└   ϵ = 0.00625
┌ Info: Found initial step size
└   ϵ = 0.0015625
Sampling (4 threads)   0%|▏                             |  ETA: 2 days, 4:08:02
Sampling (4 threads)   1%|▎                             |  ETA: 1 days, 1:56:15
Sampling (4 threads)   2%|▌                             |  ETA: 17:12:15
Sampling (4 threads)   2%|▋                             |  ETA: 1 days, 4:27:03
Sampling (4 threads)   2%|▊                             |  ETA: 22:38:40
Sampling (4 threads)   3%|▉                             |  ETA: 1 days, 5:20:08
Sampling (4 threads)   4%|█                             |  ETA: 1 days, 1:00:55
Sampling (4 threads)   4%|█▎                            |  ETA: 1 days, 5:17:28
Sampling (4 threads)   4%|█▍                            |  ETA: 1 days, 1:54:03
Sampling (4 threads)   5%|█▌                            |  ETA: 1 days, 7:03:14
Sampling (4 threads)   6%|█▋                            |  ETA: 1 days, 4:04:56
Sampling (4 threads)   6%|█▊                            |  ETA: 1 days, 1:36:21
Sampling (4 threads)   6%|██                            |  ETA: 23:30:38
Sampling (4 threads)   7%|██▏                           |  ETA: 22:29:09
Sampling (4 threads)   8%|██▎                           |  ETA: 20:52:26
Sampling (4 threads)   8%|██▍                           |  ETA: 19:47:46
Sampling (4 threads)   8%|██▌                           |  ETA: 18:31:49
Sampling (4 threads)   9%|██▊                           |  ETA: 17:53:48
Sampling (4 threads)  10%|██▉                           |  ETA: 16:51:42
Sampling (4 threads)  10%|███                           |  ETA: 16:25:41
Sampling (4 threads)  10%|███▏                          |  ETA: 15:33:31
Sampling (4 threads)  11%|███▎                          |  ETA: 14:46:07
Sampling (4 threads)  12%|███▌                          |  ETA: 14:21:56
Sampling (4 threads)  12%|███▋                          |  ETA: 13:41:21
Sampling (4 threads)  12%|███▊                          |  ETA: 13:04:01
Sampling (4 threads)  13%|███▉                          |  ETA: 12:51:56
Sampling (4 threads)  14%|████                          |  ETA: 12:19:04
Sampling (4 threads)  14%|████▎                         |  ETA: 11:48:33
Sampling (4 threads)  14%|████▍                         |  ETA: 11:41:00
Sampling (4 threads)  15%|████▌                         |  ETA: 11:13:40
Sampling (4 threads)  16%|████▋                         |  ETA: 10:48:06
Sampling (4 threads)  16%|████▊                         |  ETA: 10:39:27
Sampling (4 threads)  16%|█████                         |  ETA: 10:16:23
Sampling (4 threads)  17%|█████▏                        |  ETA: 9:54:40
Sampling (4 threads)  18%|█████▎                        |  ETA: 9:34:12
Sampling (4 threads)  18%|█████▍                        |  ETA: 9:26:43
Sampling (4 threads)  18%|█████▌                        |  ETA: 9:08:03
Sampling (4 threads)  19%|█████▊                        |  ETA: 8:50:21
Sampling (4 threads)  20%|█████▉                        |  ETA: 8:43:51
Sampling (4 threads)  20%|██████                        |  ETA: 8:27:35
Sampling (4 threads)  20%|██████▏                       |  ETA: 8:12:07
Sampling (4 threads)  21%|██████▎                       |  ETA: 8:07:21
Sampling (4 threads)  22%|██████▌                       |  ETA: 7:53:00
Sampling (4 threads)  22%|██████▋                       |  ETA: 7:39:19
Sampling (4 threads)  22%|██████▊                       |  ETA: 7:26:13
Sampling (4 threads)  23%|██████▉                       |  ETA: 7:18:54
Sampling (4 threads)  24%|███████                       |  ETA: 7:06:46
Sampling (4 threads)  24%|███████▎                      |  ETA: 7:03:46
Sampling (4 threads)  24%|███████▍                      |  ETA: 6:52:23
Sampling (4 threads)  25%|███████▌                      |  ETA: 6:41:27
Sampling (4 threads)  26%|███████▋                      |  ETA: 6:42:13
Sampling (4 threads)  26%|███████▊                      |  ETA: 6:31:50
Sampling (4 threads)  26%|████████                      |  ETA: 6:21:50
Sampling (4 threads)  27%|████████▏                     |  ETA: 6:12:13
Sampling (4 threads)  28%|████████▎                     |  ETA: 6:09:03
Sampling (4 threads)  28%|████████▍                     |  ETA: 5:59:57
Sampling (4 threads)  28%|████████▌                     |  ETA: 5:56:05
Sampling (4 threads)  29%|████████▊                     |  ETA: 5:47:29
Sampling (4 threads)  30%|████████▉                     |  ETA: 5:39:12
Sampling (4 threads)  30%|█████████                     |  ETA: 5:36:10
Sampling (4 threads)  30%|█████████▏                    |  ETA: 5:28:18
Sampling (4 threads)  31%|█████████▎                    |  ETA: 5:20:41
Sampling (4 threads)  32%|█████████▌                    |  ETA: 5:17:27
Sampling (4 threads)  32%|█████████▋                    |  ETA: 5:10:12
Sampling (4 threads)  32%|█████████▊                    |  ETA: 5:07:21
Sampling (4 threads)  33%|█████████▉                    |  ETA: 5:00:27
Sampling (4 threads)  34%|██████████                    |  ETA: 4:57:38
Sampling (4 threads)  34%|██████████▎                   |  ETA: 4:51:03
Sampling (4 threads)  34%|██████████▍                   |  ETA: 4:44:39
Sampling (4 threads)  35%|██████████▌                   |  ETA: 4:42:16
Sampling (4 threads)  36%|██████████▋                   |  ETA: 4:36:09
Sampling (4 threads)  36%|██████████▊                   |  ETA: 4:30:12
Sampling (4 threads)  36%|███████████                   |  ETA: 4:29:28
Sampling (4 threads)  37%|███████████▏                  |  ETA: 4:23:44
Sampling (4 threads)  38%|███████████▎                  |  ETA: 4:18:09
Sampling (4 threads)  38%|███████████▍                  |  ETA: 4:18:10
Sampling (4 threads)  38%|███████████▌                  |  ETA: 4:12:45
Sampling (4 threads)  39%|███████████▊                  |  ETA: 4:07:29
Sampling (4 threads)  40%|███████████▉                  |  ETA: 4:06:55
Sampling (4 threads)  40%|████████████                  |  ETA: 4:01:49
Sampling (4 threads)  40%|████████████▏                 |  ETA: 3:56:50
Sampling (4 threads)  41%|████████████▎                 |  ETA: 3:51:59
Sampling (4 threads)  42%|████████████▌                 |  ETA: 3:50:39
Sampling (4 threads)  42%|████████████▋                 |  ETA: 3:45:57
Sampling (4 threads)  42%|████████████▊                 |  ETA: 3:44:16
Sampling (4 threads)  43%|████████████▉                 |  ETA: 3:39:43
Sampling (4 threads)  44%|█████████████                 |  ETA: 3:35:18
Sampling (4 threads)  44%|█████████████▎                |  ETA: 3:35:06
Sampling (4 threads)  44%|█████████████▍                |  ETA: 3:30:47
Sampling (4 threads)  45%|█████████████▌                |  ETA: 3:26:34
Sampling (4 threads)  46%|█████████████▋                |  ETA: 3:26:57
Sampling (4 threads)  46%|█████████████▊                |  ETA: 3:22:50
Sampling (4 threads)  46%|██████████████                |  ETA: 3:18:47
Sampling (4 threads)  47%|██████████████▏               |  ETA: 3:14:50
Sampling (4 threads)  48%|██████████████▎               |  ETA: 3:13:33
Sampling (4 threads)  48%|██████████████▍               |  ETA: 3:09:43
Sampling (4 threads)  48%|██████████████▌               |  ETA: 3:07:44
Sampling (4 threads)  49%|██████████████▊               |  ETA: 3:04:01
Sampling (4 threads)  50%|██████████████▉               |  ETA: 3:02:18
Sampling (4 threads)  50%|███████████████               |  ETA: 2:58:42
Sampling (4 threads)  50%|███████████████▏              |  ETA: 2:57:24
Sampling (4 threads)  51%|███████████████▎              |  ETA: 2:53:54
Sampling (4 threads)  52%|███████████████▌              |  ETA: 2:52:45
Sampling (4 threads)  52%|███████████████▋              |  ETA: 2:49:19
Sampling (4 threads)  52%|███████████████▊              |  ETA: 2:45:58
Sampling (4 threads)  53%|███████████████▉              |  ETA: 2:42:40
Sampling (4 threads)  54%|████████████████              |  ETA: 2:41:21
Sampling (4 threads)  54%|████████████████▎             |  ETA: 2:38:08
Sampling (4 threads)  55%|████████████████▍             |  ETA: 2:36:52
Sampling (4 threads)  55%|████████████████▌             |  ETA: 2:33:44
Sampling (4 threads)  56%|████████████████▋             |  ETA: 2:32:28
Sampling (4 threads)  56%|████████████████▊             |  ETA: 2:29:25
Sampling (4 threads)  56%|█████████████████             |  ETA: 2:26:24
Sampling (4 threads)  57%|█████████████████▏            |  ETA: 2:24:59
Sampling (4 threads)  57%|█████████████████▎            |  ETA: 2:22:03
Sampling (4 threads)  58%|█████████████████▍            |  ETA: 2:20:41
Sampling (4 threads)  58%|█████████████████▌            |  ETA: 2:17:49
Sampling (4 threads)  59%|█████████████████▊            |  ETA: 2:16:39
Sampling (4 threads)  60%|█████████████████▉            |  ETA: 2:13:51
Sampling (4 threads)  60%|██████████████████            |  ETA: 2:11:06
Sampling (4 threads)  60%|██████████████████▏           |  ETA: 2:09:40
Sampling (4 threads)  61%|██████████████████▎           |  ETA: 2:06:59
Sampling (4 threads)  62%|██████████████████▌           |  ETA: 2:05:22
Sampling (4 threads)  62%|██████████████████▋           |  ETA: 2:02:45
Sampling (4 threads)  62%|██████████████████▊           |  ETA: 2:01:09
Sampling (4 threads)  63%|██████████████████▉           |  ETA: 1:58:35
Sampling (4 threads)  64%|███████████████████           |  ETA: 1:57:11
Sampling (4 threads)  64%|███████████████████▎          |  ETA: 1:54:41
Sampling (4 threads)  64%|███████████████████▍          |  ETA: 1:52:12
Sampling (4 threads)  65%|███████████████████▌          |  ETA: 1:50:43
Sampling (4 threads)  66%|███████████████████▋          |  ETA: 1:48:18
Sampling (4 threads)  66%|███████████████████▊          |  ETA: 1:46:45
Sampling (4 threads)  66%|████████████████████          |  ETA: 1:44:23
Sampling (4 threads)  67%|████████████████████▏         |  ETA: 1:43:36
Sampling (4 threads)  68%|████████████████████▎         |  ETA: 1:41:16
Sampling (4 threads)  68%|████████████████████▍         |  ETA: 1:38:59
Sampling (4 threads)  68%|████████████████████▌         |  ETA: 1:36:43
Sampling (4 threads)  69%|████████████████████▊         |  ETA: 1:35:23
Sampling (4 threads)  70%|████████████████████▉         |  ETA: 1:33:11
Sampling (4 threads)  70%|█████████████████████         |  ETA: 1:31:53
Sampling (4 threads)  70%|█████████████████████▏        |  ETA: 1:29:43
Sampling (4 threads)  71%|█████████████████████▎        |  ETA: 1:28:23
Sampling (4 threads)  72%|█████████████████████▌        |  ETA: 1:26:15
Sampling (4 threads)  72%|█████████████████████▋        |  ETA: 1:24:57
Sampling (4 threads)  72%|█████████████████████▊        |  ETA: 1:22:52
Sampling (4 threads)  73%|█████████████████████▉        |  ETA: 1:21:34
Sampling (4 threads)  74%|██████████████████████        |  ETA: 1:19:30
Sampling (4 threads)  74%|██████████████████████▎       |  ETA: 1:17:29
Sampling (4 threads)  74%|██████████████████████▍       |  ETA: 1:16:20
Sampling (4 threads)  75%|██████████████████████▌       |  ETA: 1:14:20
Sampling (4 threads)  76%|██████████████████████▋       |  ETA: 1:12:59
Sampling (4 threads)  76%|██████████████████████▊       |  ETA: 1:11:02
Sampling (4 threads)  76%|███████████████████████       |  ETA: 1:09:40
Sampling (4 threads)  77%|███████████████████████▏      |  ETA: 1:07:44
Sampling (4 threads)  78%|███████████████████████▎      |  ETA: 1:05:50
Sampling (4 threads)  78%|███████████████████████▍      |  ETA: 1:05:00
Sampling (4 threads)  78%|███████████████████████▌      |  ETA: 1:03:07
Sampling (4 threads)  79%|███████████████████████▊      |  ETA: 1:01:15
Sampling (4 threads)  80%|███████████████████████▉      |  ETA: 0:59:25
Sampling (4 threads)  80%|████████████████████████      |  ETA: 0:57:57
Sampling (4 threads)  80%|████████████████████████▏     |  ETA: 0:56:30
Sampling (4 threads)  81%|████████████████████████▎     |  ETA: 0:55:00
Sampling (4 threads)  82%|████████████████████████▌     |  ETA: 0:53:28
Sampling (4 threads)  82%|████████████████████████▋     |  ETA: 0:52:01
Sampling (4 threads)  82%|████████████████████████▊     |  ETA: 0:50:34
Sampling (4 threads)  83%|████████████████████████▉     |  ETA: 0:48:59
Sampling (4 threads)  84%|█████████████████████████     |  ETA: 0:47:35
Sampling (4 threads)  84%|█████████████████████████▎    |  ETA: 0:45:58
Sampling (4 threads)  84%|█████████████████████████▍    |  ETA: 0:44:33
Sampling (4 threads)  85%|█████████████████████████▌    |  ETA: 0:43:05
Sampling (4 threads)  86%|█████████████████████████▋    |  ETA: 0:41:31
Sampling (4 threads)  86%|█████████████████████████▊    |  ETA: 0:40:03
Sampling (4 threads)  86%|██████████████████████████    |  ETA: 0:38:28
Sampling (4 threads)  87%|██████████████████████████▏   |  ETA: 0:36:59
Sampling (4 threads)  88%|██████████████████████████▎   |  ETA: 0:35:32
Sampling (4 threads)  88%|██████████████████████████▍   |  ETA: 0:33:56
Sampling (4 threads)  88%|██████████████████████████▌   |  ETA: 0:32:32
Sampling (4 threads)  89%|██████████████████████████▊   |  ETA: 0:31:06
Sampling (4 threads)  90%|██████████████████████████▉   |  ETA: 0:29:32
Sampling (4 threads)  90%|███████████████████████████   |  ETA: 0:28:09
Sampling (4 threads)  90%|███████████████████████████▏  |  ETA: 0:26:44
Sampling (4 threads)  91%|███████████████████████████▎  |  ETA: 0:25:17
Sampling (4 threads)  92%|███████████████████████████▌  |  ETA: 0:23:50
Sampling (4 threads)  92%|███████████████████████████▋  |  ETA: 0:22:23
Sampling (4 threads)  92%|███████████████████████████▊  |  ETA: 0:20:56
Sampling (4 threads)  93%|███████████████████████████▉  |  ETA: 0:19:29
Sampling (4 threads)  94%|████████████████████████████  |  ETA: 0:18:04
Sampling (4 threads)  94%|████████████████████████████▎ |  ETA: 0:16:39
Sampling (4 threads)  94%|████████████████████████████▍ |  ETA: 0:15:15
Sampling (4 threads)  95%|████████████████████████████▌ |  ETA: 0:13:52
Sampling (4 threads)  96%|████████████████████████████▋ |  ETA: 0:12:28
Sampling (4 threads)  96%|████████████████████████████▊ |  ETA: 0:11:04
Sampling (4 threads)  96%|█████████████████████████████ |  ETA: 0:09:40
Sampling (4 threads)  97%|█████████████████████████████▏|  ETA: 0:08:19
Sampling (4 threads)  98%|█████████████████████████████▎|  ETA: 0:06:58
Sampling (4 threads)  98%|█████████████████████████████▍|  ETA: 0:05:36
Sampling (4 threads)  98%|█████████████████████████████▌|  ETA: 0:04:14
Sampling (4 threads)  99%|█████████████████████████████▊|  ETA: 0:02:50
Sampling (4 threads) 100%|█████████████████████████████▉|  ETA: 0:01:25
Sampling (4 threads) 100%|██████████████████████████████| Time: 4:46:00
Sampling (4 threads) 100%|██████████████████████████████| Time: 4:46:01
Precompiling project...
    DistributionsADReverseDiffExt Being precompiled by another machine (hostname: bp1-compute032, pid: 1025607, pidfile: /user/home/em18564/.julia/compiled/v1.10/DistributionsADReverseDiffExt/hY00X_4RpdW.ji.pidfile)
  ✗ DistributionsAD → DistributionsADReverseDiffExt
  0 dependencies successfully precompiled in 154 seconds. 549 already precompiled.
┌ Warning: Runtime invalidation was disabled, but the CPU info is out-of-date.
│ Will continue with incorrect CPU name (from build time).
└ @ HostCPUFeatures ~/.julia/packages/HostCPUFeatures/ZTXz4/src/cpu_info.jl:71
┌ Warning: Runtime invalidation was disabled, but the CPU info is out-of-date.
│ Will continue with incorrect CPU feature flag: +avx512vnni.
└ @ HostCPUFeatures ~/.julia/packages/HostCPUFeatures/ZTXz4/src/cpu_info.jl:56
┌ Warning: Runtime invalidation was disabled, but the CPU info is out-of-date.
│ Will continue with incorrect CPU feature flag: -rtm.
└ @ HostCPUFeatures ~/.julia/packages/HostCPUFeatures/ZTXz4/src/cpu_info.jl:56
Sampling (4 threads)   0%|                              |  ETA: N/A
┌ Info: Found initial step size
└   ϵ = 0.00078125
┌ Info: Found initial step size
└   ϵ = 0.00078125
┌ Info: Found initial step size
└   ϵ = 0.00078125
┌ Info: Found initial step size
└   ϵ = 0.003125
Sampling (4 threads)   0%|▏                             |  ETA: 1 days, 17:33:50
Sampling (4 threads)   1%|▎                             |  ETA: 20:40:47
Sampling (4 threads)   2%|▌                             |  ETA: 1 days, 14:46:50
Sampling (4 threads)   2%|▋                             |  ETA: 1 days, 4:56:16
Sampling (4 threads)   2%|▊                             |  ETA: 1 days, 22:52:42
Sampling (4 threads)   3%|▉                             |  ETA: 1 days, 14:51:54
Sampling (4 threads)   4%|█                             |  ETA: 1 days, 9:08:28
Sampling (4 threads)   4%|█▎                            |  ETA: 1 days, 4:50:54
Sampling (4 threads)   4%|█▍                            |  ETA: 1 days, 9:21:25
Sampling (4 threads)   5%|█▌                            |  ETA: 1 days, 5:51:50
Sampling (4 threads)   6%|█▋                            |  ETA: 1 days, 8:57:57
Sampling (4 threads)   6%|█▊                            |  ETA: 1 days, 6:03:31
Sampling (4 threads)   6%|██                            |  ETA: 1 days, 5:50:42
Sampling (4 threads)   7%|██▏                           |  ETA: 1 days, 3:33:54
Sampling (4 threads)   8%|██▎                           |  ETA: 1 days, 2:50:14
Sampling (4 threads)   8%|██▍                           |  ETA: 1 days, 1:01:26
Sampling (4 threads)   8%|██▌                           |  ETA: 23:25:26
Sampling (4 threads)   9%|██▊                           |  ETA: 22:31:48
Sampling (4 threads)  10%|██▉                           |  ETA: 21:13:37
Sampling (4 threads)  10%|███                           |  ETA: 20:20:15
Sampling (4 threads)  10%|███▏                          |  ETA: 19:15:41
Sampling (4 threads)  11%|███▎                          |  ETA: 18:32:16
Sampling (4 threads)  12%|███▌                          |  ETA: 17:37:56
Sampling (4 threads)  12%|███▋                          |  ETA: 17:08:43
Sampling (4 threads)  12%|███▊                          |  ETA: 16:21:57
Sampling (4 threads)  13%|███▉                          |  ETA: 15:38:47
Sampling (4 threads)  14%|████                          |  ETA: 14:58:49
Sampling (4 threads)  14%|████▎                         |  ETA: 14:42:16
Sampling (4 threads)  14%|████▍                         |  ETA: 14:06:53
Sampling (4 threads)  15%|████▌                         |  ETA: 13:46:13
Sampling (4 threads)  16%|████▋                         |  ETA: 13:14:52
Sampling (4 threads)  16%|████▊                         |  ETA: 12:45:28
Sampling (4 threads)  16%|█████                         |  ETA: 12:28:15
Sampling (4 threads)  17%|█████▏                        |  ETA: 12:01:54
Sampling (4 threads)  18%|█████▎                        |  ETA: 11:37:03
Sampling (4 threads)  18%|█████▍                        |  ETA: 11:21:55
Sampling (4 threads)  18%|█████▌                        |  ETA: 10:59:26
Sampling (4 threads)  19%|█████▊                        |  ETA: 10:49:23
Sampling (4 threads)  20%|█████▉                        |  ETA: 10:28:49
Sampling (4 threads)  20%|██████                        |  ETA: 10:09:18
Sampling (4 threads)  20%|██████▏                       |  ETA: 10:04:12
Sampling (4 threads)  21%|██████▎                       |  ETA: 9:46:07
Sampling (4 threads)  22%|██████▌                       |  ETA: 9:28:51
Sampling (4 threads)  22%|██████▋                       |  ETA: 9:12:23
Sampling (4 threads)  22%|██████▊                       |  ETA: 9:06:06
Sampling (4 threads)  23%|██████▉                       |  ETA: 8:50:47
Sampling (4 threads)  24%|███████                       |  ETA: 8:36:07
Sampling (4 threads)  24%|███████▎                      |  ETA: 8:30:40
Sampling (4 threads)  24%|███████▍                      |  ETA: 8:16:57
Sampling (4 threads)  25%|███████▌                      |  ETA: 8:03:47
Sampling (4 threads)  26%|███████▋                      |  ETA: 7:58:55
Sampling (4 threads)  26%|███████▊                      |  ETA: 7:46:33
Sampling (4 threads)  26%|████████                      |  ETA: 7:34:40
Sampling (4 threads)  27%|████████▏                     |  ETA: 7:27:39
Sampling (4 threads)  28%|████████▎                     |  ETA: 7:16:30
Sampling (4 threads)  28%|████████▍                     |  ETA: 7:09:32
Sampling (4 threads)  28%|████████▌                     |  ETA: 6:59:04
Sampling (4 threads)  29%|████████▊                     |  ETA: 6:52:29
Sampling (4 threads)  30%|████████▉                     |  ETA: 6:42:38
Sampling (4 threads)  30%|█████████                     |  ETA: 6:38:18
Sampling (4 threads)  30%|█████████▏                    |  ETA: 6:28:59
Sampling (4 threads)  31%|█████████▎                    |  ETA: 6:19:57
Sampling (4 threads)  32%|█████████▌                    |  ETA: 6:17:07
Sampling (4 threads)  32%|█████████▋                    |  ETA: 6:08:31
Sampling (4 threads)  32%|█████████▊                    |  ETA: 6:00:11
Sampling (4 threads)  33%|█████████▉                    |  ETA: 5:57:05
Sampling (4 threads)  34%|██████████                    |  ETA: 5:49:07
Sampling (4 threads)  34%|██████████▎                   |  ETA: 5:41:24
Sampling (4 threads)  34%|██████████▍                   |  ETA: 5:38:58
Sampling (4 threads)  35%|██████████▌                   |  ETA: 5:31:35
Sampling (4 threads)  36%|██████████▋                   |  ETA: 5:24:24
Sampling (4 threads)  36%|██████████▊                   |  ETA: 5:23:03
Sampling (4 threads)  36%|███████████                   |  ETA: 5:16:08
Sampling (4 threads)  37%|███████████▏                  |  ETA: 5:09:25
Sampling (4 threads)  38%|███████████▎                  |  ETA: 5:06:33
Sampling (4 threads)  38%|███████████▍                  |  ETA: 5:00:06
Sampling (4 threads)  38%|███████████▌                  |  ETA: 4:53:49
Sampling (4 threads)  39%|███████████▊                  |  ETA: 4:50:44
Sampling (4 threads)  40%|███████████▉                  |  ETA: 4:44:42
Sampling (4 threads)  40%|████████████                  |  ETA: 4:41:16
Sampling (4 threads)  40%|████████████▏                 |  ETA: 4:35:28
Sampling (4 threads)  41%|████████████▎                 |  ETA: 4:32:32
Sampling (4 threads)  42%|████████████▌                 |  ETA: 4:26:58
Sampling (4 threads)  42%|████████████▋                 |  ETA: 4:23:54
Sampling (4 threads)  42%|████████████▊                 |  ETA: 4:18:33
Sampling (4 threads)  43%|████████████▉                 |  ETA: 4:15:33
Sampling (4 threads)  44%|█████████████                 |  ETA: 4:10:24
Sampling (4 threads)  44%|█████████████▎                |  ETA: 4:08:54
Sampling (4 threads)  44%|█████████████▍                |  ETA: 4:03:54
Sampling (4 threads)  45%|█████████████▌                |  ETA: 3:59:01
Sampling (4 threads)  46%|█████████████▋                |  ETA: 3:54:15
Sampling (4 threads)  46%|█████████████▊                |  ETA: 3:51:43
Sampling (4 threads)  46%|██████████████                |  ETA: 3:47:06
Sampling (4 threads)  47%|██████████████▏               |  ETA: 3:45:45
Sampling (4 threads)  48%|██████████████▎               |  ETA: 3:41:16
Sampling (4 threads)  48%|██████████████▍               |  ETA: 3:36:53
Sampling (4 threads)  48%|██████████████▌               |  ETA: 3:35:43
Sampling (4 threads)  49%|██████████████▊               |  ETA: 3:31:27
Sampling (4 threads)  50%|██████████████▉               |  ETA: 3:27:16
Sampling (4 threads)  50%|███████████████               |  ETA: 3:24:38
Sampling (4 threads)  50%|███████████████▏              |  ETA: 3:20:35
Sampling (4 threads)  51%|███████████████▎              |  ETA: 3:19:17
Sampling (4 threads)  52%|███████████████▌              |  ETA: 3:15:20
Sampling (4 threads)  52%|███████████████▋              |  ETA: 3:11:27
Sampling (4 threads)  52%|███████████████▊              |  ETA: 3:09:17
Sampling (4 threads)  53%|███████████████▉              |  ETA: 3:05:32
Sampling (4 threads)  54%|████████████████              |  ETA: 3:04:12
Sampling (4 threads)  54%|████████████████▎             |  ETA: 3:00:32
Sampling (4 threads)  55%|████████████████▍             |  ETA: 2:56:56
Sampling (4 threads)  55%|████████████████▌             |  ETA: 2:54:36
Sampling (4 threads)  56%|████████████████▋             |  ETA: 2:51:07
Sampling (4 threads)  56%|████████████████▊             |  ETA: 2:47:41
Sampling (4 threads)  56%|█████████████████             |  ETA: 2:45:33
Sampling (4 threads)  57%|█████████████████▏            |  ETA: 2:42:12
Sampling (4 threads)  57%|█████████████████▎            |  ETA: 2:40:06
Sampling (4 threads)  58%|█████████████████▍            |  ETA: 2:36:52
Sampling (4 threads)  58%|█████████████████▌            |  ETA: 2:34:40
Sampling (4 threads)  59%|█████████████████▊            |  ETA: 2:31:31
Sampling (4 threads)  60%|█████████████████▉            |  ETA: 2:29:22
Sampling (4 threads)  60%|██████████████████            |  ETA: 2:26:18
Sampling (4 threads)  60%|██████████████████▏           |  ETA: 2:24:08
Sampling (4 threads)  61%|██████████████████▎           |  ETA: 2:21:09
Sampling (4 threads)  62%|██████████████████▌           |  ETA: 2:19:15
Sampling (4 threads)  62%|██████████████████▋           |  ETA: 2:16:20
Sampling (4 threads)  62%|██████████████████▊           |  ETA: 2:14:21
Sampling (4 threads)  63%|██████████████████▉           |  ETA: 2:11:30
Sampling (4 threads)  64%|███████████████████           |  ETA: 2:09:38
Sampling (4 threads)  64%|███████████████████▎          |  ETA: 2:06:52
Sampling (4 threads)  64%|███████████████████▍          |  ETA: 2:05:21
Sampling (4 threads)  65%|███████████████████▌          |  ETA: 2:02:38
Sampling (4 threads)  66%|███████████████████▋          |  ETA: 1:59:58
Sampling (4 threads)  66%|███████████████████▊          |  ETA: 1:57:20
Sampling (4 threads)  66%|████████████████████          |  ETA: 1:55:55
Sampling (4 threads)  67%|████████████████████▏         |  ETA: 1:53:20
Sampling (4 threads)  68%|████████████████████▎         |  ETA: 1:50:47
Sampling (4 threads)  68%|████████████████████▍         |  ETA: 1:49:17
Sampling (4 threads)  68%|████████████████████▌         |  ETA: 1:46:48
Sampling (4 threads)  69%|████████████████████▊         |  ETA: 1:44:20
Sampling (4 threads)  70%|████████████████████▉         |  ETA: 1:42:46
Sampling (4 threads)  70%|█████████████████████         |  ETA: 1:40:22
Sampling (4 threads)  70%|█████████████████████▏        |  ETA: 1:37:59
Sampling (4 threads)  71%|█████████████████████▎        |  ETA: 1:35:39
Sampling (4 threads)  72%|█████████████████████▌        |  ETA: 1:34:07
Sampling (4 threads)  72%|█████████████████████▋        |  ETA: 1:31:49
Sampling (4 threads)  72%|█████████████████████▊        |  ETA: 1:30:10
Sampling (4 threads)  73%|█████████████████████▉        |  ETA: 1:27:55
Sampling (4 threads)  74%|██████████████████████        |  ETA: 1:25:42
Sampling (4 threads)  74%|██████████████████████▎       |  ETA: 1:23:31
Sampling (4 threads)  74%|██████████████████████▍       |  ETA: 1:22:06
Sampling (4 threads)  75%|██████████████████████▌       |  ETA: 1:19:58
Sampling (4 threads)  76%|██████████████████████▋       |  ETA: 1:17:51
Sampling (4 threads)  76%|██████████████████████▊       |  ETA: 1:16:06
Sampling (4 threads)  76%|███████████████████████       |  ETA: 1:14:02
Sampling (4 threads)  77%|███████████████████████▏      |  ETA: 1:12:25
Sampling (4 threads)  78%|███████████████████████▎      |  ETA: 1:10:23
Sampling (4 threads)  78%|███████████████████████▍      |  ETA: 1:08:52
Sampling (4 threads)  78%|███████████████████████▌      |  ETA: 1:06:52
Sampling (4 threads)  79%|███████████████████████▊      |  ETA: 1:04:54
Sampling (4 threads)  80%|███████████████████████▉      |  ETA: 1:03:15
Sampling (4 threads)  80%|████████████████████████      |  ETA: 1:01:19
Sampling (4 threads)  80%|████████████████████████▏     |  ETA: 0:59:25
Sampling (4 threads)  81%|████████████████████████▎     |  ETA: 0:57:46
Sampling (4 threads)  82%|████████████████████████▌     |  ETA: 0:55:54
Sampling (4 threads)  82%|████████████████████████▋     |  ETA: 0:54:26
Sampling (4 threads)  82%|████████████████████████▊     |  ETA: 0:52:36
Sampling (4 threads)  83%|████████████████████████▉     |  ETA: 0:50:47
Sampling (4 threads)  84%|█████████████████████████     |  ETA: 0:49:22
Sampling (4 threads)  84%|█████████████████████████▎    |  ETA: 0:47:35
Sampling (4 threads)  84%|█████████████████████████▍    |  ETA: 0:45:50
Sampling (4 threads)  85%|█████████████████████████▌    |  ETA: 0:44:22
Sampling (4 threads)  86%|█████████████████████████▋    |  ETA: 0:42:38
Sampling (4 threads)  86%|█████████████████████████▊    |  ETA: 0:40:56
Sampling (4 threads)  86%|██████████████████████████    |  ETA: 0:39:32
Sampling (4 threads)  87%|██████████████████████████▏   |  ETA: 0:37:51
Sampling (4 threads)  88%|██████████████████████████▎   |  ETA: 0:36:11
Sampling (4 threads)  88%|██████████████████████████▍   |  ETA: 0:34:42
Sampling (4 threads)  88%|██████████████████████████▌   |  ETA: 0:33:04
Sampling (4 threads)  89%|██████████████████████████▊   |  ETA: 0:31:33
Sampling (4 threads)  90%|██████████████████████████▉   |  ETA: 0:29:57
Sampling (4 threads)  90%|███████████████████████████   |  ETA: 0:28:31
Sampling (4 threads)  90%|███████████████████████████▏  |  ETA: 0:26:56
Sampling (4 threads)  91%|███████████████████████████▎  |  ETA: 0:25:30
Sampling (4 threads)  92%|███████████████████████████▌  |  ETA: 0:23:57
Sampling (4 threads)  92%|███████████████████████████▋  |  ETA: 0:22:31
Sampling (4 threads)  92%|███████████████████████████▊  |  ETA: 0:21:00
Sampling (4 threads)  93%|███████████████████████████▉  |  ETA: 0:19:35
Sampling (4 threads)  94%|████████████████████████████  |  ETA: 0:18:05
Sampling (4 threads)  94%|████████████████████████████▎ |  ETA: 0:16:41
Sampling (4 threads)  94%|████████████████████████████▍ |  ETA: 0:15:13
Sampling (4 threads)  95%|████████████████████████████▌ |  ETA: 0:13:49
Sampling (4 threads)  96%|████████████████████████████▋ |  ETA: 0:12:22
Sampling (4 threads)  96%|████████████████████████████▊ |  ETA: 0:10:59
Sampling (4 threads)  96%|█████████████████████████████ |  ETA: 0:09:34
Sampling (4 threads)  97%|█████████████████████████████▏|  ETA: 0:08:11
Sampling (4 threads)  98%|█████████████████████████████▎|  ETA: 0:06:47
Sampling (4 threads)  98%|█████████████████████████████▍|  ETA: 0:05:24
Sampling (4 threads)  98%|█████████████████████████████▌|  ETA: 0:04:03
Sampling (4 threads)  99%|█████████████████████████████▊|  ETA: 0:02:41
Sampling (4 threads) 100%|█████████████████████████████▉|  ETA: 0:01:20
Sampling (4 threads) 100%|██████████████████████████████| Time: 4:27:19
Sampling (4 threads) 100%|██████████████████████████████| Time: 4:27:20
ERROR: LoadError: MethodError: no method matching plotGraphs(::String, ::Vector{String}, ::Vector{RGB{Float64}}, ::Int64)

Closest candidates are:
  plotGraphs(::Any, ::Any, ::Any, ::Any, !Matched::Any)
   @ Main ~/bayesian/BC4/Bayes/wordType_experiments/plottingFuncs.jl:261

Stacktrace:
 [1] concludeAndPlot(m::Chains{Float64, AxisArray{Float64, 3, Array{Float64, 3}, Tuple{Axis{:iter, StepRange{Int64, Int64}}, Axis{:var, Vector{Symbol}}, Axis{:chain, UnitRange{Int64}}}}, Missing, @NamedTuple{parameters::Vector{Symbol}, internals::Vector{Symbol}}, @NamedTuple{varname_to_symbol::OrderedDict{AbstractPPL.VarName, Symbol}, start_time::Vector{Float64}, stop_time::Vector{Float64}, samplerstate::Vector{Nothing}}}, output_loc::String, pc::Int64, wordTypes::Vector{String}, cols::Vector{RGB{Float64}}, noPCS::Int64)
   @ Main ~/bayesian/BC4/Bayes/wordType_experiments/plottingFuncs.jl:21
 [2] runModel(model::DynamicPPL.Model{typeof(model_exp), (:participant, :word, :surprisal, :tags, :PCA, :ExpMean, :cauchyMean, :NUM_TYPES, :NUM_PARTICIPANTS), (), (), Tuple{Vector{Int64}, Vector{Float64}, Vector{Float64}, Vector{Int64}, Vector{Float64}, Float64, Float64, Int64, Int64}, Tuple{}, DynamicPPL.DefaultContext}, df_modified::DataFrame, dfPCA::DataFrame, pc::Int64, NUM_PARTICIPANTS::Int64, NUM_WORDS::Int64, TYPE_STRUCTURE::String, NUM_TYPES::Int64, wordTypes::Vector{String}, cols::Vector{RGB{Float64}}, isPlotting::Int64, analyseEssRhat::Int64, output_loc::String, expMean::Float64, cauchyMean::Float64, noPCS::Int64, noInChain::Int64)
   @ Main ~/bayesian/BC4/Bayes/wordType_experiments/model_master.jl:134
 [3] top-level scope
   @ ~/bayesian/BC4/Bayes/wordType_experiments/models/__2/model.jl:15
in expression starting at /user/home/em18564/bayesian/BC4/Bayes/wordType_experiments/models/__2/model.jl:15
Precompiling project...
    DistributionsADReverseDiffExt Being precompiled by another machine (hostname: bp1-compute032, pid: 1025607, pidfile: /user/home/em18564/.julia/compiled/v1.10/DistributionsADReverseDiffExt/hY00X_4RpdW.ji.pidfile)
  ✗ DistributionsAD → DistributionsADReverseDiffExt
  0 dependencies successfully precompiled in 276 seconds. 549 already precompiled.
Sampling (4 threads)   0%|                              |  ETA: N/A
┌ Info: Found initial step size
└   ϵ = 0.00078125
┌ Info: Found initial step size
└   ϵ = 0.00625
┌ Info: Found initial step size
└   ϵ = 0.00078125
┌ Info: Found initial step size
└   ϵ = 0.00078125
Sampling (4 threads)   0%|▏                             |  ETA: 18:53:38
Sampling (4 threads)   1%|▎                             |  ETA: 9:24:03
Sampling (4 threads)   2%|▌                             |  ETA: 1 days, 1:25:36
Sampling (4 threads)   2%|▋                             |  ETA: 18:58:23
Sampling (4 threads)   2%|▊                             |  ETA: 1 days, 2:49:03
Sampling (4 threads)   3%|▉                             |  ETA: 22:14:00
Sampling (4 threads)   4%|█                             |  ETA: 1 days, 8:43:00
Sampling (4 threads)   4%|█▎                            |  ETA: 1 days, 4:28:44
Sampling (4 threads)   4%|█▍                            |  ETA: 1 days, 1:10:58
Sampling (4 threads)   5%|█▌                            |  ETA: 1 days, 4:18:13
Sampling (4 threads)   6%|█▋                            |  ETA: 1 days, 1:35:42
Sampling (4 threads)   6%|█▊                            |  ETA: 1 days, 0:59:46
Sampling (4 threads)   6%|██                            |  ETA: 22:57:02
Sampling (4 threads)   7%|██▏                           |  ETA: 22:43:41
Sampling (4 threads)   8%|██▎                           |  ETA: 21:05:56
Sampling (4 threads)   8%|██▍                           |  ETA: 19:40:24
Sampling (4 threads)   8%|██▌                           |  ETA: 18:50:28
Sampling (4 threads)   9%|██▊                           |  ETA: 17:41:50
Sampling (4 threads)  10%|██▉                           |  ETA: 17:10:17
Sampling (4 threads)  10%|███                           |  ETA: 16:13:22
Sampling (4 threads)  10%|███▏                          |  ETA: 15:21:52
Sampling (4 threads)  11%|███▎                          |  ETA: 14:55:03
Sampling (4 threads)  12%|███▌                          |  ETA: 14:11:19
Sampling (4 threads)  12%|███▋                          |  ETA: 13:50:48
Sampling (4 threads)  12%|███▊                          |  ETA: 13:13:02
Sampling (4 threads)  13%|███▉                          |  ETA: 12:53:46
Sampling (4 threads)  14%|████                          |  ETA: 12:20:50
Sampling (4 threads)  14%|████▎                         |  ETA: 11:50:14
Sampling (4 threads)  14%|████▍                         |  ETA: 11:40:38
Sampling (4 threads)  15%|████▌                         |  ETA: 11:13:20
Sampling (4 threads)  16%|████▋                         |  ETA: 10:47:46
Sampling (4 threads)  16%|████▊                         |  ETA: 10:36:38
Sampling (4 threads)  16%|█████                         |  ETA: 10:13:40
Sampling (4 threads)  17%|█████▏                        |  ETA: 10:02:22
Sampling (4 threads)  18%|█████▎                        |  ETA: 9:41:38
Sampling (4 threads)  18%|█████▍                        |  ETA: 9:29:34
Sampling (4 threads)  18%|█████▌                        |  ETA: 9:10:47
Sampling (4 threads)  19%|█████▊                        |  ETA: 9:01:48
Sampling (4 threads)  20%|█████▉                        |  ETA: 8:44:39
Sampling (4 threads)  20%|██████                        |  ETA: 8:37:07
Sampling (4 threads)  20%|██████▏                       |  ETA: 8:21:21
Sampling (4 threads)  21%|██████▎                       |  ETA: 8:06:20
Sampling (4 threads)  22%|██████▌                       |  ETA: 8:00:39
Sampling (4 threads)  22%|██████▋                       |  ETA: 7:46:44
Sampling (4 threads)  22%|██████▊                       |  ETA: 7:33:26
Sampling (4 threads)  23%|██████▉                       |  ETA: 7:26:43
Sampling (4 threads)  24%|███████                       |  ETA: 7:14:22
Sampling (4 threads)  24%|███████▎                      |  ETA: 7:06:57
Sampling (4 threads)  24%|███████▍                      |  ETA: 6:55:29
Sampling (4 threads)  25%|███████▌                      |  ETA: 6:49:13
Sampling (4 threads)  26%|███████▋                      |  ETA: 6:38:31
Sampling (4 threads)  26%|███████▊                      |  ETA: 6:32:19
Sampling (4 threads)  26%|████████                      |  ETA: 6:22:19
Sampling (4 threads)  27%|████████▏                     |  ETA: 6:17:07
Sampling (4 threads)  28%|████████▎                     |  ETA: 6:07:43
Sampling (4 threads)  28%|████████▍                     |  ETA: 6:04:20
Sampling (4 threads)  28%|████████▌                     |  ETA: 5:55:28
Sampling (4 threads)  29%|████████▊                     |  ETA: 5:51:12
Sampling (4 threads)  30%|████████▉                     |  ETA: 5:42:49
Sampling (4 threads)  30%|█████████                     |  ETA: 5:34:43
Sampling (4 threads)  30%|█████████▏                    |  ETA: 5:29:37
Sampling (4 threads)  31%|█████████▎                    |  ETA: 5:21:58
Sampling (4 threads)  32%|█████████▌                    |  ETA: 5:19:42
Sampling (4 threads)  32%|█████████▋                    |  ETA: 5:12:24
Sampling (4 threads)  32%|█████████▊                    |  ETA: 5:05:20
Sampling (4 threads)  33%|█████████▉                    |  ETA: 5:02:05
Sampling (4 threads)  34%|██████████                    |  ETA: 4:55:22
Sampling (4 threads)  34%|██████████▎                   |  ETA: 4:51:41
Sampling (4 threads)  34%|██████████▍                   |  ETA: 4:45:16
Sampling (4 threads)  35%|██████████▌                   |  ETA: 4:42:42
Sampling (4 threads)  36%|██████████▋                   |  ETA: 4:36:34
Sampling (4 threads)  36%|██████████▊                   |  ETA: 4:30:37
Sampling (4 threads)  36%|███████████                   |  ETA: 4:27:11
Sampling (4 threads)  37%|███████████▏                  |  ETA: 4:21:30
Sampling (4 threads)  38%|███████████▎                  |  ETA: 4:18:00
Sampling (4 threads)  38%|███████████▍                  |  ETA: 4:12:34
Sampling (4 threads)  38%|███████████▌                  |  ETA: 4:11:17
Sampling (4 threads)  39%|███████████▊                  |  ETA: 4:06:02
Sampling (4 threads)  40%|███████████▉                  |  ETA: 4:00:56
Sampling (4 threads)  40%|████████████                  |  ETA: 3:55:57
Sampling (4 threads)  40%|████████████▏                 |  ETA: 3:54:06
Sampling (4 threads)  41%|████████████▎                 |  ETA: 3:49:18
Sampling (4 threads)  42%|████████████▌                 |  ETA: 3:46:45
Sampling (4 threads)  42%|████████████▋                 |  ETA: 3:42:08
Sampling (4 threads)  42%|████████████▊                 |  ETA: 3:39:26
Sampling (4 threads)  43%|████████████▉                 |  ETA: 3:35:00
Sampling (4 threads)  44%|█████████████                 |  ETA: 3:33:57
Sampling (4 threads)  44%|█████████████▎                |  ETA: 3:29:38
Sampling (4 threads)  44%|█████████████▍                |  ETA: 3:25:26
Sampling (4 threads)  45%|█████████████▌                |  ETA: 3:23:48
Sampling (4 threads)  46%|█████████████▋                |  ETA: 3:19:44
Sampling (4 threads)  46%|█████████████▊                |  ETA: 3:15:45
Sampling (4 threads)  46%|██████████████                |  ETA: 3:14:03
Sampling (4 threads)  47%|██████████████▏               |  ETA: 3:10:11
Sampling (4 threads)  48%|██████████████▎               |  ETA: 3:07:55
Sampling (4 threads)  48%|██████████████▍               |  ETA: 3:04:12
Sampling (4 threads)  48%|██████████████▌               |  ETA: 3:03:33
Sampling (4 threads)  49%|██████████████▊               |  ETA: 2:59:54
Sampling (4 threads)  50%|██████████████▉               |  ETA: 2:56:21
Sampling (4 threads)  50%|███████████████               |  ETA: 2:55:28
Sampling (4 threads)  50%|███████████████▏              |  ETA: 2:51:59
Sampling (4 threads)  51%|███████████████▎              |  ETA: 2:48:35
Sampling (4 threads)  52%|███████████████▌              |  ETA: 2:47:07
Sampling (4 threads)  52%|███████████████▋              |  ETA: 2:43:49
Sampling (4 threads)  52%|███████████████▊              |  ETA: 2:42:03
Sampling (4 threads)  53%|███████████████▉              |  ETA: 2:38:49
Sampling (4 threads)  54%|████████████████              |  ETA: 2:37:22
Sampling (4 threads)  54%|████████████████▎             |  ETA: 2:34:14
Sampling (4 threads)  55%|████████████████▍             |  ETA: 2:31:10
Sampling (4 threads)  55%|████████████████▌             |  ETA: 2:30:13
Sampling (4 threads)  56%|████████████████▋             |  ETA: 2:27:12
Sampling (4 threads)  56%|████████████████▊             |  ETA: 2:24:15
Sampling (4 threads)  56%|█████████████████             |  ETA: 2:22:55
Sampling (4 threads)  57%|█████████████████▏            |  ETA: 2:20:02
Sampling (4 threads)  57%|█████████████████▎            |  ETA: 2:17:12
Sampling (4 threads)  58%|█████████████████▍            |  ETA: 2:15:42
Sampling (4 threads)  58%|█████████████████▌            |  ETA: 2:12:56
Sampling (4 threads)  59%|█████████████████▊            |  ETA: 2:11:34
Sampling (4 threads)  60%|█████████████████▉            |  ETA: 2:08:52
Sampling (4 threads)  60%|██████████████████            |  ETA: 2:07:41
Sampling (4 threads)  60%|██████████████████▏           |  ETA: 2:05:02
Sampling (4 threads)  61%|██████████████████▎           |  ETA: 2:02:27
Sampling (4 threads)  62%|██████████████████▌           |  ETA: 1:59:54
Sampling (4 threads)  62%|██████████████████▋           |  ETA: 1:58:51
Sampling (4 threads)  62%|██████████████████▊           |  ETA: 1:56:20
Sampling (4 threads)  63%|██████████████████▉           |  ETA: 1:55:08
Sampling (4 threads)  64%|███████████████████           |  ETA: 1:52:41
Sampling (4 threads)  64%|███████████████████▎          |  ETA: 1:50:16
Sampling (4 threads)  64%|███████████████████▍          |  ETA: 1:48:58
Sampling (4 threads)  65%|███████████████████▌          |  ETA: 1:46:36
Sampling (4 threads)  66%|███████████████████▋          |  ETA: 1:45:18
Sampling (4 threads)  66%|███████████████████▊          |  ETA: 1:42:59
Sampling (4 threads)  66%|████████████████████          |  ETA: 1:40:43
Sampling (4 threads)  67%|████████████████████▏         |  ETA: 1:39:38
Sampling (4 threads)  68%|████████████████████▎         |  ETA: 1:37:24
Sampling (4 threads)  68%|████████████████████▍         |  ETA: 1:36:18
Sampling (4 threads)  68%|████████████████████▌         |  ETA: 1:34:07
Sampling (4 threads)  69%|████████████████████▊         |  ETA: 1:31:57
Sampling (4 threads)  70%|████████████████████▉         |  ETA: 1:30:48
Sampling (4 threads)  70%|█████████████████████         |  ETA: 1:28:40
Sampling (4 threads)  70%|█████████████████████▏        |  ETA: 1:26:34
Sampling (4 threads)  71%|█████████████████████▎        |  ETA: 1:24:30
Sampling (4 threads)  72%|█████████████████████▌        |  ETA: 1:23:30
Sampling (4 threads)  72%|█████████████████████▋        |  ETA: 1:21:28
Sampling (4 threads)  72%|█████████████████████▊        |  ETA: 1:19:28
Sampling (4 threads)  73%|█████████████████████▉        |  ETA: 1:18:37
Sampling (4 threads)  74%|██████████████████████        |  ETA: 1:16:39
Sampling (4 threads)  74%|██████████████████████▎       |  ETA: 1:14:41
Sampling (4 threads)  74%|██████████████████████▍       |  ETA: 1:13:35
Sampling (4 threads)  75%|██████████████████████▌       |  ETA: 1:11:40
Sampling (4 threads)  76%|██████████████████████▋       |  ETA: 1:09:46
Sampling (4 threads)  76%|██████████████████████▊       |  ETA: 1:08:40
Sampling (4 threads)  76%|███████████████████████       |  ETA: 1:06:48
Sampling (4 threads)  77%|███████████████████████▏      |  ETA: 1:04:57
Sampling (4 threads)  78%|███████████████████████▎      |  ETA: 1:03:08
Sampling (4 threads)  78%|███████████████████████▍      |  ETA: 1:02:06
Sampling (4 threads)  78%|███████████████████████▌      |  ETA: 1:00:18
Sampling (4 threads)  79%|███████████████████████▊      |  ETA: 0:58:32
Sampling (4 threads)  80%|███████████████████████▉      |  ETA: 0:57:29
Sampling (4 threads)  80%|████████████████████████      |  ETA: 0:55:43
Sampling (4 threads)  80%|████████████████████████▏     |  ETA: 0:54:00
Sampling (4 threads)  81%|████████████████████████▎     |  ETA: 0:52:41
Sampling (4 threads)  82%|████████████████████████▌     |  ETA: 0:50:59
Sampling (4 threads)  82%|████████████████████████▋     |  ETA: 0:49:48
Sampling (4 threads)  82%|████████████████████████▊     |  ETA: 0:48:07
Sampling (4 threads)  83%|████████████████████████▉     |  ETA: 0:46:28
Sampling (4 threads)  84%|█████████████████████████     |  ETA: 0:45:03
Sampling (4 threads)  84%|█████████████████████████▎    |  ETA: 0:43:26
Sampling (4 threads)  84%|█████████████████████████▍    |  ETA: 0:42:17
Sampling (4 threads)  85%|█████████████████████████▌    |  ETA: 0:40:41
Sampling (4 threads)  86%|█████████████████████████▋    |  ETA: 0:39:06
Sampling (4 threads)  86%|█████████████████████████▊    |  ETA: 0:37:53
Sampling (4 threads)  86%|██████████████████████████    |  ETA: 0:36:19
Sampling (4 threads)  87%|██████████████████████████▏   |  ETA: 0:35:08
Sampling (4 threads)  88%|██████████████████████████▎   |  ETA: 0:33:36
Sampling (4 threads)  88%|██████████████████████████▍   |  ETA: 0:32:04
Sampling (4 threads)  88%|██████████████████████████▌   |  ETA: 0:30:52
Sampling (4 threads)  89%|██████████████████████████▊   |  ETA: 0:29:21
Sampling (4 threads)  90%|██████████████████████████▉   |  ETA: 0:27:52
Sampling (4 threads)  90%|███████████████████████████   |  ETA: 0:26:23
Sampling (4 threads)  90%|███████████████████████████▏  |  ETA: 0:25:03
Sampling (4 threads)  91%|███████████████████████████▎  |  ETA: 0:23:38
Sampling (4 threads)  92%|███████████████████████████▌  |  ETA: 0:22:21
Sampling (4 threads)  92%|███████████████████████████▋  |  ETA: 0:21:08
Sampling (4 threads)  92%|███████████████████████████▊  |  ETA: 0:19:54
Sampling (4 threads)  93%|███████████████████████████▉  |  ETA: 0:18:42
Sampling (4 threads)  94%|████████████████████████████  |  ETA: 0:17:27
Sampling (4 threads)  94%|████████████████████████████▎ |  ETA: 0:16:10
Sampling (4 threads)  94%|████████████████████████████▍ |  ETA: 0:14:55
Sampling (4 threads)  95%|████████████████████████████▌ |  ETA: 0:13:39
Sampling (4 threads)  96%|████████████████████████████▋ |  ETA: 0:12:21
Sampling (4 threads)  96%|████████████████████████████▊ |  ETA: 0:11:02
Sampling (4 threads)  96%|█████████████████████████████ |  ETA: 0:09:42
Sampling (4 threads)  97%|█████████████████████████████▏|  ETA: 0:08:21
Sampling (4 threads)  98%|█████████████████████████████▎|  ETA: 0:07:00
Sampling (4 threads)  98%|█████████████████████████████▍|  ETA: 0:05:38
Sampling (4 threads)  98%|█████████████████████████████▌|  ETA: 0:04:15
Sampling (4 threads)  99%|█████████████████████████████▊|  ETA: 0:02:51
Sampling (4 threads) 100%|█████████████████████████████▉|  ETA: 0:01:26
Sampling (4 threads) 100%|██████████████████████████████| Time: 4:47:00
Sampling (4 threads) 100%|██████████████████████████████| Time: 4:47:01
