cpu-bind=MASK - bp1-compute067, task  0  0 [2868017]: mask 0x600000600000 set
Running on host bp1-compute067
Time is Tue Aug 4 15:05:06 BST 2026
Directory is /user/home/em18564/bayesian/BC4/Bayes/wordType_experiments/models/Z_partiallyPooled
Slurm job ID is 18265721
This job runs on the following machines:
bp1-compute067
/tmp/slurmd/job18265724/slurm_script: line 31: 3829418 Killed                  julia --threads 4 model.jl ${SLURM_ARRAY_TASK_ID} ${SLURM_ARRAY_TASK_MAX} ${NUM_PARTICIPANTS} ${NUM_WORDS} ${TYPE_STRUCTURE} ${IS_PLOTTING} ${ANALYSE_ESS_RHAT} ${MIN_EXP} ${MAX_EXP} ${MIN_CAUCHY} ${MAX_CAUCHY} > output/model-${SLURM_ARRAY_TASK_ID}.out
[2026-08-04T20:25:57.209] error: Detected 1 oom_kill event in StepId=18265724.batch. Some of the step tasks have been OOM Killed.
/tmp/slurmd/job18265722/slurm_script: line 31: 3860258 Killed                  julia --threads 4 model.jl ${SLURM_ARRAY_TASK_ID} ${SLURM_ARRAY_TASK_MAX} ${NUM_PARTICIPANTS} ${NUM_WORDS} ${TYPE_STRUCTURE} ${IS_PLOTTING} ${ANALYSE_ESS_RHAT} ${MIN_EXP} ${MAX_EXP} ${MIN_CAUCHY} ${MAX_CAUCHY} > output/model-${SLURM_ARRAY_TASK_ID}.out
[2026-08-04T20:35:13.157] error: Detected 1 oom_kill event in StepId=18265722.batch. Some of the step tasks have been OOM Killed.
/tmp/slurmd/job18265665/slurm_script: line 31: 4068787 Killed                  julia --threads 4 model.jl ${SLURM_ARRAY_TASK_ID} ${SLURM_ARRAY_TASK_MAX} ${NUM_PARTICIPANTS} ${NUM_WORDS} ${TYPE_STRUCTURE} ${IS_PLOTTING} ${ANALYSE_ESS_RHAT} ${MIN_EXP} ${MAX_EXP} ${MIN_CAUCHY} ${MAX_CAUCHY} > output/model-${SLURM_ARRAY_TASK_ID}.out
[2026-08-04T20:52:03.403] error: Detected 1 oom_kill event in StepId=18265665.batch. Some of the step tasks have been OOM Killed.
/tmp/slurmd/job18265723/slurm_script: line 31: 281520 Killed                  julia --threads 4 model.jl ${SLURM_ARRAY_TASK_ID} ${SLURM_ARRAY_TASK_MAX} ${NUM_PARTICIPANTS} ${NUM_WORDS} ${TYPE_STRUCTURE} ${IS_PLOTTING} ${ANALYSE_ESS_RHAT} ${MIN_EXP} ${MAX_EXP} ${MIN_CAUCHY} ${MAX_CAUCHY} > output/model-${SLURM_ARRAY_TASK_ID}.out
[2026-08-04T21:01:59.448] error: Detected 1 oom_kill event in StepId=18265723.batch. Some of the step tasks have been OOM Killed.
/tmp/slurmd/job18265726/slurm_script: line 31: 3901608 Killed                  julia --threads 4 model.jl ${SLURM_ARRAY_TASK_ID} ${SLURM_ARRAY_TASK_MAX} ${NUM_PARTICIPANTS} ${NUM_WORDS} ${TYPE_STRUCTURE} ${IS_PLOTTING} ${ANALYSE_ESS_RHAT} ${MIN_EXP} ${MAX_EXP} ${MIN_CAUCHY} ${MAX_CAUCHY} > output/model-${SLURM_ARRAY_TASK_ID}.out
[2026-08-04T21:02:41.644] error: Detected 1 oom_kill event in StepId=18265726.batch. Some of the step tasks have been OOM Killed.
/tmp/slurmd/job18265668/slurm_script: line 31: 2608377 Killed                  julia --threads 4 model.jl ${SLURM_ARRAY_TASK_ID} ${SLURM_ARRAY_TASK_MAX} ${NUM_PARTICIPANTS} ${NUM_WORDS} ${TYPE_STRUCTURE} ${IS_PLOTTING} ${ANALYSE_ESS_RHAT} ${MIN_EXP} ${MAX_EXP} ${MIN_CAUCHY} ${MAX_CAUCHY} > output/model-${SLURM_ARRAY_TASK_ID}.out
[2026-08-04T21:08:09.212] error: Detected 1 oom_kill event in StepId=18265668.batch. Some of the step tasks have been OOM Killed.
/tmp/slurmd/job18265730/slurm_script: line 31: 2613625 Killed                  julia --threads 4 model.jl ${SLURM_ARRAY_TASK_ID} ${SLURM_ARRAY_TASK_MAX} ${NUM_PARTICIPANTS} ${NUM_WORDS} ${TYPE_STRUCTURE} ${IS_PLOTTING} ${ANALYSE_ESS_RHAT} ${MIN_EXP} ${MAX_EXP} ${MIN_CAUCHY} ${MAX_CAUCHY} > output/model-${SLURM_ARRAY_TASK_ID}.out
[2026-08-04T21:12:55.722] error: Detected 1 oom_kill event in StepId=18265730.batch. Some of the step tasks have been OOM Killed.
/tmp/slurmd/job18265731/slurm_script: line 31: 1075992 Killed                  julia --threads 4 model.jl ${SLURM_ARRAY_TASK_ID} ${SLURM_ARRAY_TASK_MAX} ${NUM_PARTICIPANTS} ${NUM_WORDS} ${TYPE_STRUCTURE} ${IS_PLOTTING} ${ANALYSE_ESS_RHAT} ${MIN_EXP} ${MAX_EXP} ${MIN_CAUCHY} ${MAX_CAUCHY} > output/model-${SLURM_ARRAY_TASK_ID}.out
[2026-08-04T21:22:20.531] error: Detected 1 oom_kill event in StepId=18265731.batch. Some of the step tasks have been OOM Killed.
/tmp/slurmd/job18265734/slurm_script: line 31: 987700 Killed                  julia --threads 4 model.jl ${SLURM_ARRAY_TASK_ID} ${SLURM_ARRAY_TASK_MAX} ${NUM_PARTICIPANTS} ${NUM_WORDS} ${TYPE_STRUCTURE} ${IS_PLOTTING} ${ANALYSE_ESS_RHAT} ${MIN_EXP} ${MAX_EXP} ${MIN_CAUCHY} ${MAX_CAUCHY} > output/model-${SLURM_ARRAY_TASK_ID}.out
[2026-08-04T21:23:31.936] error: Detected 1 oom_kill event in StepId=18265734.batch. Some of the step tasks have been OOM Killed.
/tmp/slurmd/job18265718/slurm_script: line 31: 1272885 Killed                  julia --threads 4 model.jl ${SLURM_ARRAY_TASK_ID} ${SLURM_ARRAY_TASK_MAX} ${NUM_PARTICIPANTS} ${NUM_WORDS} ${TYPE_STRUCTURE} ${IS_PLOTTING} ${ANALYSE_ESS_RHAT} ${MIN_EXP} ${MAX_EXP} ${MIN_CAUCHY} ${MAX_CAUCHY} > output/model-${SLURM_ARRAY_TASK_ID}.out
[2026-08-04T21:27:00.854] error: Detected 1 oom_kill event in StepId=18265718.batch. Some of the step tasks have been OOM Killed.
/tmp/slurmd/job18265721/slurm_script: line 31: 2868071 Killed                  julia --threads 4 model.jl ${SLURM_ARRAY_TASK_ID} ${SLURM_ARRAY_TASK_MAX} ${NUM_PARTICIPANTS} ${NUM_WORDS} ${TYPE_STRUCTURE} ${IS_PLOTTING} ${ANALYSE_ESS_RHAT} ${MIN_EXP} ${MAX_EXP} ${MIN_CAUCHY} ${MAX_CAUCHY} > output/model-${SLURM_ARRAY_TASK_ID}.out
[2026-08-04T21:27:23.754] error: Detected 1 oom_kill event in StepId=18265721.batch. Some of the step tasks have been OOM Killed.
/tmp/slurmd/job18265727/slurm_script: line 31: 3403031 Killed                  julia --threads 4 model.jl ${SLURM_ARRAY_TASK_ID} ${SLURM_ARRAY_TASK_MAX} ${NUM_PARTICIPANTS} ${NUM_WORDS} ${TYPE_STRUCTURE} ${IS_PLOTTING} ${ANALYSE_ESS_RHAT} ${MIN_EXP} ${MAX_EXP} ${MIN_CAUCHY} ${MAX_CAUCHY} > output/model-${SLURM_ARRAY_TASK_ID}.out
[2026-08-04T21:38:28.148] error: Detected 1 oom_kill event in StepId=18265727.batch. Some of the step tasks have been OOM Killed.
/tmp/slurmd/job18265719/slurm_script: line 31: 191076 Killed                  julia --threads 4 model.jl ${SLURM_ARRAY_TASK_ID} ${SLURM_ARRAY_TASK_MAX} ${NUM_PARTICIPANTS} ${NUM_WORDS} ${TYPE_STRUCTURE} ${IS_PLOTTING} ${ANALYSE_ESS_RHAT} ${MIN_EXP} ${MAX_EXP} ${MIN_CAUCHY} ${MAX_CAUCHY} > output/model-${SLURM_ARRAY_TASK_ID}.out
[2026-08-04T21:42:07.075] error: Detected 1 oom_kill event in StepId=18265719.batch. Some of the step tasks have been OOM Killed.
/tmp/slurmd/job18265732/slurm_script: line 31: 467305 Killed                  julia --threads 4 model.jl ${SLURM_ARRAY_TASK_ID} ${SLURM_ARRAY_TASK_MAX} ${NUM_PARTICIPANTS} ${NUM_WORDS} ${TYPE_STRUCTURE} ${IS_PLOTTING} ${ANALYSE_ESS_RHAT} ${MIN_EXP} ${MAX_EXP} ${MIN_CAUCHY} ${MAX_CAUCHY} > output/model-${SLURM_ARRAY_TASK_ID}.out
[2026-08-04T21:52:59.535] error: Detected 1 oom_kill event in StepId=18265732.batch. Some of the step tasks have been OOM Killed.
/tmp/slurmd/job18265715/slurm_script: line 31: 3114813 Killed                  julia --threads 4 model.jl ${SLURM_ARRAY_TASK_ID} ${SLURM_ARRAY_TASK_MAX} ${NUM_PARTICIPANTS} ${NUM_WORDS} ${TYPE_STRUCTURE} ${IS_PLOTTING} ${ANALYSE_ESS_RHAT} ${MIN_EXP} ${MAX_EXP} ${MIN_CAUCHY} ${MAX_CAUCHY} > output/model-${SLURM_ARRAY_TASK_ID}.out
[2026-08-04T21:57:29.847] error: Detected 1 oom_kill event in StepId=18265715.batch. Some of the step tasks have been OOM Killed.
/tmp/slurmd/job18265725/slurm_script: line 31: 805642 Killed                  julia --threads 4 model.jl ${SLURM_ARRAY_TASK_ID} ${SLURM_ARRAY_TASK_MAX} ${NUM_PARTICIPANTS} ${NUM_WORDS} ${TYPE_STRUCTURE} ${IS_PLOTTING} ${ANALYSE_ESS_RHAT} ${MIN_EXP} ${MAX_EXP} ${MIN_CAUCHY} ${MAX_CAUCHY} > output/model-${SLURM_ARRAY_TASK_ID}.out
[2026-08-04T22:01:22.034] error: Detected 1 oom_kill event in StepId=18265725.batch. Some of the step tasks have been OOM Killed.
/tmp/slurmd/job18265663/slurm_script: line 31: 2715684 Killed                  julia --threads 4 model.jl ${SLURM_ARRAY_TASK_ID} ${SLURM_ARRAY_TASK_MAX} ${NUM_PARTICIPANTS} ${NUM_WORDS} ${TYPE_STRUCTURE} ${IS_PLOTTING} ${ANALYSE_ESS_RHAT} ${MIN_EXP} ${MAX_EXP} ${MIN_CAUCHY} ${MAX_CAUCHY} > output/model-${SLURM_ARRAY_TASK_ID}.out
[2026-08-04T22:08:25.998] error: Detected 1 oom_kill event in StepId=18265663.batch. Some of the step tasks have been OOM Killed.
/tmp/slurmd/job18265733/slurm_script: line 31: 2512290 Killed                  julia --threads 4 model.jl ${SLURM_ARRAY_TASK_ID} ${SLURM_ARRAY_TASK_MAX} ${NUM_PARTICIPANTS} ${NUM_WORDS} ${TYPE_STRUCTURE} ${IS_PLOTTING} ${ANALYSE_ESS_RHAT} ${MIN_EXP} ${MAX_EXP} ${MIN_CAUCHY} ${MAX_CAUCHY} > output/model-${SLURM_ARRAY_TASK_ID}.out
[2026-08-04T23:02:53.705] error: Detected 1 oom_kill event in StepId=18265733.batch. Some of the step tasks have been OOM Killed.
/tmp/slurmd/job18265729/slurm_script: line 31: 1234139 Killed                  julia --threads 4 model.jl ${SLURM_ARRAY_TASK_ID} ${SLURM_ARRAY_TASK_MAX} ${NUM_PARTICIPANTS} ${NUM_WORDS} ${TYPE_STRUCTURE} ${IS_PLOTTING} ${ANALYSE_ESS_RHAT} ${MIN_EXP} ${MAX_EXP} ${MIN_CAUCHY} ${MAX_CAUCHY} > output/model-${SLURM_ARRAY_TASK_ID}.out
[2026-08-05T00:05:58.675] error: Detected 1 oom_kill event in StepId=18265729.batch. Some of the step tasks have been OOM Killed.
/tmp/slurmd/job18265728/slurm_script: line 31: 3403030 Killed                  julia --threads 4 model.jl ${SLURM_ARRAY_TASK_ID} ${SLURM_ARRAY_TASK_MAX} ${NUM_PARTICIPANTS} ${NUM_WORDS} ${TYPE_STRUCTURE} ${IS_PLOTTING} ${ANALYSE_ESS_RHAT} ${MIN_EXP} ${MAX_EXP} ${MIN_CAUCHY} ${MAX_CAUCHY} > output/model-${SLURM_ARRAY_TASK_ID}.out
[2026-08-05T00:22:51.348] error: Detected 1 oom_kill event in StepId=18265728.batch. Some of the step tasks have been OOM Killed.
/tmp/slurmd/job18265667/slurm_script: line 31: 1810386 Killed                  julia --threads 4 model.jl ${SLURM_ARRAY_TASK_ID} ${SLURM_ARRAY_TASK_MAX} ${NUM_PARTICIPANTS} ${NUM_WORDS} ${TYPE_STRUCTURE} ${IS_PLOTTING} ${ANALYSE_ESS_RHAT} ${MIN_EXP} ${MAX_EXP} ${MIN_CAUCHY} ${MAX_CAUCHY} > output/model-${SLURM_ARRAY_TASK_ID}.out
[2026-08-05T00:33:11.532] error: Detected 1 oom_kill event in StepId=18265667.batch. Some of the step tasks have been OOM Killed.
/tmp/slurmd/job18265717/slurm_script: line 31: 2155696 Killed                  julia --threads 4 model.jl ${SLURM_ARRAY_TASK_ID} ${SLURM_ARRAY_TASK_MAX} ${NUM_PARTICIPANTS} ${NUM_WORDS} ${TYPE_STRUCTURE} ${IS_PLOTTING} ${ANALYSE_ESS_RHAT} ${MIN_EXP} ${MAX_EXP} ${MIN_CAUCHY} ${MAX_CAUCHY} > output/model-${SLURM_ARRAY_TASK_ID}.out
[2026-08-05T01:31:06.399] error: Detected 1 oom_kill event in StepId=18265717.batch. Some of the step tasks have been OOM Killed.
/tmp/slurmd/job18265716/slurm_script: line 31: 3114715 Killed                  julia --threads 4 model.jl ${SLURM_ARRAY_TASK_ID} ${SLURM_ARRAY_TASK_MAX} ${NUM_PARTICIPANTS} ${NUM_WORDS} ${TYPE_STRUCTURE} ${IS_PLOTTING} ${ANALYSE_ESS_RHAT} ${MIN_EXP} ${MAX_EXP} ${MIN_CAUCHY} ${MAX_CAUCHY} > output/model-${SLURM_ARRAY_TASK_ID}.out
[2026-08-05T01:48:05.122] error: Detected 1 oom_kill event in StepId=18265716.batch. Some of the step tasks have been OOM Killed.
/tmp/slurmd/job18265720/slurm_script: line 31: 3950916 Killed                  julia --threads 4 model.jl ${SLURM_ARRAY_TASK_ID} ${SLURM_ARRAY_TASK_MAX} ${NUM_PARTICIPANTS} ${NUM_WORDS} ${TYPE_STRUCTURE} ${IS_PLOTTING} ${ANALYSE_ESS_RHAT} ${MIN_EXP} ${MAX_EXP} ${MIN_CAUCHY} ${MAX_CAUCHY} > output/model-${SLURM_ARRAY_TASK_ID}.out
[2026-08-05T02:18:00.331] error: Detected 1 oom_kill event in StepId=18265720.batch. Some of the step tasks have been OOM Killed.
