cpu-bind=MASK - bp1-compute013, task  0  0 [842396]: mask 0x3000000300000 set
cpu-bind=MASK - bp1-compute013, task  0  0 [842397]: mask 0x30000003000000 set
cpu-bind=MASK - bp1-compute013, task  0  0 [842394]: mask 0xc000000c000000 set
cpu-bind=MASK - bp1-compute013, task  0  0 [842395]: mask 0xc000000c00000 set
Running on host bp1-compute011
Time is Wed Aug 5 13:02:31 BST 2026
Directory is /user/home/em18564/bayesian/BC4/Bayes/wordType_experiments/models/Z_partiallyPooled_withFunneling
Slurm job ID is 18272123
This job runs on the following machines:
bp1-compute011
Running on host bp1-compute011
Time is Wed Aug 5 13:02:31 BST 2026
Directory is /user/home/em18564/bayesian/BC4/Bayes/wordType_experiments/models/Z_partiallyPooled_withFunneling
Slurm job ID is 18272122
This job runs on the following machines:
bp1-compute011
Running on host bp1-compute013
Running on host bp1-compute013
Running on host bp1-compute013
Running on host bp1-compute013
Time is Wed Aug 5 13:02:31 BST 2026
Time is Wed Aug 5 13:02:31 BST 2026
Time is Wed Aug 5 13:02:31 BST 2026
Time is Wed Aug 5 13:02:31 BST 2026
Directory is /user/home/em18564/bayesian/BC4/Bayes/wordType_experiments/models/Z_partiallyPooled_withFunneling
Directory is /user/home/em18564/bayesian/BC4/Bayes/wordType_experiments/models/Z_partiallyPooled_withFunneling
Directory is /user/home/em18564/bayesian/BC4/Bayes/wordType_experiments/models/Z_partiallyPooled_withFunneling
Directory is /user/home/em18564/bayesian/BC4/Bayes/wordType_experiments/models/Z_partiallyPooled_withFunneling
Slurm job ID is 18272124
Slurm job ID is 18272125
This job runs on the following machines:
Slurm job ID is 18272126
This job runs on the following machines:
Slurm job ID is 18272121
This job runs on the following machines:
This job runs on the following machines:
bp1-compute013
bp1-compute013
bp1-compute013
bp1-compute013
[2026-08-05T15:16:40.342] error: *** JOB 18272121 ON bp1-compute013 CANCELLED AT 2026-08-05T15:16:40 DUE to SIGNAL Terminated ***
[2026-08-05T15:16:40.393] error: *** JOB 18272124 ON bp1-compute013 CANCELLED AT 2026-08-05T15:16:40 DUE to SIGNAL Terminated ***
[2026-08-05T15:16:40.436] error: *** JOB 18272125 ON bp1-compute013 CANCELLED AT 2026-08-05T15:16:40 DUE to SIGNAL Terminated ***
[2026-08-05T15:16:40.437] error: *** JOB 18272122 ON bp1-compute011 CANCELLED AT 2026-08-05T15:16:40 DUE to SIGNAL Terminated ***
[2026-08-05T15:16:40.442] error: *** JOB 18272123 ON bp1-compute011 CANCELLED AT 2026-08-05T15:16:40 DUE to SIGNAL Terminated ***
[2026-08-05T15:16:40.447] error: *** JOB 18272126 ON bp1-compute013 CANCELLED AT 2026-08-05T15:16:40 DUE to SIGNAL Terminated ***
┌ Warning: Runtime invalidation was disabled, but the CPU info is out-of-date.
│ Will continue with incorrect CPU name (from build time).
└ @ HostCPUFeatures ~/.julia/packages/HostCPUFeatures/ZTXz4/src/cpu_info.jl:71
┌ Warning: Runtime invalidation was disabled, but the CPU info is out-of-date.
│ Will continue with incorrect CPU feature flag: +avx512vnni.
└ @ HostCPUFeatures ~/.julia/packages/HostCPUFeatures/ZTXz4/src/cpu_info.jl:56
┌ Warning: Runtime invalidation was disabled, but the CPU info is out-of-date.
│ Will continue with incorrect CPU feature flag: -rtm.
└ @ HostCPUFeatures ~/.julia/packages/HostCPUFeatures/ZTXz4/src/cpu_info.jl:56
Sampling (4 threads)   0%|                              |  ETA: N/A
┌ Info: Found initial step size
└   ϵ = 0.00625
┌ Info: Found initial step size
└   ϵ = 0.003125
┌ Info: Found initial step size
└   ϵ = 0.00625
┌ Info: Found initial step size
└   ϵ = 0.00078125
Sampling (4 threads)   0%|▏                             |  ETA: 3:31:06
Sampling (4 threads)   1%|▎                             |  ETA: 1:45:06
Sampling (4 threads)   2%|▌                             |  ETA: 1:09:43
Sampling (4 threads)   2%|▋                             |  ETA: 1:00:39
Sampling (4 threads)   2%|▊                             |  ETA: 0:48:16
Sampling (4 threads)   3%|▉                             |  ETA: 0:40:01
Sampling (4 threads)   4%|█                             |  ETA: 0:39:41
Sampling (4 threads)   4%|█▎                            |  ETA: 0:34:32
Sampling (4 threads)   4%|█▍                            |  ETA: 0:30:32
Sampling (4 threads)   5%|█▌                            |  ETA: 0:31:23
Sampling (4 threads)   6%|█▋                            |  ETA: 0:28:23
Sampling (4 threads)   6%|█▊                            |  ETA: 1:07:45
Sampling (4 threads)   6%|██                            |  ETA: 1:02:12
Sampling (4 threads)   7%|██▏                           |  ETA: 0:57:27
Sampling (4 threads)   8%|██▎                           |  ETA: 0:53:20
Sampling (4 threads)   8%|██▍                           |  ETA: 1:22:34
Sampling (4 threads)   8%|██▌                           |  ETA: 1:17:17
Sampling (4 threads)   9%|██▊                           |  ETA: 1:12:35
Sampling (4 threads)  10%|██▉                           |  ETA: 1:51:33
Sampling (4 threads)  10%|███                           |  ETA: 1:45:23
Sampling (4 threads)  10%|███▏                          |  ETA: 1:39:49
Sampling (4 threads)  11%|███▎                          |  ETA: 1:34:45
Sampling (4 threads)  12%|███▌                          |  ETA: 2:02:01
Sampling (4 threads)  12%|███▋                          |  ETA: 1:56:16
Sampling (4 threads)  12%|███▊                          |  ETA: 1:50:59
Sampling (4 threads)  13%|███▉                          |  ETA: 2:43:45
Sampling (4 threads)  14%|████                          |  ETA: 2:36:46
Sampling (4 threads)  14%|████▎                         |  ETA: 3:26:53
Sampling (4 threads)  14%|████▍                         |  ETA: 3:18:36
Sampling (4 threads)  15%|████▌                         |  ETA: 4:09:57
Sampling (4 threads)  16%|████▋                         |  ETA: 4:00:28
Sampling (4 threads)  16%|████▊                         |  ETA: 3:51:34
Sampling (4 threads)  16%|█████                         |  ETA: 4:42:46
Sampling (4 threads)  17%|█████▏                        |  ETA: 4:32:49
Sampling (4 threads)  18%|█████▎                        |  ETA: 4:23:25
Sampling (4 threads)  18%|█████▍                        |  ETA: 5:08:07
Sampling (4 threads)  18%|█████▌                        |  ETA: 4:57:58
Sampling (4 threads)  19%|█████▊                        |  ETA: 4:48:21
Sampling (4 threads)  20%|█████▉                        |  ETA: 5:13:40
Sampling (4 threads)  20%|██████                        |  ETA: 5:03:56
Sampling (4 threads)  20%|██████▏                       |  ETA: 5:18:25
Sampling (4 threads)  21%|██████▎                       |  ETA: 5:08:53
Sampling (4 threads)  22%|██████▌                       |  ETA: 5:18:16
Sampling (4 threads)  22%|██████▋                       |  ETA: 5:09:03
Sampling (4 threads)  22%|██████▊                       |  ETA: 5:29:23
Sampling (4 threads)  23%|██████▉                       |  ETA: 5:20:09
Sampling (4 threads)  24%|███████                       |  ETA: 5:32:26
Sampling (4 threads)  24%|███████▎                      |  ETA: 5:23:23
Sampling (4 threads)  24%|███████▍                      |  ETA: 5:44:48
Sampling (4 threads)  25%|███████▌                      |  ETA: 5:35:40
Sampling (4 threads)  26%|███████▋                      |  ETA: 5:26:53
Sampling (4 threads)  26%|███████▊                      |  ETA: 5:48:00
Sampling (4 threads)  26%|████████                      |  ETA: 5:39:07
Sampling (4 threads)  27%|████████▏                     |  ETA: 5:30:35
Sampling (4 threads)  28%|████████▎                     |  ETA: 5:47:18
Sampling (4 threads)  28%|████████▍                     |  ETA: 5:38:44
Sampling (4 threads)  28%|████████▌                     |  ETA: 5:54:44
Sampling (4 threads)  29%|████████▊                     |  ETA: 5:46:10
Sampling (4 threads)  30%|████████▉                     |  ETA: 5:37:55
Sampling (4 threads)  30%|█████████                     |  ETA: 5:29:55
Sampling (4 threads)  30%|█████████▏                    |  ETA: 5:41:59
Sampling (4 threads)  31%|█████████▎                    |  ETA: 5:34:03
Sampling (4 threads)  32%|█████████▌                    |  ETA: 5:49:46
Sampling (4 threads)  32%|█████████▋                    |  ETA: 5:41:47
Sampling (4 threads)  32%|█████████▊                    |  ETA: 5:49:39
Sampling (4 threads)  33%|█████████▉                    |  ETA: 5:41:48
Sampling (4 threads)  34%|██████████                    |  ETA: 5:34:11
Sampling (4 threads)  34%|██████████▎                   |  ETA: 5:42:53
Sampling (4 threads)  34%|██████████▍                   |  ETA: 5:35:21
Sampling (4 threads)  35%|██████████▌                   |  ETA: 5:28:02
Sampling (4 threads)  36%|██████████▋                   |  ETA: 5:29:00
Sampling (4 threads)  36%|██████████▊                   |  ETA: 5:21:55
Sampling (4 threads)  36%|███████████                   |  ETA: 5:15:02
Sampling (4 threads)  37%|███████████▏                  |  ETA: 5:08:31
Sampling (4 threads)  38%|███████████▎                  |  ETA: 5:01:59
Sampling (4 threads)  38%|███████████▍                  |  ETA: 4:55:48
Sampling (4 threads)  38%|███████████▌                  |  ETA: 4:49:36
Sampling (4 threads)  39%|███████████▊                  |  ETA: 4:43:34
Sampling (4 threads)  40%|███████████▉                  |  ETA: 4:37:50
Sampling (4 threads)  40%|████████████                  |  ETA: 4:32:05
Sampling (4 threads)  40%|████████████▏                 |  ETA: 4:26:39
Sampling (4 threads)  41%|████████████▎                 |  ETA: 4:21:11
Sampling (4 threads)  42%|████████████▌                 |  ETA: 4:15:59
Sampling (4 threads)  42%|████████████▋                 |  ETA: 4:10:47
Sampling (4 threads)  42%|████████████▊                 |  ETA: 4:05:49
Sampling (4 threads)  43%|████████████▉                 |  ETA: 4:00:51
Sampling (4 threads)  44%|█████████████                 |  ETA: 3:56:00
Sampling (4 threads)  44%|█████████████▎                |  ETA: 3:51:22
Sampling (4 threads)  44%|█████████████▍                |  ETA: 3:46:43
Sampling (4 threads)  45%|█████████████▌                |  ETA: 3:42:18
Sampling (4 threads)  46%|█████████████▋                |  ETA: 3:37:52
Sampling (4 threads)  46%|█████████████▊                |  ETA: 3:33:40
Sampling (4 threads)  46%|██████████████                |  ETA: 3:29:24
Sampling (4 threads)  47%|██████████████▏               |  ETA: 3:25:15
Sampling (4 threads)  48%|██████████████▎               |  ETA: 3:21:16
Sampling (4 threads)  48%|██████████████▍               |  ETA: 3:17:17
Sampling (4 threads)  48%|██████████████▌               |  ETA: 3:13:28
Sampling (4 threads)  49%|██████████████▊               |  ETA: 3:09:38
Sampling (4 threads)  50%|██████████████▉               |  ETA: 3:05:59
Sampling (4 threads)  50%|███████████████               |  ETA: 3:02:18
Sampling (4 threads)  50%|███████████████▏              |  ETA: 2:58:47
Sampling (4 threads)  51%|███████████████▎              |  ETA: 2:55:14
Sampling (4 threads)  52%|███████████████▌              |  ETA: 2:51:51
Sampling (4 threads)  52%|███████████████▋              |  ETA: 2:48:27
Sampling (4 threads)  52%|███████████████▊              |  ETA: 2:45:06
Sampling (4 threads)  53%|███████████████▉              |  ETA: 2:41:54
Sampling (4 threads)  54%|████████████████              |  ETA: 2:38:41
Sampling (4 threads)  54%|████████████████▎             |  ETA: 2:35:35
Sampling (4 threads)  55%|████████████████▍             |  ETA: 2:32:29
Sampling (4 threads)  55%|████████████████▌             |  ETA: 2:29:30
Sampling (4 threads)  56%|████████████████▋             |  ETA: 2:26:30
Sampling (4 threads)  56%|████████████████▊             |  ETA: 2:23:38
Sampling (4 threads)  56%|█████████████████             |  ETA: 2:20:44
Sampling (4 threads)  57%|█████████████████▏            |  ETA: 2:17:57
Sampling (4 threads)  57%|█████████████████▎            |  ETA: 2:15:10
Sampling (4 threads)  58%|█████████████████▍            |  ETA: 2:12:25
Sampling (4 threads)  58%|█████████████████▌            |  ETA: 2:09:47
Sampling (4 threads)  59%|█████████████████▊            |  ETA: 2:07:08
Sampling (4 threads)  60%|█████████████████▉            |  ETA: 2:04:35
Sampling (4 threads)  60%|██████████████████            |  ETA: 2:02:01
Sampling (4 threads)  60%|██████████████████▏           |  ETA: 1:59:34
Sampling (4 threads)  61%|██████████████████▎           |  ETA: 1:57:06
Sampling (4 threads)  62%|██████████████████▌           |  ETA: 1:54:39
Sampling (4 threads)  62%|██████████████████▋           |  ETA: 1:52:19
Sampling (4 threads)  62%|██████████████████▊           |  ETA: 1:49:57
Sampling (4 threads)  63%|██████████████████▉           |  ETA: 1:47:42
Sampling (4 threads)  64%|███████████████████           |  ETA: 1:45:24
Sampling (4 threads)  64%|███████████████████▎          |  ETA: 1:43:09
Sampling (4 threads)  64%|███████████████████▍          |  ETA: 1:40:59
Sampling (4 threads)  65%|███████████████████▌          |  ETA: 1:38:48
Sampling (4 threads)  66%|███████████████████▋          |  ETA: 1:36:42
Sampling (4 threads)  66%|███████████████████▊          |  ETA: 1:34:35
Sampling (4 threads)  66%|████████████████████          |  ETA: 1:32:29
Sampling (4 threads)  67%|████████████████████▏         |  ETA: 1:30:31
Sampling (4 threads)  68%|████████████████████▎         |  ETA: 1:28:29
Sampling (4 threads)  68%|████████████████████▍         |  ETA: 1:26:32
Sampling (4 threads)  68%|████████████████████▌         |  ETA: 1:24:36
Sampling (4 threads)  69%|████████████████████▊         |  ETA: 1:22:41
Sampling (4 threads)  70%|████████████████████▉         |  ETA: 1:23:11
Sampling (4 threads)  70%|█████████████████████         |  ETA: 1:24:05
Sampling (4 threads)  70%|█████████████████████▏        |  ETA: 1:23:48
Sampling (4 threads)  71%|█████████████████████▎        |  ETA: 1:22:46
Sampling (4 threads)  72%|█████████████████████▌        |  ETA: 1:22:22
Sampling (4 threads)  72%|█████████████████████▋        |  ETA: 1:22:52
Sampling (4 threads)  72%|█████████████████████▊        |  ETA: 1:23:28
Sampling (4 threads)  73%|█████████████████████▉        |  ETA: 1:23:52
Sampling (4 threads)  74%|██████████████████████        |  ETA: 1:23:38
Sampling (4 threads)  74%|██████████████████████▎       |  ETA: 1:23:34
Sampling (4 threads)  74%|██████████████████████▍       |  ETA: 1:23:49
Sampling (4 threads)  75%|██████████████████████▌       |  ETA: 1:23:30
Sampling (4 threads)  76%|██████████████████████▋       |  ETA: 1:23:30
Sampling (4 threads)  76%|██████████████████████▊       |  ETA: 1:23:01
Sampling (4 threads)  76%|███████████████████████       |  ETA: 1:22:03
Sampling (4 threads)  77%|███████████████████████▏      |  ETA: 1:21:04
Sampling (4 threads)  78%|███████████████████████▎      |  ETA: 1:20:33
Sampling (4 threads)  78%|███████████████████████▍      |  ETA: 1:19:36
Sampling (4 threads)  78%|███████████████████████▌      |  ETA: 1:18:20
Sampling (4 threads)  79%|███████████████████████▊      |  ETA: 1:17:45
Sampling (4 threads)  80%|███████████████████████▉      |  ETA: 1:16:48
Sampling (4 threads)  80%|████████████████████████      |  ETA: 1:15:45
Sampling (4 threads)  80%|████████████████████████▏     |  ETA: 1:14:55
Sampling (4 threads)  81%|████████████████████████▎     |  ETA: 1:13:30
Sampling (4 threads)  82%|████████████████████████▌     |  ETA: 1:12:18
Sampling (4 threads)  82%|████████████████████████▋     |  ETA: 1:10:52
Sampling (4 threads)  82%|████████████████████████▊     |  ETA: 1:09:50
Sampling (4 threads)  83%|████████████████████████▉     |  ETA: 1:08:55
Sampling (4 threads)  84%|█████████████████████████     |  ETA: 1:08:11
Sampling (4 threads)  84%|█████████████████████████▎    |  ETA: 1:06:52
Sampling (4 threads)  84%|█████████████████████████▍    |  ETA: 1:05:39
Sampling (4 threads)  85%|█████████████████████████▌    |  ETA: 1:03:57
Sampling (4 threads)  86%|█████████████████████████▋    |  ETA: 1:02:38
Sampling (4 threads)  86%|█████████████████████████▊    |  ETA: 1:00:34
Sampling (4 threads)  86%|██████████████████████████    |  ETA: 0:59:24
Sampling (4 threads)  87%|██████████████████████████▏   |  ETA: 0:58:05
Sampling (4 threads)  88%|██████████████████████████▎   |  ETA: 0:56:26
Sampling (4 threads)  88%|██████████████████████████▍   |  ETA: 0:54:00
Sampling (4 threads)  88%|██████████████████████████▌   |  ETA: 0:52:13
Sampling (4 threads)  89%|██████████████████████████▊   |  ETA: 0:50:27
Sampling (4 threads)  90%|██████████████████████████▉   |  ETA: 0:48:34
Sampling (4 threads)  90%|███████████████████████████   |  ETA: 0:46:40
Sampling (4 threads)  90%|███████████████████████████▏  |  ETA: 0:44:54
Sampling (4 threads)  91%|███████████████████████████▎  |  ETA: 0:43:02
Sampling (4 threads)  92%|███████████████████████████▌  |  ETA: 0:41:12
Sampling (4 threads)  92%|███████████████████████████▋  |  ETA: 0:39:09
Sampling (4 threads)  92%|███████████████████████████▊  |  ETA: 0:37:03
Sampling (4 threads)  93%|███████████████████████████▉  |  ETA: 0:34:55
Sampling (4 threads)  94%|████████████████████████████  |  ETA: 0:32:29
Sampling (4 threads)  94%|████████████████████████████▎ |  ETA: 0:30:16
Sampling (4 threads)  94%|████████████████████████████▍ |  ETA: 0:27:50
Sampling (4 threads)  95%|████████████████████████████▌ |  ETA: 0:25:28
Sampling (4 threads)  96%|████████████████████████████▋ |  ETA: 0:23:07
Sampling (4 threads)  96%|████████████████████████████▊ |  ETA: 0:20:48
Sampling (4 threads)  96%|█████████████████████████████ |  ETA: 0:18:16
Sampling (4 threads)  97%|█████████████████████████████▏|  ETA: 0:15:44
Sampling (4 threads)  98%|█████████████████████████████▎|  ETA: 0:13:11
Sampling (4 threads)  98%|█████████████████████████████▍|  ETA: 0:10:38
Sampling (4 threads)  98%|█████████████████████████████▌|  ETA: 0:08:07
Sampling (4 threads)  99%|█████████████████████████████▊|  ETA: 0:05:29
Sampling (4 threads) 100%|█████████████████████████████▉|  ETA: 0:02:48
Sampling (4 threads) 100%|██████████████████████████████| Time: 9:25:23
Sampling (4 threads) 100%|██████████████████████████████| Time: 9:25:24
Sampling (4 threads)   0%|                              |  ETA: N/A
┌ Info: Found initial step size
└   ϵ = 0.0015625
┌ Info: Found initial step size
└   ϵ = 0.00625
┌ Info: Found initial step size
└   ϵ = 0.00078125
┌ Info: Found initial step size
└   ϵ = 0.0015625
Sampling (4 threads)   0%|▏                             |  ETA: 3:50:19
Sampling (4 threads)   1%|▎                             |  ETA: 1:54:41
Sampling (4 threads)   2%|▌                             |  ETA: 1:27:17
Sampling (4 threads)   2%|▋                             |  ETA: 1:05:08
Sampling (4 threads)   2%|▊                             |  ETA: 1:03:27
Sampling (4 threads)   3%|▉                             |  ETA: 0:52:37
Sampling (4 threads)   4%|█                             |  ETA: 0:44:52
Sampling (4 threads)   4%|█▎                            |  ETA: 1:21:59
Sampling (4 threads)   4%|█▍                            |  ETA: 1:12:30
Sampling (4 threads)   5%|█▌                            |  ETA: 1:04:54
Sampling (4 threads)   6%|█▋                            |  ETA: 3:47:21
Sampling (4 threads)   6%|█▊                            |  ETA: 3:27:18
Sampling (4 threads)   6%|██                            |  ETA: 3:10:20
Sampling (4 threads)   7%|██▏                           |  ETA: 2:55:48
Sampling (4 threads)   8%|██▎                           |  ETA: 5:28:07
Sampling (4 threads)   8%|██▍                           |  ETA: 5:05:56
Sampling (4 threads)   8%|██▌                           |  ETA: 4:46:23
Sampling (4 threads)   9%|██▊                           |  ETA: 5:48:54
Sampling (4 threads)  10%|██▉                           |  ETA: 5:28:43
Sampling (4 threads)  10%|███                           |  ETA: 6:40:38
Sampling (4 threads)  10%|███▏                          |  ETA: 6:19:26
Sampling (4 threads)  11%|███▎                          |  ETA: 6:00:10
Sampling (4 threads)  12%|███▌                          |  ETA: 6:41:41
Sampling (4 threads)  12%|███▋                          |  ETA: 6:22:46
Sampling (4 threads)  12%|███▊                          |  ETA: 6:58:28
Sampling (4 threads)  13%|███▉                          |  ETA: 6:40:04
Sampling (4 threads)  14%|████                          |  ETA: 6:54:57
Sampling (4 threads)  14%|████▎                         |  ETA: 6:37:49
Sampling (4 threads)  14%|████▍                         |  ETA: 7:08:22
Sampling (4 threads)  15%|████▌                         |  ETA: 6:51:40
Sampling (4 threads)  16%|████▋                         |  ETA: 6:36:03
Sampling (4 threads)  16%|████▊                         |  ETA: 7:02:53
Sampling (4 threads)  16%|█████                         |  ETA: 6:47:38
Sampling (4 threads)  17%|█████▏                        |  ETA: 7:18:04
Sampling (4 threads)  18%|█████▎                        |  ETA: 7:02:59
Sampling (4 threads)  18%|█████▍                        |  ETA: 6:48:45
Sampling (4 threads)  18%|█████▌                        |  ETA: 7:11:55
Sampling (4 threads)  19%|█████▊                        |  ETA: 6:57:58
Sampling (4 threads)  20%|█████▉                        |  ETA: 7:17:15
Sampling (4 threads)  20%|██████                        |  ETA: 7:03:40
Sampling (4 threads)  20%|██████▏                       |  ETA: 7:11:17
Sampling (4 threads)  21%|██████▎                       |  ETA: 6:58:22
Sampling (4 threads)  22%|██████▌                       |  ETA: 7:10:26
Sampling (4 threads)  22%|██████▋                       |  ETA: 6:57:59
Sampling (4 threads)  22%|██████▊                       |  ETA: 7:22:09
Sampling (4 threads)  23%|██████▉                       |  ETA: 7:09:45
Sampling (4 threads)  24%|███████                       |  ETA: 6:57:53
Sampling (4 threads)  24%|███████▎                      |  ETA: 6:46:30
Sampling (4 threads)  24%|███████▍                      |  ETA: 7:06:57
Sampling (4 threads)  25%|███████▌                      |  ETA: 6:55:38
Sampling (4 threads)  26%|███████▋                      |  ETA: 7:00:32
Sampling (4 threads)  26%|███████▊                      |  ETA: 6:49:41
Sampling (4 threads)  26%|████████                      |  ETA: 7:07:32
Sampling (4 threads)  27%|████████▏                     |  ETA: 6:56:46
Sampling (4 threads)  28%|████████▎                     |  ETA: 6:46:23
Sampling (4 threads)  28%|████████▍                     |  ETA: 7:00:04
Sampling (4 threads)  28%|████████▌                     |  ETA: 6:49:49
Sampling (4 threads)  29%|████████▊                     |  ETA: 6:39:56
Sampling (4 threads)  30%|████████▉                     |  ETA: 6:36:59
Sampling (4 threads)  30%|█████████                     |  ETA: 6:27:36
Sampling (4 threads)  30%|█████████▏                    |  ETA: 6:18:54
Sampling (4 threads)  31%|█████████▎                    |  ETA: 6:10:06
Sampling (4 threads)  32%|█████████▌                    |  ETA: 6:01:54
Sampling (4 threads)  32%|█████████▋                    |  ETA: 5:53:39
Sampling (4 threads)  32%|█████████▊                    |  ETA: 5:45:59
Sampling (4 threads)  33%|█████████▉                    |  ETA: 5:38:13
Sampling (4 threads)  34%|██████████                    |  ETA: 5:30:59
Sampling (4 threads)  34%|██████████▎                   |  ETA: 5:23:39
Sampling (4 threads)  34%|██████████▍                   |  ETA: 5:16:46
Sampling (4 threads)  35%|██████████▌                   |  ETA: 5:09:52
Sampling (4 threads)  36%|██████████▋                   |  ETA: 5:03:26
Sampling (4 threads)  36%|██████████▊                   |  ETA: 4:56:54
Sampling (4 threads)  36%|███████████                   |  ETA: 4:50:49
Sampling (4 threads)  37%|███████████▏                  |  ETA: 4:44:38
Sampling (4 threads)  38%|███████████▎                  |  ETA: 4:38:54
Sampling (4 threads)  38%|███████████▍                  |  ETA: 4:33:02
Sampling (4 threads)  38%|███████████▌                  |  ETA: 4:27:34
Sampling (4 threads)  39%|███████████▊                  |  ETA: 4:22:00
Sampling (4 threads)  40%|███████████▉                  |  ETA: 4:16:49
Sampling (4 threads)  40%|████████████                  |  ETA: 4:11:30
Sampling (4 threads)  40%|████████████▏                 |  ETA: 4:06:34
Sampling (4 threads)  41%|████████████▎                 |  ETA: 4:01:31
Sampling (4 threads)  42%|████████████▌                 |  ETA: 3:56:48
Sampling (4 threads)  42%|████████████▋                 |  ETA: 3:51:59
Sampling (4 threads)  42%|████████████▊                 |  ETA: 3:47:29
Sampling (4 threads)  43%|████████████▉                 |  ETA: 3:42:53
Sampling (4 threads)  44%|█████████████                 |  ETA: 3:38:36
Sampling (4 threads)  44%|█████████████▎                |  ETA: 3:34:12
Sampling (4 threads)  44%|█████████████▍                |  ETA: 3:30:07
Sampling (4 threads)  45%|█████████████▌                |  ETA: 3:25:54
Sampling (4 threads)  46%|█████████████▋                |  ETA: 3:22:00
Sampling (4 threads)  46%|█████████████▊                |  ETA: 3:17:58
Sampling (4 threads)  46%|██████████████                |  ETA: 3:14:17
Sampling (4 threads)  47%|██████████████▏               |  ETA: 3:15:41
Sampling (4 threads)  48%|██████████████▎               |  ETA: 3:14:38
Sampling (4 threads)  48%|██████████████▍               |  ETA: 3:17:09
Sampling (4 threads)  48%|██████████████▌               |  ETA: 3:16:29
Sampling (4 threads)  49%|██████████████▊               |  ETA: 3:16:59
Sampling (4 threads)  50%|██████████████▉               |  ETA: 3:16:10
Sampling (4 threads)  50%|███████████████               |  ETA: 3:15:55
Sampling (4 threads)  50%|███████████████▏              |  ETA: 3:16:10
Sampling (4 threads)  51%|███████████████▎              |  ETA: 3:16:17
Sampling (4 threads)  52%|███████████████▌              |  ETA: 3:16:20
Sampling (4 threads)  52%|███████████████▋              |  ETA: 3:18:45
Sampling (4 threads)  52%|███████████████▊              |  ETA: 3:15:31
Sampling (4 threads)  53%|███████████████▉              |  ETA: 3:16:57
Sampling (4 threads)  54%|████████████████              |  ETA: 3:18:43
Sampling (4 threads)  54%|████████████████▎             |  ETA: 3:16:32
Sampling (4 threads)  55%|████████████████▍             |  ETA: 3:17:47
Sampling (4 threads)  55%|████████████████▌             |  ETA: 3:18:05
Sampling (4 threads)  56%|████████████████▋             |  ETA: 3:15:25
Sampling (4 threads)  56%|████████████████▊             |  ETA: 3:15:41
Sampling (4 threads)  56%|█████████████████             |  ETA: 3:13:34
Sampling (4 threads)  57%|█████████████████▏            |  ETA: 3:13:03
Sampling (4 threads)  57%|█████████████████▎            |  ETA: 3:12:23
Sampling (4 threads)  58%|█████████████████▍            |  ETA: 3:12:39
Sampling (4 threads)  58%|█████████████████▌            |  ETA: 3:10:23
Sampling (4 threads)  59%|█████████████████▊            |  ETA: 3:10:47
Sampling (4 threads)  60%|█████████████████▉            |  ETA: 3:09:31
Sampling (4 threads)  60%|██████████████████            |  ETA: 3:08:20
Sampling (4 threads)  60%|██████████████████▏           |  ETA: 3:06:53
Sampling (4 threads)  61%|██████████████████▎           |  ETA: 3:06:18
Sampling (4 threads)  62%|██████████████████▌           |  ETA: 3:04:36
Sampling (4 threads)  62%|██████████████████▋           |  ETA: 3:02:48
Sampling (4 threads)  62%|██████████████████▊           |  ETA: 3:02:55
Sampling (4 threads)  63%|██████████████████▉           |  ETA: 3:01:39
Sampling (4 threads)  64%|███████████████████           |  ETA: 2:59:56
Sampling (4 threads)  64%|███████████████████▎          |  ETA: 2:57:19
Sampling (4 threads)  64%|███████████████████▍          |  ETA: 2:56:28
Sampling (4 threads)  65%|███████████████████▌          |  ETA: 2:56:18
Sampling (4 threads)  66%|███████████████████▋          |  ETA: 2:53:24
Sampling (4 threads)  66%|███████████████████▊          |  ETA: 2:52:30
Sampling (4 threads)  66%|████████████████████          |  ETA: 2:49:38
Sampling (4 threads)  67%|████████████████████▏         |  ETA: 2:46:50
Sampling (4 threads)  68%|████████████████████▎         |  ETA: 2:45:47
Sampling (4 threads)  68%|████████████████████▍         |  ETA: 2:44:57
Sampling (4 threads)  68%|████████████████████▌         |  ETA: 2:41:36
Sampling (4 threads)  69%|████████████████████▊         |  ETA: 2:39:58
Sampling (4 threads)  70%|████████████████████▉         |  ETA: 2:38:03
Sampling (4 threads)  70%|█████████████████████         |  ETA: 2:35:56
Sampling (4 threads)  70%|█████████████████████▏        |  ETA: 2:34:38
Sampling (4 threads)  71%|█████████████████████▎        |  ETA: 2:32:02
Sampling (4 threads)  72%|█████████████████████▌        |  ETA: 2:31:31
Sampling (4 threads)  72%|█████████████████████▋        |  ETA: 2:28:29
Sampling (4 threads)  72%|█████████████████████▊        |  ETA: 2:26:54
Sampling (4 threads)  73%|█████████████████████▉        |  ETA: 2:23:53
Sampling (4 threads)  74%|██████████████████████        |  ETA: 2:22:30
Sampling (4 threads)  74%|██████████████████████▎       |  ETA: 2:19:01
Sampling (4 threads)  74%|██████████████████████▍       |  ETA: 2:17:54
Sampling (4 threads)  75%|██████████████████████▌       |  ETA: 2:15:24
Sampling (4 threads)  76%|██████████████████████▋       |  ETA: 2:13:44
Sampling (4 threads)  76%|██████████████████████▊       |  ETA: 2:10:53
Sampling (4 threads)  76%|███████████████████████       |  ETA: 2:08:32
Sampling (4 threads)  77%|███████████████████████▏      |  ETA: 2:05:33
Sampling (4 threads)  78%|███████████████████████▎      |  ETA: 2:03:31
Sampling (4 threads)  78%|███████████████████████▍      |  ETA: 2:01:11
Sampling (4 threads)  78%|███████████████████████▌      |  ETA: 1:59:02
Sampling (4 threads)  79%|███████████████████████▊      |  ETA: 1:56:24
Sampling (4 threads)  80%|███████████████████████▉      |  ETA: 1:54:13
Sampling (4 threads)  80%|████████████████████████      |  ETA: 1:51:32
Sampling (4 threads)  80%|████████████████████████▏     |  ETA: 1:49:03
Sampling (4 threads)  81%|████████████████████████▎     |  ETA: 1:46:12
Sampling (4 threads)  82%|████████████████████████▌     |  ETA: 1:44:09
Sampling (4 threads)  82%|████████████████████████▋     |  ETA: 1:41:51
Sampling (4 threads)  82%|████████████████████████▊     |  ETA: 1:39:01
Sampling (4 threads)  83%|████████████████████████▉     |  ETA: 1:36:36
Sampling (4 threads)  84%|█████████████████████████     |  ETA: 1:33:50
Sampling (4 threads)  84%|█████████████████████████▎    |  ETA: 1:31:10
Sampling (4 threads)  84%|█████████████████████████▍    |  ETA: 1:28:42
Sampling (4 threads)  85%|█████████████████████████▌    |  ETA: 1:26:38
Sampling (4 threads)  86%|█████████████████████████▋    |  ETA: 1:24:08
Sampling (4 threads)  86%|█████████████████████████▊    |  ETA: 1:21:18
Sampling (4 threads)  86%|██████████████████████████    |  ETA: 1:18:21
Sampling (4 threads)  87%|██████████████████████████▏   |  ETA: 1:15:31
Sampling (4 threads)  88%|██████████████████████████▎   |  ETA: 1:13:16
Sampling (4 threads)  88%|██████████████████████████▍   |  ETA: 1:10:09
Sampling (4 threads)  88%|██████████████████████████▌   |  ETA: 1:07:44
Sampling (4 threads)  89%|██████████████████████████▊   |  ETA: 1:05:05
Sampling (4 threads)  90%|██████████████████████████▉   |  ETA: 1:01:59
Sampling (4 threads)  90%|███████████████████████████   |  ETA: 0:59:16
Sampling (4 threads)  90%|███████████████████████████▏  |  ETA: 0:56:47
Sampling (4 threads)  91%|███████████████████████████▎  |  ETA: 0:53:47
Sampling (4 threads)  92%|███████████████████████████▌  |  ETA: 0:51:03
Sampling (4 threads)  92%|███████████████████████████▋  |  ETA: 0:48:04
Sampling (4 threads)  92%|███████████████████████████▊  |  ETA: 0:45:04
Sampling (4 threads)  93%|███████████████████████████▉  |  ETA: 0:42:05
Sampling (4 threads)  94%|████████████████████████████  |  ETA: 0:39:03
Sampling (4 threads)  94%|████████████████████████████▎ |  ETA: 0:36:04
Sampling (4 threads)  94%|████████████████████████████▍ |  ETA: 0:33:06
Sampling (4 threads)  95%|████████████████████████████▌ |  ETA: 0:30:14
Sampling (4 threads)  96%|████████████████████████████▋ |  ETA: 0:27:19
Sampling (4 threads)  96%|████████████████████████████▊ |  ETA: 0:24:23
Sampling (4 threads)  96%|█████████████████████████████ |  ETA: 0:21:26
Sampling (4 threads)  97%|█████████████████████████████▏|  ETA: 0:18:26
Sampling (4 threads)  98%|█████████████████████████████▎|  ETA: 0:15:27
Sampling (4 threads)  98%|█████████████████████████████▍|  ETA: 0:12:24
Sampling (4 threads)  98%|█████████████████████████████▌|  ETA: 0:09:24
Sampling (4 threads)  99%|█████████████████████████████▊|  ETA: 0:06:20
Sampling (4 threads) 100%|█████████████████████████████▉|  ETA: 0:03:13
Sampling (4 threads) 100%|██████████████████████████████| Time: 10:49:44
Sampling (4 threads) 100%|██████████████████████████████| Time: 10:49:44
Sampling (4 threads)   0%|                              |  ETA: N/A
┌ Info: Found initial step size
└   ϵ = 0.025
┌ Info: Found initial step size
└   ϵ = 0.003125
┌ Info: Found initial step size
└   ϵ = 0.000390625
┌ Info: Found initial step size
└   ϵ = 0.003125
Sampling (4 threads)   0%|▏                             |  ETA: 3:36:11
Sampling (4 threads)   1%|▎                             |  ETA: 1:47:39
Sampling (4 threads)   2%|▌                             |  ETA: 1:11:24
Sampling (4 threads)   2%|▋                             |  ETA: 1:07:51
Sampling (4 threads)   2%|▊                             |  ETA: 0:54:00
Sampling (4 threads)   3%|▉                             |  ETA: 0:44:46
Sampling (4 threads)   4%|█                             |  ETA: 0:43:31
Sampling (4 threads)   4%|█▎                            |  ETA: 0:37:53
Sampling (4 threads)   4%|█▍                            |  ETA: 0:37:49
Sampling (4 threads)   5%|█▌                            |  ETA: 0:33:51
Sampling (4 threads)   6%|█▋                            |  ETA: 0:30:37
Sampling (4 threads)   6%|█▊                            |  ETA: 0:31:47
Sampling (4 threads)   6%|██                            |  ETA: 0:29:11
Sampling (4 threads)   7%|██▏                           |  ETA: 0:26:58
Sampling (4 threads)   8%|██▎                           |  ETA: 1:23:34
Sampling (4 threads)   8%|██▍                           |  ETA: 1:17:56
Sampling (4 threads)   8%|██▌                           |  ETA: 2:19:32
Sampling (4 threads)   9%|██▊                           |  ETA: 2:11:04
Sampling (4 threads)  10%|██▉                           |  ETA: 4:06:40
Sampling (4 threads)  10%|███                           |  ETA: 3:53:02
Sampling (4 threads)  10%|███▏                          |  ETA: 3:40:42
Sampling (4 threads)  11%|███▎                          |  ETA: 3:29:30
Sampling (4 threads)  12%|███▌                          |  ETA: 4:44:18
Sampling (4 threads)  12%|███▋                          |  ETA: 4:30:55
Sampling (4 threads)  12%|███▊                          |  ETA: 4:18:36
Sampling (4 threads)  13%|███▉                          |  ETA: 5:20:47
Sampling (4 threads)  14%|████                          |  ETA: 5:07:08
Sampling (4 threads)  14%|████▎                         |  ETA: 4:54:27
Sampling (4 threads)  14%|████▍                         |  ETA: 5:28:04
Sampling (4 threads)  15%|████▌                         |  ETA: 5:15:16
Sampling (4 threads)  16%|████▋                         |  ETA: 5:45:11
Sampling (4 threads)  16%|████▊                         |  ETA: 5:32:25
Sampling (4 threads)  16%|█████                         |  ETA: 5:56:56
Sampling (4 threads)  17%|█████▏                        |  ETA: 5:44:21
Sampling (4 threads)  18%|█████▎                        |  ETA: 5:32:30
Sampling (4 threads)  18%|█████▍                        |  ETA: 6:18:55
Sampling (4 threads)  18%|█████▌                        |  ETA: 6:06:26
Sampling (4 threads)  19%|█████▊                        |  ETA: 5:54:36
Sampling (4 threads)  20%|█████▉                        |  ETA: 6:13:32
Sampling (4 threads)  20%|██████                        |  ETA: 6:01:56
Sampling (4 threads)  20%|██████▏                       |  ETA: 6:22:43
Sampling (4 threads)  21%|██████▎                       |  ETA: 6:11:15
Sampling (4 threads)  22%|██████▌                       |  ETA: 6:36:30
Sampling (4 threads)  22%|██████▋                       |  ETA: 6:25:01
Sampling (4 threads)  22%|██████▊                       |  ETA: 6:14:03
Sampling (4 threads)  23%|██████▉                       |  ETA: 6:03:34
Sampling (4 threads)  24%|███████                       |  ETA: 6:36:32
Sampling (4 threads)  24%|███████▎                      |  ETA: 6:25:44
Sampling (4 threads)  24%|███████▍                      |  ETA: 6:15:23
Sampling (4 threads)  25%|███████▌                      |  ETA: 6:34:14
Sampling (4 threads)  26%|███████▋                      |  ETA: 6:23:56
Sampling (4 threads)  26%|███████▊                      |  ETA: 6:14:01
Sampling (4 threads)  26%|████████                      |  ETA: 6:04:29
Sampling (4 threads)  27%|████████▏                     |  ETA: 6:32:28
Sampling (4 threads)  28%|████████▎                     |  ETA: 6:22:42
Sampling (4 threads)  28%|████████▍                     |  ETA: 6:13:16
Sampling (4 threads)  28%|████████▌                     |  ETA: 6:23:26
Sampling (4 threads)  29%|████████▊                     |  ETA: 6:14:11
Sampling (4 threads)  30%|████████▉                     |  ETA: 6:19:51
Sampling (4 threads)  30%|█████████                     |  ETA: 6:10:53
Sampling (4 threads)  30%|█████████▏                    |  ETA: 6:22:06
Sampling (4 threads)  31%|█████████▎                    |  ETA: 6:13:14
Sampling (4 threads)  32%|█████████▌                    |  ETA: 6:37:12
Sampling (4 threads)  32%|█████████▋                    |  ETA: 6:28:08
Sampling (4 threads)  32%|█████████▊                    |  ETA: 6:19:21
Sampling (4 threads)  33%|█████████▉                    |  ETA: 6:10:50
Sampling (4 threads)  34%|██████████                    |  ETA: 6:17:46
Sampling (4 threads)  34%|██████████▎                   |  ETA: 6:09:25
Sampling (4 threads)  34%|██████████▍                   |  ETA: 6:25:24
Sampling (4 threads)  35%|██████████▌                   |  ETA: 6:17:00
Sampling (4 threads)  36%|██████████▋                   |  ETA: 6:08:50
Sampling (4 threads)  36%|██████████▊                   |  ETA: 6:20:40
Sampling (4 threads)  36%|███████████                   |  ETA: 6:12:31
Sampling (4 threads)  37%|███████████▏                  |  ETA: 6:04:35
Sampling (4 threads)  38%|███████████▎                  |  ETA: 6:12:11
Sampling (4 threads)  38%|███████████▍                  |  ETA: 6:04:20
Sampling (4 threads)  38%|███████████▌                  |  ETA: 6:05:28
Sampling (4 threads)  39%|███████████▊                  |  ETA: 5:57:51
Sampling (4 threads)  40%|███████████▉                  |  ETA: 6:02:23
Sampling (4 threads)  40%|████████████                  |  ETA: 5:54:54
Sampling (4 threads)  40%|████████████▏                 |  ETA: 6:04:27
Sampling (4 threads)  41%|████████████▎                 |  ETA: 5:56:59
Sampling (4 threads)  42%|████████████▌                 |  ETA: 5:49:41
Sampling (4 threads)  42%|████████████▋                 |  ETA: 6:01:59
Sampling (4 threads)  42%|████████████▊                 |  ETA: 5:54:39
Sampling (4 threads)  43%|████████████▉                 |  ETA: 5:47:28
Sampling (4 threads)  44%|█████████████                 |  ETA: 5:40:28
Sampling (4 threads)  44%|█████████████▎                |  ETA: 5:49:12
Sampling (4 threads)  44%|█████████████▍                |  ETA: 5:42:12
Sampling (4 threads)  45%|█████████████▌                |  ETA: 5:35:21
Sampling (4 threads)  46%|█████████████▋                |  ETA: 5:42:48
Sampling (4 threads)  46%|█████████████▊                |  ETA: 5:35:58
Sampling (4 threads)  46%|██████████████                |  ETA: 5:29:17
Sampling (4 threads)  47%|██████████████▏               |  ETA: 5:38:26
Sampling (4 threads)  48%|██████████████▎               |  ETA: 5:31:43
Sampling (4 threads)  48%|██████████████▍               |  ETA: 5:25:08
Sampling (4 threads)  48%|██████████████▌               |  ETA: 5:18:41
Sampling (4 threads)  49%|██████████████▊               |  ETA: 5:25:30
Sampling (4 threads)  50%|██████████████▉               |  ETA: 5:19:03
Sampling (4 threads)  50%|███████████████               |  ETA: 5:12:44
Sampling (4 threads)  50%|███████████████▏              |  ETA: 5:17:34
Sampling (4 threads)  51%|███████████████▎              |  ETA: 5:11:17
Sampling (4 threads)  52%|███████████████▌              |  ETA: 5:05:06
Sampling (4 threads)  52%|███████████████▋              |  ETA: 5:05:16
Sampling (4 threads)  52%|███████████████▊              |  ETA: 4:59:13
Sampling (4 threads)  53%|███████████████▉              |  ETA: 5:00:37
Sampling (4 threads)  54%|████████████████              |  ETA: 4:54:39
Sampling (4 threads)  54%|████████████████▎             |  ETA: 4:55:29
Sampling (4 threads)  55%|████████████████▍             |  ETA: 4:49:35
Sampling (4 threads)  55%|████████████████▌             |  ETA: 4:51:50
Sampling (4 threads)  56%|████████████████▋             |  ETA: 4:45:59
Sampling (4 threads)  56%|████████████████▊             |  ETA: 4:40:15
Sampling (4 threads)  56%|█████████████████             |  ETA: 4:45:10
Sampling (4 threads)  57%|█████████████████▏            |  ETA: 4:39:25
Sampling (4 threads)  57%|█████████████████▎            |  ETA: 4:33:46
Sampling (4 threads)  58%|█████████████████▍            |  ETA: 4:37:43
Sampling (4 threads)  58%|█████████████████▌            |  ETA: 4:32:04
Sampling (4 threads)  59%|█████████████████▊            |  ETA: 4:26:31
Sampling (4 threads)  60%|█████████████████▉            |  ETA: 4:30:33
Sampling (4 threads)  60%|██████████████████            |  ETA: 4:24:59
Sampling (4 threads)  60%|██████████████████▏           |  ETA: 4:19:31
Sampling (4 threads)  61%|██████████████████▎           |  ETA: 4:22:05
Sampling (4 threads)  62%|██████████████████▌           |  ETA: 4:16:37
Sampling (4 threads)  62%|██████████████████▋           |  ETA: 4:11:14
Sampling (4 threads)  62%|██████████████████▊           |  ETA: 4:14:34
Sampling (4 threads)  63%|██████████████████▉           |  ETA: 4:09:11
Sampling (4 threads)  64%|███████████████████           |  ETA: 4:03:52
Sampling (4 threads)  64%|███████████████████▎          |  ETA: 4:03:31
Sampling (4 threads)  64%|███████████████████▍          |  ETA: 3:58:17
Sampling (4 threads)  65%|███████████████████▌          |  ETA: 3:58:09
Sampling (4 threads)  66%|███████████████████▋          |  ETA: 3:52:57
Sampling (4 threads)  66%|███████████████████▊          |  ETA: 3:50:15
Sampling (4 threads)  66%|████████████████████          |  ETA: 3:45:10
Sampling (4 threads)  67%|████████████████████▏         |  ETA: 3:45:35
Sampling (4 threads)  68%|████████████████████▎         |  ETA: 3:40:31
Sampling (4 threads)  68%|████████████████████▍         |  ETA: 3:35:32
Sampling (4 threads)  68%|████████████████████▌         |  ETA: 3:30:37
Sampling (4 threads)  69%|████████████████████▊         |  ETA: 3:31:34
Sampling (4 threads)  70%|████████████████████▉         |  ETA: 3:26:40
Sampling (4 threads)  70%|█████████████████████         |  ETA: 3:21:49
Sampling (4 threads)  70%|█████████████████████▏        |  ETA: 3:22:25
Sampling (4 threads)  71%|█████████████████████▎        |  ETA: 3:17:35
Sampling (4 threads)  72%|█████████████████████▌        |  ETA: 3:12:49
Sampling (4 threads)  72%|█████████████████████▋        |  ETA: 3:13:49
Sampling (4 threads)  72%|█████████████████████▊        |  ETA: 3:09:03
Sampling (4 threads)  73%|█████████████████████▉        |  ETA: 3:04:20
Sampling (4 threads)  74%|██████████████████████        |  ETA: 3:02:41
Sampling (4 threads)  74%|██████████████████████▎       |  ETA: 2:58:01
Sampling (4 threads)  74%|██████████████████████▍       |  ETA: 2:53:25
Sampling (4 threads)  75%|██████████████████████▌       |  ETA: 2:51:35
Sampling (4 threads)  76%|██████████████████████▋       |  ETA: 2:47:02
Sampling (4 threads)  76%|██████████████████████▊       |  ETA: 2:45:54
Sampling (4 threads)  76%|███████████████████████       |  ETA: 2:41:23
Sampling (4 threads)  77%|███████████████████████▏      |  ETA: 2:41:28
Sampling (4 threads)  78%|███████████████████████▎      |  ETA: 2:36:57
Sampling (4 threads)  78%|███████████████████████▍      |  ETA: 2:32:28
Sampling (4 threads)  78%|███████████████████████▌      |  ETA: 2:28:03
Sampling (4 threads)  79%|███████████████████████▊      |  ETA: 2:25:44
Sampling (4 threads)  80%|███████████████████████▉      |  ETA: 2:21:22
Sampling (4 threads)  80%|████████████████████████      |  ETA: 2:18:56
Sampling (4 threads)  80%|████████████████████████▏     |  ETA: 2:14:37
Sampling (4 threads)  81%|████████████████████████▎     |  ETA: 2:12:44
Sampling (4 threads)  82%|████████████████████████▌     |  ETA: 2:08:26
Sampling (4 threads)  82%|████████████████████████▋     |  ETA: 2:06:04
Sampling (4 threads)  82%|████████████████████████▊     |  ETA: 2:01:49
Sampling (4 threads)  83%|████████████████████████▉     |  ETA: 1:59:36
Sampling (4 threads)  84%|█████████████████████████     |  ETA: 1:55:23
Sampling (4 threads)  84%|█████████████████████████▎    |  ETA: 1:51:13
Sampling (4 threads)  84%|█████████████████████████▍    |  ETA: 1:49:27
Sampling (4 threads)  85%|█████████████████████████▌    |  ETA: 1:45:18
Sampling (4 threads)  86%|█████████████████████████▋    |  ETA: 1:41:12
Sampling (4 threads)  86%|█████████████████████████▊    |  ETA: 1:39:20
Sampling (4 threads)  86%|██████████████████████████    |  ETA: 1:35:14
Sampling (4 threads)  87%|██████████████████████████▏   |  ETA: 1:31:11
Sampling (4 threads)  88%|██████████████████████████▎   |  ETA: 1:27:10
Sampling (4 threads)  88%|██████████████████████████▍   |  ETA: 1:25:07
Sampling (4 threads)  88%|██████████████████████████▌   |  ETA: 1:21:07
Sampling (4 threads)  89%|██████████████████████████▊   |  ETA: 1:18:05
Sampling (4 threads)  90%|██████████████████████████▉   |  ETA: 1:14:07
Sampling (4 threads)  90%|███████████████████████████   |  ETA: 1:11:08
Sampling (4 threads)  90%|███████████████████████████▏  |  ETA: 1:07:12
Sampling (4 threads)  91%|███████████████████████████▎  |  ETA: 1:03:59
Sampling (4 threads)  92%|███████████████████████████▌  |  ETA: 1:00:06
Sampling (4 threads)  92%|███████████████████████████▋  |  ETA: 0:56:51
Sampling (4 threads)  92%|███████████████████████████▊  |  ETA: 0:53:01
Sampling (4 threads)  93%|███████████████████████████▉  |  ETA: 0:49:53
Sampling (4 threads)  94%|████████████████████████████  |  ETA: 0:46:04
Sampling (4 threads)  94%|████████████████████████████▎ |  ETA: 0:42:18
Sampling (4 threads)  94%|████████████████████████████▍ |  ETA: 0:39:19
Sampling (4 threads)  95%|████████████████████████████▌ |  ETA: 0:35:33
Sampling (4 threads)  96%|████████████████████████████▋ |  ETA: 0:31:50
Sampling (4 threads)  96%|████████████████████████████▊ |  ETA: 0:28:09
Sampling (4 threads)  96%|█████████████████████████████ |  ETA: 0:24:44
Sampling (4 threads)  97%|█████████████████████████████▏|  ETA: 0:21:09
Sampling (4 threads)  98%|█████████████████████████████▎|  ETA: 0:17:40
Sampling (4 threads)  98%|█████████████████████████████▍|  ETA: 0:14:06
Sampling (4 threads)  98%|█████████████████████████████▌|  ETA: 0:10:35
Sampling (4 threads)  99%|█████████████████████████████▊|  ETA: 0:07:05
Sampling (4 threads) 100%|█████████████████████████████▉|  ETA: 0:03:33
Sampling (4 threads) 100%|██████████████████████████████| Time: 11:48:23
Sampling (4 threads) 100%|██████████████████████████████| Time: 11:48:24
┌ Warning: Runtime invalidation was disabled, but the CPU info is out-of-date.
│ Will continue with incorrect CPU name (from build time).
└ @ HostCPUFeatures ~/.julia/packages/HostCPUFeatures/ZTXz4/src/cpu_info.jl:71
┌ Warning: Runtime invalidation was disabled, but the CPU info is out-of-date.
│ Will continue with incorrect CPU feature flag: +avx512vnni.
└ @ HostCPUFeatures ~/.julia/packages/HostCPUFeatures/ZTXz4/src/cpu_info.jl:56
┌ Warning: Runtime invalidation was disabled, but the CPU info is out-of-date.
│ Will continue with incorrect CPU feature flag: -rtm.
└ @ HostCPUFeatures ~/.julia/packages/HostCPUFeatures/ZTXz4/src/cpu_info.jl:56
Sampling (4 threads)   0%|                              |  ETA: N/A
┌ Info: Found initial step size
└   ϵ = 0.0015625
┌ Info: Found initial step size
└   ϵ = 0.0015625
┌ Info: Found initial step size
└   ϵ = 0.000390625
┌ Info: Found initial step size
└   ϵ = 0.0001953125
Sampling (4 threads)   0%|▏                             |  ETA: 3:33:01
Sampling (4 threads)   1%|▎                             |  ETA: 1:46:03
Sampling (4 threads)   2%|▌                             |  ETA: 1:10:21
Sampling (4 threads)   2%|▋                             |  ETA: 1:04:50
Sampling (4 threads)   2%|▊                             |  ETA: 0:51:36
Sampling (4 threads)   3%|▉                             |  ETA: 0:42:47
Sampling (4 threads)   4%|█                             |  ETA: 0:42:40
Sampling (4 threads)   4%|█▎                            |  ETA: 0:37:08
Sampling (4 threads)   4%|█▍                            |  ETA: 0:32:50
Sampling (4 threads)   5%|█▌                            |  ETA: 0:31:51
Sampling (4 threads)   6%|█▋                            |  ETA: 0:28:48
Sampling (4 threads)   6%|█▊                            |  ETA: 0:29:06
Sampling (4 threads)   6%|██                            |  ETA: 0:26:43
Sampling (4 threads)   7%|██▏                           |  ETA: 0:58:19
Sampling (4 threads)   8%|██▎                           |  ETA: 0:54:08
Sampling (4 threads)   8%|██▍                           |  ETA: 0:50:28
Sampling (4 threads)   8%|██▌                           |  ETA: 0:47:15
Sampling (4 threads)   9%|██▊                           |  ETA: 1:17:19
Sampling (4 threads)  10%|██▉                           |  ETA: 1:12:50
Sampling (4 threads)  10%|███                           |  ETA: 1:08:49
Sampling (4 threads)  10%|███▏                          |  ETA: 1:44:39
Sampling (4 threads)  11%|███▎                          |  ETA: 1:39:20
Sampling (4 threads)  12%|███▌                          |  ETA: 1:34:29
Sampling (4 threads)  12%|███▋                          |  ETA: 1:30:02
Sampling (4 threads)  12%|███▊                          |  ETA: 2:03:26
Sampling (4 threads)  13%|███▉                          |  ETA: 1:58:00
Sampling (4 threads)  14%|████                          |  ETA: 1:52:59
Sampling (4 threads)  14%|████▎                         |  ETA: 2:49:22
Sampling (4 threads)  14%|████▍                         |  ETA: 2:42:34
Sampling (4 threads)  15%|████▌                         |  ETA: 2:36:14
Sampling (4 threads)  16%|████▋                         |  ETA: 3:21:47
Sampling (4 threads)  16%|████▊                         |  ETA: 3:14:20
Sampling (4 threads)  16%|█████                         |  ETA: 3:07:19
Sampling (4 threads)  17%|█████▏                        |  ETA: 3:57:16
Sampling (4 threads)  18%|█████▎                        |  ETA: 3:49:06
Sampling (4 threads)  18%|█████▍                        |  ETA: 3:41:23
Sampling (4 threads)  18%|█████▌                        |  ETA: 4:11:53
Sampling (4 threads)  19%|█████▊                        |  ETA: 4:03:45
Sampling (4 threads)  20%|█████▉                        |  ETA: 3:56:02
Sampling (4 threads)  20%|██████                        |  ETA: 4:22:24
Sampling (4 threads)  20%|██████▏                       |  ETA: 4:14:24
Sampling (4 threads)  21%|██████▎                       |  ETA: 4:52:49
Sampling (4 threads)  22%|██████▌                       |  ETA: 4:44:12
Sampling (4 threads)  22%|██████▋                       |  ETA: 4:35:58
Sampling (4 threads)  22%|██████▊                       |  ETA: 4:28:06
Sampling (4 threads)  23%|██████▉                       |  ETA: 4:52:07
Sampling (4 threads)  24%|███████                       |  ETA: 4:44:03
Sampling (4 threads)  24%|███████▎                      |  ETA: 4:57:58
Sampling (4 threads)  24%|███████▍                      |  ETA: 4:49:58
Sampling (4 threads)  25%|███████▌                      |  ETA: 5:07:32
Sampling (4 threads)  26%|███████▋                      |  ETA: 4:59:29
Sampling (4 threads)  26%|███████▊                      |  ETA: 5:06:06
Sampling (4 threads)  26%|████████                      |  ETA: 4:58:17
Sampling (4 threads)  27%|████████▏                     |  ETA: 5:25:25
Sampling (4 threads)  28%|████████▎                     |  ETA: 5:17:19
Sampling (4 threads)  28%|████████▍                     |  ETA: 5:09:30
Sampling (4 threads)  28%|████████▌                     |  ETA: 5:27:34
Sampling (4 threads)  29%|████████▊                     |  ETA: 5:19:40
Sampling (4 threads)  30%|████████▉                     |  ETA: 5:12:02
Sampling (4 threads)  30%|█████████                     |  ETA: 5:15:19
Sampling (4 threads)  30%|█████████▏                    |  ETA: 5:07:56
Sampling (4 threads)  31%|█████████▎                    |  ETA: 5:00:47
Sampling (4 threads)  32%|█████████▌                    |  ETA: 5:08:27
Sampling (4 threads)  32%|█████████▋                    |  ETA: 5:01:24
Sampling (4 threads)  32%|█████████▊                    |  ETA: 4:54:35
Sampling (4 threads)  33%|█████████▉                    |  ETA: 4:55:21
Sampling (4 threads)  34%|██████████                    |  ETA: 4:48:47
Sampling (4 threads)  34%|██████████▎                   |  ETA: 4:42:24
Sampling (4 threads)  34%|██████████▍                   |  ETA: 4:46:49
Sampling (4 threads)  35%|██████████▌                   |  ETA: 4:40:34
Sampling (4 threads)  36%|██████████▋                   |  ETA: 4:34:29
Sampling (4 threads)  36%|██████████▊                   |  ETA: 4:42:00
Sampling (4 threads)  36%|███████████                   |  ETA: 4:35:57
Sampling (4 threads)  37%|███████████▏                  |  ETA: 4:30:05
Sampling (4 threads)  38%|███████████▎                  |  ETA: 4:31:14
Sampling (4 threads)  38%|███████████▍                  |  ETA: 4:25:31
Sampling (4 threads)  38%|███████████▌                  |  ETA: 4:19:57
Sampling (4 threads)  39%|███████████▊                  |  ETA: 4:25:28
Sampling (4 threads)  40%|███████████▉                  |  ETA: 4:19:58
Sampling (4 threads)  40%|████████████                  |  ETA: 4:14:35
Sampling (4 threads)  40%|████████████▏                 |  ETA: 4:19:37
Sampling (4 threads)  41%|████████████▎                 |  ETA: 4:14:18
Sampling (4 threads)  42%|████████████▌                 |  ETA: 4:09:06
Sampling (4 threads)  42%|████████████▋                 |  ETA: 4:11:39
Sampling (4 threads)  42%|████████████▊                 |  ETA: 4:06:33
Sampling (4 threads)  43%|████████████▉                 |  ETA: 4:01:33
Sampling (4 threads)  44%|█████████████                 |  ETA: 4:06:01
Sampling (4 threads)  44%|█████████████▎                |  ETA: 4:01:04
Sampling (4 threads)  44%|█████████████▍                |  ETA: 3:56:14
Sampling (4 threads)  45%|█████████████▌                |  ETA: 3:58:32
Sampling (4 threads)  46%|█████████████▋                |  ETA: 3:53:46
Sampling (4 threads)  46%|█████████████▊                |  ETA: 3:49:06
Sampling (4 threads)  46%|██████████████                |  ETA: 3:51:21
Sampling (4 threads)  47%|██████████████▏               |  ETA: 3:46:45
Sampling (4 threads)  48%|██████████████▎               |  ETA: 3:42:15
Sampling (4 threads)  48%|██████████████▍               |  ETA: 3:46:44
Sampling (4 threads)  48%|██████████████▌               |  ETA: 3:42:15
Sampling (4 threads)  49%|██████████████▊               |  ETA: 3:37:50
Sampling (4 threads)  50%|██████████████▉               |  ETA: 3:33:32
Sampling (4 threads)  50%|███████████████               |  ETA: 3:35:36
Sampling (4 threads)  50%|███████████████▏              |  ETA: 3:31:20
Sampling (4 threads)  51%|███████████████▎              |  ETA: 3:27:09
Sampling (4 threads)  52%|███████████████▌              |  ETA: 3:29:07
Sampling (4 threads)  52%|███████████████▋              |  ETA: 3:24:58
Sampling (4 threads)  52%|███████████████▊              |  ETA: 3:20:54
Sampling (4 threads)  53%|███████████████▉              |  ETA: 3:21:59
Sampling (4 threads)  54%|████████████████              |  ETA: 3:17:58
Sampling (4 threads)  54%|████████████████▎             |  ETA: 3:14:01
Sampling (4 threads)  55%|████████████████▍             |  ETA: 3:14:08
Sampling (4 threads)  55%|████████████████▌             |  ETA: 3:10:15
Sampling (4 threads)  56%|████████████████▋             |  ETA: 3:06:26
Sampling (4 threads)  56%|████████████████▊             |  ETA: 3:06:43
Sampling (4 threads)  56%|█████████████████             |  ETA: 3:02:58
Sampling (4 threads)  57%|█████████████████▏            |  ETA: 3:01:08
Sampling (4 threads)  57%|█████████████████▎            |  ETA: 3:00:45
Sampling (4 threads)  58%|█████████████████▍            |  ETA: 3:02:16
Sampling (4 threads)  58%|█████████████████▌            |  ETA: 3:01:26
Sampling (4 threads)  59%|█████████████████▊            |  ETA: 3:00:41
Sampling (4 threads)  60%|█████████████████▉            |  ETA: 3:00:23
Sampling (4 threads)  60%|██████████████████            |  ETA: 2:59:22
Sampling (4 threads)  60%|██████████████████▏           |  ETA: 2:57:14
Sampling (4 threads)  61%|██████████████████▎           |  ETA: 2:57:42
Sampling (4 threads)  62%|██████████████████▌           |  ETA: 2:56:25
Sampling (4 threads)  62%|██████████████████▋           |  ETA: 2:54:35
Sampling (4 threads)  62%|██████████████████▊           |  ETA: 2:53:48
Sampling (4 threads)  63%|██████████████████▉           |  ETA: 2:51:21
Sampling (4 threads)  64%|███████████████████           |  ETA: 2:49:35
Sampling (4 threads)  64%|███████████████████▎          |  ETA: 2:49:31
Sampling (4 threads)  64%|███████████████████▍          |  ETA: 2:47:16
Sampling (4 threads)  65%|███████████████████▌          |  ETA: 2:47:29
Sampling (4 threads)  66%|███████████████████▋          |  ETA: 2:47:14
Sampling (4 threads)  66%|███████████████████▊          |  ETA: 2:45:47
Sampling (4 threads)  66%|████████████████████          |  ETA: 2:45:40
Sampling (4 threads)  67%|████████████████████▏         |  ETA: 2:42:36
Sampling (4 threads)  68%|████████████████████▎         |  ETA: 2:43:49
Sampling (4 threads)  68%|████████████████████▍         |  ETA: 2:40:57
Sampling (4 threads)  68%|████████████████████▌         |  ETA: 2:41:05
Sampling (4 threads)  69%|████████████████████▊         |  ETA: 2:40:22
Sampling (4 threads)  70%|████████████████████▉         |  ETA: 2:38:09
Sampling (4 threads)  70%|█████████████████████         |  ETA: 2:36:17
Sampling (4 threads)  70%|█████████████████████▏        |  ETA: 2:35:11
Sampling (4 threads)  71%|█████████████████████▎        |  ETA: 2:34:11
Sampling (4 threads)  72%|█████████████████████▌        |  ETA: 2:31:55
Sampling (4 threads)  72%|█████████████████████▋        |  ETA: 2:30:19
Sampling (4 threads)  72%|█████████████████████▊        |  ETA: 2:29:11
Sampling (4 threads)  73%|█████████████████████▉        |  ETA: 2:26:40
Sampling (4 threads)  74%|██████████████████████        |  ETA: 2:25:52
Sampling (4 threads)  74%|██████████████████████▎       |  ETA: 2:25:10
Sampling (4 threads)  74%|██████████████████████▍       |  ETA: 2:22:18
Sampling (4 threads)  75%|██████████████████████▌       |  ETA: 2:19:14
Sampling (4 threads)  76%|██████████████████████▋       |  ETA: 2:15:53
Sampling (4 threads)  76%|██████████████████████▊       |  ETA: 2:14:03
Sampling (4 threads)  76%|███████████████████████       |  ETA: 2:10:54
Sampling (4 threads)  77%|███████████████████████▏      |  ETA: 2:09:21
Sampling (4 threads)  78%|███████████████████████▎      |  ETA: 2:08:07
Sampling (4 threads)  78%|███████████████████████▍      |  ETA: 2:05:08
Sampling (4 threads)  78%|███████████████████████▌      |  ETA: 2:03:29
Sampling (4 threads)  79%|███████████████████████▊      |  ETA: 2:01:58
Sampling (4 threads)  80%|███████████████████████▉      |  ETA: 2:00:00
Sampling (4 threads)  80%|████████████████████████      |  ETA: 1:57:37
Sampling (4 threads)  80%|████████████████████████▏     |  ETA: 1:55:45
Sampling (4 threads)  81%|████████████████████████▎     |  ETA: 1:52:58
Sampling (4 threads)  82%|████████████████████████▌     |  ETA: 1:50:48
Sampling (4 threads)  82%|████████████████████████▋     |  ETA: 1:47:40
Sampling (4 threads)  82%|████████████████████████▊     |  ETA: 1:45:15
Sampling (4 threads)  83%|████████████████████████▉     |  ETA: 1:42:27
Sampling (4 threads)  84%|█████████████████████████     |  ETA: 1:40:10
Sampling (4 threads)  84%|█████████████████████████▎    |  ETA: 1:37:36
Sampling (4 threads)  84%|█████████████████████████▍    |  ETA: 1:35:23
Sampling (4 threads)  85%|█████████████████████████▌    |  ETA: 1:32:51
Sampling (4 threads)  86%|█████████████████████████▋    |  ETA: 1:29:42
Sampling (4 threads)  86%|█████████████████████████▊    |  ETA: 1:27:03
Sampling (4 threads)  86%|██████████████████████████    |  ETA: 1:24:17
Sampling (4 threads)  87%|██████████████████████████▏   |  ETA: 1:21:34
Sampling (4 threads)  88%|██████████████████████████▎   |  ETA: 1:18:41
Sampling (4 threads)  88%|██████████████████████████▍   |  ETA: 1:15:31
Sampling (4 threads)  88%|██████████████████████████▌   |  ETA: 1:13:01
Sampling (4 threads)  89%|██████████████████████████▊   |  ETA: 1:10:08
Sampling (4 threads)  90%|██████████████████████████▉   |  ETA: 1:06:50
Sampling (4 threads)  90%|███████████████████████████   |  ETA: 1:04:08
Sampling (4 threads)  90%|███████████████████████████▏  |  ETA: 1:01:10
Sampling (4 threads)  91%|███████████████████████████▎  |  ETA: 0:58:14
Sampling (4 threads)  92%|███████████████████████████▌  |  ETA: 0:55:05
Sampling (4 threads)  92%|███████████████████████████▋  |  ETA: 0:52:00
Sampling (4 threads)  92%|███████████████████████████▊  |  ETA: 0:48:48
Sampling (4 threads)  93%|███████████████████████████▉  |  ETA: 0:45:35
Sampling (4 threads)  94%|████████████████████████████  |  ETA: 0:42:32
Sampling (4 threads)  94%|████████████████████████████▎ |  ETA: 0:39:27
Sampling (4 threads)  94%|████████████████████████████▍ |  ETA: 0:36:15
Sampling (4 threads)  95%|████████████████████████████▌ |  ETA: 0:33:04
Sampling (4 threads)  96%|████████████████████████████▋ |  ETA: 0:29:41
Sampling (4 threads)  96%|████████████████████████████▊ |  ETA: 0:26:30
Sampling (4 threads)  96%|█████████████████████████████ |  ETA: 0:23:22
Sampling (4 threads)  97%|█████████████████████████████▏|  ETA: 0:20:09
Sampling (4 threads)  98%|█████████████████████████████▎|  ETA: 0:16:53
Sampling (4 threads)  98%|█████████████████████████████▍|  ETA: 0:13:35
Sampling (4 threads)  98%|█████████████████████████████▌|  ETA: 0:10:19
Sampling (4 threads)  99%|█████████████████████████████▊|  ETA: 0:06:56
Sampling (4 threads) 100%|█████████████████████████████▉|  ETA: 0:03:30
Sampling (4 threads) 100%|██████████████████████████████| Time: 11:49:08
Sampling (4 threads) 100%|██████████████████████████████| Time: 11:49:09
┌ Warning: Runtime invalidation was disabled, but the CPU info is out-of-date.
│ Will continue with incorrect CPU name (from build time).
└ @ HostCPUFeatures ~/.julia/packages/HostCPUFeatures/ZTXz4/src/cpu_info.jl:71
┌ Warning: Runtime invalidation was disabled, but the CPU info is out-of-date.
│ Will continue with incorrect CPU feature flag: +avx512vnni.
└ @ HostCPUFeatures ~/.julia/packages/HostCPUFeatures/ZTXz4/src/cpu_info.jl:56
┌ Warning: Runtime invalidation was disabled, but the CPU info is out-of-date.
│ Will continue with incorrect CPU feature flag: -rtm.
└ @ HostCPUFeatures ~/.julia/packages/HostCPUFeatures/ZTXz4/src/cpu_info.jl:56
Sampling (4 threads)   0%|                              |  ETA: N/A
┌ Info: Found initial step size
└   ϵ = 0.003125
┌ Info: Found initial step size
└   ϵ = 0.000390625
┌ Info: Found initial step size
└   ϵ = 0.003125
┌ Info: Found initial step size
└   ϵ = 0.0001953125
Sampling (4 threads)   0%|▏                             |  ETA: 3:36:37
Sampling (4 threads)   1%|▎                             |  ETA: 1:47:51
Sampling (4 threads)   2%|▌                             |  ETA: 1:11:32
Sampling (4 threads)   2%|▋                             |  ETA: 1:01:19
Sampling (4 threads)   2%|▊                             |  ETA: 0:48:48
Sampling (4 threads)   3%|▉                             |  ETA: 0:40:28
Sampling (4 threads)   4%|█                             |  ETA: 0:34:30
Sampling (4 threads)   4%|█▎                            |  ETA: 1:19:01
Sampling (4 threads)   4%|█▍                            |  ETA: 1:09:53
Sampling (4 threads)   5%|█▌                            |  ETA: 1:02:34
Sampling (4 threads)   6%|█▋                            |  ETA: 1:58:04
Sampling (4 threads)   6%|█▊                            |  ETA: 1:47:39
Sampling (4 threads)   6%|██                            |  ETA: 1:38:51
Sampling (4 threads)   7%|██▏                           |  ETA: 1:31:18
Sampling (4 threads)   8%|██▎                           |  ETA: 1:59:46
Sampling (4 threads)   8%|██▍                           |  ETA: 1:51:40
Sampling (4 threads)   8%|██▌                           |  ETA: 1:44:32
Sampling (4 threads)   9%|██▊                           |  ETA: 2:29:32
Sampling (4 threads)  10%|██▉                           |  ETA: 2:20:53
Sampling (4 threads)  10%|███                           |  ETA: 2:13:06
Sampling (4 threads)  10%|███▏                          |  ETA: 2:06:03
Sampling (4 threads)  11%|███▎                          |  ETA: 2:42:08
Sampling (4 threads)  12%|███▌                          |  ETA: 2:34:13
Sampling (4 threads)  12%|███▋                          |  ETA: 3:21:32
Sampling (4 threads)  12%|███▊                          |  ETA: 3:12:23
Sampling (4 threads)  13%|███▉                          |  ETA: 4:23:04
Sampling (4 threads)  14%|████                          |  ETA: 4:11:52
Sampling (4 threads)  14%|████▎                         |  ETA: 4:01:28
Sampling (4 threads)  14%|████▍                         |  ETA: 3:51:47
Sampling (4 threads)  15%|████▌                         |  ETA: 4:29:10
Sampling (4 threads)  16%|████▋                         |  ETA: 4:18:57
Sampling (4 threads)  16%|████▊                         |  ETA: 4:46:29
Sampling (4 threads)  16%|█████                         |  ETA: 4:36:09
Sampling (4 threads)  17%|█████▏                        |  ETA: 5:17:31
Sampling (4 threads)  18%|█████▎                        |  ETA: 5:06:36
Sampling (4 threads)  18%|█████▍                        |  ETA: 5:26:13
Sampling (4 threads)  18%|█████▌                        |  ETA: 5:15:28
Sampling (4 threads)  19%|█████▊                        |  ETA: 5:05:17
Sampling (4 threads)  20%|█████▉                        |  ETA: 5:37:55
Sampling (4 threads)  20%|██████                        |  ETA: 5:27:25
Sampling (4 threads)  20%|██████▏                       |  ETA: 5:17:26
Sampling (4 threads)  21%|██████▎                       |  ETA: 5:41:12
Sampling (4 threads)  22%|██████▌                       |  ETA: 5:31:10
Sampling (4 threads)  22%|██████▋                       |  ETA: 5:53:58
Sampling (4 threads)  22%|██████▊                       |  ETA: 5:43:53
Sampling (4 threads)  23%|██████▉                       |  ETA: 5:34:14
Sampling (4 threads)  24%|███████                       |  ETA: 6:00:42
Sampling (4 threads)  24%|███████▎                      |  ETA: 5:50:53
Sampling (4 threads)  24%|███████▍                      |  ETA: 5:41:28
Sampling (4 threads)  25%|███████▌                      |  ETA: 5:56:10
Sampling (4 threads)  26%|███████▋                      |  ETA: 5:46:51
Sampling (4 threads)  26%|███████▊                      |  ETA: 6:10:35
Sampling (4 threads)  26%|████████                      |  ETA: 6:01:08
Sampling (4 threads)  27%|████████▏                     |  ETA: 5:52:02
Sampling (4 threads)  28%|████████▎                     |  ETA: 5:43:16
Sampling (4 threads)  28%|████████▍                     |  ETA: 5:57:57
Sampling (4 threads)  28%|████████▌                     |  ETA: 5:49:14
Sampling (4 threads)  29%|████████▊                     |  ETA: 6:04:00
Sampling (4 threads)  30%|████████▉                     |  ETA: 5:55:18
Sampling (4 threads)  30%|█████████                     |  ETA: 5:46:54
Sampling (4 threads)  30%|█████████▏                    |  ETA: 6:03:19
Sampling (4 threads)  31%|█████████▎                    |  ETA: 5:54:54
Sampling (4 threads)  32%|█████████▌                    |  ETA: 6:12:46
Sampling (4 threads)  32%|█████████▋                    |  ETA: 6:04:16
Sampling (4 threads)  32%|█████████▊                    |  ETA: 5:56:01
Sampling (4 threads)  33%|█████████▉                    |  ETA: 5:48:02
Sampling (4 threads)  34%|██████████                    |  ETA: 6:03:20
Sampling (4 threads)  34%|██████████▎                   |  ETA: 5:55:18
Sampling (4 threads)  34%|██████████▍                   |  ETA: 5:47:30
Sampling (4 threads)  35%|██████████▌                   |  ETA: 5:54:50
Sampling (4 threads)  36%|██████████▋                   |  ETA: 5:47:08
Sampling (4 threads)  36%|██████████▊                   |  ETA: 5:53:01
Sampling (4 threads)  36%|███████████                   |  ETA: 5:45:28
Sampling (4 threads)  37%|███████████▏                  |  ETA: 5:58:15
Sampling (4 threads)  38%|███████████▎                  |  ETA: 5:50:40
Sampling (4 threads)  38%|███████████▍                  |  ETA: 5:43:17
Sampling (4 threads)  38%|███████████▌                  |  ETA: 5:36:06
Sampling (4 threads)  39%|███████████▊                  |  ETA: 5:49:58
Sampling (4 threads)  40%|███████████▉                  |  ETA: 5:42:42
Sampling (4 threads)  40%|████████████                  |  ETA: 5:54:01
Sampling (4 threads)  40%|████████████▏                 |  ETA: 5:46:44
Sampling (4 threads)  41%|████████████▎                 |  ETA: 5:39:38
Sampling (4 threads)  42%|████████████▌                 |  ETA: 5:32:42
Sampling (4 threads)  42%|████████████▋                 |  ETA: 5:40:04
Sampling (4 threads)  42%|████████████▊                 |  ETA: 5:33:10
Sampling (4 threads)  43%|████████████▉                 |  ETA: 5:37:40
Sampling (4 threads)  44%|█████████████                 |  ETA: 5:30:51
Sampling (4 threads)  44%|█████████████▎                |  ETA: 5:43:24
Sampling (4 threads)  44%|█████████████▍                |  ETA: 5:36:31
Sampling (4 threads)  45%|█████████████▌                |  ETA: 5:29:47
Sampling (4 threads)  46%|█████████████▋                |  ETA: 5:40:09
Sampling (4 threads)  46%|█████████████▊                |  ETA: 5:33:22
Sampling (4 threads)  46%|██████████████                |  ETA: 5:26:44
Sampling (4 threads)  47%|██████████████▏               |  ETA: 5:31:23
Sampling (4 threads)  48%|██████████████▎               |  ETA: 5:24:48
Sampling (4 threads)  48%|██████████████▍               |  ETA: 5:25:48
Sampling (4 threads)  48%|██████████████▌               |  ETA: 5:19:21
Sampling (4 threads)  49%|██████████████▊               |  ETA: 5:13:01
Sampling (4 threads)  50%|██████████████▉               |  ETA: 5:23:56
Sampling (4 threads)  50%|███████████████               |  ETA: 5:17:32
Sampling (4 threads)  50%|███████████████▏              |  ETA: 5:11:14
Sampling (4 threads)  51%|███████████████▎              |  ETA: 5:17:40
Sampling (4 threads)  52%|███████████████▌              |  ETA: 5:11:22
Sampling (4 threads)  52%|███████████████▋              |  ETA: 5:05:12
Sampling (4 threads)  52%|███████████████▊              |  ETA: 5:09:22
Sampling (4 threads)  53%|███████████████▉              |  ETA: 5:03:14
Sampling (4 threads)  54%|████████████████              |  ETA: 5:09:02
Sampling (4 threads)  54%|████████████████▎             |  ETA: 5:02:53
Sampling (4 threads)  55%|████████████████▍             |  ETA: 4:56:50
Sampling (4 threads)  55%|████████████████▌             |  ETA: 4:50:54
Sampling (4 threads)  56%|████████████████▋             |  ETA: 4:58:52
Sampling (4 threads)  56%|████████████████▊             |  ETA: 4:52:52
Sampling (4 threads)  56%|█████████████████             |  ETA: 5:00:05
Sampling (4 threads)  57%|█████████████████▏            |  ETA: 4:54:02
Sampling (4 threads)  57%|█████████████████▎            |  ETA: 4:48:05
Sampling (4 threads)  58%|█████████████████▍            |  ETA: 4:42:14
Sampling (4 threads)  58%|█████████████████▌            |  ETA: 4:44:23
Sampling (4 threads)  59%|█████████████████▊            |  ETA: 4:38:35
Sampling (4 threads)  60%|█████████████████▉            |  ETA: 4:40:36
Sampling (4 threads)  60%|██████████████████            |  ETA: 4:34:50
Sampling (4 threads)  60%|██████████████████▏           |  ETA: 4:41:06
Sampling (4 threads)  61%|██████████████████▎           |  ETA: 4:35:16
Sampling (4 threads)  62%|██████████████████▌           |  ETA: 4:29:32
Sampling (4 threads)  62%|██████████████████▋           |  ETA: 4:23:53
Sampling (4 threads)  62%|██████████████████▊           |  ETA: 4:25:18
Sampling (4 threads)  63%|██████████████████▉           |  ETA: 4:19:41
Sampling (4 threads)  64%|███████████████████           |  ETA: 4:21:20
Sampling (4 threads)  64%|███████████████████▎          |  ETA: 4:15:44
Sampling (4 threads)  64%|███████████████████▍          |  ETA: 4:14:45
Sampling (4 threads)  65%|███████████████████▌          |  ETA: 4:09:14
Sampling (4 threads)  66%|███████████████████▋          |  ETA: 4:13:19
Sampling (4 threads)  66%|███████████████████▊          |  ETA: 4:07:45
Sampling (4 threads)  66%|████████████████████          |  ETA: 4:02:16
Sampling (4 threads)  67%|████████████████████▏         |  ETA: 4:01:49
Sampling (4 threads)  68%|████████████████████▎         |  ETA: 3:56:23
Sampling (4 threads)  68%|████████████████████▍         |  ETA: 3:59:33
Sampling (4 threads)  68%|████████████████████▌         |  ETA: 3:54:05
Sampling (4 threads)  69%|████████████████████▊         |  ETA: 3:48:42
Sampling (4 threads)  70%|████████████████████▉         |  ETA: 3:50:27
Sampling (4 threads)  70%|█████████████████████         |  ETA: 3:45:03
Sampling (4 threads)  70%|█████████████████████▏        |  ETA: 3:39:44
Sampling (4 threads)  71%|█████████████████████▎        |  ETA: 3:37:52
Sampling (4 threads)  72%|█████████████████████▌        |  ETA: 3:32:36
Sampling (4 threads)  72%|█████████████████████▋        |  ETA: 3:29:52
Sampling (4 threads)  72%|█████████████████████▊        |  ETA: 3:24:42
Sampling (4 threads)  73%|█████████████████████▉        |  ETA: 3:23:05
Sampling (4 threads)  74%|██████████████████████        |  ETA: 3:17:58
Sampling (4 threads)  74%|██████████████████████▎       |  ETA: 3:16:06
Sampling (4 threads)  74%|██████████████████████▍       |  ETA: 3:11:02
Sampling (4 threads)  75%|██████████████████████▌       |  ETA: 3:06:03
Sampling (4 threads)  76%|██████████████████████▋       |  ETA: 3:03:48
Sampling (4 threads)  76%|██████████████████████▊       |  ETA: 2:58:52
Sampling (4 threads)  76%|███████████████████████       |  ETA: 2:58:04
Sampling (4 threads)  77%|███████████████████████▏      |  ETA: 2:53:08
Sampling (4 threads)  78%|███████████████████████▎      |  ETA: 2:48:17
Sampling (4 threads)  78%|███████████████████████▍      |  ETA: 2:43:29
Sampling (4 threads)  78%|███████████████████████▌      |  ETA: 2:41:00
Sampling (4 threads)  79%|███████████████████████▊      |  ETA: 2:36:15
Sampling (4 threads)  80%|███████████████████████▉      |  ETA: 2:34:21
Sampling (4 threads)  80%|████████████████████████      |  ETA: 2:29:38
Sampling (4 threads)  80%|████████████████████████▏     |  ETA: 2:24:59
Sampling (4 threads)  81%|████████████████████████▎     |  ETA: 2:24:00
Sampling (4 threads)  82%|████████████████████████▌     |  ETA: 2:19:21
Sampling (4 threads)  82%|████████████████████████▋     |  ETA: 2:14:45
Sampling (4 threads)  82%|████████████████████████▊     |  ETA: 2:12:35
Sampling (4 threads)  83%|████████████████████████▉     |  ETA: 2:08:01
Sampling (4 threads)  84%|█████████████████████████     |  ETA: 2:03:31
Sampling (4 threads)  84%|█████████████████████████▎    |  ETA: 2:01:08
Sampling (4 threads)  84%|█████████████████████████▍    |  ETA: 1:56:39
Sampling (4 threads)  85%|█████████████████████████▌    |  ETA: 1:55:12
Sampling (4 threads)  86%|█████████████████████████▋    |  ETA: 1:50:42
Sampling (4 threads)  86%|█████████████████████████▊    |  ETA: 1:46:16
Sampling (4 threads)  86%|██████████████████████████    |  ETA: 1:41:53
Sampling (4 threads)  87%|██████████████████████████▏   |  ETA: 1:39:09
Sampling (4 threads)  88%|██████████████████████████▎   |  ETA: 1:34:47
Sampling (4 threads)  88%|██████████████████████████▍   |  ETA: 1:31:51
Sampling (4 threads)  88%|██████████████████████████▌   |  ETA: 1:27:32
Sampling (4 threads)  89%|██████████████████████████▊   |  ETA: 1:25:03
Sampling (4 threads)  90%|██████████████████████████▉   |  ETA: 1:20:43
Sampling (4 threads)  90%|███████████████████████████   |  ETA: 1:16:27
Sampling (4 threads)  90%|███████████████████████████▏  |  ETA: 1:12:14
Sampling (4 threads)  91%|███████████████████████████▎  |  ETA: 1:09:03
Sampling (4 threads)  92%|███████████████████████████▌  |  ETA: 1:04:52
Sampling (4 threads)  92%|███████████████████████████▋  |  ETA: 1:01:36
Sampling (4 threads)  92%|███████████████████████████▊  |  ETA: 0:57:27
Sampling (4 threads)  93%|███████████████████████████▉  |  ETA: 0:54:15
Sampling (4 threads)  94%|████████████████████████████  |  ETA: 0:50:06
Sampling (4 threads)  94%|████████████████████████████▎ |  ETA: 0:46:00
Sampling (4 threads)  94%|████████████████████████████▍ |  ETA: 0:41:57
Sampling (4 threads)  95%|████████████████████████████▌ |  ETA: 0:38:39
Sampling (4 threads)  96%|████████████████████████████▋ |  ETA: 0:34:37
Sampling (4 threads)  96%|████████████████████████████▊ |  ETA: 0:30:36
Sampling (4 threads)  96%|█████████████████████████████ |  ETA: 0:26:52
Sampling (4 threads)  97%|█████████████████████████████▏|  ETA: 0:22:58
Sampling (4 threads)  98%|█████████████████████████████▎|  ETA: 0:19:11
Sampling (4 threads)  98%|█████████████████████████████▍|  ETA: 0:15:22
Sampling (4 threads)  98%|█████████████████████████████▌|  ETA: 0:11:30
Sampling (4 threads)  99%|█████████████████████████████▊|  ETA: 0:07:41
Sampling (4 threads) 100%|█████████████████████████████▉|  ETA: 0:03:51
Sampling (4 threads) 100%|██████████████████████████████| Time: 12:54:55
Sampling (4 threads) 100%|██████████████████████████████| Time: 12:54:56
┌ Warning: Runtime invalidation was disabled, but the CPU info is out-of-date.
│ Will continue with incorrect CPU name (from build time).
└ @ HostCPUFeatures ~/.julia/packages/HostCPUFeatures/ZTXz4/src/cpu_info.jl:71
┌ Warning: Runtime invalidation was disabled, but the CPU info is out-of-date.
│ Will continue with incorrect CPU feature flag: +avx512vnni.
└ @ HostCPUFeatures ~/.julia/packages/HostCPUFeatures/ZTXz4/src/cpu_info.jl:56
┌ Warning: Runtime invalidation was disabled, but the CPU info is out-of-date.
│ Will continue with incorrect CPU feature flag: -rtm.
└ @ HostCPUFeatures ~/.julia/packages/HostCPUFeatures/ZTXz4/src/cpu_info.jl:56
Sampling (4 threads)   0%|                              |  ETA: N/A
┌ Info: Found initial step size
└   ϵ = 0.0015625
┌ Info: Found initial step size
└   ϵ = 0.003125
┌ Info: Found initial step size
└   ϵ = 0.003125
┌ Info: Found initial step size
└   ϵ = 0.00078125
Sampling (4 threads)   0%|▏                             |  ETA: 3:47:56
Sampling (4 threads)   1%|▎                             |  ETA: 1:53:29
Sampling (4 threads)   2%|▌                             |  ETA: 1:15:16
Sampling (4 threads)   2%|▋                             |  ETA: 1:04:43
Sampling (4 threads)   2%|▊                             |  ETA: 0:51:30
Sampling (4 threads)   3%|▉                             |  ETA: 0:42:42
Sampling (4 threads)   4%|█                             |  ETA: 0:42:54
Sampling (4 threads)   4%|█▎                            |  ETA: 0:37:21
Sampling (4 threads)   4%|█▍                            |  ETA: 0:33:02
Sampling (4 threads)   5%|█▌                            |  ETA: 0:35:57
Sampling (4 threads)   6%|█▋                            |  ETA: 0:32:30
Sampling (4 threads)   6%|█▊                            |  ETA: 0:29:38
Sampling (4 threads)   6%|██                            |  ETA: 1:34:34
Sampling (4 threads)   7%|██▏                           |  ETA: 1:27:20
Sampling (4 threads)   8%|██▎                           |  ETA: 1:21:05
Sampling (4 threads)   8%|██▍                           |  ETA: 3:13:28
Sampling (4 threads)   8%|██▌                           |  ETA: 3:01:06
Sampling (4 threads)   9%|██▊                           |  ETA: 2:50:06
Sampling (4 threads)  10%|██▉                           |  ETA: 4:25:30
Sampling (4 threads)  10%|███                           |  ETA: 4:10:50
Sampling (4 threads)  10%|███▏                          |  ETA: 3:57:33
Sampling (4 threads)  11%|███▎                          |  ETA: 5:32:19
Sampling (4 threads)  12%|███▌                          |  ETA: 5:16:05
Sampling (4 threads)  12%|███▋                          |  ETA: 5:01:12
Sampling (4 threads)  12%|███▊                          |  ETA: 4:47:31
Sampling (4 threads)  13%|███▉                          |  ETA: 5:26:37
Sampling (4 threads)  14%|████                          |  ETA: 5:12:43
Sampling (4 threads)  14%|████▎                         |  ETA: 5:49:04
Sampling (4 threads)  14%|████▍                         |  ETA: 5:35:04
Sampling (4 threads)  15%|████▌                         |  ETA: 6:24:35
Sampling (4 threads)  16%|████▋                         |  ETA: 6:09:59
Sampling (4 threads)  16%|████▊                         |  ETA: 5:56:18
Sampling (4 threads)  16%|█████                         |  ETA: 6:42:22
Sampling (4 threads)  17%|█████▏                        |  ETA: 6:28:12
Sampling (4 threads)  18%|█████▎                        |  ETA: 6:53:35
Sampling (4 threads)  18%|█████▍                        |  ETA: 6:39:40
Sampling (4 threads)  18%|█████▌                        |  ETA: 6:26:29
Sampling (4 threads)  19%|█████▊                        |  ETA: 6:40:53
Sampling (4 threads)  20%|█████▉                        |  ETA: 6:28:11
Sampling (4 threads)  20%|██████                        |  ETA: 6:37:58
Sampling (4 threads)  20%|██████▏                       |  ETA: 6:25:50
Sampling (4 threads)  21%|██████▎                       |  ETA: 7:05:37
Sampling (4 threads)  22%|██████▌                       |  ETA: 6:53:06
Sampling (4 threads)  22%|██████▋                       |  ETA: 6:41:08
Sampling (4 threads)  22%|██████▊                       |  ETA: 7:09:11
Sampling (4 threads)  23%|██████▉                       |  ETA: 6:57:09
Sampling (4 threads)  24%|███████                       |  ETA: 6:45:37
Sampling (4 threads)  24%|███████▎                      |  ETA: 6:51:51
Sampling (4 threads)  24%|███████▍                      |  ETA: 6:40:48
Sampling (4 threads)  25%|███████▌                      |  ETA: 6:59:03
Sampling (4 threads)  26%|███████▋                      |  ETA: 6:48:05
Sampling (4 threads)  26%|███████▊                      |  ETA: 6:37:33
Sampling (4 threads)  26%|████████                      |  ETA: 6:49:20
Sampling (4 threads)  27%|████████▏                     |  ETA: 6:39:02
Sampling (4 threads)  28%|████████▎                     |  ETA: 6:56:54
Sampling (4 threads)  28%|████████▍                     |  ETA: 6:46:38
Sampling (4 threads)  28%|████████▌                     |  ETA: 6:36:44
Sampling (4 threads)  29%|████████▊                     |  ETA: 6:51:01
Sampling (4 threads)  30%|████████▉                     |  ETA: 6:41:13
Sampling (4 threads)  30%|█████████                     |  ETA: 6:31:44
Sampling (4 threads)  30%|█████████▏                    |  ETA: 6:40:49
Sampling (4 threads)  31%|█████████▎                    |  ETA: 6:31:31
Sampling (4 threads)  32%|█████████▌                    |  ETA: 6:37:46
Sampling (4 threads)  32%|█████████▋                    |  ETA: 6:28:42
Sampling (4 threads)  32%|█████████▊                    |  ETA: 6:45:35
Sampling (4 threads)  33%|█████████▉                    |  ETA: 6:36:29
Sampling (4 threads)  34%|██████████                    |  ETA: 6:27:39
Sampling (4 threads)  34%|██████████▎                   |  ETA: 6:35:18
Sampling (4 threads)  34%|██████████▍                   |  ETA: 6:26:37
Sampling (4 threads)  35%|██████████▌                   |  ETA: 6:35:49
Sampling (4 threads)  36%|██████████▋                   |  ETA: 6:27:14
Sampling (4 threads)  36%|██████████▊                   |  ETA: 6:42:02
Sampling (4 threads)  36%|███████████                   |  ETA: 6:33:26
Sampling (4 threads)  37%|███████████▏                  |  ETA: 6:25:03
Sampling (4 threads)  38%|███████████▎                  |  ETA: 6:30:41
Sampling (4 threads)  38%|███████████▍                  |  ETA: 6:22:27
Sampling (4 threads)  38%|███████████▌                  |  ETA: 6:30:17
Sampling (4 threads)  39%|███████████▊                  |  ETA: 6:22:09
Sampling (4 threads)  40%|███████████▉                  |  ETA: 6:25:51
Sampling (4 threads)  40%|████████████                  |  ETA: 6:17:52
Sampling (4 threads)  40%|████████████▏                 |  ETA: 6:24:56
Sampling (4 threads)  41%|████████████▎                 |  ETA: 6:17:02
Sampling (4 threads)  42%|████████████▌                 |  ETA: 6:09:20
Sampling (4 threads)  42%|████████████▋                 |  ETA: 6:15:39
Sampling (4 threads)  42%|████████████▊                 |  ETA: 6:08:02
Sampling (4 threads)  43%|████████████▉                 |  ETA: 6:11:57
Sampling (4 threads)  44%|█████████████                 |  ETA: 6:04:27
Sampling (4 threads)  44%|█████████████▎                |  ETA: 5:57:08
Sampling (4 threads)  44%|█████████████▍                |  ETA: 5:49:58
Sampling (4 threads)  45%|█████████████▌                |  ETA: 5:51:13
Sampling (4 threads)  46%|█████████████▋                |  ETA: 5:44:12
Sampling (4 threads)  46%|█████████████▊                |  ETA: 5:45:41
Sampling (4 threads)  46%|██████████████                |  ETA: 5:38:48
Sampling (4 threads)  47%|██████████████▏               |  ETA: 5:32:03
Sampling (4 threads)  48%|██████████████▎               |  ETA: 5:42:03
Sampling (4 threads)  48%|██████████████▍               |  ETA: 5:35:15
Sampling (4 threads)  48%|██████████████▌               |  ETA: 5:28:37
Sampling (4 threads)  49%|██████████████▊               |  ETA: 5:22:06
Sampling (4 threads)  50%|██████████████▉               |  ETA: 5:34:32
Sampling (4 threads)  50%|███████████████               |  ETA: 5:27:54
Sampling (4 threads)  50%|███████████████▏              |  ETA: 5:21:25
Sampling (4 threads)  51%|███████████████▎              |  ETA: 5:35:14
Sampling (4 threads)  52%|███████████████▌              |  ETA: 5:28:36
Sampling (4 threads)  52%|███████████████▋              |  ETA: 5:22:05
Sampling (4 threads)  52%|███████████████▊              |  ETA: 5:15:42
Sampling (4 threads)  53%|███████████████▉              |  ETA: 5:26:29
Sampling (4 threads)  54%|████████████████              |  ETA: 5:19:59
Sampling (4 threads)  54%|████████████████▎             |  ETA: 5:13:37
Sampling (4 threads)  55%|████████████████▍             |  ETA: 5:17:43
Sampling (4 threads)  55%|████████████████▌             |  ETA: 5:11:22
Sampling (4 threads)  56%|████████████████▋             |  ETA: 5:14:29
Sampling (4 threads)  56%|████████████████▊             |  ETA: 5:08:10
Sampling (4 threads)  56%|█████████████████             |  ETA: 5:01:58
Sampling (4 threads)  57%|█████████████████▏            |  ETA: 5:02:57
Sampling (4 threads)  57%|█████████████████▎            |  ETA: 4:56:49
Sampling (4 threads)  58%|█████████████████▍            |  ETA: 4:59:47
Sampling (4 threads)  58%|█████████████████▌            |  ETA: 4:53:41
Sampling (4 threads)  59%|█████████████████▊            |  ETA: 4:55:35
Sampling (4 threads)  60%|█████████████████▉            |  ETA: 4:49:31
Sampling (4 threads)  60%|██████████████████            |  ETA: 4:53:44
Sampling (4 threads)  60%|██████████████████▏           |  ETA: 4:47:39
Sampling (4 threads)  61%|██████████████████▎           |  ETA: 4:41:41
Sampling (4 threads)  62%|██████████████████▌           |  ETA: 4:35:49
Sampling (4 threads)  62%|██████████████████▋           |  ETA: 4:36:52
Sampling (4 threads)  62%|██████████████████▊           |  ETA: 4:31:02
Sampling (4 threads)  63%|██████████████████▉           |  ETA: 4:32:42
Sampling (4 threads)  64%|███████████████████           |  ETA: 4:26:53
Sampling (4 threads)  64%|███████████████████▎          |  ETA: 4:28:00
Sampling (4 threads)  64%|███████████████████▍          |  ETA: 4:22:14
Sampling (4 threads)  65%|███████████████████▌          |  ETA: 4:26:35
Sampling (4 threads)  66%|███████████████████▋          |  ETA: 4:20:46
Sampling (4 threads)  66%|███████████████████▊          |  ETA: 4:15:02
Sampling (4 threads)  66%|████████████████████          |  ETA: 4:19:48
Sampling (4 threads)  67%|████████████████████▏         |  ETA: 4:14:01
Sampling (4 threads)  68%|████████████████████▎         |  ETA: 4:08:19
Sampling (4 threads)  68%|████████████████████▍         |  ETA: 4:09:55
Sampling (4 threads)  68%|████████████████████▌         |  ETA: 4:04:13
Sampling (4 threads)  69%|████████████████████▊         |  ETA: 3:58:35
Sampling (4 threads)  70%|████████████████████▉         |  ETA: 3:53:03
Sampling (4 threads)  70%|█████████████████████         |  ETA: 3:55:42
Sampling (4 threads)  70%|█████████████████████▏        |  ETA: 3:50:07
Sampling (4 threads)  71%|█████████████████████▎        |  ETA: 3:44:38
Sampling (4 threads)  72%|█████████████████████▌        |  ETA: 3:46:48
Sampling (4 threads)  72%|█████████████████████▋        |  ETA: 3:41:16
Sampling (4 threads)  72%|█████████████████████▊        |  ETA: 3:35:49
Sampling (4 threads)  73%|█████████████████████▉        |  ETA: 3:30:27
Sampling (4 threads)  74%|██████████████████████        |  ETA: 3:31:03
Sampling (4 threads)  74%|██████████████████████▎       |  ETA: 3:25:40
Sampling (4 threads)  74%|██████████████████████▍       |  ETA: 3:20:22
Sampling (4 threads)  75%|██████████████████████▌       |  ETA: 3:18:29
Sampling (4 threads)  76%|██████████████████████▋       |  ETA: 3:13:14
Sampling (4 threads)  76%|██████████████████████▊       |  ETA: 3:08:03
Sampling (4 threads)  76%|███████████████████████       |  ETA: 3:06:01
Sampling (4 threads)  77%|███████████████████████▏      |  ETA: 3:00:52
Sampling (4 threads)  78%|███████████████████████▎      |  ETA: 2:58:06
Sampling (4 threads)  78%|███████████████████████▍      |  ETA: 2:53:02
Sampling (4 threads)  78%|███████████████████████▌      |  ETA: 2:50:31
Sampling (4 threads)  79%|███████████████████████▊      |  ETA: 2:45:30
Sampling (4 threads)  80%|███████████████████████▉      |  ETA: 2:44:17
Sampling (4 threads)  80%|████████████████████████      |  ETA: 2:39:16
Sampling (4 threads)  80%|████████████████████████▏     |  ETA: 2:34:20
Sampling (4 threads)  81%|████████████████████████▎     |  ETA: 2:31:40
Sampling (4 threads)  82%|████████████████████████▌     |  ETA: 2:26:46
Sampling (4 threads)  82%|████████████████████████▋     |  ETA: 2:24:09
Sampling (4 threads)  82%|████████████████████████▊     |  ETA: 2:19:18
Sampling (4 threads)  83%|████████████████████████▉     |  ETA: 2:14:30
Sampling (4 threads)  84%|█████████████████████████     |  ETA: 2:09:55
Sampling (4 threads)  84%|█████████████████████████▎    |  ETA: 2:06:25
Sampling (4 threads)  84%|█████████████████████████▍    |  ETA: 2:03:08
Sampling (4 threads)  85%|█████████████████████████▌    |  ETA: 1:58:42
Sampling (4 threads)  86%|█████████████████████████▋    |  ETA: 1:55:29
Sampling (4 threads)  86%|█████████████████████████▊    |  ETA: 1:51:18
Sampling (4 threads)  86%|██████████████████████████    |  ETA: 1:47:37
Sampling (4 threads)  87%|██████████████████████████▏   |  ETA: 1:43:47
Sampling (4 threads)  88%|██████████████████████████▎   |  ETA: 1:39:30
Sampling (4 threads)  88%|██████████████████████████▍   |  ETA: 1:35:54
Sampling (4 threads)  88%|██████████████████████████▌   |  ETA: 1:32:15
Sampling (4 threads)  89%|██████████████████████████▊   |  ETA: 1:28:05
Sampling (4 threads)  90%|██████████████████████████▉   |  ETA: 1:23:58
Sampling (4 threads)  90%|███████████████████████████   |  ETA: 1:20:03
Sampling (4 threads)  90%|███████████████████████████▏  |  ETA: 1:16:11
Sampling (4 threads)  91%|███████████████████████████▎  |  ETA: 1:12:23
Sampling (4 threads)  92%|███████████████████████████▌  |  ETA: 1:08:27
Sampling (4 threads)  92%|███████████████████████████▋  |  ETA: 1:04:28
Sampling (4 threads)  92%|███████████████████████████▊  |  ETA: 1:00:18
Sampling (4 threads)  93%|███████████████████████████▉  |  ETA: 0:56:34
Sampling (4 threads)  94%|████████████████████████████  |  ETA: 0:52:31
Sampling (4 threads)  94%|████████████████████████████▎ |  ETA: 0:48:34
Sampling (4 threads)  94%|████████████████████████████▍ |  ETA: 0:44:35
Sampling (4 threads)  95%|████████████████████████████▌ |  ETA: 0:40:33
Sampling (4 threads)  96%|████████████████████████████▋ |  ETA: 0:36:32
Sampling (4 threads)  96%|████████████████████████████▊ |  ETA: 0:32:25
Sampling (4 threads)  96%|█████████████████████████████ |  ETA: 0:28:24
Sampling (4 threads)  97%|█████████████████████████████▏|  ETA: 0:24:22
Sampling (4 threads)  98%|█████████████████████████████▎|  ETA: 0:20:19
Sampling (4 threads)  98%|█████████████████████████████▍|  ETA: 0:16:20
Sampling (4 threads)  98%|█████████████████████████████▌|  ETA: 0:12:22
Sampling (4 threads)  99%|█████████████████████████████▊|  ETA: 0:08:17
Sampling (4 threads) 100%|█████████████████████████████▉|  ETA: 0:04:10
Sampling (4 threads) 100%|██████████████████████████████| Time: 13:59:24
Sampling (4 threads) 100%|██████████████████████████████| Time: 13:59:25
ERROR: LoadError: MethodError: no method matching plotGraphs(::String, ::Vector{String}, ::Vector{RGB{Float64}}, ::Int64)

Closest candidates are:
  plotGraphs(::Any, ::Any, ::Any, ::Any, !Matched::Any)
   @ Main ~/bayesian/BC4/Bayes/wordType_experiments/plottingFuncs.jl:198

Stacktrace:
 [1] concludeAndPlot(m::Chains{Float64, AxisArray{Float64, 3, Array{Float64, 3}, Tuple{Axis{:iter, StepRange{Int64, Int64}}, Axis{:var, Vector{Symbol}}, Axis{:chain, UnitRange{Int64}}}}, Missing, @NamedTuple{parameters::Vector{Symbol}, internals::Vector{Symbol}}, @NamedTuple{varname_to_symbol::OrderedDict{AbstractPPL.VarName, Symbol}, start_time::Vector{Float64}, stop_time::Vector{Float64}, samplerstate::Vector{Nothing}}}, output_loc::String, pc::Int64, wordTypes::Vector{String}, cols::Vector{RGB{Float64}}, noPCS::Int64)
   @ Main ~/bayesian/BC4/Bayes/wordType_experiments/plottingFuncs.jl:21
 [2] runModel(model::DynamicPPL.Model{typeof(model_pp_2), (:participant, :word, :surprisal, :tags, :PCA, :ExpMean, :cauchyMean, :NUM_TYPES, :NUM_PARTICIPANTS, :NUM_WORDS), (), (), Tuple{Vector{Int64}, Vector{Int64}, Vector{Float64}, Vector{Int64}, Vector{Float64}, Float64, Float64, Int64, Int64, Int64}, Tuple{}, DynamicPPL.DefaultContext}, df_modified::DataFrame, dfPCA::DataFrame, pc::Int64, NUM_PARTICIPANTS::Int64, NUM_WORDS::Int64, TYPE_STRUCTURE::String, NUM_TYPES::Int64, wordTypes::Vector{String}, cols::Vector{RGB{Float64}}, isPlotting::Int64, analyseEssRhat::Int64, output_loc::String, expMean::Float64, cauchyMean::Float64, noPCS::Int64, noInChain::Int64)
   @ Main ~/bayesian/BC4/Bayes/wordType_experiments/model_master.jl:130
 [3] top-level scope
   @ ~/bayesian/BC4/Bayes/wordType_experiments/models/Z_partiallyPooled_withFunneling/model.jl:12
in expression starting at /user/home/em18564/bayesian/BC4/Bayes/wordType_experiments/models/Z_partiallyPooled_withFunneling/model.jl:12
