cpu-bind=MASK - bp1-compute054, task  0  0 [1609676]: mask 0x24000024000 set
Running on host bp1-compute054
Time is Thu Sep 24 15:05:40 BST 2026
Directory is /user/home/em18564/bayesian/BC4/Bayes/wordType_experiments/models/base_longChain
Slurm job ID is 19069807
This job runs on the following machines:
bp1-compute054
┌ Warning: Runtime invalidation was disabled, but the CPU info is out-of-date.
│ Will continue with incorrect CPU name (from build time).
└ @ HostCPUFeatures ~/.julia/packages/HostCPUFeatures/ZTXz4/src/cpu_info.jl:71
┌ Warning: Runtime invalidation was disabled, but the CPU info is out-of-date.
│ Will continue with incorrect CPU feature flag: +avx512vnni.
└ @ HostCPUFeatures ~/.julia/packages/HostCPUFeatures/ZTXz4/src/cpu_info.jl:56
┌ Warning: Runtime invalidation was disabled, but the CPU info is out-of-date.
│ Will continue with incorrect CPU feature flag: -rtm.
└ @ HostCPUFeatures ~/.julia/packages/HostCPUFeatures/ZTXz4/src/cpu_info.jl:56
Sampling (4 threads)   0%|                              |  ETA: N/A
┌ Info: Found initial step size
└   ϵ = 0.0015625
┌ Info: Found initial step size
└   ϵ = 0.003125
┌ Info: Found initial step size
└   ϵ = 0.0001953125
┌ Info: Found initial step size
└   ϵ = 0.00078125
Sampling (4 threads)   0%|▏                             |  ETA: 14.19 days
Sampling (4 threads)   1%|▎                             |  ETA: 7 days, 1:22:21
Sampling (4 threads)   2%|▌                             |  ETA: 5 days, 7:34:34
Sampling (4 threads)   2%|▋                             |  ETA: 3 days, 23:11:47
Sampling (4 threads)   2%|▊                             |  ETA: 3 days, 3:46:07
Sampling (4 threads)   3%|▉                             |  ETA: 2 days, 19:09:20
Sampling (4 threads)   4%|█                             |  ETA: 2 days, 9:15:55
Sampling (4 threads)   4%|█▎                            |  ETA: 2 days, 1:50:51
Sampling (4 threads)   4%|█▍                            |  ETA: 1 days, 22:26:59
Sampling (4 threads)   5%|█▌                            |  ETA: 1 days, 17:35:10
Sampling (4 threads)   6%|█▋                            |  ETA: 1 days, 14:38:36
Sampling (4 threads)   6%|█▊                            |  ETA: 1 days, 11:14:08
Sampling (4 threads)   6%|██                            |  ETA: 1 days, 9:52:02
Sampling (4 threads)   7%|██▏                           |  ETA: 1 days, 7:16:48
Sampling (4 threads)   8%|██▎                           |  ETA: 1 days, 5:02:16
Sampling (4 threads)   8%|██▍                           |  ETA: 1 days, 3:04:33
Sampling (4 threads)   8%|██▌                           |  ETA: 1 days, 2:29:48
Sampling (4 threads)   9%|██▊                           |  ETA: 1 days, 0:53:16
Sampling (4 threads)  10%|██▉                           |  ETA: 1 days, 0:22:19
Sampling (4 threads)  10%|███                           |  ETA: 23:01:32
Sampling (4 threads)  10%|███▏                          |  ETA: 21:48:26
Sampling (4 threads)  11%|███▎                          |  ETA: 20:41:59
Sampling (4 threads)  12%|███▌                          |  ETA: 20:27:46
Sampling (4 threads)  12%|███▋                          |  ETA: 19:29:58
Sampling (4 threads)  12%|███▊                          |  ETA: 19:23:48
Sampling (4 threads)  13%|███▉                          |  ETA: 18:32:38
Sampling (4 threads)  14%|████                          |  ETA: 17:45:16
Sampling (4 threads)  14%|████▎                         |  ETA: 17:01:17
Sampling (4 threads)  14%|████▍                         |  ETA: 17:02:13
Sampling (4 threads)  15%|████▌                         |  ETA: 16:22:22
Sampling (4 threads)  16%|████▋                         |  ETA: 15:45:05
Sampling (4 threads)  16%|████▊                         |  ETA: 15:28:28
Sampling (4 threads)  16%|█████                         |  ETA: 14:54:58
Sampling (4 threads)  17%|█████▏                        |  ETA: 14:41:54
Sampling (4 threads)  18%|█████▎                        |  ETA: 14:11:32
Sampling (4 threads)  18%|█████▍                        |  ETA: 13:59:49
Sampling (4 threads)  18%|█████▌                        |  ETA: 13:32:08
Sampling (4 threads)  19%|█████▊                        |  ETA: 13:22:06
Sampling (4 threads)  20%|█████▉                        |  ETA: 12:56:43
Sampling (4 threads)  20%|██████                        |  ETA: 12:47:45
Sampling (4 threads)  20%|██████▏                       |  ETA: 12:24:21
Sampling (4 threads)  21%|██████▎                       |  ETA: 12:16:41
Sampling (4 threads)  22%|██████▌                       |  ETA: 11:55:00
Sampling (4 threads)  22%|██████▋                       |  ETA: 11:47:56
Sampling (4 threads)  22%|██████▊                       |  ETA: 11:27:46
Sampling (4 threads)  23%|██████▉                       |  ETA: 11:22:02
Sampling (4 threads)  24%|███████                       |  ETA: 11:03:11
Sampling (4 threads)  24%|███████▎                      |  ETA: 10:55:45
Sampling (4 threads)  24%|███████▍                      |  ETA: 10:38:08
Sampling (4 threads)  25%|███████▌                      |  ETA: 10:31:22
Sampling (4 threads)  26%|███████▋                      |  ETA: 10:14:51
Sampling (4 threads)  26%|███████▊                      |  ETA: 10:08:44
Sampling (4 threads)  26%|████████                      |  ETA: 9:53:13
Sampling (4 threads)  27%|████████▏                     |  ETA: 9:48:15
Sampling (4 threads)  28%|████████▎                     |  ETA: 9:33:36
Sampling (4 threads)  28%|████████▍                     |  ETA: 9:28:12
Sampling (4 threads)  28%|████████▌                     |  ETA: 9:14:22
Sampling (4 threads)  29%|████████▊                     |  ETA: 9:09:22
Sampling (4 threads)  30%|████████▉                     |  ETA: 8:56:15
Sampling (4 threads)  30%|█████████                     |  ETA: 8:52:15
Sampling (4 threads)  30%|█████████▏                    |  ETA: 8:39:47
Sampling (4 threads)  31%|█████████▎                    |  ETA: 8:35:57
Sampling (4 threads)  32%|█████████▌                    |  ETA: 8:24:05
Sampling (4 threads)  32%|█████████▋                    |  ETA: 8:20:20
Sampling (4 threads)  32%|█████████▊                    |  ETA: 8:09:01
Sampling (4 threads)  33%|█████████▉                    |  ETA: 8:05:42
Sampling (4 threads)  34%|██████████                    |  ETA: 7:54:52
Sampling (4 threads)  34%|██████████▎                   |  ETA: 7:51:35
Sampling (4 threads)  34%|██████████▍                   |  ETA: 7:41:14
Sampling (4 threads)  35%|██████████▌                   |  ETA: 7:38:43
Sampling (4 threads)  36%|██████████▋                   |  ETA: 7:28:46
Sampling (4 threads)  36%|██████████▊                   |  ETA: 7:25:59
Sampling (4 threads)  36%|███████████                   |  ETA: 7:16:27
Sampling (4 threads)  37%|███████████▏                  |  ETA: 7:13:29
Sampling (4 threads)  38%|███████████▎                  |  ETA: 7:04:19
Sampling (4 threads)  38%|███████████▍                  |  ETA: 7:01:07
Sampling (4 threads)  38%|███████████▌                  |  ETA: 6:52:17
Sampling (4 threads)  39%|███████████▊                  |  ETA: 6:49:32
Sampling (4 threads)  40%|███████████▉                  |  ETA: 6:41:02
Sampling (4 threads)  40%|████████████                  |  ETA: 6:38:47
Sampling (4 threads)  40%|████████████▏                 |  ETA: 6:30:34
Sampling (4 threads)  41%|████████████▎                 |  ETA: 6:28:02
Sampling (4 threads)  42%|████████████▌                 |  ETA: 6:20:07
Sampling (4 threads)  42%|████████████▋                 |  ETA: 6:17:26
Sampling (4 threads)  42%|████████████▊                 |  ETA: 6:09:47
Sampling (4 threads)  43%|████████████▉                 |  ETA: 6:06:56
Sampling (4 threads)  44%|█████████████                 |  ETA: 5:59:32
Sampling (4 threads)  44%|█████████████▎                |  ETA: 5:52:18
Sampling (4 threads)  44%|█████████████▍                |  ETA: 5:53:01
Sampling (4 threads)  45%|█████████████▌                |  ETA: 5:45:57
Sampling (4 threads)  46%|█████████████▋                |  ETA: 5:39:02
Sampling (4 threads)  46%|█████████████▊                |  ETA: 5:40:38
Sampling (4 threads)  46%|██████████████                |  ETA: 5:33:51
Sampling (4 threads)  47%|██████████████▏               |  ETA: 5:27:13
Sampling (4 threads)  48%|██████████████▎               |  ETA: 5:20:43
Sampling (4 threads)  48%|██████████████▍               |  ETA: 5:18:34
Sampling (4 threads)  48%|██████████████▌               |  ETA: 5:12:16
Sampling (4 threads)  49%|██████████████▊               |  ETA: 5:10:00
Sampling (4 threads)  50%|██████████████▉               |  ETA: 5:03:52
Sampling (4 threads)  50%|███████████████               |  ETA: 5:01:22
Sampling (4 threads)  50%|███████████████▏              |  ETA: 4:55:23
Sampling (4 threads)  51%|███████████████▎              |  ETA: 4:53:28
Sampling (4 threads)  52%|███████████████▌              |  ETA: 4:47:39
Sampling (4 threads)  52%|███████████████▋              |  ETA: 4:45:19
Sampling (4 threads)  52%|███████████████▊              |  ETA: 4:39:39
Sampling (4 threads)  53%|███████████████▉              |  ETA: 4:37:23
Sampling (4 threads)  54%|████████████████              |  ETA: 4:31:52
Sampling (4 threads)  54%|████████████████▎             |  ETA: 4:29:42
Sampling (4 threads)  55%|████████████████▍             |  ETA: 4:24:19
Sampling (4 threads)  55%|████████████████▌             |  ETA: 4:22:09
Sampling (4 threads)  56%|████████████████▋             |  ETA: 4:16:54
Sampling (4 threads)  56%|████████████████▊             |  ETA: 4:14:26
Sampling (4 threads)  56%|█████████████████             |  ETA: 4:09:19
Sampling (4 threads)  57%|█████████████████▏            |  ETA: 4:07:00
Sampling (4 threads)  57%|█████████████████▎            |  ETA: 4:02:00
Sampling (4 threads)  58%|█████████████████▍            |  ETA: 3:59:39
Sampling (4 threads)  58%|█████████████████▌            |  ETA: 3:54:46
Sampling (4 threads)  59%|█████████████████▊            |  ETA: 3:52:41
Sampling (4 threads)  60%|█████████████████▉            |  ETA: 3:47:55
Sampling (4 threads)  60%|██████████████████            |  ETA: 3:45:49
Sampling (4 threads)  60%|██████████████████▏           |  ETA: 3:41:09
Sampling (4 threads)  61%|██████████████████▎           |  ETA: 3:38:52
Sampling (4 threads)  62%|██████████████████▌           |  ETA: 3:34:18
Sampling (4 threads)  62%|██████████████████▋           |  ETA: 3:32:02
Sampling (4 threads)  62%|██████████████████▊           |  ETA: 3:27:35
Sampling (4 threads)  63%|██████████████████▉           |  ETA: 3:25:33
Sampling (4 threads)  64%|███████████████████           |  ETA: 3:21:10
Sampling (4 threads)  64%|███████████████████▎          |  ETA: 3:18:53
Sampling (4 threads)  64%|███████████████████▍          |  ETA: 3:14:36
Sampling (4 threads)  65%|███████████████████▌          |  ETA: 3:12:31
Sampling (4 threads)  66%|███████████████████▋          |  ETA: 3:08:19
Sampling (4 threads)  66%|███████████████████▊          |  ETA: 3:06:02
Sampling (4 threads)  66%|████████████████████          |  ETA: 3:01:56
Sampling (4 threads)  67%|████████████████████▏         |  ETA: 2:59:58
Sampling (4 threads)  68%|████████████████████▎         |  ETA: 2:55:55
Sampling (4 threads)  68%|████████████████████▍         |  ETA: 2:53:49
Sampling (4 threads)  68%|████████████████████▌         |  ETA: 2:49:51
Sampling (4 threads)  69%|████████████████████▊         |  ETA: 2:47:38
Sampling (4 threads)  70%|████████████████████▉         |  ETA: 2:43:44
Sampling (4 threads)  70%|█████████████████████         |  ETA: 2:41:38
Sampling (4 threads)  70%|█████████████████████▏        |  ETA: 2:37:49
Sampling (4 threads)  71%|█████████████████████▎        |  ETA: 2:35:26
Sampling (4 threads)  72%|█████████████████████▌        |  ETA: 2:31:41
Sampling (4 threads)  72%|█████████████████████▋        |  ETA: 2:29:31
Sampling (4 threads)  72%|█████████████████████▊        |  ETA: 2:25:50
Sampling (4 threads)  73%|█████████████████████▉        |  ETA: 2:22:12
Sampling (4 threads)  74%|██████████████████████        |  ETA: 2:19:55
Sampling (4 threads)  74%|██████████████████████▎       |  ETA: 2:16:21
Sampling (4 threads)  74%|██████████████████████▍       |  ETA: 2:14:07
Sampling (4 threads)  75%|██████████████████████▌       |  ETA: 2:10:36
Sampling (4 threads)  76%|██████████████████████▋       |  ETA: 2:08:18
Sampling (4 threads)  76%|██████████████████████▊       |  ETA: 2:04:51
Sampling (4 threads)  76%|███████████████████████       |  ETA: 2:02:33
Sampling (4 threads)  77%|███████████████████████▏      |  ETA: 1:59:10
Sampling (4 threads)  78%|███████████████████████▎      |  ETA: 1:57:48
Sampling (4 threads)  78%|███████████████████████▍      |  ETA: 1:54:27
Sampling (4 threads)  78%|███████████████████████▌      |  ETA: 1:51:08
Sampling (4 threads)  79%|███████████████████████▊      |  ETA: 1:48:51
Sampling (4 threads)  80%|███████████████████████▉      |  ETA: 1:45:35
Sampling (4 threads)  80%|████████████████████████      |  ETA: 1:43:19
Sampling (4 threads)  80%|████████████████████████▏     |  ETA: 1:40:06
Sampling (4 threads)  81%|████████████████████████▎     |  ETA: 1:37:49
Sampling (4 threads)  82%|████████████████████████▌     |  ETA: 1:34:39
Sampling (4 threads)  82%|████████████████████████▋     |  ETA: 1:32:22
Sampling (4 threads)  82%|████████████████████████▊     |  ETA: 1:29:15
Sampling (4 threads)  83%|████████████████████████▉     |  ETA: 1:27:01
Sampling (4 threads)  84%|█████████████████████████     |  ETA: 1:23:57
Sampling (4 threads)  84%|█████████████████████████▎    |  ETA: 1:21:39
Sampling (4 threads)  84%|█████████████████████████▍    |  ETA: 1:18:37
Sampling (4 threads)  85%|█████████████████████████▌    |  ETA: 1:16:16
Sampling (4 threads)  86%|█████████████████████████▋    |  ETA: 1:13:18
Sampling (4 threads)  86%|█████████████████████████▊    |  ETA: 1:10:58
Sampling (4 threads)  86%|██████████████████████████    |  ETA: 1:08:03
Sampling (4 threads)  87%|██████████████████████████▏   |  ETA: 1:05:43
Sampling (4 threads)  88%|██████████████████████████▎   |  ETA: 1:02:50
Sampling (4 threads)  88%|██████████████████████████▍   |  ETA: 1:00:32
Sampling (4 threads)  88%|██████████████████████████▌   |  ETA: 0:57:41
Sampling (4 threads)  89%|██████████████████████████▊   |  ETA: 0:55:24
Sampling (4 threads)  90%|██████████████████████████▉   |  ETA: 0:52:35
Sampling (4 threads)  90%|███████████████████████████   |  ETA: 0:50:14
Sampling (4 threads)  90%|███████████████████████████▏  |  ETA: 0:47:27
Sampling (4 threads)  91%|███████████████████████████▎  |  ETA: 0:45:07
Sampling (4 threads)  92%|███████████████████████████▌  |  ETA: 0:42:22
Sampling (4 threads)  92%|███████████████████████████▋  |  ETA: 0:39:40
Sampling (4 threads)  92%|███████████████████████████▊  |  ETA: 0:37:18
Sampling (4 threads)  93%|███████████████████████████▉  |  ETA: 0:34:37
Sampling (4 threads)  94%|████████████████████████████  |  ETA: 0:32:15
Sampling (4 threads)  94%|████████████████████████████▎ |  ETA: 0:29:37
Sampling (4 threads)  94%|████████████████████████████▍ |  ETA: 0:27:06
Sampling (4 threads)  95%|████████████████████████████▌ |  ETA: 0:24:34
Sampling (4 threads)  96%|████████████████████████████▋ |  ETA: 0:22:08
Sampling (4 threads)  96%|████████████████████████████▊ |  ETA: 0:19:41
Sampling (4 threads)  96%|█████████████████████████████ |  ETA: 0:17:11
Sampling (4 threads)  97%|█████████████████████████████▏|  ETA: 0:14:44
Sampling (4 threads)  98%|█████████████████████████████▎|  ETA: 0:12:17
Sampling (4 threads)  98%|█████████████████████████████▍|  ETA: 0:09:49
Sampling (4 threads)  98%|█████████████████████████████▌|  ETA: 0:07:24
Sampling (4 threads)  99%|█████████████████████████████▊|  ETA: 0:04:58
Sampling (4 threads) 100%|█████████████████████████████▉|  ETA: 0:02:30
Sampling (4 threads) 100%|██████████████████████████████| Time: 8:22:20
Sampling (4 threads) 100%|██████████████████████████████| Time: 8:22:24
Precompiling project...
    DistributionsADReverseDiffExt Being precompiled by another process (pid: 1609638, pidfile: /user/home/em18564/.julia/compiled/v1.10/DistributionsADReverseDiffExt/hY00X_4RpdW.ji.pidfile)
  ✗ DistributionsAD → DistributionsADReverseDiffExt
  0 dependencies successfully precompiled in 36 seconds. 549 already precompiled.
┌ Warning: Runtime invalidation was disabled, but the CPU info is out-of-date.
│ Will continue with incorrect CPU name (from build time).
└ @ HostCPUFeatures ~/.julia/packages/HostCPUFeatures/ZTXz4/src/cpu_info.jl:71
┌ Warning: Runtime invalidation was disabled, but the CPU info is out-of-date.
│ Will continue with incorrect CPU feature flag: +avx512vnni.
└ @ HostCPUFeatures ~/.julia/packages/HostCPUFeatures/ZTXz4/src/cpu_info.jl:56
┌ Warning: Runtime invalidation was disabled, but the CPU info is out-of-date.
│ Will continue with incorrect CPU feature flag: -rtm.
└ @ HostCPUFeatures ~/.julia/packages/HostCPUFeatures/ZTXz4/src/cpu_info.jl:56
Sampling (4 threads)   0%|                              |  ETA: N/A
┌ Info: Found initial step size
└   ϵ = 0.00078125
┌ Info: Found initial step size
└   ϵ = 0.00078125
┌ Info: Found initial step size
└   ϵ = 0.0015625
┌ Info: Found initial step size
└   ϵ = 0.0015625
Sampling (4 threads)   0%|▏                             |  ETA: 11.96 days
Sampling (4 threads)   1%|▎                             |  ETA: 5 days, 22:50:41
Sampling (4 threads)   2%|▌                             |  ETA: 3 days, 22:44:56
Sampling (4 threads)   2%|▋                             |  ETA: 3 days, 6:21:59
Sampling (4 threads)   2%|▊                             |  ETA: 2 days, 14:22:24
Sampling (4 threads)   3%|▉                             |  ETA: 2 days, 8:03:13
Sampling (4 threads)   4%|█                             |  ETA: 1 days, 23:47:54
Sampling (4 threads)   4%|█▎                            |  ETA: 1 days, 17:36:25
Sampling (4 threads)   4%|█▍                            |  ETA: 1 days, 15:53:53
Sampling (4 threads)   5%|█▌                            |  ETA: 1 days, 11:43:13
Sampling (4 threads)   6%|█▋                            |  ETA: 1 days, 8:18:07
Sampling (4 threads)   6%|█▊                            |  ETA: 1 days, 7:23:18
Sampling (4 threads)   6%|██                            |  ETA: 1 days, 4:49:11
Sampling (4 threads)   7%|██▏                           |  ETA: 1 days, 2:37:05
Sampling (4 threads)   8%|██▎                           |  ETA: 1 days, 1:56:59
Sampling (4 threads)   8%|██▍                           |  ETA: 1 days, 0:11:47
Sampling (4 threads)   8%|██▌                           |  ETA: 23:33:10
Sampling (4 threads)   9%|██▊                           |  ETA: 22:07:22
Sampling (4 threads)  10%|██▉                           |  ETA: 21:35:35
Sampling (4 threads)  10%|███                           |  ETA: 20:24:00
Sampling (4 threads)  10%|███▏                          |  ETA: 19:19:14
Sampling (4 threads)  11%|███▎                          |  ETA: 19:07:53
Sampling (4 threads)  12%|███▌                          |  ETA: 18:11:49
Sampling (4 threads)  12%|███▋                          |  ETA: 17:52:35
Sampling (4 threads)  12%|███▊                          |  ETA: 17:03:49
Sampling (4 threads)  13%|███▉                          |  ETA: 16:18:49
Sampling (4 threads)  14%|████                          |  ETA: 16:04:34
Sampling (4 threads)  14%|████▎                         |  ETA: 15:24:44
Sampling (4 threads)  14%|████▍                         |  ETA: 15:12:05
Sampling (4 threads)  15%|████▌                         |  ETA: 14:36:32
Sampling (4 threads)  16%|████▋                         |  ETA: 14:42:24
Sampling (4 threads)  16%|████▊                         |  ETA: 14:09:46
Sampling (4 threads)  16%|█████                         |  ETA: 13:39:07
Sampling (4 threads)  17%|█████▏                        |  ETA: 13:10:16
Sampling (4 threads)  18%|█████▎                        |  ETA: 13:00:45
Sampling (4 threads)  18%|█████▍                        |  ETA: 12:34:28
Sampling (4 threads)  18%|█████▌                        |  ETA: 12:38:05
Sampling (4 threads)  19%|█████▊                        |  ETA: 12:13:37
Sampling (4 threads)  20%|█████▉                        |  ETA: 11:50:23
Sampling (4 threads)  20%|██████                        |  ETA: 11:56:45
Sampling (4 threads)  20%|██████▏                       |  ETA: 11:34:53
Sampling (4 threads)  21%|██████▎                       |  ETA: 11:14:05
Sampling (4 threads)  22%|██████▌                       |  ETA: 11:18:53
Sampling (4 threads)  22%|██████▋                       |  ETA: 10:59:13
Sampling (4 threads)  22%|██████▊                       |  ETA: 10:40:27
Sampling (4 threads)  23%|██████▉                       |  ETA: 10:22:29
Sampling (4 threads)  24%|███████                       |  ETA: 10:30:30
Sampling (4 threads)  24%|███████▎                      |  ETA: 10:13:19
Sampling (4 threads)  24%|███████▍                      |  ETA: 9:56:51
Sampling (4 threads)  25%|███████▌                      |  ETA: 10:02:31
Sampling (4 threads)  26%|███████▋                      |  ETA: 9:46:46
Sampling (4 threads)  26%|███████▊                      |  ETA: 9:31:37
Sampling (4 threads)  26%|████████                      |  ETA: 9:39:04
Sampling (4 threads)  27%|████████▏                     |  ETA: 9:24:28
Sampling (4 threads)  28%|████████▎                     |  ETA: 9:10:25
Sampling (4 threads)  28%|████████▍                     |  ETA: 9:17:19
Sampling (4 threads)  28%|████████▌                     |  ETA: 9:03:45
Sampling (4 threads)  29%|████████▊                     |  ETA: 8:50:38
Sampling (4 threads)  30%|████████▉                     |  ETA: 8:37:58
Sampling (4 threads)  30%|█████████                     |  ETA: 8:43:52
Sampling (4 threads)  30%|█████████▏                    |  ETA: 8:31:35
Sampling (4 threads)  31%|█████████▎                    |  ETA: 8:19:43
Sampling (4 threads)  32%|█████████▌                    |  ETA: 8:23:52
Sampling (4 threads)  32%|█████████▋                    |  ETA: 8:12:22
Sampling (4 threads)  32%|█████████▊                    |  ETA: 8:01:14
Sampling (4 threads)  33%|█████████▉                    |  ETA: 8:06:16
Sampling (4 threads)  34%|██████████                    |  ETA: 7:55:26
Sampling (4 threads)  34%|██████████▎                   |  ETA: 7:44:55
Sampling (4 threads)  34%|██████████▍                   |  ETA: 7:47:39
Sampling (4 threads)  35%|██████████▌                   |  ETA: 7:37:27
Sampling (4 threads)  36%|██████████▋                   |  ETA: 7:27:32
Sampling (4 threads)  36%|██████████▊                   |  ETA: 7:31:17
Sampling (4 threads)  36%|███████████                   |  ETA: 7:21:37
Sampling (4 threads)  37%|███████████▏                  |  ETA: 7:12:13
Sampling (4 threads)  38%|███████████▎                  |  ETA: 7:15:07
Sampling (4 threads)  38%|███████████▍                  |  ETA: 7:05:57
Sampling (4 threads)  38%|███████████▌                  |  ETA: 6:57:02
Sampling (4 threads)  39%|███████████▊                  |  ETA: 7:00:14
Sampling (4 threads)  40%|███████████▉                  |  ETA: 6:51:31
Sampling (4 threads)  40%|████████████                  |  ETA: 6:43:01
Sampling (4 threads)  40%|████████████▏                 |  ETA: 6:44:32
Sampling (4 threads)  41%|████████████▎                 |  ETA: 6:36:15
Sampling (4 threads)  42%|████████████▌                 |  ETA: 6:28:09
Sampling (4 threads)  42%|████████████▋                 |  ETA: 6:29:14
Sampling (4 threads)  42%|████████████▊                 |  ETA: 6:21:21
Sampling (4 threads)  43%|████████████▉                 |  ETA: 6:13:38
Sampling (4 threads)  44%|█████████████                 |  ETA: 6:06:06
Sampling (4 threads)  44%|█████████████▎                |  ETA: 6:03:29
Sampling (4 threads)  44%|█████████████▍                |  ETA: 5:56:12
Sampling (4 threads)  45%|█████████████▌                |  ETA: 5:57:30
Sampling (4 threads)  46%|█████████████▋                |  ETA: 5:50:21
Sampling (4 threads)  46%|█████████████▊                |  ETA: 5:43:22
Sampling (4 threads)  46%|██████████████                |  ETA: 5:44:00
Sampling (4 threads)  47%|██████████████▏               |  ETA: 5:37:09
Sampling (4 threads)  48%|██████████████▎               |  ETA: 5:30:28
Sampling (4 threads)  48%|██████████████▍               |  ETA: 5:30:33
Sampling (4 threads)  48%|██████████████▌               |  ETA: 5:24:00
Sampling (4 threads)  49%|██████████████▊               |  ETA: 5:17:35
Sampling (4 threads)  50%|██████████████▉               |  ETA: 5:18:22
Sampling (4 threads)  50%|███████████████               |  ETA: 5:12:04
Sampling (4 threads)  50%|███████████████▏              |  ETA: 5:05:53
Sampling (4 threads)  51%|███████████████▎              |  ETA: 5:05:56
Sampling (4 threads)  52%|███████████████▌              |  ETA: 4:59:52
Sampling (4 threads)  52%|███████████████▋              |  ETA: 4:53:56
Sampling (4 threads)  52%|███████████████▊              |  ETA: 4:53:38
Sampling (4 threads)  53%|███████████████▉              |  ETA: 4:47:48
Sampling (4 threads)  54%|████████████████              |  ETA: 4:42:05
Sampling (4 threads)  54%|████████████████▎             |  ETA: 4:41:55
Sampling (4 threads)  55%|████████████████▍             |  ETA: 4:36:18
Sampling (4 threads)  55%|████████████████▌             |  ETA: 4:30:47
Sampling (4 threads)  56%|████████████████▋             |  ETA: 4:30:26
Sampling (4 threads)  56%|████████████████▊             |  ETA: 4:25:00
Sampling (4 threads)  56%|█████████████████             |  ETA: 4:19:41
Sampling (4 threads)  57%|█████████████████▏            |  ETA: 4:19:28
Sampling (4 threads)  57%|█████████████████▎            |  ETA: 4:14:13
Sampling (4 threads)  58%|█████████████████▍            |  ETA: 4:09:04
Sampling (4 threads)  58%|█████████████████▌            |  ETA: 4:07:19
Sampling (4 threads)  59%|█████████████████▊            |  ETA: 4:02:16
Sampling (4 threads)  60%|█████████████████▉            |  ETA: 4:00:52
Sampling (4 threads)  60%|██████████████████            |  ETA: 3:55:55
Sampling (4 threads)  60%|██████████████████▏           |  ETA: 3:51:02
Sampling (4 threads)  61%|██████████████████▎           |  ETA: 3:48:59
Sampling (4 threads)  62%|██████████████████▌           |  ETA: 3:44:13
Sampling (4 threads)  62%|██████████████████▋           |  ETA: 3:42:21
Sampling (4 threads)  62%|██████████████████▊           |  ETA: 3:37:40
Sampling (4 threads)  63%|██████████████████▉           |  ETA: 3:35:11
Sampling (4 threads)  64%|███████████████████           |  ETA: 3:30:36
Sampling (4 threads)  64%|███████████████████▎          |  ETA: 3:28:04
Sampling (4 threads)  64%|███████████████████▍          |  ETA: 3:23:35
Sampling (4 threads)  65%|███████████████████▌          |  ETA: 3:21:06
Sampling (4 threads)  66%|███████████████████▋          |  ETA: 3:16:43
Sampling (4 threads)  66%|███████████████████▊          |  ETA: 3:14:07
Sampling (4 threads)  66%|████████████████████          |  ETA: 3:09:50
Sampling (4 threads)  67%|████████████████████▏         |  ETA: 3:08:30
Sampling (4 threads)  68%|████████████████████▎         |  ETA: 3:04:16
Sampling (4 threads)  68%|████████████████████▍         |  ETA: 3:00:06
Sampling (4 threads)  68%|████████████████████▌         |  ETA: 2:56:00
Sampling (4 threads)  69%|████████████████████▊         |  ETA: 2:54:57
Sampling (4 threads)  70%|████████████████████▉         |  ETA: 2:50:53
Sampling (4 threads)  70%|█████████████████████         |  ETA: 2:46:53
Sampling (4 threads)  70%|█████████████████████▏        |  ETA: 2:45:39
Sampling (4 threads)  71%|█████████████████████▎        |  ETA: 2:41:42
Sampling (4 threads)  72%|█████████████████████▌        |  ETA: 2:37:48
Sampling (4 threads)  72%|█████████████████████▋        |  ETA: 2:36:25
Sampling (4 threads)  72%|█████████████████████▊        |  ETA: 2:32:34
Sampling (4 threads)  73%|█████████████████████▉        |  ETA: 2:28:46
Sampling (4 threads)  74%|██████████████████████        |  ETA: 2:27:13
Sampling (4 threads)  74%|██████████████████████▎       |  ETA: 2:23:28
Sampling (4 threads)  74%|██████████████████████▍       |  ETA: 2:19:46
Sampling (4 threads)  75%|██████████████████████▌       |  ETA: 2:18:11
Sampling (4 threads)  76%|██████████████████████▋       |  ETA: 2:14:31
Sampling (4 threads)  76%|██████████████████████▊       |  ETA: 2:10:55
Sampling (4 threads)  76%|███████████████████████       |  ETA: 2:07:21
Sampling (4 threads)  77%|███████████████████████▏      |  ETA: 2:05:50
Sampling (4 threads)  78%|███████████████████████▎      |  ETA: 2:02:18
Sampling (4 threads)  78%|███████████████████████▍      |  ETA: 1:58:49
Sampling (4 threads)  78%|███████████████████████▌      |  ETA: 1:57:25
Sampling (4 threads)  79%|███████████████████████▊      |  ETA: 1:53:58
Sampling (4 threads)  80%|███████████████████████▉      |  ETA: 1:50:33
Sampling (4 threads)  80%|████████████████████████      |  ETA: 1:47:11
Sampling (4 threads)  80%|████████████████████████▏     |  ETA: 1:45:40
Sampling (4 threads)  81%|████████████████████████▎     |  ETA: 1:42:19
Sampling (4 threads)  82%|████████████████████████▌     |  ETA: 1:39:01
Sampling (4 threads)  82%|████████████████████████▋     |  ETA: 1:37:28
Sampling (4 threads)  82%|████████████████████████▊     |  ETA: 1:34:11
Sampling (4 threads)  83%|████████████████████████▉     |  ETA: 1:30:56
Sampling (4 threads)  84%|█████████████████████████     |  ETA: 1:27:44
Sampling (4 threads)  84%|█████████████████████████▎    |  ETA: 1:25:56
Sampling (4 threads)  84%|█████████████████████████▍    |  ETA: 1:22:46
Sampling (4 threads)  85%|█████████████████████████▌    |  ETA: 1:19:37
Sampling (4 threads)  86%|█████████████████████████▋    |  ETA: 1:17:03
Sampling (4 threads)  86%|█████████████████████████▊    |  ETA: 1:14:06
Sampling (4 threads)  86%|██████████████████████████    |  ETA: 1:11:44
Sampling (4 threads)  87%|██████████████████████████▏   |  ETA: 1:08:43
Sampling (4 threads)  88%|██████████████████████████▎   |  ETA: 1:06:16
Sampling (4 threads)  88%|██████████████████████████▍   |  ETA: 1:03:39
Sampling (4 threads)  88%|██████████████████████████▌   |  ETA: 1:01:07
Sampling (4 threads)  89%|██████████████████████████▊   |  ETA: 0:58:37
Sampling (4 threads)  90%|██████████████████████████▉   |  ETA: 0:56:02
Sampling (4 threads)  90%|███████████████████████████   |  ETA: 0:53:24
Sampling (4 threads)  90%|███████████████████████████▏  |  ETA: 0:50:48
Sampling (4 threads)  91%|███████████████████████████▎  |  ETA: 0:48:15
Sampling (4 threads)  92%|███████████████████████████▌  |  ETA: 0:45:41
Sampling (4 threads)  92%|███████████████████████████▋  |  ETA: 0:43:03
Sampling (4 threads)  92%|███████████████████████████▊  |  ETA: 0:40:29
Sampling (4 threads)  93%|███████████████████████████▉  |  ETA: 0:37:52
Sampling (4 threads)  94%|████████████████████████████  |  ETA: 0:35:13
Sampling (4 threads)  94%|████████████████████████████▎ |  ETA: 0:32:32
Sampling (4 threads)  94%|████████████████████████████▍ |  ETA: 0:29:55
Sampling (4 threads)  95%|████████████████████████████▌ |  ETA: 0:27:14
Sampling (4 threads)  96%|████████████████████████████▋ |  ETA: 0:24:32
Sampling (4 threads)  96%|████████████████████████████▊ |  ETA: 0:21:50
Sampling (4 threads)  96%|█████████████████████████████ |  ETA: 0:19:09
Sampling (4 threads)  97%|█████████████████████████████▏|  ETA: 0:16:27
Sampling (4 threads)  98%|█████████████████████████████▎|  ETA: 0:13:43
Sampling (4 threads)  98%|█████████████████████████████▍|  ETA: 0:11:00
Sampling (4 threads)  98%|█████████████████████████████▌|  ETA: 0:08:15
Sampling (4 threads)  99%|█████████████████████████████▊|  ETA: 0:05:31
Sampling (4 threads) 100%|█████████████████████████████▉|  ETA: 0:02:46
Sampling (4 threads) 100%|██████████████████████████████| Time: 9:13:24
Sampling (4 threads) 100%|██████████████████████████████| Time: 9:13:27
Precompiling project...
  ✗ DistributionsAD → DistributionsADReverseDiffExt
  0 dependencies successfully precompiled in 32 seconds. 549 already precompiled.
┌ Warning: Runtime invalidation was disabled, but the CPU info is out-of-date.
│ Will continue with incorrect CPU name (from build time).
└ @ HostCPUFeatures ~/.julia/packages/HostCPUFeatures/ZTXz4/src/cpu_info.jl:71
┌ Warning: Runtime invalidation was disabled, but the CPU info is out-of-date.
│ Will continue with incorrect CPU feature flag: +avx512vnni.
└ @ HostCPUFeatures ~/.julia/packages/HostCPUFeatures/ZTXz4/src/cpu_info.jl:56
┌ Warning: Runtime invalidation was disabled, but the CPU info is out-of-date.
│ Will continue with incorrect CPU feature flag: -rtm.
└ @ HostCPUFeatures ~/.julia/packages/HostCPUFeatures/ZTXz4/src/cpu_info.jl:56
Sampling (4 threads)   0%|                              |  ETA: N/A
┌ Info: Found initial step size
└   ϵ = 0.003125
┌ Info: Found initial step size
└   ϵ = 0.00078125
┌ Info: Found initial step size
└   ϵ = 0.000390625
┌ Info: Found initial step size
└   ϵ = 0.000390625
Sampling (4 threads)   0%|▏                             |  ETA: 10.05 days
Sampling (4 threads)   1%|▎                             |  ETA: 5 days, 0:00:29
Sampling (4 threads)   2%|▌                             |  ETA: 3 days, 7:36:05
Sampling (4 threads)   2%|▋                             |  ETA: 2 days, 17:54:36
Sampling (4 threads)   2%|▊                             |  ETA: 2 days, 4:27:33
Sampling (4 threads)   3%|▉                             |  ETA: 1 days, 21:54:20
Sampling (4 threads)   4%|█                             |  ETA: 1 days, 15:08:41
Sampling (4 threads)   4%|█▎                            |  ETA: 1 days, 11:28:22
Sampling (4 threads)   4%|█▍                            |  ETA: 1 days, 7:22:02
Sampling (4 threads)   5%|█▌                            |  ETA: 1 days, 5:49:24
Sampling (4 threads)   6%|█▋                            |  ETA: 1 days, 2:58:10
Sampling (4 threads)   6%|█▊                            |  ETA: 1 days, 2:31:03
Sampling (4 threads)   6%|██                            |  ETA: 1 days, 0:20:51
Sampling (4 threads)   7%|██▏                           |  ETA: 22:29:15
Sampling (4 threads)   8%|██▎                           |  ETA: 20:52:31
Sampling (4 threads)   8%|██▍                           |  ETA: 20:57:05
Sampling (4 threads)   8%|██▌                           |  ETA: 19:36:43
Sampling (4 threads)   9%|██▊                           |  ETA: 18:25:16
Sampling (4 threads)  10%|██▉                           |  ETA: 18:21:24
Sampling (4 threads)  10%|███                           |  ETA: 17:20:33
Sampling (4 threads)  10%|███▏                          |  ETA: 17:01:01
Sampling (4 threads)  11%|███▎                          |  ETA: 16:09:10
Sampling (4 threads)  12%|███▌                          |  ETA: 15:50:14
Sampling (4 threads)  12%|███▋                          |  ETA: 15:05:30
Sampling (4 threads)  12%|███▊                          |  ETA: 14:24:21
Sampling (4 threads)  13%|███▉                          |  ETA: 14:27:35
Sampling (4 threads)  14%|████                          |  ETA: 13:50:39
Sampling (4 threads)  14%|████▎                         |  ETA: 13:16:21
Sampling (4 threads)  14%|████▍                         |  ETA: 13:24:47
Sampling (4 threads)  15%|████▌                         |  ETA: 12:53:25
Sampling (4 threads)  16%|████▋                         |  ETA: 12:24:03
Sampling (4 threads)  16%|████▊                         |  ETA: 12:30:47
Sampling (4 threads)  16%|█████                         |  ETA: 12:03:42
Sampling (4 threads)  17%|█████▏                        |  ETA: 11:38:13
Sampling (4 threads)  18%|█████▎                        |  ETA: 11:14:10
Sampling (4 threads)  18%|█████▍                        |  ETA: 11:13:31
Sampling (4 threads)  18%|█████▌                        |  ETA: 10:51:19
Sampling (4 threads)  19%|█████▊                        |  ETA: 11:03:00
Sampling (4 threads)  20%|█████▉                        |  ETA: 10:42:00
Sampling (4 threads)  20%|██████                        |  ETA: 10:22:04
Sampling (4 threads)  20%|██████▏                       |  ETA: 10:23:31
Sampling (4 threads)  21%|██████▎                       |  ETA: 10:04:51
Sampling (4 threads)  22%|██████▌                       |  ETA: 10:04:45
Sampling (4 threads)  22%|██████▋                       |  ETA: 9:47:14
Sampling (4 threads)  22%|██████▊                       |  ETA: 9:46:01
Sampling (4 threads)  23%|██████▉                       |  ETA: 9:29:35
Sampling (4 threads)  24%|███████                       |  ETA: 9:13:51
Sampling (4 threads)  24%|███████▎                      |  ETA: 9:15:49
Sampling (4 threads)  24%|███████▍                      |  ETA: 9:00:53
Sampling (4 threads)  25%|███████▌                      |  ETA: 8:46:34
Sampling (4 threads)  26%|███████▋                      |  ETA: 8:48:40
Sampling (4 threads)  26%|███████▊                      |  ETA: 8:35:02
Sampling (4 threads)  26%|████████                      |  ETA: 8:36:20
Sampling (4 threads)  27%|████████▏                     |  ETA: 8:23:20
Sampling (4 threads)  28%|████████▎                     |  ETA: 8:10:48
Sampling (4 threads)  28%|████████▍                     |  ETA: 8:12:55
Sampling (4 threads)  28%|████████▌                     |  ETA: 8:00:55
Sampling (4 threads)  29%|████████▊                     |  ETA: 8:04:31
Sampling (4 threads)  30%|████████▉                     |  ETA: 7:52:57
Sampling (4 threads)  30%|█████████                     |  ETA: 7:41:46
Sampling (4 threads)  30%|█████████▏                    |  ETA: 7:44:04
Sampling (4 threads)  31%|█████████▎                    |  ETA: 7:33:18
Sampling (4 threads)  32%|█████████▌                    |  ETA: 7:22:52
Sampling (4 threads)  32%|█████████▋                    |  ETA: 7:25:50
Sampling (4 threads)  32%|█████████▊                    |  ETA: 7:15:45
Sampling (4 threads)  33%|█████████▉                    |  ETA: 7:18:03
Sampling (4 threads)  34%|██████████                    |  ETA: 7:08:17
Sampling (4 threads)  34%|██████████▎                   |  ETA: 7:09:22
Sampling (4 threads)  34%|██████████▍                   |  ETA: 6:59:56
Sampling (4 threads)  35%|██████████▌                   |  ETA: 6:50:47
Sampling (4 threads)  36%|██████████▋                   |  ETA: 6:52:11
Sampling (4 threads)  36%|██████████▊                   |  ETA: 6:43:18
Sampling (4 threads)  36%|███████████                   |  ETA: 6:42:54
Sampling (4 threads)  37%|███████████▏                  |  ETA: 6:34:19
Sampling (4 threads)  38%|███████████▎                  |  ETA: 6:25:59
Sampling (4 threads)  38%|███████████▍                  |  ETA: 6:27:32
Sampling (4 threads)  38%|███████████▌                  |  ETA: 6:19:25
Sampling (4 threads)  39%|███████████▊                  |  ETA: 6:24:59
Sampling (4 threads)  40%|███████████▉                  |  ETA: 6:17:00
Sampling (4 threads)  40%|████████████                  |  ETA: 6:09:12
Sampling (4 threads)  40%|████████████▏                 |  ETA: 6:01:36
Sampling (4 threads)  41%|████████████▎                 |  ETA: 6:01:28
Sampling (4 threads)  42%|████████████▌                 |  ETA: 5:54:05
Sampling (4 threads)  42%|████████████▋                 |  ETA: 5:54:42
Sampling (4 threads)  42%|████████████▊                 |  ETA: 5:47:30
Sampling (4 threads)  43%|████████████▉                 |  ETA: 5:46:41
Sampling (4 threads)  44%|█████████████                 |  ETA: 5:39:42
Sampling (4 threads)  44%|█████████████▎                |  ETA: 5:39:32
Sampling (4 threads)  44%|█████████████▍                |  ETA: 5:32:44
Sampling (4 threads)  45%|█████████████▌                |  ETA: 5:32:48
Sampling (4 threads)  46%|█████████████▋                |  ETA: 5:26:09
Sampling (4 threads)  46%|█████████████▊                |  ETA: 5:19:39
Sampling (4 threads)  46%|██████████████                |  ETA: 5:19:04
Sampling (4 threads)  47%|██████████████▏               |  ETA: 5:12:44
Sampling (4 threads)  48%|██████████████▎               |  ETA: 5:12:00
Sampling (4 threads)  48%|██████████████▍               |  ETA: 5:05:48
Sampling (4 threads)  48%|██████████████▌               |  ETA: 4:59:44
Sampling (4 threads)  49%|██████████████▊               |  ETA: 4:58:44
Sampling (4 threads)  50%|██████████████▉               |  ETA: 4:52:49
Sampling (4 threads)  50%|███████████████               |  ETA: 4:52:34
Sampling (4 threads)  50%|███████████████▏              |  ETA: 4:46:46
Sampling (4 threads)  51%|███████████████▎              |  ETA: 4:48:04
Sampling (4 threads)  52%|███████████████▌              |  ETA: 4:42:21
Sampling (4 threads)  52%|███████████████▋              |  ETA: 4:36:45
Sampling (4 threads)  52%|███████████████▊              |  ETA: 4:31:16
Sampling (4 threads)  53%|███████████████▉              |  ETA: 4:33:04
Sampling (4 threads)  54%|████████████████              |  ETA: 4:27:38
Sampling (4 threads)  54%|████████████████▎             |  ETA: 4:22:18
Sampling (4 threads)  55%|████████████████▍             |  ETA: 4:24:39
Sampling (4 threads)  55%|████████████████▌             |  ETA: 4:19:21
Sampling (4 threads)  56%|████████████████▋             |  ETA: 4:14:10
Sampling (4 threads)  56%|████████████████▊             |  ETA: 4:09:04
Sampling (4 threads)  56%|█████████████████             |  ETA: 4:10:03
Sampling (4 threads)  57%|█████████████████▏            |  ETA: 4:05:00
Sampling (4 threads)  57%|█████████████████▎            |  ETA: 4:00:03
Sampling (4 threads)  58%|█████████████████▍            |  ETA: 4:00:33
Sampling (4 threads)  58%|█████████████████▌            |  ETA: 3:55:39
Sampling (4 threads)  59%|█████████████████▊            |  ETA: 3:50:50
Sampling (4 threads)  60%|█████████████████▉            |  ETA: 3:51:14
Sampling (4 threads)  60%|██████████████████            |  ETA: 3:46:28
Sampling (4 threads)  60%|██████████████████▏           |  ETA: 3:41:47
Sampling (4 threads)  61%|██████████████████▎           |  ETA: 3:42:01
Sampling (4 threads)  62%|██████████████████▌           |  ETA: 3:37:24
Sampling (4 threads)  62%|██████████████████▋           |  ETA: 3:32:50
Sampling (4 threads)  62%|██████████████████▊           |  ETA: 3:28:22
Sampling (4 threads)  63%|██████████████████▉           |  ETA: 3:28:33
Sampling (4 threads)  64%|███████████████████           |  ETA: 3:24:07
Sampling (4 threads)  64%|███████████████████▎          |  ETA: 3:22:24
Sampling (4 threads)  64%|███████████████████▍          |  ETA: 3:18:02
Sampling (4 threads)  65%|███████████████████▌          |  ETA: 3:15:52
Sampling (4 threads)  66%|███████████████████▋          |  ETA: 3:11:35
Sampling (4 threads)  66%|███████████████████▊          |  ETA: 3:07:23
Sampling (4 threads)  66%|████████████████████          |  ETA: 3:05:14
Sampling (4 threads)  67%|████████████████████▏         |  ETA: 3:01:06
Sampling (4 threads)  68%|████████████████████▎         |  ETA: 3:00:49
Sampling (4 threads)  68%|████████████████████▍         |  ETA: 2:56:43
Sampling (4 threads)  68%|████████████████████▌         |  ETA: 2:52:41
Sampling (4 threads)  69%|████████████████████▊         |  ETA: 2:52:16
Sampling (4 threads)  70%|████████████████████▉         |  ETA: 2:48:16
Sampling (4 threads)  70%|█████████████████████         |  ETA: 2:44:20
Sampling (4 threads)  70%|█████████████████████▏        |  ETA: 2:40:26
Sampling (4 threads)  71%|█████████████████████▎        |  ETA: 2:39:40
Sampling (4 threads)  72%|█████████████████████▌        |  ETA: 2:35:49
Sampling (4 threads)  72%|█████████████████████▋        |  ETA: 2:32:01
Sampling (4 threads)  72%|█████████████████████▊        |  ETA: 2:31:04
Sampling (4 threads)  73%|█████████████████████▉        |  ETA: 2:27:18
Sampling (4 threads)  74%|██████████████████████        |  ETA: 2:23:35
Sampling (4 threads)  74%|██████████████████████▎       |  ETA: 2:19:56
Sampling (4 threads)  74%|██████████████████████▍       |  ETA: 2:18:48
Sampling (4 threads)  75%|██████████████████████▌       |  ETA: 2:15:10
Sampling (4 threads)  76%|██████████████████████▋       |  ETA: 2:11:36
Sampling (4 threads)  76%|██████████████████████▊       |  ETA: 2:09:25
Sampling (4 threads)  76%|███████████████████████       |  ETA: 2:05:54
Sampling (4 threads)  77%|███████████████████████▏      |  ETA: 2:03:35
Sampling (4 threads)  78%|███████████████████████▎      |  ETA: 2:00:07
Sampling (4 threads)  78%|███████████████████████▍      |  ETA: 1:57:50
Sampling (4 threads)  78%|███████████████████████▌      |  ETA: 1:54:26
Sampling (4 threads)  79%|███████████████████████▊      |  ETA: 1:52:08
Sampling (4 threads)  80%|███████████████████████▉      |  ETA: 1:48:46
Sampling (4 threads)  80%|████████████████████████      |  ETA: 1:46:38
Sampling (4 threads)  80%|████████████████████████▏     |  ETA: 1:43:19
Sampling (4 threads)  81%|████████████████████████▎     |  ETA: 1:41:54
Sampling (4 threads)  82%|████████████████████████▌     |  ETA: 1:38:36
Sampling (4 threads)  82%|████████████████████████▋     |  ETA: 1:35:21
Sampling (4 threads)  82%|████████████████████████▊     |  ETA: 1:33:49
Sampling (4 threads)  83%|████████████████████████▉     |  ETA: 1:30:35
Sampling (4 threads)  84%|█████████████████████████     |  ETA: 1:27:24
Sampling (4 threads)  84%|█████████████████████████▎    |  ETA: 1:24:15
Sampling (4 threads)  84%|█████████████████████████▍    |  ETA: 1:22:33
Sampling (4 threads)  85%|█████████████████████████▌    |  ETA: 1:19:25
Sampling (4 threads)  86%|█████████████████████████▋    |  ETA: 1:16:19
Sampling (4 threads)  86%|█████████████████████████▊    |  ETA: 1:14:27
Sampling (4 threads)  86%|██████████████████████████    |  ETA: 1:11:22
Sampling (4 threads)  87%|██████████████████████████▏   |  ETA: 1:08:20
Sampling (4 threads)  88%|██████████████████████████▎   |  ETA: 1:06:27
Sampling (4 threads)  88%|██████████████████████████▍   |  ETA: 1:03:25
Sampling (4 threads)  88%|██████████████████████████▌   |  ETA: 1:00:26
Sampling (4 threads)  89%|██████████████████████████▊   |  ETA: 0:57:29
Sampling (4 threads)  90%|██████████████████████████▉   |  ETA: 0:55:04
Sampling (4 threads)  90%|███████████████████████████   |  ETA: 0:52:09
Sampling (4 threads)  90%|███████████████████████████▏  |  ETA: 0:49:37
Sampling (4 threads)  91%|███████████████████████████▎  |  ETA: 0:46:58
Sampling (4 threads)  92%|███████████████████████████▌  |  ETA: 0:44:13
Sampling (4 threads)  92%|███████████████████████████▋  |  ETA: 0:41:42
Sampling (4 threads)  92%|███████████████████████████▊  |  ETA: 0:39:07
Sampling (4 threads)  93%|███████████████████████████▉  |  ETA: 0:36:32
Sampling (4 threads)  94%|████████████████████████████  |  ETA: 0:33:58
Sampling (4 threads)  94%|████████████████████████████▎ |  ETA: 0:31:23
Sampling (4 threads)  94%|████████████████████████████▍ |  ETA: 0:28:48
Sampling (4 threads)  95%|████████████████████████████▌ |  ETA: 0:26:25
Sampling (4 threads)  96%|████████████████████████████▋ |  ETA: 0:23:58
Sampling (4 threads)  96%|████████████████████████████▊ |  ETA: 0:21:29
Sampling (4 threads)  96%|█████████████████████████████ |  ETA: 0:18:57
Sampling (4 threads)  97%|█████████████████████████████▏|  ETA: 0:16:24
Sampling (4 threads)  98%|█████████████████████████████▎|  ETA: 0:13:47
Sampling (4 threads)  98%|█████████████████████████████▍|  ETA: 0:11:06
Sampling (4 threads)  98%|█████████████████████████████▌|  ETA: 0:08:22
Sampling (4 threads)  99%|█████████████████████████████▊|  ETA: 0:05:37
Sampling (4 threads) 100%|█████████████████████████████▉|  ETA: 0:02:50
Sampling (4 threads) 100%|██████████████████████████████| Time: 9:28:44
Sampling (4 threads) 100%|██████████████████████████████| Time: 9:28:47
Precompiling project...
    DistributionsADReverseDiffExt Being precompiled by another process (pid: 1609638, pidfile: /user/home/em18564/.julia/compiled/v1.10/DistributionsADReverseDiffExt/hY00X_4RpdW.ji.pidfile)
  ✗ DistributionsAD → DistributionsADReverseDiffExt
  0 dependencies successfully precompiled in 41 seconds. 549 already precompiled.
┌ Warning: Runtime invalidation was disabled, but the CPU info is out-of-date.
│ Will continue with incorrect CPU name (from build time).
└ @ HostCPUFeatures ~/.julia/packages/HostCPUFeatures/ZTXz4/src/cpu_info.jl:71
┌ Warning: Runtime invalidation was disabled, but the CPU info is out-of-date.
│ Will continue with incorrect CPU feature flag: +avx512vnni.
└ @ HostCPUFeatures ~/.julia/packages/HostCPUFeatures/ZTXz4/src/cpu_info.jl:56
┌ Warning: Runtime invalidation was disabled, but the CPU info is out-of-date.
│ Will continue with incorrect CPU feature flag: -rtm.
└ @ HostCPUFeatures ~/.julia/packages/HostCPUFeatures/ZTXz4/src/cpu_info.jl:56
Sampling (4 threads)   0%|                              |  ETA: N/A
┌ Info: Found initial step size
└   ϵ = 0.00078125
┌ Info: Found initial step size
└   ϵ = 0.0015625
┌ Info: Found initial step size
└   ϵ = 0.0015625
┌ Info: Found initial step size
└   ϵ = 0.00078125
Sampling (4 threads)   0%|▏                             |  ETA: 12.29 days
Sampling (4 threads)   1%|▎                             |  ETA: 6 days, 2:47:55
Sampling (4 threads)   2%|▌                             |  ETA: 4 days, 14:28:31
Sampling (4 threads)   2%|▋                             |  ETA: 3 days, 10:26:09
Sampling (4 threads)   2%|▊                             |  ETA: 2 days, 17:36:44
Sampling (4 threads)   3%|▉                             |  ETA: 2 days, 6:23:47
Sampling (4 threads)   4%|█                             |  ETA: 2 days, 2:56:28
Sampling (4 threads)   4%|█▎                            |  ETA: 1 days, 20:20:33
Sampling (4 threads)   4%|█▍                            |  ETA: 1 days, 15:12:37
Sampling (4 threads)   5%|█▌                            |  ETA: 1 days, 12:39:17
Sampling (4 threads)   6%|█▋                            |  ETA: 1 days, 9:08:49
Sampling (4 threads)   6%|█▊                            |  ETA: 1 days, 7:34:05
Sampling (4 threads)   6%|██                            |  ETA: 1 days, 4:59:05
Sampling (4 threads)   7%|██▏                           |  ETA: 1 days, 3:43:59
Sampling (4 threads)   8%|██▎                           |  ETA: 1 days, 1:44:42
Sampling (4 threads)   8%|██▍                           |  ETA: 1 days, 1:03:57
Sampling (4 threads)   8%|██▌                           |  ETA: 23:27:47
Sampling (4 threads)   9%|██▊                           |  ETA: 22:02:19
Sampling (4 threads)  10%|██▉                           |  ETA: 21:27:35
Sampling (4 threads)  10%|███                           |  ETA: 20:16:26
Sampling (4 threads)  10%|███▏                          |  ETA: 19:43:24
Sampling (4 threads)  11%|███▎                          |  ETA: 18:43:18
Sampling (4 threads)  12%|███▌                          |  ETA: 18:18:13
Sampling (4 threads)  12%|███▋                          |  ETA: 17:26:31
Sampling (4 threads)  12%|███▊                          |  ETA: 17:04:54
Sampling (4 threads)  13%|███▉                          |  ETA: 16:19:51
Sampling (4 threads)  14%|████                          |  ETA: 16:05:15
Sampling (4 threads)  14%|████▎                         |  ETA: 15:25:24
Sampling (4 threads)  14%|████▍                         |  ETA: 14:48:18
Sampling (4 threads)  15%|████▌                         |  ETA: 14:37:35
Sampling (4 threads)  16%|████▋                         |  ETA: 14:04:16
Sampling (4 threads)  16%|████▊                         |  ETA: 13:52:53
Sampling (4 threads)  16%|█████                         |  ETA: 13:22:51
Sampling (4 threads)  17%|█████▏                        |  ETA: 13:13:35
Sampling (4 threads)  18%|█████▎                        |  ETA: 12:46:16
Sampling (4 threads)  18%|█████▍                        |  ETA: 12:36:52
Sampling (4 threads)  18%|█████▌                        |  ETA: 12:11:55
Sampling (4 threads)  19%|█████▊                        |  ETA: 12:11:28
Sampling (4 threads)  20%|█████▉                        |  ETA: 11:48:18
Sampling (4 threads)  20%|██████                        |  ETA: 11:26:19
Sampling (4 threads)  20%|██████▏                       |  ETA: 11:29:03
Sampling (4 threads)  21%|██████▎                       |  ETA: 11:08:25
Sampling (4 threads)  22%|██████▌                       |  ETA: 11:10:08
Sampling (4 threads)  22%|██████▋                       |  ETA: 10:50:44
Sampling (4 threads)  22%|██████▊                       |  ETA: 10:32:12
Sampling (4 threads)  23%|██████▉                       |  ETA: 10:38:56
Sampling (4 threads)  24%|███████                       |  ETA: 10:21:16
Sampling (4 threads)  24%|███████▎                      |  ETA: 10:04:21
Sampling (4 threads)  24%|███████▍                      |  ETA: 10:00:33
Sampling (4 threads)  25%|███████▌                      |  ETA: 9:44:39
Sampling (4 threads)  26%|███████▋                      |  ETA: 9:51:15
Sampling (4 threads)  26%|███████▊                      |  ETA: 9:36:00
Sampling (4 threads)  26%|████████                      |  ETA: 9:21:19
Sampling (4 threads)  27%|████████▏                     |  ETA: 9:27:16
Sampling (4 threads)  28%|████████▎                     |  ETA: 9:13:08
Sampling (4 threads)  28%|████████▍                     |  ETA: 8:59:31
Sampling (4 threads)  28%|████████▌                     |  ETA: 9:03:28
Sampling (4 threads)  29%|████████▊                     |  ETA: 8:50:21
Sampling (4 threads)  30%|████████▉                     |  ETA: 8:37:42
Sampling (4 threads)  30%|█████████                     |  ETA: 8:39:59
Sampling (4 threads)  30%|█████████▏                    |  ETA: 8:27:49
Sampling (4 threads)  31%|█████████▎                    |  ETA: 8:16:02
Sampling (4 threads)  32%|█████████▌                    |  ETA: 8:19:27
Sampling (4 threads)  32%|█████████▋                    |  ETA: 8:08:03
Sampling (4 threads)  32%|█████████▊                    |  ETA: 8:09:39
Sampling (4 threads)  33%|█████████▉                    |  ETA: 7:58:39
Sampling (4 threads)  34%|██████████                    |  ETA: 7:48:00
Sampling (4 threads)  34%|██████████▎                   |  ETA: 7:50:56
Sampling (4 threads)  34%|██████████▍                   |  ETA: 7:40:36
Sampling (4 threads)  35%|██████████▌                   |  ETA: 7:30:33
Sampling (4 threads)  36%|██████████▋                   |  ETA: 7:33:02
Sampling (4 threads)  36%|██████████▊                   |  ETA: 7:23:17
Sampling (4 threads)  36%|███████████                   |  ETA: 7:13:47
Sampling (4 threads)  37%|███████████▏                  |  ETA: 7:15:38
Sampling (4 threads)  38%|███████████▎                  |  ETA: 7:06:25
Sampling (4 threads)  38%|███████████▍                  |  ETA: 6:57:26
Sampling (4 threads)  38%|███████████▌                  |  ETA: 6:59:36
Sampling (4 threads)  39%|███████████▊                  |  ETA: 6:50:51
Sampling (4 threads)  40%|███████████▉                  |  ETA: 6:42:20
Sampling (4 threads)  40%|████████████                  |  ETA: 6:44:17
Sampling (4 threads)  40%|████████████▏                 |  ETA: 6:35:58
Sampling (4 threads)  41%|████████████▎                 |  ETA: 6:27:51
Sampling (4 threads)  42%|████████████▌                 |  ETA: 6:29:39
Sampling (4 threads)  42%|████████████▋                 |  ETA: 6:21:43
Sampling (4 threads)  42%|████████████▊                 |  ETA: 6:13:58
Sampling (4 threads)  43%|████████████▉                 |  ETA: 6:14:34
Sampling (4 threads)  44%|█████████████                 |  ETA: 6:07:01
Sampling (4 threads)  44%|█████████████▎                |  ETA: 6:07:36
Sampling (4 threads)  44%|█████████████▍                |  ETA: 6:00:14
Sampling (4 threads)  45%|█████████████▌                |  ETA: 5:53:01
Sampling (4 threads)  46%|█████████████▋                |  ETA: 5:53:11
Sampling (4 threads)  46%|█████████████▊                |  ETA: 5:46:08
Sampling (4 threads)  46%|██████████████                |  ETA: 5:39:15
Sampling (4 threads)  47%|██████████████▏               |  ETA: 5:39:30
Sampling (4 threads)  48%|██████████████▎               |  ETA: 5:32:45
Sampling (4 threads)  48%|██████████████▍               |  ETA: 5:33:02
Sampling (4 threads)  48%|██████████████▌               |  ETA: 5:26:26
Sampling (4 threads)  49%|██████████████▊               |  ETA: 5:19:58
Sampling (4 threads)  50%|██████████████▉               |  ETA: 5:20:16
Sampling (4 threads)  50%|███████████████               |  ETA: 5:13:55
Sampling (4 threads)  50%|███████████████▏              |  ETA: 5:07:42
Sampling (4 threads)  51%|███████████████▎              |  ETA: 5:07:25
Sampling (4 threads)  52%|███████████████▌              |  ETA: 5:01:19
Sampling (4 threads)  52%|███████████████▋              |  ETA: 4:55:21
Sampling (4 threads)  52%|███████████████▊              |  ETA: 4:55:31
Sampling (4 threads)  53%|███████████████▉              |  ETA: 4:49:39
Sampling (4 threads)  54%|████████████████              |  ETA: 4:49:17
Sampling (4 threads)  54%|████████████████▎             |  ETA: 4:43:32
Sampling (4 threads)  55%|████████████████▍             |  ETA: 4:37:52
Sampling (4 threads)  55%|████████████████▌             |  ETA: 4:38:06
Sampling (4 threads)  56%|████████████████▋             |  ETA: 4:32:31
Sampling (4 threads)  56%|████████████████▊             |  ETA: 4:27:03
Sampling (4 threads)  56%|█████████████████             |  ETA: 4:26:37
Sampling (4 threads)  57%|█████████████████▏            |  ETA: 4:21:14
Sampling (4 threads)  57%|█████████████████▎            |  ETA: 4:15:57
Sampling (4 threads)  58%|█████████████████▍            |  ETA: 4:15:28
Sampling (4 threads)  58%|█████████████████▌            |  ETA: 4:10:16
Sampling (4 threads)  59%|█████████████████▊            |  ETA: 4:09:33
Sampling (4 threads)  60%|█████████████████▉            |  ETA: 4:04:26
Sampling (4 threads)  60%|██████████████████            |  ETA: 3:59:24
Sampling (4 threads)  60%|██████████████████▏           |  ETA: 3:58:28
Sampling (4 threads)  61%|██████████████████▎           |  ETA: 3:53:31
Sampling (4 threads)  62%|██████████████████▌           |  ETA: 3:48:39
Sampling (4 threads)  62%|██████████████████▋           |  ETA: 3:47:22
Sampling (4 threads)  62%|██████████████████▊           |  ETA: 3:42:34
Sampling (4 threads)  63%|██████████████████▉           |  ETA: 3:37:52
Sampling (4 threads)  64%|███████████████████           |  ETA: 3:36:34
Sampling (4 threads)  64%|███████████████████▎          |  ETA: 3:31:56
Sampling (4 threads)  64%|███████████████████▍          |  ETA: 3:30:25
Sampling (4 threads)  65%|███████████████████▌          |  ETA: 3:25:52
Sampling (4 threads)  66%|███████████████████▋          |  ETA: 3:21:22
Sampling (4 threads)  66%|███████████████████▊          |  ETA: 3:20:03
Sampling (4 threads)  66%|████████████████████          |  ETA: 3:15:38
Sampling (4 threads)  67%|████████████████████▏         |  ETA: 3:11:16
Sampling (4 threads)  68%|████████████████████▎         |  ETA: 3:09:27
Sampling (4 threads)  68%|████████████████████▍         |  ETA: 3:05:09
Sampling (4 threads)  68%|████████████████████▌         |  ETA: 3:00:56
Sampling (4 threads)  69%|████████████████████▊         |  ETA: 2:59:01
Sampling (4 threads)  70%|████████████████████▉         |  ETA: 2:54:51
Sampling (4 threads)  70%|█████████████████████         |  ETA: 2:52:41
Sampling (4 threads)  70%|█████████████████████▏        |  ETA: 2:48:36
Sampling (4 threads)  71%|█████████████████████▎        |  ETA: 2:44:35
Sampling (4 threads)  72%|█████████████████████▌        |  ETA: 2:42:57
Sampling (4 threads)  72%|█████████████████████▋        |  ETA: 2:38:58
Sampling (4 threads)  72%|█████████████████████▊        |  ETA: 2:37:08
Sampling (4 threads)  73%|█████████████████████▉        |  ETA: 2:33:14
Sampling (4 threads)  74%|██████████████████████        |  ETA: 2:29:22
Sampling (4 threads)  74%|██████████████████████▎       |  ETA: 2:27:37
Sampling (4 threads)  74%|██████████████████████▍       |  ETA: 2:23:48
Sampling (4 threads)  75%|██████████████████████▌       |  ETA: 2:20:03
Sampling (4 threads)  76%|██████████████████████▋       |  ETA: 2:18:36
Sampling (4 threads)  76%|██████████████████████▊       |  ETA: 2:14:52
Sampling (4 threads)  76%|███████████████████████       |  ETA: 2:11:12
Sampling (4 threads)  77%|███████████████████████▏      |  ETA: 2:09:40
Sampling (4 threads)  78%|███████████████████████▎      |  ETA: 2:06:02
Sampling (4 threads)  78%|███████████████████████▍      |  ETA: 2:02:27
Sampling (4 threads)  78%|███████████████████████▌      |  ETA: 1:59:10
Sampling (4 threads)  79%|███████████████████████▊      |  ETA: 1:56:46
Sampling (4 threads)  80%|███████████████████████▉      |  ETA: 1:53:31
Sampling (4 threads)  80%|████████████████████████      |  ETA: 1:50:50
Sampling (4 threads)  80%|████████████████████████▏     |  ETA: 1:48:04
Sampling (4 threads)  81%|████████████████████████▎     |  ETA: 1:45:24
Sampling (4 threads)  82%|████████████████████████▌     |  ETA: 1:42:13
Sampling (4 threads)  82%|████████████████████████▋     |  ETA: 1:39:31
Sampling (4 threads)  82%|████████████████████████▊     |  ETA: 1:36:44
Sampling (4 threads)  83%|████████████████████████▉     |  ETA: 1:33:50
Sampling (4 threads)  84%|█████████████████████████     |  ETA: 1:31:07
Sampling (4 threads)  84%|█████████████████████████▎    |  ETA: 1:28:19
Sampling (4 threads)  84%|█████████████████████████▍    |  ETA: 1:25:39
Sampling (4 threads)  85%|█████████████████████████▌    |  ETA: 1:22:37
Sampling (4 threads)  86%|█████████████████████████▋    |  ETA: 1:20:03
Sampling (4 threads)  86%|█████████████████████████▊    |  ETA: 1:16:57
Sampling (4 threads)  86%|██████████████████████████    |  ETA: 1:14:18
Sampling (4 threads)  87%|██████████████████████████▏   |  ETA: 1:11:37
Sampling (4 threads)  88%|██████████████████████████▎   |  ETA: 1:09:07
Sampling (4 threads)  88%|██████████████████████████▍   |  ETA: 1:06:34
Sampling (4 threads)  88%|██████████████████████████▌   |  ETA: 1:03:49
Sampling (4 threads)  89%|██████████████████████████▊   |  ETA: 1:01:06
Sampling (4 threads)  90%|██████████████████████████▉   |  ETA: 0:58:21
Sampling (4 threads)  90%|███████████████████████████   |  ETA: 0:55:41
Sampling (4 threads)  90%|███████████████████████████▏  |  ETA: 0:53:01
Sampling (4 threads)  91%|███████████████████████████▎  |  ETA: 0:50:21
Sampling (4 threads)  92%|███████████████████████████▌  |  ETA: 0:47:39
Sampling (4 threads)  92%|███████████████████████████▋  |  ETA: 0:44:52
Sampling (4 threads)  92%|███████████████████████████▊  |  ETA: 0:42:03
Sampling (4 threads)  93%|███████████████████████████▉  |  ETA: 0:39:17
Sampling (4 threads)  94%|████████████████████████████  |  ETA: 0:36:34
Sampling (4 threads)  94%|████████████████████████████▎ |  ETA: 0:33:49
Sampling (4 threads)  94%|████████████████████████████▍ |  ETA: 0:31:00
Sampling (4 threads)  95%|████████████████████████████▌ |  ETA: 0:28:11
Sampling (4 threads)  96%|████████████████████████████▋ |  ETA: 0:25:32
Sampling (4 threads)  96%|████████████████████████████▊ |  ETA: 0:22:53
Sampling (4 threads)  96%|█████████████████████████████ |  ETA: 0:20:14
Sampling (4 threads)  97%|█████████████████████████████▏|  ETA: 0:17:30
Sampling (4 threads)  98%|█████████████████████████████▎|  ETA: 0:14:43
Sampling (4 threads)  98%|█████████████████████████████▍|  ETA: 0:11:52
Sampling (4 threads)  98%|█████████████████████████████▌|  ETA: 0:08:58
Sampling (4 threads)  99%|█████████████████████████████▊|  ETA: 0:06:01
Sampling (4 threads) 100%|█████████████████████████████▉|  ETA: 0:03:02
Sampling (4 threads) 100%|██████████████████████████████| Time: 10:11:36
Sampling (4 threads) 100%|██████████████████████████████| Time: 10:11:40
┌ Warning: Runtime invalidation was disabled, but the CPU info is out-of-date.
│ Will continue with incorrect CPU name (from build time).
└ @ HostCPUFeatures ~/.julia/packages/HostCPUFeatures/ZTXz4/src/cpu_info.jl:71
┌ Warning: Runtime invalidation was disabled, but the CPU info is out-of-date.
│ Will continue with incorrect CPU feature flag: +avx512vnni.
└ @ HostCPUFeatures ~/.julia/packages/HostCPUFeatures/ZTXz4/src/cpu_info.jl:56
┌ Warning: Runtime invalidation was disabled, but the CPU info is out-of-date.
│ Will continue with incorrect CPU feature flag: -rtm.
└ @ HostCPUFeatures ~/.julia/packages/HostCPUFeatures/ZTXz4/src/cpu_info.jl:56
Sampling (4 threads)   0%|                              |  ETA: N/A
┌ Info: Found initial step size
└   ϵ = 0.0015625
┌ Info: Found initial step size
└   ϵ = 9.765625e-5
┌ Info: Found initial step size
└   ϵ = 0.003125
┌ Info: Found initial step size
└   ϵ = 9.765625e-5
Sampling (4 threads)   0%|▏                             |  ETA: 12.42 days
Sampling (4 threads)   1%|▎                             |  ETA: 6 days, 4:18:12
Sampling (4 threads)   2%|▌                             |  ETA: 4 days, 2:22:10
Sampling (4 threads)   2%|▋                             |  ETA: 3 days, 14:38:22
Sampling (4 threads)   2%|▊                             |  ETA: 2 days, 20:57:29
Sampling (4 threads)   3%|▉                             |  ETA: 2 days, 9:10:13
Sampling (4 threads)   4%|█                             |  ETA: 2 days, 4:45:58
Sampling (4 threads)   4%|█▎                            |  ETA: 1 days, 21:55:52
Sampling (4 threads)   4%|█▍                            |  ETA: 1 days, 16:36:54
Sampling (4 threads)   5%|█▌                            |  ETA: 1 days, 14:22:10
Sampling (4 threads)   6%|█▋                            |  ETA: 1 days, 10:41:52
Sampling (4 threads)   6%|█▊                            |  ETA: 1 days, 7:38:17
Sampling (4 threads)   6%|██                            |  ETA: 1 days, 6:31:36
Sampling (4 threads)   7%|██▏                           |  ETA: 1 days, 4:11:41
Sampling (4 threads)   8%|██▎                           |  ETA: 1 days, 2:10:25
Sampling (4 threads)   8%|██▍                           |  ETA: 1 days, 0:24:18
Sampling (4 threads)   8%|██▌                           |  ETA: 1 days, 0:14:33
Sampling (4 threads)   9%|██▊                           |  ETA: 22:46:14
Sampling (4 threads)  10%|██▉                           |  ETA: 21:27:13
Sampling (4 threads)  10%|███                           |  ETA: 21:00:12
Sampling (4 threads)  10%|███▏                          |  ETA: 19:53:32
Sampling (4 threads)  11%|███▎                          |  ETA: 18:52:55
Sampling (4 threads)  12%|███▌                          |  ETA: 18:42:53
Sampling (4 threads)  12%|███▋                          |  ETA: 17:50:01
Sampling (4 threads)  12%|███▊                          |  ETA: 17:01:23
Sampling (4 threads)  13%|███▉                          |  ETA: 17:00:20
Sampling (4 threads)  14%|████                          |  ETA: 16:16:54
Sampling (4 threads)  14%|████▎                         |  ETA: 15:36:34
Sampling (4 threads)  14%|████▍                         |  ETA: 15:38:01
Sampling (4 threads)  15%|████▌                         |  ETA: 15:01:27
Sampling (4 threads)  16%|████▋                         |  ETA: 14:27:14
Sampling (4 threads)  16%|████▊                         |  ETA: 13:55:10
Sampling (4 threads)  16%|█████                         |  ETA: 14:03:56
Sampling (4 threads)  17%|█████▏                        |  ETA: 13:34:13
Sampling (4 threads)  18%|█████▎                        |  ETA: 13:06:11
Sampling (4 threads)  18%|█████▍                        |  ETA: 13:01:49
Sampling (4 threads)  18%|█████▌                        |  ETA: 12:36:03
Sampling (4 threads)  19%|█████▊                        |  ETA: 12:30:46
Sampling (4 threads)  20%|█████▉                        |  ETA: 12:07:00
Sampling (4 threads)  20%|██████                        |  ETA: 12:06:04
Sampling (4 threads)  20%|██████▏                       |  ETA: 11:43:56
Sampling (4 threads)  21%|██████▎                       |  ETA: 11:41:09
Sampling (4 threads)  22%|██████▌                       |  ETA: 11:20:31
Sampling (4 threads)  22%|██████▋                       |  ETA: 11:17:04
Sampling (4 threads)  22%|██████▊                       |  ETA: 10:57:46
Sampling (4 threads)  23%|██████▉                       |  ETA: 10:39:19
Sampling (4 threads)  24%|███████                       |  ETA: 10:46:45
Sampling (4 threads)  24%|███████▎                      |  ETA: 10:29:08
Sampling (4 threads)  24%|███████▍                      |  ETA: 10:12:14
Sampling (4 threads)  25%|███████▌                      |  ETA: 10:18:31
Sampling (4 threads)  26%|███████▋                      |  ETA: 10:02:21
Sampling (4 threads)  26%|███████▊                      |  ETA: 9:46:48
Sampling (4 threads)  26%|████████                      |  ETA: 9:31:50
Sampling (4 threads)  27%|████████▏                     |  ETA: 9:37:49
Sampling (4 threads)  28%|████████▎                     |  ETA: 9:23:26
Sampling (4 threads)  28%|████████▍                     |  ETA: 9:28:47
Sampling (4 threads)  28%|████████▌                     |  ETA: 9:14:55
Sampling (4 threads)  29%|████████▊                     |  ETA: 9:01:32
Sampling (4 threads)  30%|████████▉                     |  ETA: 8:48:37
Sampling (4 threads)  30%|█████████                     |  ETA: 8:54:33
Sampling (4 threads)  30%|█████████▏                    |  ETA: 8:42:02
Sampling (4 threads)  31%|█████████▎                    |  ETA: 8:45:13
Sampling (4 threads)  32%|█████████▌                    |  ETA: 8:33:08
Sampling (4 threads)  32%|█████████▋                    |  ETA: 8:21:26
Sampling (4 threads)  32%|█████████▊                    |  ETA: 8:10:05
Sampling (4 threads)  33%|█████████▉                    |  ETA: 8:16:06
Sampling (4 threads)  34%|██████████                    |  ETA: 8:05:03
Sampling (4 threads)  34%|██████████▎                   |  ETA: 7:54:19
Sampling (4 threads)  34%|██████████▍                   |  ETA: 7:58:56
Sampling (4 threads)  35%|██████████▌                   |  ETA: 7:48:29
Sampling (4 threads)  36%|██████████▋                   |  ETA: 7:38:20
Sampling (4 threads)  36%|██████████▊                   |  ETA: 7:41:45
Sampling (4 threads)  36%|███████████                   |  ETA: 7:31:52
Sampling (4 threads)  37%|███████████▏                  |  ETA: 7:22:15
Sampling (4 threads)  38%|███████████▎                  |  ETA: 7:12:53
Sampling (4 threads)  38%|███████████▍                  |  ETA: 7:15:57
Sampling (4 threads)  38%|███████████▌                  |  ETA: 7:06:49
Sampling (4 threads)  39%|███████████▊                  |  ETA: 7:09:03
Sampling (4 threads)  40%|███████████▉                  |  ETA: 7:00:09
Sampling (4 threads)  40%|████████████                  |  ETA: 6:51:28
Sampling (4 threads)  40%|████████████▏                 |  ETA: 6:43:00
Sampling (4 threads)  41%|████████████▎                 |  ETA: 6:45:55
Sampling (4 threads)  42%|████████████▌                 |  ETA: 6:37:38
Sampling (4 threads)  42%|████████████▋                 |  ETA: 6:29:32
Sampling (4 threads)  42%|████████████▊                 |  ETA: 6:31:18
Sampling (4 threads)  43%|████████████▉                 |  ETA: 6:23:23
Sampling (4 threads)  44%|█████████████                 |  ETA: 6:15:39
Sampling (4 threads)  44%|█████████████▎                |  ETA: 6:16:59
Sampling (4 threads)  44%|█████████████▍                |  ETA: 6:09:25
Sampling (4 threads)  45%|█████████████▌                |  ETA: 6:02:01
Sampling (4 threads)  46%|█████████████▋                |  ETA: 6:00:26
Sampling (4 threads)  46%|█████████████▊                |  ETA: 5:53:15
Sampling (4 threads)  46%|██████████████                |  ETA: 5:54:18
Sampling (4 threads)  47%|██████████████▏               |  ETA: 5:47:15
Sampling (4 threads)  48%|██████████████▎               |  ETA: 5:40:21
Sampling (4 threads)  48%|██████████████▍               |  ETA: 5:42:05
Sampling (4 threads)  48%|██████████████▌               |  ETA: 5:35:19
Sampling (4 threads)  49%|██████████████▊               |  ETA: 5:28:40
Sampling (4 threads)  50%|██████████████▉               |  ETA: 5:30:10
Sampling (4 threads)  50%|███████████████               |  ETA: 5:23:38
Sampling (4 threads)  50%|███████████████▏              |  ETA: 5:17:13
Sampling (4 threads)  51%|███████████████▎              |  ETA: 5:10:56
Sampling (4 threads)  52%|███████████████▌              |  ETA: 5:12:23
Sampling (4 threads)  52%|███████████████▋              |  ETA: 5:06:12
Sampling (4 threads)  52%|███████████████▊              |  ETA: 5:00:07
Sampling (4 threads)  53%|███████████████▉              |  ETA: 5:00:49
Sampling (4 threads)  54%|████████████████              |  ETA: 4:54:50
Sampling (4 threads)  54%|████████████████▎             |  ETA: 4:48:58
Sampling (4 threads)  55%|████████████████▍             |  ETA: 4:48:41
Sampling (4 threads)  55%|████████████████▌             |  ETA: 4:42:55
Sampling (4 threads)  56%|████████████████▋             |  ETA: 4:37:15
Sampling (4 threads)  56%|████████████████▊             |  ETA: 4:37:58
Sampling (4 threads)  56%|█████████████████             |  ETA: 4:32:22
Sampling (4 threads)  57%|█████████████████▏            |  ETA: 4:26:53
Sampling (4 threads)  57%|█████████████████▎            |  ETA: 4:21:29
Sampling (4 threads)  58%|█████████████████▍            |  ETA: 4:22:19
Sampling (4 threads)  58%|█████████████████▌            |  ETA: 4:16:59
Sampling (4 threads)  59%|█████████████████▊            |  ETA: 4:11:44
Sampling (4 threads)  60%|█████████████████▉            |  ETA: 4:10:03
Sampling (4 threads)  60%|██████████████████            |  ETA: 4:04:54
Sampling (4 threads)  60%|██████████████████▏           |  ETA: 4:05:18
Sampling (4 threads)  61%|██████████████████▎           |  ETA: 4:00:12
Sampling (4 threads)  62%|██████████████████▌           |  ETA: 3:55:12
Sampling (4 threads)  62%|██████████████████▋           |  ETA: 3:50:16
Sampling (4 threads)  62%|██████████████████▊           |  ETA: 3:50:29
Sampling (4 threads)  63%|██████████████████▉           |  ETA: 3:45:36
Sampling (4 threads)  64%|███████████████████           |  ETA: 3:40:48
Sampling (4 threads)  64%|███████████████████▎          |  ETA: 3:40:30
Sampling (4 threads)  64%|███████████████████▍          |  ETA: 3:35:46
Sampling (4 threads)  65%|███████████████████▌          |  ETA: 3:31:05
Sampling (4 threads)  66%|███████████████████▋          |  ETA: 3:26:29
Sampling (4 threads)  66%|███████████████████▊          |  ETA: 3:26:02
Sampling (4 threads)  66%|████████████████████          |  ETA: 3:21:29
Sampling (4 threads)  67%|████████████████████▏         |  ETA: 3:16:59
Sampling (4 threads)  68%|████████████████████▎         |  ETA: 3:16:05
Sampling (4 threads)  68%|████████████████████▍         |  ETA: 3:11:39
Sampling (4 threads)  68%|████████████████████▌         |  ETA: 3:07:17
Sampling (4 threads)  69%|████████████████████▊         |  ETA: 3:04:55
Sampling (4 threads)  70%|████████████████████▉         |  ETA: 3:00:37
Sampling (4 threads)  70%|█████████████████████         |  ETA: 2:58:19
Sampling (4 threads)  70%|█████████████████████▏        |  ETA: 2:54:06
Sampling (4 threads)  71%|█████████████████████▎        |  ETA: 2:51:40
Sampling (4 threads)  72%|█████████████████████▌        |  ETA: 2:47:31
Sampling (4 threads)  72%|█████████████████████▋        |  ETA: 2:45:04
Sampling (4 threads)  72%|█████████████████████▊        |  ETA: 2:41:01
Sampling (4 threads)  73%|█████████████████████▉        |  ETA: 2:38:44
Sampling (4 threads)  74%|██████████████████████        |  ETA: 2:34:44
Sampling (4 threads)  74%|██████████████████████▎       |  ETA: 2:32:28
Sampling (4 threads)  74%|██████████████████████▍       |  ETA: 2:28:32
Sampling (4 threads)  75%|██████████████████████▌       |  ETA: 2:26:13
Sampling (4 threads)  76%|██████████████████████▋       |  ETA: 2:22:21
Sampling (4 threads)  76%|██████████████████████▊       |  ETA: 2:19:50
Sampling (4 threads)  76%|███████████████████████       |  ETA: 2:16:02
Sampling (4 threads)  77%|███████████████████████▏      |  ETA: 2:14:48
Sampling (4 threads)  78%|███████████████████████▎      |  ETA: 2:11:01
Sampling (4 threads)  78%|███████████████████████▍      |  ETA: 2:07:17
Sampling (4 threads)  78%|███████████████████████▌      |  ETA: 2:03:36
Sampling (4 threads)  79%|███████████████████████▊      |  ETA: 2:02:22
Sampling (4 threads)  80%|███████████████████████▉      |  ETA: 1:58:42
Sampling (4 threads)  80%|████████████████████████      |  ETA: 1:55:05
Sampling (4 threads)  80%|████████████████████████▏     |  ETA: 1:53:42
Sampling (4 threads)  81%|████████████████████████▎     |  ETA: 1:50:06
Sampling (4 threads)  82%|████████████████████████▌     |  ETA: 1:46:32
Sampling (4 threads)  82%|████████████████████████▋     |  ETA: 1:44:43
Sampling (4 threads)  82%|████████████████████████▊     |  ETA: 1:41:11
Sampling (4 threads)  83%|████████████████████████▉     |  ETA: 1:37:42
Sampling (4 threads)  84%|█████████████████████████     |  ETA: 1:35:09
Sampling (4 threads)  84%|█████████████████████████▎    |  ETA: 1:31:43
Sampling (4 threads)  84%|█████████████████████████▍    |  ETA: 1:29:09
Sampling (4 threads)  85%|█████████████████████████▌    |  ETA: 1:25:46
Sampling (4 threads)  86%|█████████████████████████▋    |  ETA: 1:23:05
Sampling (4 threads)  86%|█████████████████████████▊    |  ETA: 1:19:45
Sampling (4 threads)  86%|██████████████████████████    |  ETA: 1:17:08
Sampling (4 threads)  87%|██████████████████████████▏   |  ETA: 1:13:51
Sampling (4 threads)  88%|██████████████████████████▎   |  ETA: 1:11:12
Sampling (4 threads)  88%|██████████████████████████▍   |  ETA: 1:07:57
Sampling (4 threads)  88%|██████████████████████████▌   |  ETA: 1:05:16
Sampling (4 threads)  89%|██████████████████████████▊   |  ETA: 1:02:04
Sampling (4 threads)  90%|██████████████████████████▉   |  ETA: 0:59:45
Sampling (4 threads)  90%|███████████████████████████   |  ETA: 0:56:35
Sampling (4 threads)  90%|███████████████████████████▏  |  ETA: 0:53:28
Sampling (4 threads)  91%|███████████████████████████▎  |  ETA: 0:50:22
Sampling (4 threads)  92%|███████████████████████████▌  |  ETA: 0:47:40
Sampling (4 threads)  92%|███████████████████████████▋  |  ETA: 0:44:54
Sampling (4 threads)  92%|███████████████████████████▊  |  ETA: 0:41:58
Sampling (4 threads)  93%|███████████████████████████▉  |  ETA: 0:39:13
Sampling (4 threads)  94%|████████████████████████████  |  ETA: 0:36:23
Sampling (4 threads)  94%|████████████████████████████▎ |  ETA: 0:33:36
Sampling (4 threads)  94%|████████████████████████████▍ |  ETA: 0:30:44
Sampling (4 threads)  95%|████████████████████████████▌ |  ETA: 0:27:55
Sampling (4 threads)  96%|████████████████████████████▋ |  ETA: 0:25:16
Sampling (4 threads)  96%|████████████████████████████▊ |  ETA: 0:22:36
Sampling (4 threads)  96%|█████████████████████████████ |  ETA: 0:19:52
Sampling (4 threads)  97%|█████████████████████████████▏|  ETA: 0:17:07
Sampling (4 threads)  98%|█████████████████████████████▎|  ETA: 0:14:21
Sampling (4 threads)  98%|█████████████████████████████▍|  ETA: 0:11:33
Sampling (4 threads)  98%|█████████████████████████████▌|  ETA: 0:08:42
Sampling (4 threads)  99%|█████████████████████████████▊|  ETA: 0:05:50
Sampling (4 threads) 100%|█████████████████████████████▉|  ETA: 0:02:56
Sampling (4 threads) 100%|██████████████████████████████| Time: 9:50:45
Sampling (4 threads) 100%|██████████████████████████████| Time: 9:50:48
ERROR: LoadError: MethodError: no method matching plotGraphs(::String, ::Vector{String}, ::Vector{RGB{Float64}}, ::Int64)

Closest candidates are:
  plotGraphs(::Any, ::Any, ::Any, ::Any, !Matched::Any)
   @ Main ~/bayesian/BC4/Bayes/wordType_experiments/plottingFuncs.jl:261

Stacktrace:
 [1] concludeAndPlot(m::Chains{Float64, AxisArray{Float64, 3, Array{Float64, 3}, Tuple{Axis{:iter, StepRange{Int64, Int64}}, Axis{:var, Vector{Symbol}}, Axis{:chain, UnitRange{Int64}}}}, Missing, @NamedTuple{parameters::Vector{Symbol}, internals::Vector{Symbol}}, @NamedTuple{varname_to_symbol::OrderedDict{AbstractPPL.VarName, Symbol}, start_time::Vector{Float64}, stop_time::Vector{Float64}, samplerstate::Vector{Nothing}}}, output_loc::String, pc::Int64, wordTypes::Vector{String}, cols::Vector{RGB{Float64}}, noPCS::Int64)
   @ Main ~/bayesian/BC4/Bayes/wordType_experiments/plottingFuncs.jl:21
 [2] runModel(model::DynamicPPL.Model{typeof(model_exp), (:participant, :word, :surprisal, :tags, :PCA, :ExpMean, :cauchyMean, :NUM_TYPES, :NUM_PARTICIPANTS), (), (), Tuple{Vector{Int64}, Vector{Float64}, Vector{Float64}, Vector{Int64}, Vector{Float64}, Float64, Float64, Int64, Int64}, Tuple{}, DynamicPPL.DefaultContext}, df_modified::DataFrame, dfPCA::DataFrame, pc::Int64, NUM_PARTICIPANTS::Int64, NUM_WORDS::Int64, TYPE_STRUCTURE::String, NUM_TYPES::Int64, wordTypes::Vector{String}, cols::Vector{RGB{Float64}}, isPlotting::Int64, analyseEssRhat::Int64, output_loc::String, expMean::Float64, cauchyMean::Float64, noPCS::Int64, noInChain::Int64)
   @ Main ~/bayesian/BC4/Bayes/wordType_experiments/model_master.jl:134
 [3] top-level scope
   @ ~/bayesian/BC4/Bayes/wordType_experiments/models/base_longChain/model.jl:15
in expression starting at /user/home/em18564/bayesian/BC4/Bayes/wordType_experiments/models/base_longChain/model.jl:15
┌ Warning: Runtime invalidation was disabled, but the CPU info is out-of-date.
│ Will continue with incorrect CPU name (from build time).
└ @ HostCPUFeatures ~/.julia/packages/HostCPUFeatures/ZTXz4/src/cpu_info.jl:71
┌ Warning: Runtime invalidation was disabled, but the CPU info is out-of-date.
│ Will continue with incorrect CPU feature flag: +avx512vnni.
└ @ HostCPUFeatures ~/.julia/packages/HostCPUFeatures/ZTXz4/src/cpu_info.jl:56
┌ Warning: Runtime invalidation was disabled, but the CPU info is out-of-date.
│ Will continue with incorrect CPU feature flag: -rtm.
└ @ HostCPUFeatures ~/.julia/packages/HostCPUFeatures/ZTXz4/src/cpu_info.jl:56
Sampling (4 threads)   0%|                              |  ETA: N/A
┌ Info: Found initial step size
└   ϵ = 0.0015625
┌ Info: Found initial step size
└   ϵ = 0.000390625
┌ Info: Found initial step size
└   ϵ = 0.003125
┌ Info: Found initial step size
└   ϵ = 0.00078125
Sampling (4 threads)   0%|▏                             |  ETA: 12.90 days
Sampling (4 threads)   1%|▎                             |  ETA: 6 days, 10:02:56
Sampling (4 threads)   2%|▌                             |  ETA: 4 days, 6:10:50
Sampling (4 threads)   2%|▋                             |  ETA: 3 days, 17:07:28
Sampling (4 threads)   2%|▊                             |  ETA: 2 days, 22:56:08
Sampling (4 threads)   3%|▉                             |  ETA: 2 days, 10:48:36
Sampling (4 threads)   4%|█                             |  ETA: 2 days, 4:51:51
Sampling (4 threads)   4%|█▎                            |  ETA: 1 days, 22:00:59
Sampling (4 threads)   4%|█▍                            |  ETA: 1 days, 18:17:42
Sampling (4 threads)   5%|█▌                            |  ETA: 1 days, 13:51:58
Sampling (4 threads)   6%|█▋                            |  ETA: 1 days, 11:20:52
Sampling (4 threads)   6%|█▊                            |  ETA: 1 days, 8:13:50
Sampling (4 threads)   6%|██                            |  ETA: 1 days, 7:01:22
Sampling (4 threads)   7%|██▏                           |  ETA: 1 days, 4:39:10
Sampling (4 threads)   8%|██▎                           |  ETA: 1 days, 2:35:55
Sampling (4 threads)   8%|██▍                           |  ETA: 1 days, 2:20:59
Sampling (4 threads)   8%|██▌                           |  ETA: 1 days, 0:39:54
Sampling (4 threads)   9%|██▊                           |  ETA: 23:10:02
Sampling (4 threads)  10%|██▉                           |  ETA: 22:49:13
Sampling (4 threads)  10%|███                           |  ETA: 21:33:35
Sampling (4 threads)  10%|███▏                          |  ETA: 20:25:08
Sampling (4 threads)  11%|███▎                          |  ETA: 20:09:34
Sampling (4 threads)  12%|███▌                          |  ETA: 19:10:28
Sampling (4 threads)  12%|███▋                          |  ETA: 18:48:55
Sampling (4 threads)  12%|███▊                          |  ETA: 17:57:36
Sampling (4 threads)  13%|███▉                          |  ETA: 17:38:49
Sampling (4 threads)  14%|████                          |  ETA: 16:53:45
Sampling (4 threads)  14%|████▎                         |  ETA: 16:11:53
Sampling (4 threads)  14%|████▍                         |  ETA: 16:11:52
Sampling (4 threads)  15%|████▌                         |  ETA: 15:33:58
Sampling (4 threads)  16%|████▋                         |  ETA: 14:58:32
Sampling (4 threads)  16%|████▊                         |  ETA: 15:03:23
Sampling (4 threads)  16%|█████                         |  ETA: 14:30:47
Sampling (4 threads)  17%|█████▏                        |  ETA: 14:00:07
Sampling (4 threads)  18%|█████▎                        |  ETA: 13:31:12
Sampling (4 threads)  18%|█████▍                        |  ETA: 13:35:58
Sampling (4 threads)  18%|█████▌                        |  ETA: 13:09:05
Sampling (4 threads)  19%|█████▊                        |  ETA: 13:02:08
Sampling (4 threads)  20%|█████▉                        |  ETA: 12:37:22
Sampling (4 threads)  20%|██████                        |  ETA: 12:43:48
Sampling (4 threads)  20%|██████▏                       |  ETA: 12:20:30
Sampling (4 threads)  21%|██████▎                       |  ETA: 11:58:20
Sampling (4 threads)  22%|██████▌                       |  ETA: 12:05:08
Sampling (4 threads)  22%|██████▋                       |  ETA: 11:44:08
Sampling (4 threads)  22%|██████▊                       |  ETA: 11:24:04
Sampling (4 threads)  23%|██████▉                       |  ETA: 11:19:27
Sampling (4 threads)  24%|███████                       |  ETA: 11:00:41
Sampling (4 threads)  24%|███████▎                      |  ETA: 11:04:47
Sampling (4 threads)  24%|███████▍                      |  ETA: 10:46:56
Sampling (4 threads)  25%|███████▌                      |  ETA: 10:29:48
Sampling (4 threads)  26%|███████▋                      |  ETA: 10:36:48
Sampling (4 threads)  26%|███████▊                      |  ETA: 10:20:22
Sampling (4 threads)  26%|████████                      |  ETA: 10:04:33
Sampling (4 threads)  27%|████████▏                     |  ETA: 10:08:16
Sampling (4 threads)  28%|████████▎                     |  ETA: 9:53:07
Sampling (4 threads)  28%|████████▍                     |  ETA: 9:38:31
Sampling (4 threads)  28%|████████▌                     |  ETA: 9:42:51
Sampling (4 threads)  29%|████████▊                     |  ETA: 9:28:47
Sampling (4 threads)  30%|████████▉                     |  ETA: 9:15:13
Sampling (4 threads)  30%|█████████                     |  ETA: 9:19:04
Sampling (4 threads)  30%|█████████▏                    |  ETA: 9:05:59
Sampling (4 threads)  31%|█████████▎                    |  ETA: 8:53:18
Sampling (4 threads)  32%|█████████▌                    |  ETA: 8:57:59
Sampling (4 threads)  32%|█████████▋                    |  ETA: 8:45:42
Sampling (4 threads)  32%|█████████▊                    |  ETA: 8:50:21
Sampling (4 threads)  33%|█████████▉                    |  ETA: 8:38:26
Sampling (4 threads)  34%|██████████                    |  ETA: 8:26:54
Sampling (4 threads)  34%|██████████▎                   |  ETA: 8:15:41
Sampling (4 threads)  34%|██████████▍                   |  ETA: 8:19:40
Sampling (4 threads)  35%|██████████▌                   |  ETA: 8:08:46
Sampling (4 threads)  36%|██████████▋                   |  ETA: 8:11:15
Sampling (4 threads)  36%|██████████▊                   |  ETA: 8:00:41
Sampling (4 threads)  36%|███████████                   |  ETA: 7:50:23
Sampling (4 threads)  37%|███████████▏                  |  ETA: 7:52:39
Sampling (4 threads)  38%|███████████▎                  |  ETA: 7:42:39
Sampling (4 threads)  38%|███████████▍                  |  ETA: 7:32:55
Sampling (4 threads)  38%|███████████▌                  |  ETA: 7:35:20
Sampling (4 threads)  39%|███████████▊                  |  ETA: 7:25:51
Sampling (4 threads)  40%|███████████▉                  |  ETA: 7:16:36
Sampling (4 threads)  40%|████████████                  |  ETA: 7:18:34
Sampling (4 threads)  40%|████████████▏                 |  ETA: 7:09:32
Sampling (4 threads)  41%|████████████▎                 |  ETA: 7:00:44
Sampling (4 threads)  42%|████████████▌                 |  ETA: 7:02:35
Sampling (4 threads)  42%|████████████▋                 |  ETA: 6:53:59
Sampling (4 threads)  42%|████████████▊                 |  ETA: 6:45:35
Sampling (4 threads)  43%|████████████▉                 |  ETA: 6:47:51
Sampling (4 threads)  44%|█████████████                 |  ETA: 6:39:37
Sampling (4 threads)  44%|█████████████▎                |  ETA: 6:31:35
Sampling (4 threads)  44%|█████████████▍                |  ETA: 6:33:04
Sampling (4 threads)  45%|█████████████▌                |  ETA: 6:25:12
Sampling (4 threads)  46%|█████████████▋                |  ETA: 6:17:30
Sampling (4 threads)  46%|█████████████▊                |  ETA: 6:19:10
Sampling (4 threads)  46%|██████████████                |  ETA: 6:11:37
Sampling (4 threads)  47%|██████████████▏               |  ETA: 6:12:22
Sampling (4 threads)  48%|██████████████▎               |  ETA: 6:04:58
Sampling (4 threads)  48%|██████████████▍               |  ETA: 5:57:43
Sampling (4 threads)  48%|██████████████▌               |  ETA: 5:50:38
Sampling (4 threads)  49%|██████████████▊               |  ETA: 5:51:49
Sampling (4 threads)  50%|██████████████▉               |  ETA: 5:44:51
Sampling (4 threads)  50%|███████████████               |  ETA: 5:46:07
Sampling (4 threads)  50%|███████████████▏              |  ETA: 5:39:15
Sampling (4 threads)  51%|███████████████▎              |  ETA: 5:32:32
Sampling (4 threads)  52%|███████████████▌              |  ETA: 5:25:57
Sampling (4 threads)  52%|███████████████▋              |  ETA: 5:26:08
Sampling (4 threads)  52%|███████████████▊              |  ETA: 5:19:39
Sampling (4 threads)  53%|███████████████▉              |  ETA: 5:20:31
Sampling (4 threads)  54%|████████████████              |  ETA: 5:14:09
Sampling (4 threads)  54%|████████████████▎             |  ETA: 5:07:54
Sampling (4 threads)  55%|████████████████▍             |  ETA: 5:08:57
Sampling (4 threads)  55%|████████████████▌             |  ETA: 5:02:47
Sampling (4 threads)  56%|████████████████▋             |  ETA: 4:56:43
Sampling (4 threads)  56%|████████████████▊             |  ETA: 4:50:46
Sampling (4 threads)  56%|█████████████████             |  ETA: 4:52:15
Sampling (4 threads)  57%|█████████████████▏            |  ETA: 4:46:22
Sampling (4 threads)  57%|█████████████████▎            |  ETA: 4:40:34
Sampling (4 threads)  58%|█████████████████▍            |  ETA: 4:41:03
Sampling (4 threads)  58%|█████████████████▌            |  ETA: 4:35:20
Sampling (4 threads)  59%|█████████████████▊            |  ETA: 4:29:42
Sampling (4 threads)  60%|█████████████████▉            |  ETA: 4:28:49
Sampling (4 threads)  60%|██████████████████            |  ETA: 4:23:17
Sampling (4 threads)  60%|██████████████████▏           |  ETA: 4:17:51
Sampling (4 threads)  61%|██████████████████▎           |  ETA: 4:17:57
Sampling (4 threads)  62%|██████████████████▌           |  ETA: 4:12:34
Sampling (4 threads)  62%|██████████████████▋           |  ETA: 4:07:17
Sampling (4 threads)  62%|██████████████████▊           |  ETA: 4:02:04
Sampling (4 threads)  63%|██████████████████▉           |  ETA: 4:01:54
Sampling (4 threads)  64%|███████████████████           |  ETA: 3:56:45
Sampling (4 threads)  64%|███████████████████▎          |  ETA: 3:51:41
Sampling (4 threads)  64%|███████████████████▍          |  ETA: 3:51:22
Sampling (4 threads)  65%|███████████████████▌          |  ETA: 3:46:21
Sampling (4 threads)  66%|███████████████████▋          |  ETA: 3:41:25
Sampling (4 threads)  66%|███████████████████▊          |  ETA: 3:36:33
Sampling (4 threads)  66%|████████████████████          |  ETA: 3:36:34
Sampling (4 threads)  67%|████████████████████▏         |  ETA: 3:31:44
Sampling (4 threads)  68%|████████████████████▎         |  ETA: 3:26:59
Sampling (4 threads)  68%|████████████████████▍         |  ETA: 3:27:16
Sampling (4 threads)  68%|████████████████████▌         |  ETA: 3:22:32
Sampling (4 threads)  69%|████████████████████▊         |  ETA: 3:17:53
Sampling (4 threads)  70%|████████████████████▉         |  ETA: 3:13:17
Sampling (4 threads)  70%|█████████████████████         |  ETA: 3:13:03
Sampling (4 threads)  70%|█████████████████████▏        |  ETA: 3:08:30
Sampling (4 threads)  71%|█████████████████████▎        |  ETA: 3:04:00
Sampling (4 threads)  72%|█████████████████████▌        |  ETA: 3:02:03
Sampling (4 threads)  72%|█████████████████████▋        |  ETA: 2:57:37
Sampling (4 threads)  72%|█████████████████████▊        |  ETA: 2:55:27
Sampling (4 threads)  73%|█████████████████████▉        |  ETA: 2:51:05
Sampling (4 threads)  74%|██████████████████████        |  ETA: 2:48:43
Sampling (4 threads)  74%|██████████████████████▎       |  ETA: 2:44:25
Sampling (4 threads)  74%|██████████████████████▍       |  ETA: 2:42:13
Sampling (4 threads)  75%|██████████████████████▌       |  ETA: 2:37:58
Sampling (4 threads)  76%|██████████████████████▋       |  ETA: 2:35:26
Sampling (4 threads)  76%|██████████████████████▊       |  ETA: 2:31:15
Sampling (4 threads)  76%|███████████████████████       |  ETA: 2:27:08
Sampling (4 threads)  77%|███████████████████████▏      |  ETA: 2:25:43
Sampling (4 threads)  78%|███████████████████████▎      |  ETA: 2:21:37
Sampling (4 threads)  78%|███████████████████████▍      |  ETA: 2:17:35
Sampling (4 threads)  78%|███████████████████████▌      |  ETA: 2:15:04
Sampling (4 threads)  79%|███████████████████████▊      |  ETA: 2:11:05
Sampling (4 threads)  80%|███████████████████████▉      |  ETA: 2:08:27
Sampling (4 threads)  80%|████████████████████████      |  ETA: 2:04:32
Sampling (4 threads)  80%|████████████████████████▏     |  ETA: 2:02:36
Sampling (4 threads)  81%|████████████████████████▎     |  ETA: 1:58:43
Sampling (4 threads)  82%|████████████████████████▌     |  ETA: 1:54:53
Sampling (4 threads)  82%|████████████████████████▋     |  ETA: 1:53:06
Sampling (4 threads)  82%|████████████████████████▊     |  ETA: 1:49:17
Sampling (4 threads)  83%|████████████████████████▉     |  ETA: 1:45:32
Sampling (4 threads)  84%|█████████████████████████     |  ETA: 1:41:48
Sampling (4 threads)  84%|█████████████████████████▎    |  ETA: 1:38:56
Sampling (4 threads)  84%|█████████████████████████▍    |  ETA: 1:35:44
Sampling (4 threads)  85%|█████████████████████████▌    |  ETA: 1:32:47
Sampling (4 threads)  86%|█████████████████████████▋    |  ETA: 1:29:38
Sampling (4 threads)  86%|█████████████████████████▊    |  ETA: 1:26:39
Sampling (4 threads)  86%|██████████████████████████    |  ETA: 1:23:13
Sampling (4 threads)  87%|██████████████████████████▏   |  ETA: 1:20:13
Sampling (4 threads)  88%|██████████████████████████▎   |  ETA: 1:17:14
Sampling (4 threads)  88%|██████████████████████████▍   |  ETA: 1:14:04
Sampling (4 threads)  88%|██████████████████████████▌   |  ETA: 1:10:59
Sampling (4 threads)  89%|██████████████████████████▊   |  ETA: 1:07:43
Sampling (4 threads)  90%|██████████████████████████▉   |  ETA: 1:04:37
Sampling (4 threads)  90%|███████████████████████████   |  ETA: 1:01:32
Sampling (4 threads)  90%|███████████████████████████▏  |  ETA: 0:58:28
Sampling (4 threads)  91%|███████████████████████████▎  |  ETA: 0:55:17
Sampling (4 threads)  92%|███████████████████████████▌  |  ETA: 0:52:20
Sampling (4 threads)  92%|███████████████████████████▋  |  ETA: 0:49:02
Sampling (4 threads)  92%|███████████████████████████▊  |  ETA: 0:46:00
Sampling (4 threads)  93%|███████████████████████████▉  |  ETA: 0:42:56
Sampling (4 threads)  94%|████████████████████████████  |  ETA: 0:39:56
Sampling (4 threads)  94%|████████████████████████████▎ |  ETA: 0:36:54
Sampling (4 threads)  94%|████████████████████████████▍ |  ETA: 0:34:04
Sampling (4 threads)  95%|████████████████████████████▌ |  ETA: 0:31:12
Sampling (4 threads)  96%|████████████████████████████▋ |  ETA: 0:28:16
Sampling (4 threads)  96%|████████████████████████████▊ |  ETA: 0:25:15
Sampling (4 threads)  96%|█████████████████████████████ |  ETA: 0:22:13
Sampling (4 threads)  97%|█████████████████████████████▏|  ETA: 0:19:10
Sampling (4 threads)  98%|█████████████████████████████▎|  ETA: 0:16:05
Sampling (4 threads)  98%|█████████████████████████████▍|  ETA: 0:12:57
Sampling (4 threads)  98%|█████████████████████████████▌|  ETA: 0:09:48
Sampling (4 threads)  99%|█████████████████████████████▊|  ETA: 0:06:34
Sampling (4 threads) 100%|█████████████████████████████▉|  ETA: 0:03:18
Sampling (4 threads) 100%|██████████████████████████████| Time: 11:03:54
Sampling (4 threads) 100%|██████████████████████████████| Time: 11:03:57
