cpu-bind=MASK - bp1-compute102, task  0  0 [2654947]: mask 0x4020004020 set
Running on host bp1-compute098
Time is Tue Sep 22 16:43:10 BST 2026
Directory is /user/home/em18564/bayesian/BC4/Bayes/wordType_experiments/models/base_Burnin
Slurm job ID is 19029689
This job runs on the following machines:
bp1-compute098
Running on host bp1-compute102
Time is Tue Sep 22 16:43:10 BST 2026
Directory is /user/home/em18564/bayesian/BC4/Bayes/wordType_experiments/models/base_Burnin
Slurm job ID is 19029690
This job runs on the following machines:
bp1-compute102
Precompiling project...
  ✗ DistributionsAD → DistributionsADReverseDiffExt
  0 dependencies successfully precompiled in 46 seconds. 549 already precompiled.
┌ Warning: Runtime invalidation was disabled, but the CPU info is out-of-date.
│ Will continue with incorrect CPU name (from build time).
└ @ HostCPUFeatures ~/.julia/packages/HostCPUFeatures/ZTXz4/src/cpu_info.jl:71
┌ Warning: Runtime invalidation was disabled, but the CPU info is out-of-date.
│ Will continue with incorrect CPU feature flag: +avx512vnni.
└ @ HostCPUFeatures ~/.julia/packages/HostCPUFeatures/ZTXz4/src/cpu_info.jl:56
┌ Warning: Runtime invalidation was disabled, but the CPU info is out-of-date.
│ Will continue with incorrect CPU feature flag: -rtm.
└ @ HostCPUFeatures ~/.julia/packages/HostCPUFeatures/ZTXz4/src/cpu_info.jl:56
Sampling (4 threads)   0%|                              |  ETA: N/A
┌ Info: Found initial step size
└   ϵ = 0.003125
┌ Info: Found initial step size
└   ϵ = 0.0001953125
┌ Info: Found initial step size
└   ϵ = 0.000390625
┌ Info: Found initial step size
└   ϵ = 0.000390625
Sampling (4 threads)   0%|▏                             |  ETA: 17.08 days
Sampling (4 threads)   1%|▎                             |  ETA: 8 days, 11:52:40
Sampling (4 threads)   2%|▌                             |  ETA: 5 days, 15:13:56
Sampling (4 threads)   2%|▋                             |  ETA: 5 days, 9:22:55
Sampling (4 threads)   2%|▊                             |  ETA: 4 days, 6:58:39
Sampling (4 threads)   3%|▉                             |  ETA: 3 days, 13:22:28
Sampling (4 threads)   4%|█                             |  ETA: 3 days, 16:12:57
Sampling (4 threads)   4%|█▎                            |  ETA: 3 days, 4:47:20
Sampling (4 threads)   4%|█▍                            |  ETA: 2 days, 19:54:05
Sampling (4 threads)   5%|█▌                            |  ETA: 2 days, 23:20:36
Sampling (4 threads)   6%|█▋                            |  ETA: 2 days, 16:30:58
Sampling (4 threads)   6%|█▊                            |  ETA: 2 days, 10:49:37
Sampling (4 threads)   6%|██                            |  ETA: 2 days, 14:10:57
Sampling (4 threads)   7%|██▏                           |  ETA: 2 days, 9:25:55
Sampling (4 threads)   8%|██▎                           |  ETA: 2 days, 5:18:54
Sampling (4 threads)   8%|██▍                           |  ETA: 2 days, 8:21:57
Sampling (4 threads)   8%|██▌                           |  ETA: 2 days, 4:45:43
Sampling (4 threads)   9%|██▊                           |  ETA: 2 days, 1:33:30
Sampling (4 threads)  10%|██▉                           |  ETA: 2 days, 4:03:28
Sampling (4 threads)  10%|███                           |  ETA: 2 days, 1:10:54
Sampling (4 threads)  10%|███▏                          |  ETA: 1 days, 22:34:46
Sampling (4 threads)  11%|███▎                          |  ETA: 2 days, 0:41:00
Sampling (4 threads)  12%|███▌                          |  ETA: 1 days, 22:18:18
Sampling (4 threads)  12%|███▋                          |  ETA: 1 days, 20:07:30
Sampling (4 threads)  12%|███▊                          |  ETA: 1 days, 22:02:34
Sampling (4 threads)  13%|███▉                          |  ETA: 1 days, 20:01:08
Sampling (4 threads)  14%|████                          |  ETA: 1 days, 18:08:42
Sampling (4 threads)  14%|████▎                         |  ETA: 1 days, 19:52:06
Sampling (4 threads)  14%|████▍                         |  ETA: 1 days, 18:06:33
Sampling (4 threads)  15%|████▌                         |  ETA: 1 days, 16:28:03
Sampling (4 threads)  16%|████▋                         |  ETA: 1 days, 18:01:37
Sampling (4 threads)  16%|████▊                         |  ETA: 1 days, 16:28:22
Sampling (4 threads)  16%|█████                         |  ETA: 1 days, 15:00:45
Sampling (4 threads)  17%|█████▏                        |  ETA: 1 days, 16:18:27
Sampling (4 threads)  18%|█████▎                        |  ETA: 1 days, 14:55:12
Sampling (4 threads)  18%|█████▍                        |  ETA: 1 days, 13:36:34
Sampling (4 threads)  18%|█████▌                        |  ETA: 1 days, 14:48:10
Sampling (4 threads)  19%|█████▊                        |  ETA: 1 days, 13:32:59
Sampling (4 threads)  20%|█████▉                        |  ETA: 1 days, 12:21:40
Sampling (4 threads)  20%|██████                        |  ETA: 1 days, 13:26:52
Sampling (4 threads)  20%|██████▏                       |  ETA: 1 days, 12:18:22
Sampling (4 threads)  21%|██████▎                       |  ETA: 1 days, 11:13:08
Sampling (4 threads)  22%|██████▌                       |  ETA: 1 days, 11:59:19
Sampling (4 threads)  22%|██████▋                       |  ETA: 1 days, 10:56:48
Sampling (4 threads)  22%|██████▊                       |  ETA: 1 days, 9:57:04
Sampling (4 threads)  23%|██████▉                       |  ETA: 1 days, 10:52:42
Sampling (4 threads)  24%|███████                       |  ETA: 1 days, 9:54:53
Sampling (4 threads)  24%|███████▎                      |  ETA: 1 days, 8:59:28
Sampling (4 threads)  24%|███████▍                      |  ETA: 1 days, 9:47:39
Sampling (4 threads)  25%|███████▌                      |  ETA: 1 days, 8:53:57
Sampling (4 threads)  26%|███████▋                      |  ETA: 1 days, 8:02:20
Sampling (4 threads)  26%|███████▊                      |  ETA: 1 days, 8:46:12
Sampling (4 threads)  26%|████████                      |  ETA: 1 days, 7:56:04
Sampling (4 threads)  27%|████████▏                     |  ETA: 1 days, 7:07:47
Sampling (4 threads)  28%|████████▎                     |  ETA: 1 days, 7:50:29
Sampling (4 threads)  28%|████████▍                     |  ETA: 1 days, 7:03:26
Sampling (4 threads)  28%|████████▌                     |  ETA: 1 days, 6:18:02
Sampling (4 threads)  29%|████████▊                     |  ETA: 1 days, 6:55:46
Sampling (4 threads)  30%|████████▉                     |  ETA: 1 days, 6:11:28
Sampling (4 threads)  30%|█████████                     |  ETA: 1 days, 5:28:38
Sampling (4 threads)  30%|█████████▏                    |  ETA: 1 days, 6:03:30
Sampling (4 threads)  31%|█████████▎                    |  ETA: 1 days, 5:21:39
Sampling (4 threads)  32%|█████████▌                    |  ETA: 1 days, 4:41:07
Sampling (4 threads)  32%|█████████▋                    |  ETA: 1 days, 5:05:10
Sampling (4 threads)  32%|█████████▊                    |  ETA: 1 days, 4:25:41
Sampling (4 threads)  33%|█████████▉                    |  ETA: 1 days, 3:47:24
Sampling (4 threads)  34%|██████████                    |  ETA: 1 days, 4:11:27
Sampling (4 threads)  34%|██████████▎                   |  ETA: 1 days, 3:34:02
Sampling (4 threads)  34%|██████████▍                   |  ETA: 1 days, 2:57:43
Sampling (4 threads)  35%|██████████▌                   |  ETA: 1 days, 3:36:29
Sampling (4 threads)  36%|██████████▋                   |  ETA: 1 days, 3:00:35
Sampling (4 threads)  36%|██████████▊                   |  ETA: 1 days, 2:25:42
Sampling (4 threads)  36%|███████████                   |  ETA: 1 days, 3:00:40
Sampling (4 threads)  37%|███████████▏                  |  ETA: 1 days, 2:26:10
Sampling (4 threads)  38%|███████████▎                  |  ETA: 1 days, 1:52:36
Sampling (4 threads)  38%|███████████▍                  |  ETA: 1 days, 2:26:01
Sampling (4 threads)  38%|███████████▌                  |  ETA: 1 days, 1:52:47
Sampling (4 threads)  39%|███████████▊                  |  ETA: 1 days, 1:20:25
Sampling (4 threads)  40%|███████████▉                  |  ETA: 1 days, 1:47:10
Sampling (4 threads)  40%|████████████                  |  ETA: 1 days, 1:15:12
Sampling (4 threads)  40%|████████████▏                 |  ETA: 1 days, 0:44:01
Sampling (4 threads)  41%|████████████▎                 |  ETA: 1 days, 1:04:48
Sampling (4 threads)  42%|████████████▌                 |  ETA: 1 days, 0:34:04
Sampling (4 threads)  42%|████████████▋                 |  ETA: 1 days, 0:04:04
Sampling (4 threads)  42%|████████████▊                 |  ETA: 1 days, 0:28:55
Sampling (4 threads)  43%|████████████▉                 |  ETA: 23:59:13
Sampling (4 threads)  44%|█████████████                 |  ETA: 23:30:12
Sampling (4 threads)  44%|█████████████▎                |  ETA: 23:49:04
Sampling (4 threads)  44%|█████████████▍                |  ETA: 23:20:24
Sampling (4 threads)  45%|█████████████▌                |  ETA: 22:52:22
Sampling (4 threads)  46%|█████████████▋                |  ETA: 23:09:51
Sampling (4 threads)  46%|█████████████▊                |  ETA: 22:42:08
Sampling (4 threads)  46%|██████████████                |  ETA: 22:15:01
Sampling (4 threads)  47%|██████████████▏               |  ETA: 22:32:42
Sampling (4 threads)  48%|██████████████▎               |  ETA: 22:05:50
Sampling (4 threads)  48%|██████████████▍               |  ETA: 21:39:31
Sampling (4 threads)  48%|██████████████▌               |  ETA: 21:53:11
Sampling (4 threads)  49%|██████████████▊               |  ETA: 21:27:09
Sampling (4 threads)  50%|██████████████▉               |  ETA: 21:01:40
Sampling (4 threads)  50%|███████████████               |  ETA: 21:13:52
Sampling (4 threads)  50%|███████████████▏              |  ETA: 20:48:39
Sampling (4 threads)  51%|███████████████▎              |  ETA: 20:23:55
Sampling (4 threads)  52%|███████████████▌              |  ETA: 20:36:23
Sampling (4 threads)  52%|███████████████▋              |  ETA: 20:11:52
Sampling (4 threads)  52%|███████████████▊              |  ETA: 19:47:49
Sampling (4 threads)  53%|███████████████▉              |  ETA: 19:56:21
Sampling (4 threads)  54%|████████████████              |  ETA: 19:32:33
Sampling (4 threads)  54%|████████████████▎             |  ETA: 19:09:13
Sampling (4 threads)  55%|████████████████▍             |  ETA: 19:17:53
Sampling (4 threads)  55%|████████████████▌             |  ETA: 18:54:45
Sampling (4 threads)  56%|████████████████▋             |  ETA: 18:32:02
Sampling (4 threads)  56%|████████████████▊             |  ETA: 18:38:10
Sampling (4 threads)  56%|█████████████████             |  ETA: 18:15:41
Sampling (4 threads)  57%|█████████████████▏            |  ETA: 17:53:35
Sampling (4 threads)  57%|█████████████████▎            |  ETA: 17:56:29
Sampling (4 threads)  58%|█████████████████▍            |  ETA: 17:34:39
Sampling (4 threads)  58%|█████████████████▌            |  ETA: 17:13:11
Sampling (4 threads)  59%|█████████████████▊            |  ETA: 17:14:44
Sampling (4 threads)  60%|█████████████████▉            |  ETA: 16:53:32
Sampling (4 threads)  60%|██████████████████            |  ETA: 16:32:40
Sampling (4 threads)  60%|██████████████████▏           |  ETA: 16:34:07
Sampling (4 threads)  61%|██████████████████▎           |  ETA: 16:13:29
Sampling (4 threads)  62%|██████████████████▌           |  ETA: 15:53:12
Sampling (4 threads)  62%|██████████████████▋           |  ETA: 15:53:02
Sampling (4 threads)  62%|██████████████████▊           |  ETA: 15:32:59
Sampling (4 threads)  63%|██████████████████▉           |  ETA: 15:13:14
Sampling (4 threads)  64%|███████████████████           |  ETA: 15:13:28
Sampling (4 threads)  64%|███████████████████▎          |  ETA: 14:53:55
Sampling (4 threads)  64%|███████████████████▍          |  ETA: 14:34:40
Sampling (4 threads)  65%|███████████████████▌          |  ETA: 14:33:39
Sampling (4 threads)  66%|███████████████████▋          |  ETA: 14:14:36
Sampling (4 threads)  66%|███████████████████▊          |  ETA: 13:55:50
Sampling (4 threads)  66%|████████████████████          |  ETA: 13:53:33
Sampling (4 threads)  67%|████████████████████▏         |  ETA: 13:34:59
Sampling (4 threads)  68%|████████████████████▎         |  ETA: 13:16:41
Sampling (4 threads)  68%|████████████████████▍         |  ETA: 13:14:45
Sampling (4 threads)  68%|████████████████████▌         |  ETA: 12:56:37
Sampling (4 threads)  69%|████████████████████▊         |  ETA: 12:38:45
Sampling (4 threads)  70%|████████████████████▉         |  ETA: 12:35:39
Sampling (4 threads)  70%|█████████████████████         |  ETA: 12:17:57
Sampling (4 threads)  70%|█████████████████████▏        |  ETA: 12:00:30
Sampling (4 threads)  71%|█████████████████████▎        |  ETA: 11:56:36
Sampling (4 threads)  72%|█████████████████████▌        |  ETA: 11:39:20
Sampling (4 threads)  72%|█████████████████████▋        |  ETA: 11:22:17
Sampling (4 threads)  72%|█████████████████████▊        |  ETA: 11:17:47
Sampling (4 threads)  73%|█████████████████████▉        |  ETA: 11:00:54
Sampling (4 threads)  74%|██████████████████████        |  ETA: 10:44:15
Sampling (4 threads)  74%|██████████████████████▎       |  ETA: 10:39:32
Sampling (4 threads)  74%|██████████████████████▍       |  ETA: 10:23:02
Sampling (4 threads)  75%|██████████████████████▌       |  ETA: 10:06:44
Sampling (4 threads)  76%|██████████████████████▋       |  ETA: 9:56:21
Sampling (4 threads)  76%|██████████████████████▊       |  ETA: 9:40:43
Sampling (4 threads)  76%|███████████████████████       |  ETA: 9:30:08
Sampling (4 threads)  77%|███████████████████████▏      |  ETA: 9:19:01
Sampling (4 threads)  78%|███████████████████████▎      |  ETA: 9:05:01
Sampling (4 threads)  78%|███████████████████████▍      |  ETA: 8:53:48
Sampling (4 threads)  78%|███████████████████████▌      |  ETA: 8:41:47
Sampling (4 threads)  79%|███████████████████████▊      |  ETA: 8:29:40
Sampling (4 threads)  80%|███████████████████████▉      |  ETA: 8:18:00
Sampling (4 threads)  80%|████████████████████████      |  ETA: 8:04:10
Sampling (4 threads)  80%|████████████████████████▏     |  ETA: 7:53:17
Sampling (4 threads)  81%|████████████████████████▎     |  ETA: 7:41:38
Sampling (4 threads)  82%|████████████████████████▌     |  ETA: 7:27:40
Sampling (4 threads)  82%|████████████████████████▋     |  ETA: 7:16:24
Sampling (4 threads)  82%|████████████████████████▊     |  ETA: 7:05:09
Sampling (4 threads)  83%|████████████████████████▉     |  ETA: 6:51:36
Sampling (4 threads)  84%|█████████████████████████     |  ETA: 6:40:41
Sampling (4 threads)  84%|█████████████████████████▎    |  ETA: 6:27:55
Sampling (4 threads)  84%|█████████████████████████▍    |  ETA: 6:15:42
Sampling (4 threads)  85%|█████████████████████████▌    |  ETA: 6:04:17
Sampling (4 threads)  86%|█████████████████████████▋    |  ETA: 5:52:32
Sampling (4 threads)  86%|█████████████████████████▊    |  ETA: 5:40:49
Sampling (4 threads)  86%|██████████████████████████    |  ETA: 5:29:18
Sampling (4 threads)  87%|██████████████████████████▏   |  ETA: 5:17:31
Sampling (4 threads)  88%|██████████████████████████▎   |  ETA: 5:05:40
Sampling (4 threads)  88%|██████████████████████████▍   |  ETA: 4:53:55
Sampling (4 threads)  88%|██████████████████████████▌   |  ETA: 4:42:03
Sampling (4 threads)  89%|██████████████████████████▊   |  ETA: 4:30:13
Sampling (4 threads)  90%|██████████████████████████▉   |  ETA: 4:18:14
Sampling (4 threads)  90%|███████████████████████████   |  ETA: 4:06:11
Sampling (4 threads)  90%|███████████████████████████▏  |  ETA: 3:54:12
Sampling (4 threads)  91%|███████████████████████████▎  |  ETA: 3:42:13
Sampling (4 threads)  92%|███████████████████████████▌  |  ETA: 3:30:07
Sampling (4 threads)  92%|███████████████████████████▋  |  ETA: 3:18:09
Sampling (4 threads)  92%|███████████████████████████▊  |  ETA: 3:06:01
Sampling (4 threads)  93%|███████████████████████████▉  |  ETA: 2:53:51
Sampling (4 threads)  94%|████████████████████████████  |  ETA: 2:41:35
Sampling (4 threads)  94%|████████████████████████████▎ |  ETA: 2:29:21
Sampling (4 threads)  94%|████████████████████████████▍ |  ETA: 2:17:04
Sampling (4 threads)  95%|████████████████████████████▌ |  ETA: 2:04:43
Sampling (4 threads)  96%|████████████████████████████▋ |  ETA: 1:52:23
Sampling (4 threads)  96%|████████████████████████████▊ |  ETA: 1:40:01
Sampling (4 threads)  96%|█████████████████████████████ |  ETA: 1:27:37
Sampling (4 threads)  97%|█████████████████████████████▏|  ETA: 1:15:11
Sampling (4 threads)  98%|█████████████████████████████▎|  ETA: 1:02:43
Sampling (4 threads)  98%|█████████████████████████████▍|  ETA: 0:50:15
Sampling (4 threads)  98%|█████████████████████████████▌|  ETA: 0:37:44
Sampling (4 threads)  99%|█████████████████████████████▊|  ETA: 0:25:15
Sampling (4 threads) 100%|██████████████████████████████| Time: 1 days, 17:52:46
Precompiling project...
    DistributionsADReverseDiffExt Being precompiled by another machine (hostname: bp1-compute129, pid: 228347, pidfile: /user/home/em18564/.julia/compiled/v1.10/DistributionsADReverseDiffExt/hY00X_4RpdW.ji.pidfile)
  ✗ DistributionsAD → DistributionsADReverseDiffExt
  0 dependencies successfully precompiled in 131 seconds. 549 already precompiled.
┌ Warning: Runtime invalidation was disabled, but the CPU info is out-of-date.
│ Will continue with incorrect CPU name (from build time).
└ @ HostCPUFeatures ~/.julia/packages/HostCPUFeatures/ZTXz4/src/cpu_info.jl:71
┌ Warning: Runtime invalidation was disabled, but the CPU info is out-of-date.
│ Will continue with incorrect CPU feature flag: +avx512vnni.
└ @ HostCPUFeatures ~/.julia/packages/HostCPUFeatures/ZTXz4/src/cpu_info.jl:56
┌ Warning: Runtime invalidation was disabled, but the CPU info is out-of-date.
│ Will continue with incorrect CPU feature flag: -rtm.
└ @ HostCPUFeatures ~/.julia/packages/HostCPUFeatures/ZTXz4/src/cpu_info.jl:56
Sampling (4 threads)   0%|                              |  ETA: N/A
┌ Info: Found initial step size
└   ϵ = 0.0015625
┌ Info: Found initial step size
└   ϵ = 0.003125
┌ Info: Found initial step size
└   ϵ = 0.00078125
┌ Info: Found initial step size
└   ϵ = 0.003125
Sampling (4 threads)   0%|▏                             |  ETA: 18.22 days
Sampling (4 threads)   1%|▎                             |  ETA: 9 days, 1:30:30
Sampling (4 threads)   2%|▌                             |  ETA: 7 days, 3:53:13
Sampling (4 threads)   2%|▋                             |  ETA: 5 days, 8:15:39
Sampling (4 threads)   2%|▊                             |  ETA: 4 days, 21:15:57
Sampling (4 threads)   3%|▉                             |  ETA: 4 days, 1:13:13
Sampling (4 threads)   4%|█                             |  ETA: 3 days, 22:04:00
Sampling (4 threads)   4%|█▎                            |  ETA: 3 days, 9:52:54
Sampling (4 threads)   4%|█▍                            |  ETA: 3 days, 8:31:43
Sampling (4 threads)   5%|█▌                            |  ETA: 3 days, 0:05:46
Sampling (4 threads)   6%|█▋                            |  ETA: 3 days, 0:00:56
Sampling (4 threads)   6%|█▊                            |  ETA: 2 days, 17:39:54
Sampling (4 threads)   6%|██                            |  ETA: 2 days, 12:17:29
Sampling (4 threads)   7%|██▏                           |  ETA: 2 days, 17:28:11
Sampling (4 threads)   8%|██▎                           |  ETA: 2 days, 12:46:36
Sampling (4 threads)   8%|██▍                           |  ETA: 2 days, 8:40:12
Sampling (4 threads)   8%|██▌                           |  ETA: 2 days, 11:20:17
Sampling (4 threads)   9%|██▊                           |  ETA: 2 days, 7:44:07
Sampling (4 threads)  10%|██▉                           |  ETA: 2 days, 10:05:26
Sampling (4 threads)  10%|███                           |  ETA: 2 days, 6:52:53
Sampling (4 threads)  10%|███▏                          |  ETA: 2 days, 3:58:39
Sampling (4 threads)  11%|███▎                          |  ETA: 2 days, 1:20:16
Sampling (4 threads)  12%|███▌                          |  ETA: 2 days, 3:39:20
Sampling (4 threads)  12%|███▋                          |  ETA: 2 days, 1:13:25
Sampling (4 threads)  12%|███▊                          |  ETA: 2 days, 3:00:15
Sampling (4 threads)  13%|███▉                          |  ETA: 2 days, 0:45:44
Sampling (4 threads)  14%|████                          |  ETA: 1 days, 22:41:11
Sampling (4 threads)  14%|████▎                         |  ETA: 1 days, 22:57:27
Sampling (4 threads)  14%|████▍                         |  ETA: 1 days, 21:04:29
Sampling (4 threads)  15%|████▌                         |  ETA: 1 days, 21:41:42
Sampling (4 threads)  16%|████▋                         |  ETA: 1 days, 19:57:39
Sampling (4 threads)  16%|████▊                         |  ETA: 1 days, 20:26:51
Sampling (4 threads)  16%|█████                         |  ETA: 1 days, 18:50:39
Sampling (4 threads)  17%|█████▏                        |  ETA: 1 days, 19:18:21
Sampling (4 threads)  18%|█████▎                        |  ETA: 1 days, 17:48:55
Sampling (4 threads)  18%|█████▍                        |  ETA: 1 days, 18:11:47
Sampling (4 threads)  18%|█████▌                        |  ETA: 1 days, 16:48:20
Sampling (4 threads)  19%|█████▊                        |  ETA: 1 days, 15:29:17
Sampling (4 threads)  20%|█████▉                        |  ETA: 1 days, 15:56:12
Sampling (4 threads)  20%|██████                        |  ETA: 1 days, 14:41:47
Sampling (4 threads)  20%|██████▏                       |  ETA: 1 days, 15:05:00
Sampling (4 threads)  21%|██████▎                       |  ETA: 1 days, 13:54:47
Sampling (4 threads)  22%|██████▌                       |  ETA: 1 days, 15:14:02
Sampling (4 threads)  22%|██████▋                       |  ETA: 1 days, 14:05:53
Sampling (4 threads)  22%|██████▊                       |  ETA: 1 days, 13:00:46
Sampling (4 threads)  23%|██████▉                       |  ETA: 1 days, 14:11:59
Sampling (4 threads)  24%|███████                       |  ETA: 1 days, 13:08:39
Sampling (4 threads)  24%|███████▎                      |  ETA: 1 days, 12:07:57
Sampling (4 threads)  24%|███████▍                      |  ETA: 1 days, 12:18:51
Sampling (4 threads)  25%|███████▌                      |  ETA: 1 days, 11:21:08
Sampling (4 threads)  26%|███████▋                      |  ETA: 1 days, 11:30:14
Sampling (4 threads)  26%|███████▊                      |  ETA: 1 days, 10:35:15
Sampling (4 threads)  26%|████████                      |  ETA: 1 days, 10:45:34
Sampling (4 threads)  27%|████████▏                     |  ETA: 1 days, 9:53:02
Sampling (4 threads)  28%|████████▎                     |  ETA: 1 days, 10:03:59
Sampling (4 threads)  28%|████████▍                     |  ETA: 1 days, 9:13:39
Sampling (4 threads)  28%|████████▌                     |  ETA: 1 days, 9:09:49
Sampling (4 threads)  29%|████████▊                     |  ETA: 1 days, 8:21:50
Sampling (4 threads)  30%|████████▉                     |  ETA: 1 days, 8:58:37
Sampling (4 threads)  30%|█████████                     |  ETA: 1 days, 8:11:50
Sampling (4 threads)  30%|█████████▏                    |  ETA: 1 days, 7:26:35
Sampling (4 threads)  31%|█████████▎                    |  ETA: 1 days, 7:59:19
Sampling (4 threads)  32%|█████████▌                    |  ETA: 1 days, 7:15:10
Sampling (4 threads)  32%|█████████▋                    |  ETA: 1 days, 6:32:23
Sampling (4 threads)  32%|█████████▊                    |  ETA: 1 days, 7:00:17
Sampling (4 threads)  33%|█████████▉                    |  ETA: 1 days, 6:18:32
Sampling (4 threads)  34%|██████████                    |  ETA: 1 days, 5:38:01
Sampling (4 threads)  34%|██████████▎                   |  ETA: 1 days, 6:04:46
Sampling (4 threads)  34%|██████████▍                   |  ETA: 1 days, 5:25:08
Sampling (4 threads)  35%|██████████▌                   |  ETA: 1 days, 4:46:38
Sampling (4 threads)  36%|██████████▋                   |  ETA: 1 days, 5:12:28
Sampling (4 threads)  36%|██████████▊                   |  ETA: 1 days, 4:34:44
Sampling (4 threads)  36%|███████████                   |  ETA: 1 days, 3:58:01
Sampling (4 threads)  37%|███████████▏                  |  ETA: 1 days, 4:21:30
Sampling (4 threads)  38%|███████████▎                  |  ETA: 1 days, 3:45:30
Sampling (4 threads)  38%|███████████▍                  |  ETA: 1 days, 3:10:26
Sampling (4 threads)  38%|███████████▌                  |  ETA: 1 days, 3:33:04
Sampling (4 threads)  39%|███████████▊                  |  ETA: 1 days, 2:58:36
Sampling (4 threads)  40%|███████████▉                  |  ETA: 1 days, 2:25:01
Sampling (4 threads)  40%|████████████                  |  ETA: 1 days, 2:43:41
Sampling (4 threads)  40%|████████████▏                 |  ETA: 1 days, 2:10:41
Sampling (4 threads)  41%|████████████▎                 |  ETA: 1 days, 2:25:09
Sampling (4 threads)  42%|████████████▌                 |  ETA: 1 days, 1:52:47
Sampling (4 threads)  42%|████████████▋                 |  ETA: 1 days, 1:21:11
Sampling (4 threads)  42%|████████████▊                 |  ETA: 1 days, 1:20:18
Sampling (4 threads)  43%|████████████▉                 |  ETA: 1 days, 0:49:33
Sampling (4 threads)  44%|█████████████                 |  ETA: 1 days, 0:48:27
Sampling (4 threads)  44%|█████████████▎                |  ETA: 1 days, 0:18:31
Sampling (4 threads)  44%|█████████████▍                |  ETA: 1 days, 0:17:07
Sampling (4 threads)  45%|█████████████▌                |  ETA: 23:47:57
Sampling (4 threads)  46%|█████████████▋                |  ETA: 23:46:29
Sampling (4 threads)  46%|█████████████▊                |  ETA: 23:18:02
Sampling (4 threads)  46%|██████████████                |  ETA: 23:15:29
Sampling (4 threads)  47%|██████████████▏               |  ETA: 22:47:44
Sampling (4 threads)  48%|██████████████▎               |  ETA: 22:20:34
Sampling (4 threads)  48%|██████████████▍               |  ETA: 22:17:18
Sampling (4 threads)  48%|██████████████▌               |  ETA: 21:50:48
Sampling (4 threads)  49%|██████████████▊               |  ETA: 21:49:37
Sampling (4 threads)  50%|██████████████▉               |  ETA: 21:23:41
Sampling (4 threads)  50%|███████████████               |  ETA: 21:21:39
Sampling (4 threads)  50%|███████████████▏              |  ETA: 20:56:16
Sampling (4 threads)  51%|███████████████▎              |  ETA: 20:53:06
Sampling (4 threads)  52%|███████████████▌              |  ETA: 20:28:16
Sampling (4 threads)  52%|███████████████▋              |  ETA: 20:24:05
Sampling (4 threads)  52%|███████████████▊              |  ETA: 19:59:47
Sampling (4 threads)  53%|███████████████▉              |  ETA: 19:54:33
Sampling (4 threads)  54%|████████████████              |  ETA: 19:30:48
Sampling (4 threads)  54%|████████████████▎             |  ETA: 19:27:05
Sampling (4 threads)  55%|████████████████▍             |  ETA: 19:03:48
Sampling (4 threads)  55%|████████████████▌             |  ETA: 19:00:47
Sampling (4 threads)  56%|████████████████▋             |  ETA: 18:37:56
Sampling (4 threads)  56%|████████████████▊             |  ETA: 18:35:27
Sampling (4 threads)  56%|█████████████████             |  ETA: 18:13:01
Sampling (4 threads)  57%|█████████████████▏            |  ETA: 17:50:59
Sampling (4 threads)  57%|█████████████████▎            |  ETA: 17:46:41
Sampling (4 threads)  58%|█████████████████▍            |  ETA: 17:25:03
Sampling (4 threads)  58%|█████████████████▌            |  ETA: 17:20:33
Sampling (4 threads)  59%|█████████████████▊            |  ETA: 16:59:18
Sampling (4 threads)  60%|█████████████████▉            |  ETA: 16:53:15
Sampling (4 threads)  60%|██████████████████            |  ETA: 16:32:24
Sampling (4 threads)  60%|██████████████████▏           |  ETA: 16:27:32
Sampling (4 threads)  61%|██████████████████▎           |  ETA: 16:07:02
Sampling (4 threads)  62%|██████████████████▌           |  ETA: 16:00:48
Sampling (4 threads)  62%|██████████████████▋           |  ETA: 15:40:40
Sampling (4 threads)  62%|██████████████████▊           |  ETA: 15:35:15
Sampling (4 threads)  63%|██████████████████▉           |  ETA: 15:15:27
Sampling (4 threads)  64%|███████████████████           |  ETA: 15:08:31
Sampling (4 threads)  64%|███████████████████▎          |  ETA: 14:49:04
Sampling (4 threads)  64%|███████████████████▍          |  ETA: 14:50:00
Sampling (4 threads)  65%|███████████████████▌          |  ETA: 14:30:43
Sampling (4 threads)  66%|███████████████████▋          |  ETA: 14:11:44
Sampling (4 threads)  66%|███████████████████▊          |  ETA: 14:10:17
Sampling (4 threads)  66%|████████████████████          |  ETA: 13:51:29
Sampling (4 threads)  67%|████████████████████▏         |  ETA: 13:32:57
Sampling (4 threads)  68%|████████████████████▎         |  ETA: 13:27:23
Sampling (4 threads)  68%|████████████████████▍         |  ETA: 13:09:07
Sampling (4 threads)  68%|████████████████████▌         |  ETA: 13:02:43
Sampling (4 threads)  69%|████████████████████▊         |  ETA: 12:44:42
Sampling (4 threads)  70%|████████████████████▉         |  ETA: 12:37:43
Sampling (4 threads)  70%|█████████████████████         |  ETA: 12:19:58
Sampling (4 threads)  70%|█████████████████████▏        |  ETA: 12:13:21
Sampling (4 threads)  71%|█████████████████████▎        |  ETA: 11:55:50
Sampling (4 threads)  72%|█████████████████████▌        |  ETA: 11:38:35
Sampling (4 threads)  72%|█████████████████████▋        |  ETA: 11:32:05
Sampling (4 threads)  72%|█████████████████████▊        |  ETA: 11:15:02
Sampling (4 threads)  73%|█████████████████████▉        |  ETA: 11:08:32
Sampling (4 threads)  74%|██████████████████████        |  ETA: 10:51:41
Sampling (4 threads)  74%|██████████████████████▎       |  ETA: 10:43:46
Sampling (4 threads)  74%|██████████████████████▍       |  ETA: 10:27:09
Sampling (4 threads)  75%|██████████████████████▌       |  ETA: 10:10:45
Sampling (4 threads)  76%|██████████████████████▋       |  ETA: 10:02:33
Sampling (4 threads)  76%|██████████████████████▊       |  ETA: 9:46:22
Sampling (4 threads)  76%|███████████████████████       |  ETA: 9:38:08
Sampling (4 threads)  77%|███████████████████████▏      |  ETA: 9:22:09
Sampling (4 threads)  78%|███████████████████████▎      |  ETA: 9:13:32
Sampling (4 threads)  78%|███████████████████████▍      |  ETA: 8:57:46
Sampling (4 threads)  78%|███████████████████████▌      |  ETA: 8:51:33
Sampling (4 threads)  79%|███████████████████████▊      |  ETA: 8:35:54
Sampling (4 threads)  80%|███████████████████████▉      |  ETA: 8:20:27
Sampling (4 threads)  80%|████████████████████████      |  ETA: 8:09:59
Sampling (4 threads)  80%|████████████████████████▏     |  ETA: 7:55:34
Sampling (4 threads)  81%|████████████████████████▎     |  ETA: 7:41:05
Sampling (4 threads)  82%|████████████████████████▌     |  ETA: 7:30:34
Sampling (4 threads)  82%|████████████████████████▋     |  ETA: 7:20:03
Sampling (4 threads)  82%|████████████████████████▊     |  ETA: 7:05:38
Sampling (4 threads)  83%|████████████████████████▉     |  ETA: 6:55:17
Sampling (4 threads)  84%|█████████████████████████     |  ETA: 6:44:13
Sampling (4 threads)  84%|█████████████████████████▎    |  ETA: 6:30:26
Sampling (4 threads)  84%|█████████████████████████▍    |  ETA: 6:19:13
Sampling (4 threads)  85%|█████████████████████████▌    |  ETA: 6:07:45
Sampling (4 threads)  86%|█████████████████████████▋    |  ETA: 5:55:40
Sampling (4 threads)  86%|█████████████████████████▊    |  ETA: 5:43:29
Sampling (4 threads)  86%|██████████████████████████    |  ETA: 5:31:43
Sampling (4 threads)  87%|██████████████████████████▏   |  ETA: 5:20:17
Sampling (4 threads)  88%|██████████████████████████▎   |  ETA: 5:07:27
Sampling (4 threads)  88%|██████████████████████████▍   |  ETA: 4:55:21
Sampling (4 threads)  88%|██████████████████████████▌   |  ETA: 4:43:57
Sampling (4 threads)  89%|██████████████████████████▊   |  ETA: 4:31:15
Sampling (4 threads)  90%|██████████████████████████▉   |  ETA: 4:19:09
Sampling (4 threads)  90%|███████████████████████████   |  ETA: 4:07:12
Sampling (4 threads)  90%|███████████████████████████▏  |  ETA: 3:54:44
Sampling (4 threads)  91%|███████████████████████████▎  |  ETA: 3:42:44
Sampling (4 threads)  92%|███████████████████████████▌  |  ETA: 3:30:18
Sampling (4 threads)  92%|███████████████████████████▋  |  ETA: 3:18:18
Sampling (4 threads)  92%|███████████████████████████▊  |  ETA: 3:06:18
Sampling (4 threads)  93%|███████████████████████████▉  |  ETA: 2:53:22
Sampling (4 threads)  94%|████████████████████████████  |  ETA: 2:41:22
Sampling (4 threads)  94%|████████████████████████████▎ |  ETA: 2:29:38
Sampling (4 threads)  94%|████████████████████████████▍ |  ETA: 2:17:32
Sampling (4 threads)  95%|████████████████████████████▌ |  ETA: 2:05:26
Sampling (4 threads)  96%|████████████████████████████▋ |  ETA: 1:53:37
Sampling (4 threads)  96%|████████████████████████████▊ |  ETA: 1:41:51
Sampling (4 threads)  96%|█████████████████████████████ |  ETA: 1:29:57
Sampling (4 threads)  97%|█████████████████████████████▏|  ETA: 1:17:47
Sampling (4 threads)  98%|█████████████████████████████▎|  ETA: 1:05:28
Sampling (4 threads)  98%|█████████████████████████████▍|  ETA: 0:52:51
Sampling (4 threads)  98%|█████████████████████████████▌|  ETA: 0:39:58
Sampling (4 threads)  99%|█████████████████████████████▊|  ETA: 0:26:51
Sampling (4 threads) 100%|██████████████████████████████| Time: 1 days, 20:33:08
Precompiling project...
    DistributionsADReverseDiffExt Being precompiled by another machine (hostname: bp1-compute129, pid: 228347, pidfile: /user/home/em18564/.julia/compiled/v1.10/DistributionsADReverseDiffExt/hY00X_4RpdW.ji.pidfile)
  ✗ DistributionsAD → DistributionsADReverseDiffExt
  0 dependencies successfully precompiled in 112 seconds. 549 already precompiled.
┌ Warning: Runtime invalidation was disabled, but the CPU info is out-of-date.
│ Will continue with incorrect CPU name (from build time).
└ @ HostCPUFeatures ~/.julia/packages/HostCPUFeatures/ZTXz4/src/cpu_info.jl:71
┌ Warning: Runtime invalidation was disabled, but the CPU info is out-of-date.
│ Will continue with incorrect CPU feature flag: +avx512vnni.
└ @ HostCPUFeatures ~/.julia/packages/HostCPUFeatures/ZTXz4/src/cpu_info.jl:56
┌ Warning: Runtime invalidation was disabled, but the CPU info is out-of-date.
│ Will continue with incorrect CPU feature flag: -rtm.
└ @ HostCPUFeatures ~/.julia/packages/HostCPUFeatures/ZTXz4/src/cpu_info.jl:56
Sampling (4 threads)   0%|                              |  ETA: N/A
┌ Info: Found initial step size
└   ϵ = 0.00625
┌ Info: Found initial step size
└   ϵ = 0.00625
┌ Info: Found initial step size
└   ϵ = 0.00078125
┌ Info: Found initial step size
└   ϵ = 0.000390625
Sampling (4 threads)   0%|▏                             |  ETA: 17.71 days
Sampling (4 threads)   1%|▎                             |  ETA: 8 days, 19:24:40
Sampling (4 threads)   2%|▌                             |  ETA: 5 days, 20:13:44
Sampling (4 threads)   2%|▋                             |  ETA: 5 days, 17:07:24
Sampling (4 threads)   2%|▊                             |  ETA: 4 days, 13:08:21
Sampling (4 threads)   3%|▉                             |  ETA: 3 days, 18:28:58
Sampling (4 threads)   4%|█                             |  ETA: 3 days, 22:25:11
Sampling (4 threads)   4%|█▎                            |  ETA: 3 days, 10:11:21
Sampling (4 threads)   4%|█▍                            |  ETA: 3 days, 13:20:02
Sampling (4 threads)   5%|█▌                            |  ETA: 3 days, 4:23:54
Sampling (4 threads)   6%|█▋                            |  ETA: 2 days, 21:05:15
Sampling (4 threads)   6%|█▊                            |  ETA: 2 days, 14:59:43
Sampling (4 threads)   6%|██                            |  ETA: 2 days, 19:09:20
Sampling (4 threads)   7%|██▏                           |  ETA: 2 days, 14:01:31
Sampling (4 threads)   8%|██▎                           |  ETA: 2 days, 16:34:12
Sampling (4 threads)   8%|██▍                           |  ETA: 2 days, 12:12:26
Sampling (4 threads)   8%|██▌                           |  ETA: 2 days, 12:31:17
Sampling (4 threads)   9%|██▊                           |  ETA: 2 days, 8:50:48
Sampling (4 threads)  10%|██▉                           |  ETA: 2 days, 5:33:32
Sampling (4 threads)  10%|███                           |  ETA: 2 days, 7:45:05
Sampling (4 threads)  10%|███▏                          |  ETA: 2 days, 4:48:06
Sampling (4 threads)  11%|███▎                          |  ETA: 2 days, 2:07:12
Sampling (4 threads)  12%|███▌                          |  ETA: 2 days, 4:29:53
Sampling (4 threads)  12%|███▋                          |  ETA: 2 days, 2:01:35
Sampling (4 threads)  12%|███▊                          |  ETA: 1 days, 23:45:09
Sampling (4 threads)  13%|███▉                          |  ETA: 2 days, 1:40:42
Sampling (4 threads)  14%|████                          |  ETA: 1 days, 23:33:48
Sampling (4 threads)  14%|████▎                         |  ETA: 2 days, 1:14:12
Sampling (4 threads)  14%|████▍                         |  ETA: 1 days, 23:15:45
Sampling (4 threads)  15%|████▌                         |  ETA: 1 days, 21:25:12
Sampling (4 threads)  16%|████▋                         |  ETA: 1 days, 23:13:02
Sampling (4 threads)  16%|████▊                         |  ETA: 1 days, 21:28:15
Sampling (4 threads)  16%|█████                         |  ETA: 1 days, 19:49:50
Sampling (4 threads)  17%|█████▏                        |  ETA: 1 days, 21:39:23
Sampling (4 threads)  18%|█████▎                        |  ETA: 1 days, 20:05:05
Sampling (4 threads)  18%|█████▍                        |  ETA: 1 days, 18:36:02
Sampling (4 threads)  18%|█████▌                        |  ETA: 1 days, 19:47:59
Sampling (4 threads)  19%|█████▊                        |  ETA: 1 days, 18:23:08
Sampling (4 threads)  20%|█████▉                        |  ETA: 1 days, 17:02:37
Sampling (4 threads)  20%|██████                        |  ETA: 1 days, 18:17:53
Sampling (4 threads)  20%|██████▏                       |  ETA: 1 days, 17:00:30
Sampling (4 threads)  21%|██████▎                       |  ETA: 1 days, 15:46:49
Sampling (4 threads)  22%|██████▌                       |  ETA: 1 days, 16:50:02
Sampling (4 threads)  22%|██████▋                       |  ETA: 1 days, 15:39:06
Sampling (4 threads)  22%|██████▊                       |  ETA: 1 days, 14:31:19
Sampling (4 threads)  23%|██████▉                       |  ETA: 1 days, 15:42:48
Sampling (4 threads)  24%|███████                       |  ETA: 1 days, 14:36:58
Sampling (4 threads)  24%|███████▎                      |  ETA: 1 days, 13:33:52
Sampling (4 threads)  24%|███████▍                      |  ETA: 1 days, 14:44:26
Sampling (4 threads)  25%|███████▌                      |  ETA: 1 days, 13:42:52
Sampling (4 threads)  26%|███████▋                      |  ETA: 1 days, 12:43:42
Sampling (4 threads)  26%|███████▊                      |  ETA: 1 days, 12:56:00
Sampling (4 threads)  26%|████████                      |  ETA: 1 days, 11:59:30
Sampling (4 threads)  27%|████████▏                     |  ETA: 1 days, 12:04:14
Sampling (4 threads)  28%|████████▎                     |  ETA: 1 days, 11:10:20
Sampling (4 threads)  28%|████████▍                     |  ETA: 1 days, 11:13:16
Sampling (4 threads)  28%|████████▌                     |  ETA: 1 days, 10:21:46
Sampling (4 threads)  29%|████████▊                     |  ETA: 1 days, 10:27:45
Sampling (4 threads)  30%|████████▉                     |  ETA: 1 days, 9:38:23
Sampling (4 threads)  30%|█████████                     |  ETA: 1 days, 9:43:58
Sampling (4 threads)  30%|█████████▏                    |  ETA: 1 days, 8:56:34
Sampling (4 threads)  31%|█████████▎                    |  ETA: 1 days, 8:58:04
Sampling (4 threads)  32%|█████████▌                    |  ETA: 1 days, 8:12:34
Sampling (4 threads)  32%|█████████▋                    |  ETA: 1 days, 8:47:08
Sampling (4 threads)  32%|█████████▊                    |  ETA: 1 days, 8:02:38
Sampling (4 threads)  33%|█████████▉                    |  ETA: 1 days, 7:19:28
Sampling (4 threads)  34%|██████████                    |  ETA: 1 days, 7:59:03
Sampling (4 threads)  34%|██████████▎                   |  ETA: 1 days, 7:16:37
Sampling (4 threads)  34%|██████████▍                   |  ETA: 1 days, 6:35:24
Sampling (4 threads)  35%|██████████▌                   |  ETA: 1 days, 6:35:15
Sampling (4 threads)  36%|██████████▋                   |  ETA: 1 days, 5:55:29
Sampling (4 threads)  36%|██████████▊                   |  ETA: 1 days, 5:57:14
Sampling (4 threads)  36%|███████████                   |  ETA: 1 days, 5:18:45
Sampling (4 threads)  37%|███████████▏                  |  ETA: 1 days, 5:20:02
Sampling (4 threads)  38%|███████████▎                  |  ETA: 1 days, 4:42:47
Sampling (4 threads)  38%|███████████▍                  |  ETA: 1 days, 4:43:10
Sampling (4 threads)  38%|███████████▌                  |  ETA: 1 days, 4:07:05
Sampling (4 threads)  39%|███████████▊                  |  ETA: 1 days, 4:07:17
Sampling (4 threads)  40%|███████████▉                  |  ETA: 1 days, 3:32:17
Sampling (4 threads)  40%|████████████                  |  ETA: 1 days, 3:31:31
Sampling (4 threads)  40%|████████████▏                 |  ETA: 1 days, 2:57:32
Sampling (4 threads)  41%|████████████▎                 |  ETA: 1 days, 3:19:59
Sampling (4 threads)  42%|████████████▌                 |  ETA: 1 days, 2:46:30
Sampling (4 threads)  42%|████████████▋                 |  ETA: 1 days, 2:13:49
Sampling (4 threads)  42%|████████████▊                 |  ETA: 1 days, 2:41:16
Sampling (4 threads)  43%|████████████▉                 |  ETA: 1 days, 2:08:53
Sampling (4 threads)  44%|█████████████                 |  ETA: 1 days, 1:37:14
Sampling (4 threads)  44%|█████████████▎                |  ETA: 1 days, 1:58:30
Sampling (4 threads)  44%|█████████████▍                |  ETA: 1 days, 1:27:13
Sampling (4 threads)  45%|█████████████▌                |  ETA: 1 days, 0:56:39
Sampling (4 threads)  46%|█████████████▋                |  ETA: 1 days, 0:26:45
Sampling (4 threads)  46%|█████████████▊                |  ETA: 1 days, 0:46:07
Sampling (4 threads)  46%|██████████████                |  ETA: 1 days, 0:16:31
Sampling (4 threads)  47%|██████████████▏               |  ETA: 23:47:34
Sampling (4 threads)  48%|██████████████▎               |  ETA: 1 days, 0:05:35
Sampling (4 threads)  48%|██████████████▍               |  ETA: 23:36:54
Sampling (4 threads)  48%|██████████████▌               |  ETA: 23:08:48
Sampling (4 threads)  49%|██████████████▊               |  ETA: 23:22:42
Sampling (4 threads)  50%|██████████████▉               |  ETA: 22:54:55
Sampling (4 threads)  50%|███████████████               |  ETA: 22:27:41
Sampling (4 threads)  50%|███████████████▏              |  ETA: 22:38:38
Sampling (4 threads)  51%|███████████████▎              |  ETA: 22:11:43
Sampling (4 threads)  52%|███████████████▌              |  ETA: 22:07:05
Sampling (4 threads)  52%|███████████████▋              |  ETA: 21:40:46
Sampling (4 threads)  52%|███████████████▊              |  ETA: 21:14:58
Sampling (4 threads)  53%|███████████████▉              |  ETA: 21:10:48
Sampling (4 threads)  54%|████████████████              |  ETA: 20:45:32
Sampling (4 threads)  54%|████████████████▎             |  ETA: 20:41:24
Sampling (4 threads)  55%|████████████████▍             |  ETA: 20:16:38
Sampling (4 threads)  55%|████████████████▌             |  ETA: 20:12:48
Sampling (4 threads)  56%|████████████████▋             |  ETA: 19:48:31
Sampling (4 threads)  56%|████████████████▊             |  ETA: 19:43:27
Sampling (4 threads)  56%|█████████████████             |  ETA: 19:19:39
Sampling (4 threads)  57%|█████████████████▏            |  ETA: 19:13:12
Sampling (4 threads)  57%|█████████████████▎            |  ETA: 18:49:52
Sampling (4 threads)  58%|█████████████████▍            |  ETA: 18:45:19
Sampling (4 threads)  58%|█████████████████▌            |  ETA: 18:22:25
Sampling (4 threads)  59%|█████████████████▊            |  ETA: 18:17:22
Sampling (4 threads)  60%|█████████████████▉            |  ETA: 17:54:52
Sampling (4 threads)  60%|██████████████████            |  ETA: 18:01:07
Sampling (4 threads)  60%|██████████████████▏           |  ETA: 17:38:47
Sampling (4 threads)  61%|██████████████████▎           |  ETA: 17:16:49
Sampling (4 threads)  62%|██████████████████▌           |  ETA: 17:20:09
Sampling (4 threads)  62%|██████████████████▋           |  ETA: 16:58:22
Sampling (4 threads)  62%|██████████████████▊           |  ETA: 16:36:56
Sampling (4 threads)  63%|██████████████████▉           |  ETA: 16:39:02
Sampling (4 threads)  64%|███████████████████           |  ETA: 16:17:46
Sampling (4 threads)  64%|███████████████████▎          |  ETA: 15:56:51
Sampling (4 threads)  64%|███████████████████▍          |  ETA: 15:58:16
Sampling (4 threads)  65%|███████████████████▌          |  ETA: 15:37:30
Sampling (4 threads)  66%|███████████████████▋          |  ETA: 15:17:03
Sampling (4 threads)  66%|███████████████████▊          |  ETA: 15:15:34
Sampling (4 threads)  66%|████████████████████          |  ETA: 14:55:19
Sampling (4 threads)  67%|████████████████████▏         |  ETA: 14:35:23
Sampling (4 threads)  68%|████████████████████▎         |  ETA: 14:34:34
Sampling (4 threads)  68%|████████████████████▍         |  ETA: 14:14:46
Sampling (4 threads)  68%|████████████████████▌         |  ETA: 14:12:08
Sampling (4 threads)  69%|████████████████████▊         |  ETA: 13:52:31
Sampling (4 threads)  70%|████████████████████▉         |  ETA: 13:33:12
Sampling (4 threads)  70%|█████████████████████         |  ETA: 13:23:33
Sampling (4 threads)  70%|█████████████████████▏        |  ETA: 13:04:33
Sampling (4 threads)  71%|█████████████████████▎        |  ETA: 13:00:48
Sampling (4 threads)  72%|█████████████████████▌        |  ETA: 12:41:58
Sampling (4 threads)  72%|█████████████████████▋        |  ETA: 12:23:24
Sampling (4 threads)  72%|█████████████████████▊        |  ETA: 12:21:05
Sampling (4 threads)  73%|█████████████████████▉        |  ETA: 12:02:38
Sampling (4 threads)  74%|██████████████████████        |  ETA: 11:44:26
Sampling (4 threads)  74%|██████████████████████▎       |  ETA: 11:40:05
Sampling (4 threads)  74%|██████████████████████▍       |  ETA: 11:22:01
Sampling (4 threads)  75%|██████████████████████▌       |  ETA: 11:16:51
Sampling (4 threads)  76%|██████████████████████▋       |  ETA: 10:58:56
Sampling (4 threads)  76%|██████████████████████▊       |  ETA: 10:41:14
Sampling (4 threads)  76%|███████████████████████       |  ETA: 10:31:00
Sampling (4 threads)  77%|███████████████████████▏      |  ETA: 10:13:34
Sampling (4 threads)  78%|███████████████████████▎      |  ETA: 10:03:50
Sampling (4 threads)  78%|███████████████████████▍      |  ETA: 9:46:37
Sampling (4 threads)  78%|███████████████████████▌      |  ETA: 9:36:14
Sampling (4 threads)  79%|███████████████████████▊      |  ETA: 9:19:16
Sampling (4 threads)  80%|███████████████████████▉      |  ETA: 9:08:50
Sampling (4 threads)  80%|████████████████████████      |  ETA: 8:52:06
Sampling (4 threads)  80%|████████████████████████▏     |  ETA: 8:41:24
Sampling (4 threads)  81%|████████████████████████▎     |  ETA: 8:24:53
Sampling (4 threads)  82%|████████████████████████▌     |  ETA: 8:14:17
Sampling (4 threads)  82%|████████████████████████▋     |  ETA: 7:57:59
Sampling (4 threads)  82%|████████████████████████▊     |  ETA: 7:47:01
Sampling (4 threads)  83%|████████████████████████▉     |  ETA: 7:30:57
Sampling (4 threads)  84%|█████████████████████████     |  ETA: 7:19:38
Sampling (4 threads)  84%|█████████████████████████▎    |  ETA: 7:03:47
Sampling (4 threads)  84%|█████████████████████████▍    |  ETA: 6:52:33
Sampling (4 threads)  85%|█████████████████████████▌    |  ETA: 6:36:54
Sampling (4 threads)  86%|█████████████████████████▋    |  ETA: 6:21:25
Sampling (4 threads)  86%|█████████████████████████▊    |  ETA: 6:13:13
Sampling (4 threads)  86%|██████████████████████████    |  ETA: 5:57:49
Sampling (4 threads)  87%|██████████████████████████▏   |  ETA: 5:42:35
Sampling (4 threads)  88%|██████████████████████████▎   |  ETA: 5:30:04
Sampling (4 threads)  88%|██████████████████████████▍   |  ETA: 5:15:43
Sampling (4 threads)  88%|██████████████████████████▌   |  ETA: 5:02:54
Sampling (4 threads)  89%|██████████████████████████▊   |  ETA: 4:50:03
Sampling (4 threads)  90%|██████████████████████████▉   |  ETA: 4:36:56
Sampling (4 threads)  90%|███████████████████████████   |  ETA: 4:23:26
Sampling (4 threads)  90%|███████████████████████████▏  |  ETA: 4:10:10
Sampling (4 threads)  91%|███████████████████████████▎  |  ETA: 3:57:20
Sampling (4 threads)  92%|███████████████████████████▌  |  ETA: 3:44:06
Sampling (4 threads)  92%|███████████████████████████▋  |  ETA: 3:31:07
Sampling (4 threads)  92%|███████████████████████████▊  |  ETA: 3:17:15
Sampling (4 threads)  93%|███████████████████████████▉  |  ETA: 3:04:34
Sampling (4 threads)  94%|████████████████████████████  |  ETA: 2:51:53
Sampling (4 threads)  94%|████████████████████████████▎ |  ETA: 2:39:14
Sampling (4 threads)  94%|████████████████████████████▍ |  ETA: 2:26:24
Sampling (4 threads)  95%|████████████████████████████▌ |  ETA: 2:13:33
Sampling (4 threads)  96%|████████████████████████████▋ |  ETA: 2:00:33
Sampling (4 threads)  96%|████████████████████████████▊ |  ETA: 1:47:30
Sampling (4 threads)  96%|█████████████████████████████ |  ETA: 1:34:18
Sampling (4 threads)  97%|█████████████████████████████▏|  ETA: 1:21:06
Sampling (4 threads)  98%|█████████████████████████████▎|  ETA: 1:07:49
Sampling (4 threads)  98%|█████████████████████████████▍|  ETA: 0:54:24
Sampling (4 threads)  98%|█████████████████████████████▌|  ETA: 0:40:53
Sampling (4 threads)  99%|█████████████████████████████▊|  ETA: 0:27:19
Sampling (4 threads) 100%|██████████████████████████████| Time: 1 days, 21:19:22
