cpu-bind=MASK - bp1-compute016, task  0  0 [551657]: mask 0x8000020800002 set
cpu-bind=MASK - bp1-compute016, task  0  0 [551656]: mask 0x30000003000000 set
Running on host bp1-compute016
Running on host bp1-compute016
Time is Mon Sep 14 18:34:09 BST 2026
Directory is /user/home/em18564/bayesian/BC4/Bayes/wordType_experiments/models/_1_2
Slurm job ID is 18956157
This job runs on the following machines:
Time is Mon Sep 14 18:34:09 BST 2026
Directory is /user/home/em18564/bayesian/BC4/Bayes/wordType_experiments/models/_1_2
Slurm job ID is 18956156
This job runs on the following machines:
bp1-compute016
bp1-compute016
┌ Warning: Runtime invalidation was disabled, but the CPU info is out-of-date.
│ Will continue with incorrect CPU name (from build time).
└ @ HostCPUFeatures ~/.julia/packages/HostCPUFeatures/ZTXz4/src/cpu_info.jl:71
┌ Warning: Runtime invalidation was disabled, but the CPU info is out-of-date.
│ Will continue with incorrect CPU feature flag: +avx512vnni.
└ @ HostCPUFeatures ~/.julia/packages/HostCPUFeatures/ZTXz4/src/cpu_info.jl:56
┌ Warning: Runtime invalidation was disabled, but the CPU info is out-of-date.
│ Will continue with incorrect CPU feature flag: -rtm.
└ @ HostCPUFeatures ~/.julia/packages/HostCPUFeatures/ZTXz4/src/cpu_info.jl:56
Sampling (4 threads)   0%|                              |  ETA: N/A
┌ Info: Found initial step size
└   ϵ = 0.0015625
┌ Info: Found initial step size
└   ϵ = 0.00078125
┌ Info: Found initial step size
└   ϵ = 0.000390625
┌ Info: Found initial step size
└   ϵ = 0.000390625
Sampling (4 threads)   0%|▏                             |  ETA: 14:05:56
Sampling (4 threads)   1%|▎                             |  ETA: 7:00:55
Sampling (4 threads)   2%|▌                             |  ETA: 1 days, 4:47:52
Sampling (4 threads)   2%|▋                             |  ETA: 21:29:19
Sampling (4 threads)   2%|▊                             |  ETA: 17:06:11
Sampling (4 threads)   3%|▉                             |  ETA: 1 days, 1:45:09
Sampling (4 threads)   4%|█                             |  ETA: 21:57:35
Sampling (4 threads)   4%|█▎                            |  ETA: 19:06:55
Sampling (4 threads)   4%|█▍                            |  ETA: 21:20:11
Sampling (4 threads)   5%|█▌                            |  ETA: 19:06:08
Sampling (4 threads)   6%|█▋                            |  ETA: 19:29:03
Sampling (4 threads)   6%|█▊                            |  ETA: 17:45:58
Sampling (4 threads)   6%|██                            |  ETA: 16:18:44
Sampling (4 threads)   7%|██▏                           |  ETA: 15:20:05
Sampling (4 threads)   8%|██▎                           |  ETA: 14:14:07
Sampling (4 threads)   8%|██▍                           |  ETA: 13:32:14
Sampling (4 threads)   8%|██▌                           |  ETA: 12:40:18
Sampling (4 threads)   9%|██▊                           |  ETA: 12:10:15
Sampling (4 threads)  10%|██▉                           |  ETA: 11:28:01
Sampling (4 threads)  10%|███                           |  ETA: 11:02:55
Sampling (4 threads)  10%|███▏                          |  ETA: 10:27:50
Sampling (4 threads)  11%|███▎                          |  ETA: 10:05:06
Sampling (4 threads)  12%|███▌                          |  ETA: 9:35:32
Sampling (4 threads)  12%|███▋                          |  ETA: 9:17:28
Sampling (4 threads)  12%|███▊                          |  ETA: 8:52:07
Sampling (4 threads)  13%|███▉                          |  ETA: 8:38:55
Sampling (4 threads)  14%|████                          |  ETA: 8:16:49
Sampling (4 threads)  14%|████▎                         |  ETA: 8:05:43
Sampling (4 threads)  14%|████▍                         |  ETA: 7:46:15
Sampling (4 threads)  15%|████▌                         |  ETA: 7:36:40
Sampling (4 threads)  16%|████▋                         |  ETA: 7:19:20
Sampling (4 threads)  16%|████▊                         |  ETA: 7:03:05
Sampling (4 threads)  16%|█████                         |  ETA: 6:55:17
Sampling (4 threads)  17%|█████▏                        |  ETA: 6:40:40
Sampling (4 threads)  18%|█████▎                        |  ETA: 6:26:52
Sampling (4 threads)  18%|█████▍                        |  ETA: 6:17:43
Sampling (4 threads)  18%|█████▌                        |  ETA: 6:05:16
Sampling (4 threads)  19%|█████▊                        |  ETA: 5:56:47
Sampling (4 threads)  20%|█████▉                        |  ETA: 5:45:29
Sampling (4 threads)  20%|██████                        |  ETA: 5:38:15
Sampling (4 threads)  20%|██████▏                       |  ETA: 5:27:56
Sampling (4 threads)  21%|██████▎                       |  ETA: 5:21:18
Sampling (4 threads)  22%|██████▌                       |  ETA: 5:11:50
Sampling (4 threads)  22%|██████▋                       |  ETA: 5:05:42
Sampling (4 threads)  22%|██████▊                       |  ETA: 4:56:59
Sampling (4 threads)  23%|██████▉                       |  ETA: 4:53:38
Sampling (4 threads)  24%|███████                       |  ETA: 4:45:31
Sampling (4 threads)  24%|███████▎                      |  ETA: 4:37:44
Sampling (4 threads)  24%|███████▍                      |  ETA: 4:35:07
Sampling (4 threads)  25%|███████▌                      |  ETA: 4:27:50
Sampling (4 threads)  26%|███████▋                      |  ETA: 4:23:05
Sampling (4 threads)  26%|███████▊                      |  ETA: 4:16:18
Sampling (4 threads)  26%|████████                      |  ETA: 4:13:51
Sampling (4 threads)  27%|████████▏                     |  ETA: 4:07:27
Sampling (4 threads)  28%|████████▎                     |  ETA: 4:01:17
Sampling (4 threads)  28%|████████▍                     |  ETA: 3:59:17
Sampling (4 threads)  28%|████████▌                     |  ETA: 3:53:27
Sampling (4 threads)  29%|████████▊                     |  ETA: 3:49:55
Sampling (4 threads)  30%|████████▉                     |  ETA: 3:44:26
Sampling (4 threads)  30%|█████████                     |  ETA: 3:39:08
Sampling (4 threads)  30%|█████████▏                    |  ETA: 3:35:44
Sampling (4 threads)  31%|█████████▎                    |  ETA: 3:30:44
Sampling (4 threads)  32%|█████████▌                    |  ETA: 3:27:45
Sampling (4 threads)  32%|█████████▋                    |  ETA: 3:23:01
Sampling (4 threads)  32%|█████████▊                    |  ETA: 3:21:28
Sampling (4 threads)  33%|█████████▉                    |  ETA: 3:16:56
Sampling (4 threads)  34%|██████████                    |  ETA: 3:12:33
Sampling (4 threads)  34%|██████████▎                   |  ETA: 3:11:17
Sampling (4 threads)  34%|██████████▍                   |  ETA: 3:07:05
Sampling (4 threads)  35%|██████████▌                   |  ETA: 3:03:00
Sampling (4 threads)  36%|██████████▋                   |  ETA: 2:59:02
Sampling (4 threads)  36%|██████████▊                   |  ETA: 2:56:48
Sampling (4 threads)  36%|███████████                   |  ETA: 2:53:01
Sampling (4 threads)  37%|███████████▏                  |  ETA: 2:50:55
Sampling (4 threads)  38%|███████████▎                  |  ETA: 2:47:18
Sampling (4 threads)  38%|███████████▍                  |  ETA: 2:45:09
Sampling (4 threads)  38%|███████████▌                  |  ETA: 2:41:41
Sampling (4 threads)  39%|███████████▊                  |  ETA: 2:39:33
Sampling (4 threads)  40%|███████████▉                  |  ETA: 2:36:14
Sampling (4 threads)  40%|████████████                  |  ETA: 2:35:19
Sampling (4 threads)  40%|████████████▏                 |  ETA: 2:32:08
Sampling (4 threads)  41%|████████████▎                 |  ETA: 2:29:01
Sampling (4 threads)  42%|████████████▌                 |  ETA: 2:25:58
Sampling (4 threads)  42%|████████████▋                 |  ETA: 2:25:17
Sampling (4 threads)  42%|████████████▊                 |  ETA: 2:22:20
Sampling (4 threads)  43%|████████████▉                 |  ETA: 2:19:28
Sampling (4 threads)  44%|█████████████                 |  ETA: 2:17:53
Sampling (4 threads)  44%|█████████████▎                |  ETA: 2:15:07
Sampling (4 threads)  44%|█████████████▍                |  ETA: 2:14:13
Sampling (4 threads)  45%|█████████████▌                |  ETA: 2:11:32
Sampling (4 threads)  46%|█████████████▋                |  ETA: 2:08:54
Sampling (4 threads)  46%|█████████████▊                |  ETA: 2:06:20
Sampling (4 threads)  46%|██████████████                |  ETA: 2:05:28
Sampling (4 threads)  47%|██████████████▏               |  ETA: 2:02:58
Sampling (4 threads)  48%|██████████████▎               |  ETA: 2:00:31
Sampling (4 threads)  48%|██████████████▍               |  ETA: 1:59:43
Sampling (4 threads)  48%|██████████████▌               |  ETA: 1:57:21
Sampling (4 threads)  49%|██████████████▊               |  ETA: 1:55:01
Sampling (4 threads)  50%|██████████████▉               |  ETA: 1:52:44
Sampling (4 threads)  50%|███████████████               |  ETA: 1:52:02
Sampling (4 threads)  50%|███████████████▏              |  ETA: 1:49:49
Sampling (4 threads)  51%|███████████████▎              |  ETA: 1:47:38
Sampling (4 threads)  52%|███████████████▌              |  ETA: 1:47:02
Sampling (4 threads)  52%|███████████████▋              |  ETA: 1:44:55
Sampling (4 threads)  52%|███████████████▊              |  ETA: 1:42:50
Sampling (4 threads)  53%|███████████████▉              |  ETA: 1:41:35
Sampling (4 threads)  54%|████████████████              |  ETA: 1:39:34
Sampling (4 threads)  54%|████████████████▎             |  ETA: 1:37:35
Sampling (4 threads)  55%|████████████████▍             |  ETA: 1:36:18
Sampling (4 threads)  55%|████████████████▌             |  ETA: 1:34:23
Sampling (4 threads)  56%|████████████████▋             |  ETA: 1:33:09
Sampling (4 threads)  56%|████████████████▊             |  ETA: 1:31:17
Sampling (4 threads)  56%|█████████████████             |  ETA: 1:30:07
Sampling (4 threads)  57%|█████████████████▏            |  ETA: 1:28:18
Sampling (4 threads)  57%|█████████████████▎            |  ETA: 1:27:41
Sampling (4 threads)  58%|█████████████████▍            |  ETA: 1:25:54
Sampling (4 threads)  58%|█████████████████▌            |  ETA: 1:24:09
Sampling (4 threads)  59%|█████████████████▊            |  ETA: 1:22:26
Sampling (4 threads)  60%|█████████████████▉            |  ETA: 1:21:22
Sampling (4 threads)  60%|██████████████████            |  ETA: 1:19:41
Sampling (4 threads)  60%|██████████████████▏           |  ETA: 1:18:39
Sampling (4 threads)  61%|██████████████████▎           |  ETA: 1:17:01
Sampling (4 threads)  62%|██████████████████▌           |  ETA: 1:16:24
Sampling (4 threads)  62%|██████████████████▋           |  ETA: 1:14:48
Sampling (4 threads)  62%|██████████████████▊           |  ETA: 1:13:13
Sampling (4 threads)  63%|██████████████████▉           |  ETA: 1:11:40
Sampling (4 threads)  64%|███████████████████           |  ETA: 1:11:01
Sampling (4 threads)  64%|███████████████████▎          |  ETA: 1:09:30
Sampling (4 threads)  64%|███████████████████▍          |  ETA: 1:08:00
Sampling (4 threads)  65%|███████████████████▌          |  ETA: 1:07:20
Sampling (4 threads)  66%|███████████████████▋          |  ETA: 1:05:52
Sampling (4 threads)  66%|███████████████████▊          |  ETA: 1:04:25
Sampling (4 threads)  66%|████████████████████          |  ETA: 1:03:41
Sampling (4 threads)  67%|████████████████████▏         |  ETA: 1:02:15
Sampling (4 threads)  68%|████████████████████▎         |  ETA: 1:00:52
Sampling (4 threads)  68%|████████████████████▍         |  ETA: 0:59:53
Sampling (4 threads)  68%|████████████████████▌         |  ETA: 0:58:31
Sampling (4 threads)  69%|████████████████████▊         |  ETA: 0:57:39
Sampling (4 threads)  70%|████████████████████▉         |  ETA: 0:56:19
Sampling (4 threads)  70%|█████████████████████         |  ETA: 0:55:00
Sampling (4 threads)  70%|█████████████████████▏        |  ETA: 0:54:09
Sampling (4 threads)  71%|█████████████████████▎        |  ETA: 0:52:52
Sampling (4 threads)  72%|█████████████████████▌        |  ETA: 0:51:35
Sampling (4 threads)  72%|█████████████████████▋        |  ETA: 0:50:51
Sampling (4 threads)  72%|█████████████████████▊        |  ETA: 0:49:35
Sampling (4 threads)  73%|█████████████████████▉        |  ETA: 0:48:21
Sampling (4 threads)  74%|██████████████████████        |  ETA: 0:47:43
Sampling (4 threads)  74%|██████████████████████▎       |  ETA: 0:46:30
Sampling (4 threads)  74%|██████████████████████▍       |  ETA: 0:45:18
Sampling (4 threads)  75%|██████████████████████▌       |  ETA: 0:44:07
Sampling (4 threads)  76%|██████████████████████▋       |  ETA: 0:43:26
Sampling (4 threads)  76%|██████████████████████▊       |  ETA: 0:42:16
Sampling (4 threads)  76%|███████████████████████       |  ETA: 0:41:07
Sampling (4 threads)  77%|███████████████████████▏      |  ETA: 0:40:14
Sampling (4 threads)  78%|███████████████████████▎      |  ETA: 0:39:06
Sampling (4 threads)  78%|███████████████████████▍      |  ETA: 0:38:24
Sampling (4 threads)  78%|███████████████████████▌      |  ETA: 0:37:17
Sampling (4 threads)  79%|███████████████████████▊      |  ETA: 0:36:11
Sampling (4 threads)  80%|███████████████████████▉      |  ETA: 0:35:27
Sampling (4 threads)  80%|████████████████████████      |  ETA: 0:34:23
Sampling (4 threads)  80%|████████████████████████▏     |  ETA: 0:33:19
Sampling (4 threads)  81%|████████████████████████▎     |  ETA: 0:32:32
Sampling (4 threads)  82%|████████████████████████▌     |  ETA: 0:31:29
Sampling (4 threads)  82%|████████████████████████▋     |  ETA: 0:30:27
Sampling (4 threads)  82%|████████████████████████▊     |  ETA: 0:29:45
Sampling (4 threads)  83%|████████████████████████▉     |  ETA: 0:28:44
Sampling (4 threads)  84%|█████████████████████████     |  ETA: 0:27:43
Sampling (4 threads)  84%|█████████████████████████▎    |  ETA: 0:26:43
Sampling (4 threads)  84%|█████████████████████████▍    |  ETA: 0:25:52
Sampling (4 threads)  85%|█████████████████████████▌    |  ETA: 0:24:54
Sampling (4 threads)  86%|█████████████████████████▋    |  ETA: 0:24:02
Sampling (4 threads)  86%|█████████████████████████▊    |  ETA: 0:23:09
Sampling (4 threads)  86%|██████████████████████████    |  ETA: 0:22:16
Sampling (4 threads)  87%|██████████████████████████▏   |  ETA: 0:21:22
Sampling (4 threads)  88%|██████████████████████████▎   |  ETA: 0:20:30
Sampling (4 threads)  88%|██████████████████████████▍   |  ETA: 0:19:37
Sampling (4 threads)  88%|██████████████████████████▌   |  ETA: 0:18:45
Sampling (4 threads)  89%|██████████████████████████▊   |  ETA: 0:17:53
Sampling (4 threads)  90%|██████████████████████████▉   |  ETA: 0:17:03
Sampling (4 threads)  90%|███████████████████████████   |  ETA: 0:16:13
Sampling (4 threads)  90%|███████████████████████████▏  |  ETA: 0:15:22
Sampling (4 threads)  91%|███████████████████████████▎  |  ETA: 0:14:32
Sampling (4 threads)  92%|███████████████████████████▌  |  ETA: 0:13:41
Sampling (4 threads)  92%|███████████████████████████▋  |  ETA: 0:12:52
Sampling (4 threads)  92%|███████████████████████████▊  |  ETA: 0:12:01
Sampling (4 threads)  93%|███████████████████████████▉  |  ETA: 0:11:12
Sampling (4 threads)  94%|████████████████████████████  |  ETA: 0:10:23
Sampling (4 threads)  94%|████████████████████████████▎ |  ETA: 0:09:35
Sampling (4 threads)  94%|████████████████████████████▍ |  ETA: 0:08:46
Sampling (4 threads)  95%|████████████████████████████▌ |  ETA: 0:07:57
Sampling (4 threads)  96%|████████████████████████████▋ |  ETA: 0:07:09
Sampling (4 threads)  96%|████████████████████████████▊ |  ETA: 0:06:21
Sampling (4 threads)  96%|█████████████████████████████ |  ETA: 0:05:32
Sampling (4 threads)  97%|█████████████████████████████▏|  ETA: 0:04:44
Sampling (4 threads)  98%|█████████████████████████████▎|  ETA: 0:03:57
Sampling (4 threads)  98%|█████████████████████████████▍|  ETA: 0:03:09
Sampling (4 threads)  98%|█████████████████████████████▌|  ETA: 0:02:22
Sampling (4 threads)  99%|█████████████████████████████▊|  ETA: 0:01:34
Sampling (4 threads) 100%|█████████████████████████████▉|  ETA: 0:00:47
Sampling (4 threads) 100%|██████████████████████████████| Time: 2:37:19
Sampling (4 threads) 100%|██████████████████████████████| Time: 2:37:20
Sampling (4 threads)   0%|                              |  ETA: N/A
┌ Info: Found initial step size
└   ϵ = 0.0015625
┌ Info: Found initial step size
└   ϵ = 0.00625
┌ Info: Found initial step size
└   ϵ = 0.000390625
┌ Info: Found initial step size
└   ϵ = 0.000390625
Sampling (4 threads)   0%|▏                             |  ETA: 1 days, 18:56:40
Sampling (4 threads)   1%|▎                             |  ETA: 21:21:59
Sampling (4 threads)   2%|▌                             |  ETA: 14:10:20
Sampling (4 threads)   2%|▋                             |  ETA: 23:27:14
Sampling (4 threads)   2%|▊                             |  ETA: 18:40:03
Sampling (4 threads)   3%|▉                             |  ETA: 1 days, 5:21:55
Sampling (4 threads)   4%|█                             |  ETA: 1 days, 1:02:26
Sampling (4 threads)   4%|█▎                            |  ETA: 21:47:49
Sampling (4 threads)   4%|█▍                            |  ETA: 1 days, 3:01:20
Sampling (4 threads)   5%|█▌                            |  ETA: 1 days, 0:11:34
Sampling (4 threads)   6%|█▋                            |  ETA: 1 days, 1:29:09
Sampling (4 threads)   6%|█▊                            |  ETA: 23:14:18
Sampling (4 threads)   6%|██                            |  ETA: 21:20:12
Sampling (4 threads)   7%|██▏                           |  ETA: 19:42:24
Sampling (4 threads)   8%|██▎                           |  ETA: 19:39:10
Sampling (4 threads)   8%|██▍                           |  ETA: 18:19:30
Sampling (4 threads)   8%|██▌                           |  ETA: 17:09:12
Sampling (4 threads)   9%|██▊                           |  ETA: 16:20:54
Sampling (4 threads)  10%|██▉                           |  ETA: 15:24:10
Sampling (4 threads)  10%|███                           |  ETA: 14:33:06
Sampling (4 threads)  10%|███▏                          |  ETA: 13:46:54
Sampling (4 threads)  11%|███▎                          |  ETA: 13:16:39
Sampling (4 threads)  12%|███▌                          |  ETA: 12:37:44
Sampling (4 threads)  12%|███▋                          |  ETA: 12:02:04
Sampling (4 threads)  12%|███▊                          |  ETA: 11:37:25
Sampling (4 threads)  13%|███▉                          |  ETA: 11:06:46
Sampling (4 threads)  14%|████                          |  ETA: 10:38:23
Sampling (4 threads)  14%|████▎                         |  ETA: 10:20:41
Sampling (4 threads)  14%|████▍                         |  ETA: 9:55:47
Sampling (4 threads)  15%|████▌                         |  ETA: 9:32:34
Sampling (4 threads)  16%|████▋                         |  ETA: 9:14:31
Sampling (4 threads)  16%|████▊                         |  ETA: 8:54:00
Sampling (4 threads)  16%|█████                         |  ETA: 8:34:45
Sampling (4 threads)  17%|█████▏                        |  ETA: 8:21:59
Sampling (4 threads)  18%|█████▎                        |  ETA: 8:04:42
Sampling (4 threads)  18%|█████▍                        |  ETA: 7:48:23
Sampling (4 threads)  18%|█████▌                        |  ETA: 7:38:34
Sampling (4 threads)  19%|█████▊                        |  ETA: 7:23:46
Sampling (4 threads)  20%|█████▉                        |  ETA: 7:09:43
Sampling (4 threads)  20%|██████                        |  ETA: 7:03:21
Sampling (4 threads)  20%|██████▏                       |  ETA: 6:50:26
Sampling (4 threads)  21%|██████▎                       |  ETA: 6:38:09
Sampling (4 threads)  22%|██████▌                       |  ETA: 6:29:19
Sampling (4 threads)  22%|██████▋                       |  ETA: 6:18:03
Sampling (4 threads)  22%|██████▊                       |  ETA: 6:10:19
Sampling (4 threads)  23%|██████▉                       |  ETA: 5:59:56
Sampling (4 threads)  24%|███████                       |  ETA: 5:49:59
Sampling (4 threads)  24%|███████▎                      |  ETA: 5:43:13
Sampling (4 threads)  24%|███████▍                      |  ETA: 5:34:00
Sampling (4 threads)  25%|███████▌                      |  ETA: 5:27:37
Sampling (4 threads)  26%|███████▋                      |  ETA: 5:19:03
Sampling (4 threads)  26%|███████▊                      |  ETA: 5:12:28
Sampling (4 threads)  26%|████████                      |  ETA: 5:04:30
Sampling (4 threads)  27%|████████▏                     |  ETA: 5:00:16
Sampling (4 threads)  28%|████████▎                     |  ETA: 4:52:47
Sampling (4 threads)  28%|████████▍                     |  ETA: 4:45:34
Sampling (4 threads)  28%|████████▌                     |  ETA: 4:38:37
Sampling (4 threads)  29%|████████▊                     |  ETA: 4:35:59
Sampling (4 threads)  30%|████████▉                     |  ETA: 4:29:23
Sampling (4 threads)  30%|█████████                     |  ETA: 4:26:13
Sampling (4 threads)  30%|█████████▏                    |  ETA: 4:19:59
Sampling (4 threads)  31%|█████████▎                    |  ETA: 4:13:57
Sampling (4 threads)  32%|█████████▌                    |  ETA: 4:11:02
Sampling (4 threads)  32%|█████████▋                    |  ETA: 4:05:19
Sampling (4 threads)  32%|█████████▊                    |  ETA: 3:59:46
Sampling (4 threads)  33%|█████████▉                    |  ETA: 3:56:45
Sampling (4 threads)  34%|██████████                    |  ETA: 3:51:29
Sampling (4 threads)  34%|██████████▎                   |  ETA: 3:46:22
Sampling (4 threads)  34%|██████████▍                   |  ETA: 3:43:30
Sampling (4 threads)  35%|██████████▌                   |  ETA: 3:38:38
Sampling (4 threads)  36%|██████████▋                   |  ETA: 3:35:31
Sampling (4 threads)  36%|██████████▊                   |  ETA: 3:30:53
Sampling (4 threads)  36%|███████████                   |  ETA: 3:28:01
Sampling (4 threads)  37%|███████████▏                  |  ETA: 3:23:35
Sampling (4 threads)  38%|███████████▎                  |  ETA: 3:20:58
Sampling (4 threads)  38%|███████████▍                  |  ETA: 3:16:44
Sampling (4 threads)  38%|███████████▌                  |  ETA: 3:14:07
Sampling (4 threads)  39%|███████████▊                  |  ETA: 3:10:05
Sampling (4 threads)  40%|███████████▉                  |  ETA: 3:06:08
Sampling (4 threads)  40%|████████████                  |  ETA: 3:05:12
Sampling (4 threads)  40%|████████████▏                 |  ETA: 3:01:24
Sampling (4 threads)  41%|████████████▎                 |  ETA: 2:57:41
Sampling (4 threads)  42%|████████████▌                 |  ETA: 2:55:24
Sampling (4 threads)  42%|████████████▋                 |  ETA: 2:51:50
Sampling (4 threads)  42%|████████████▊                 |  ETA: 2:49:38
Sampling (4 threads)  43%|████████████▉                 |  ETA: 2:46:12
Sampling (4 threads)  44%|█████████████                 |  ETA: 2:44:07
Sampling (4 threads)  44%|█████████████▎                |  ETA: 2:40:49
Sampling (4 threads)  44%|█████████████▍                |  ETA: 2:38:43
Sampling (4 threads)  45%|█████████████▌                |  ETA: 2:35:33
Sampling (4 threads)  46%|█████████████▋                |  ETA: 2:33:22
Sampling (4 threads)  46%|█████████████▊                |  ETA: 2:30:18
Sampling (4 threads)  46%|██████████████                |  ETA: 2:28:13
Sampling (4 threads)  47%|██████████████▏               |  ETA: 2:25:16
Sampling (4 threads)  48%|██████████████▎               |  ETA: 2:23:51
Sampling (4 threads)  48%|██████████████▍               |  ETA: 2:21:00
Sampling (4 threads)  48%|██████████████▌               |  ETA: 2:19:10
Sampling (4 threads)  49%|██████████████▊               |  ETA: 2:16:25
Sampling (4 threads)  50%|██████████████▉               |  ETA: 2:14:33
Sampling (4 threads)  50%|███████████████               |  ETA: 2:11:53
Sampling (4 threads)  50%|███████████████▏              |  ETA: 2:09:53
Sampling (4 threads)  51%|███████████████▎              |  ETA: 2:07:19
Sampling (4 threads)  52%|███████████████▌              |  ETA: 2:06:01
Sampling (4 threads)  52%|███████████████▋              |  ETA: 2:03:31
Sampling (4 threads)  52%|███████████████▊              |  ETA: 2:01:04
Sampling (4 threads)  53%|███████████████▉              |  ETA: 1:59:24
Sampling (4 threads)  54%|████████████████              |  ETA: 1:57:02
Sampling (4 threads)  54%|████████████████▎             |  ETA: 1:55:43
Sampling (4 threads)  55%|████████████████▍             |  ETA: 1:53:25
Sampling (4 threads)  55%|████████████████▌             |  ETA: 1:51:55
Sampling (4 threads)  56%|████████████████▋             |  ETA: 1:49:41
Sampling (4 threads)  56%|████████████████▊             |  ETA: 1:48:52
Sampling (4 threads)  56%|█████████████████             |  ETA: 1:46:40
Sampling (4 threads)  57%|█████████████████▏            |  ETA: 1:44:31
Sampling (4 threads)  57%|█████████████████▎            |  ETA: 1:42:24
Sampling (4 threads)  58%|█████████████████▍            |  ETA: 1:41:37
Sampling (4 threads)  58%|█████████████████▌            |  ETA: 1:39:33
Sampling (4 threads)  59%|█████████████████▊            |  ETA: 1:37:31
Sampling (4 threads)  60%|█████████████████▉            |  ETA: 1:36:25
Sampling (4 threads)  60%|██████████████████            |  ETA: 1:34:26
Sampling (4 threads)  60%|██████████████████▏           |  ETA: 1:33:21
Sampling (4 threads)  61%|██████████████████▎           |  ETA: 1:31:24
Sampling (4 threads)  62%|██████████████████▌           |  ETA: 1:29:30
Sampling (4 threads)  62%|██████████████████▋           |  ETA: 1:27:38
Sampling (4 threads)  62%|██████████████████▊           |  ETA: 1:26:43
Sampling (4 threads)  63%|██████████████████▉           |  ETA: 1:24:53
Sampling (4 threads)  64%|███████████████████           |  ETA: 1:23:05
Sampling (4 threads)  64%|███████████████████▎          |  ETA: 1:21:49
Sampling (4 threads)  64%|███████████████████▍          |  ETA: 1:20:03
Sampling (4 threads)  65%|███████████████████▌          |  ETA: 1:18:40
Sampling (4 threads)  66%|███████████████████▋          |  ETA: 1:16:57
Sampling (4 threads)  66%|███████████████████▊          |  ETA: 1:15:50
Sampling (4 threads)  66%|████████████████████          |  ETA: 1:14:09
Sampling (4 threads)  67%|████████████████████▏         |  ETA: 1:12:30
Sampling (4 threads)  68%|████████████████████▎         |  ETA: 1:11:29
Sampling (4 threads)  68%|████████████████████▍         |  ETA: 1:09:52
Sampling (4 threads)  68%|████████████████████▌         |  ETA: 1:08:59
Sampling (4 threads)  69%|████████████████████▊         |  ETA: 1:07:24
Sampling (4 threads)  70%|████████████████████▉         |  ETA: 1:05:50
Sampling (4 threads)  70%|█████████████████████         |  ETA: 1:04:49
Sampling (4 threads)  70%|█████████████████████▏        |  ETA: 1:03:17
Sampling (4 threads)  71%|█████████████████████▎        |  ETA: 1:01:46
Sampling (4 threads)  72%|█████████████████████▌        |  ETA: 1:00:51
Sampling (4 threads)  72%|█████████████████████▋        |  ETA: 0:59:22
Sampling (4 threads)  72%|█████████████████████▊        |  ETA: 0:58:30
Sampling (4 threads)  73%|█████████████████████▉        |  ETA: 0:57:03
Sampling (4 threads)  74%|██████████████████████        |  ETA: 0:55:36
Sampling (4 threads)  74%|██████████████████████▎       |  ETA: 0:54:36
Sampling (4 threads)  74%|██████████████████████▍       |  ETA: 0:53:12
Sampling (4 threads)  75%|██████████████████████▌       |  ETA: 0:51:48
Sampling (4 threads)  76%|██████████████████████▋       |  ETA: 0:50:51
Sampling (4 threads)  76%|██████████████████████▊       |  ETA: 0:49:29
Sampling (4 threads)  76%|███████████████████████       |  ETA: 0:48:09
Sampling (4 threads)  77%|███████████████████████▏      |  ETA: 0:47:17
Sampling (4 threads)  78%|███████████████████████▎      |  ETA: 0:45:57
Sampling (4 threads)  78%|███████████████████████▍      |  ETA: 0:44:39
Sampling (4 threads)  78%|███████████████████████▌      |  ETA: 0:43:45
Sampling (4 threads)  79%|███████████████████████▊      |  ETA: 0:42:28
Sampling (4 threads)  80%|███████████████████████▉      |  ETA: 0:41:32
Sampling (4 threads)  80%|████████████████████████      |  ETA: 0:40:16
Sampling (4 threads)  80%|████████████████████████▏     |  ETA: 0:39:01
Sampling (4 threads)  81%|████████████████████████▎     |  ETA: 0:38:01
Sampling (4 threads)  82%|████████████████████████▌     |  ETA: 0:36:47
Sampling (4 threads)  82%|████████████████████████▋     |  ETA: 0:35:35
Sampling (4 threads)  82%|████████████████████████▊     |  ETA: 0:34:37
Sampling (4 threads)  83%|████████████████████████▉     |  ETA: 0:33:25
Sampling (4 threads)  84%|█████████████████████████     |  ETA: 0:32:30
Sampling (4 threads)  84%|█████████████████████████▎    |  ETA: 0:31:19
Sampling (4 threads)  84%|█████████████████████████▍    |  ETA: 0:30:22
Sampling (4 threads)  85%|█████████████████████████▌    |  ETA: 0:29:13
Sampling (4 threads)  86%|█████████████████████████▋    |  ETA: 0:28:16
Sampling (4 threads)  86%|█████████████████████████▊    |  ETA: 0:27:08
Sampling (4 threads)  86%|██████████████████████████    |  ETA: 0:26:01
Sampling (4 threads)  87%|██████████████████████████▏   |  ETA: 0:24:55
Sampling (4 threads)  88%|██████████████████████████▎   |  ETA: 0:23:56
Sampling (4 threads)  88%|██████████████████████████▍   |  ETA: 0:22:55
Sampling (4 threads)  88%|██████████████████████████▌   |  ETA: 0:21:55
Sampling (4 threads)  89%|██████████████████████████▊   |  ETA: 0:20:54
Sampling (4 threads)  90%|██████████████████████████▉   |  ETA: 0:19:54
Sampling (4 threads)  90%|███████████████████████████   |  ETA: 0:18:55
Sampling (4 threads)  90%|███████████████████████████▏  |  ETA: 0:17:55
Sampling (4 threads)  91%|███████████████████████████▎  |  ETA: 0:16:54
Sampling (4 threads)  92%|███████████████████████████▌  |  ETA: 0:15:56
Sampling (4 threads)  92%|███████████████████████████▋  |  ETA: 0:15:00
Sampling (4 threads)  92%|███████████████████████████▊  |  ETA: 0:14:02
Sampling (4 threads)  93%|███████████████████████████▉  |  ETA: 0:13:05
Sampling (4 threads)  94%|████████████████████████████  |  ETA: 0:12:08
Sampling (4 threads)  94%|████████████████████████████▎ |  ETA: 0:11:11
Sampling (4 threads)  94%|████████████████████████████▍ |  ETA: 0:10:14
Sampling (4 threads)  95%|████████████████████████████▌ |  ETA: 0:09:18
Sampling (4 threads)  96%|████████████████████████████▋ |  ETA: 0:08:22
Sampling (4 threads)  96%|████████████████████████████▊ |  ETA: 0:07:26
Sampling (4 threads)  96%|█████████████████████████████ |  ETA: 0:06:30
Sampling (4 threads)  97%|█████████████████████████████▏|  ETA: 0:05:34
Sampling (4 threads)  98%|█████████████████████████████▎|  ETA: 0:04:38
Sampling (4 threads)  98%|█████████████████████████████▍|  ETA: 0:03:42
Sampling (4 threads)  98%|█████████████████████████████▌|  ETA: 0:02:47
Sampling (4 threads)  99%|█████████████████████████████▊|  ETA: 0:01:51
Sampling (4 threads) 100%|█████████████████████████████▉|  ETA: 0:00:55
Sampling (4 threads) 100%|██████████████████████████████| Time: 3:04:56
Sampling (4 threads) 100%|██████████████████████████████| Time: 3:04:57
Precompiling project...
  ✗ DistributionsAD → DistributionsADReverseDiffExt
  0 dependencies successfully precompiled in 90 seconds. 549 already precompiled.
Sampling (4 threads)   0%|                              |  ETA: N/A
┌ Info: Found initial step size
└   ϵ = 0.00078125
┌ Info: Found initial step size
└   ϵ = 0.003125
┌ Info: Found initial step size
└   ϵ = 0.003125
┌ Info: Found initial step size
└   ϵ = 0.003125
Sampling (4 threads)   0%|▏                             |  ETA: 2 days, 15:59:18
Sampling (4 threads)   1%|▎                             |  ETA: 1 days, 7:50:05
Sampling (4 threads)   2%|▌                             |  ETA: 21:06:58
Sampling (4 threads)   2%|▋                             |  ETA: 1 days, 16:43:39
Sampling (4 threads)   2%|▊                             |  ETA: 1 days, 8:24:57
Sampling (4 threads)   3%|▉                             |  ETA: 1 days, 2:52:28
Sampling (4 threads)   4%|█                             |  ETA: 1 days, 12:37:12
Sampling (4 threads)   4%|█▎                            |  ETA: 1 days, 7:52:35
Sampling (4 threads)   4%|█▍                            |  ETA: 1 days, 4:11:13
Sampling (4 threads)   5%|█▌                            |  ETA: 1 days, 6:18:51
Sampling (4 threads)   6%|█▋                            |  ETA: 1 days, 3:24:48
Sampling (4 threads)   6%|█▊                            |  ETA: 1 days, 1:43:12
Sampling (4 threads)   6%|██                            |  ETA: 23:36:55
Sampling (4 threads)   7%|██▏                           |  ETA: 22:34:47
Sampling (4 threads)   8%|██▎                           |  ETA: 20:57:40
Sampling (4 threads)   8%|██▍                           |  ETA: 20:08:13
Sampling (4 threads)   8%|██▌                           |  ETA: 18:50:58
Sampling (4 threads)   9%|██▊                           |  ETA: 18:15:40
Sampling (4 threads)  10%|██▉                           |  ETA: 17:12:18
Sampling (4 threads)  10%|███                           |  ETA: 16:15:16
Sampling (4 threads)  10%|███▏                          |  ETA: 15:43:11
Sampling (4 threads)  11%|███▎                          |  ETA: 14:55:17
Sampling (4 threads)  12%|███▌                          |  ETA: 14:24:36
Sampling (4 threads)  12%|███▋                          |  ETA: 13:43:53
Sampling (4 threads)  12%|███▊                          |  ETA: 13:17:55
Sampling (4 threads)  13%|███▉                          |  ETA: 12:42:51
Sampling (4 threads)  14%|████                          |  ETA: 12:10:23
Sampling (4 threads)  14%|████▎                         |  ETA: 11:51:42
Sampling (4 threads)  14%|████▍                         |  ETA: 11:23:10
Sampling (4 threads)  15%|████▌                         |  ETA: 11:06:28
Sampling (4 threads)  16%|████▋                         |  ETA: 10:41:11
Sampling (4 threads)  16%|████▊                         |  ETA: 10:17:28
Sampling (4 threads)  16%|█████                         |  ETA: 10:09:30
Sampling (4 threads)  17%|█████▏                        |  ETA: 9:48:02
Sampling (4 threads)  18%|█████▎                        |  ETA: 9:35:29
Sampling (4 threads)  18%|█████▍                        |  ETA: 9:16:07
Sampling (4 threads)  18%|█████▌                        |  ETA: 8:57:47
Sampling (4 threads)  19%|█████▊                        |  ETA: 8:47:57
Sampling (4 threads)  20%|█████▉                        |  ETA: 8:31:14
Sampling (4 threads)  20%|██████                        |  ETA: 8:22:00
Sampling (4 threads)  20%|██████▏                       |  ETA: 8:06:42
Sampling (4 threads)  21%|██████▎                       |  ETA: 7:52:07
Sampling (4 threads)  22%|██████▌                       |  ETA: 7:44:27
Sampling (4 threads)  22%|██████▋                       |  ETA: 7:31:01
Sampling (4 threads)  22%|██████▊                       |  ETA: 7:18:10
Sampling (4 threads)  23%|██████▉                       |  ETA: 7:11:23
Sampling (4 threads)  24%|███████                       |  ETA: 6:59:28
Sampling (4 threads)  24%|███████▎                      |  ETA: 6:50:58
Sampling (4 threads)  24%|███████▍                      |  ETA: 6:39:56
Sampling (4 threads)  25%|███████▌                      |  ETA: 6:32:28
Sampling (4 threads)  26%|███████▋                      |  ETA: 6:22:12
Sampling (4 threads)  26%|███████▊                      |  ETA: 6:12:20
Sampling (4 threads)  26%|████████                      |  ETA: 6:06:27
Sampling (4 threads)  27%|████████▏                     |  ETA: 5:57:13
Sampling (4 threads)  28%|████████▎                     |  ETA: 5:48:19
Sampling (4 threads)  28%|████████▍                     |  ETA: 5:42:59
Sampling (4 threads)  28%|████████▌                     |  ETA: 5:34:38
Sampling (4 threads)  29%|████████▊                     |  ETA: 5:29:39
Sampling (4 threads)  30%|████████▉                     |  ETA: 5:21:47
Sampling (4 threads)  30%|█████████                     |  ETA: 5:14:10
Sampling (4 threads)  30%|█████████▏                    |  ETA: 5:06:49
Sampling (4 threads)  31%|█████████▎                    |  ETA: 5:03:57
Sampling (4 threads)  32%|█████████▌                    |  ETA: 4:56:57
Sampling (4 threads)  32%|█████████▋                    |  ETA: 4:50:11
Sampling (4 threads)  32%|█████████▊                    |  ETA: 4:47:32
Sampling (4 threads)  33%|█████████▉                    |  ETA: 4:41:05
Sampling (4 threads)  34%|██████████                    |  ETA: 4:34:49
Sampling (4 threads)  34%|██████████▎                   |  ETA: 4:30:54
Sampling (4 threads)  34%|██████████▍                   |  ETA: 4:24:57
Sampling (4 threads)  35%|██████████▌                   |  ETA: 4:22:23
Sampling (4 threads)  36%|██████████▋                   |  ETA: 4:16:42
Sampling (4 threads)  36%|██████████▊                   |  ETA: 4:11:10
Sampling (4 threads)  36%|███████████                   |  ETA: 4:05:48
Sampling (4 threads)  37%|███████████▏                  |  ETA: 4:03:39
Sampling (4 threads)  38%|███████████▎                  |  ETA: 3:58:30
Sampling (4 threads)  38%|███████████▍                  |  ETA: 3:53:28
Sampling (4 threads)  38%|███████████▌                  |  ETA: 3:51:13
Sampling (4 threads)  39%|███████████▊                  |  ETA: 3:46:24
Sampling (4 threads)  40%|███████████▉                  |  ETA: 3:41:42
Sampling (4 threads)  40%|████████████                  |  ETA: 3:39:46
Sampling (4 threads)  40%|████████████▏                 |  ETA: 3:35:15
Sampling (4 threads)  41%|████████████▎                 |  ETA: 3:30:50
Sampling (4 threads)  42%|████████████▌                 |  ETA: 3:29:17
Sampling (4 threads)  42%|████████████▋                 |  ETA: 3:25:02
Sampling (4 threads)  42%|████████████▊                 |  ETA: 3:20:52
Sampling (4 threads)  43%|████████████▉                 |  ETA: 3:16:48
Sampling (4 threads)  44%|█████████████                 |  ETA: 3:14:36
Sampling (4 threads)  44%|█████████████▎                |  ETA: 3:10:41
Sampling (4 threads)  44%|█████████████▍                |  ETA: 3:08:23
Sampling (4 threads)  45%|█████████████▌                |  ETA: 3:04:37
Sampling (4 threads)  46%|█████████████▋                |  ETA: 3:02:41
Sampling (4 threads)  46%|█████████████▊                |  ETA: 2:59:02
Sampling (4 threads)  46%|██████████████                |  ETA: 2:55:28
Sampling (4 threads)  47%|██████████████▏               |  ETA: 2:53:27
Sampling (4 threads)  48%|██████████████▎               |  ETA: 2:50:01
Sampling (4 threads)  48%|██████████████▍               |  ETA: 2:48:02
Sampling (4 threads)  48%|██████████████▌               |  ETA: 2:44:43
Sampling (4 threads)  49%|██████████████▊               |  ETA: 2:42:46
Sampling (4 threads)  50%|██████████████▉               |  ETA: 2:39:33
Sampling (4 threads)  50%|███████████████               |  ETA: 2:37:42
Sampling (4 threads)  50%|███████████████▏              |  ETA: 2:34:35
Sampling (4 threads)  51%|███████████████▎              |  ETA: 2:31:31
Sampling (4 threads)  52%|███████████████▌              |  ETA: 2:29:42
Sampling (4 threads)  52%|███████████████▋              |  ETA: 2:26:44
Sampling (4 threads)  52%|███████████████▊              |  ETA: 2:24:57
Sampling (4 threads)  53%|███████████████▉              |  ETA: 2:22:04
Sampling (4 threads)  54%|████████████████              |  ETA: 2:19:15
Sampling (4 threads)  54%|████████████████▎             |  ETA: 2:17:38
Sampling (4 threads)  55%|████████████████▍             |  ETA: 2:14:53
Sampling (4 threads)  55%|████████████████▌             |  ETA: 2:13:24
Sampling (4 threads)  56%|████████████████▋             |  ETA: 2:10:44
Sampling (4 threads)  56%|████████████████▊             |  ETA: 2:09:11
Sampling (4 threads)  56%|█████████████████             |  ETA: 2:06:35
Sampling (4 threads)  57%|█████████████████▏            |  ETA: 2:04:02
Sampling (4 threads)  57%|█████████████████▎            |  ETA: 2:02:29
Sampling (4 threads)  58%|█████████████████▍            |  ETA: 2:00:00
Sampling (4 threads)  58%|█████████████████▌            |  ETA: 1:58:26
Sampling (4 threads)  59%|█████████████████▊            |  ETA: 1:56:01
Sampling (4 threads)  60%|█████████████████▉            |  ETA: 1:54:33
Sampling (4 threads)  60%|██████████████████            |  ETA: 1:52:11
Sampling (4 threads)  60%|██████████████████▏           |  ETA: 1:49:52
Sampling (4 threads)  61%|██████████████████▎           |  ETA: 1:48:28
Sampling (4 threads)  62%|██████████████████▌           |  ETA: 1:46:12
Sampling (4 threads)  62%|██████████████████▋           |  ETA: 1:44:46
Sampling (4 threads)  62%|██████████████████▊           |  ETA: 1:42:33
Sampling (4 threads)  63%|██████████████████▉           |  ETA: 1:41:13
Sampling (4 threads)  64%|███████████████████           |  ETA: 1:39:03
Sampling (4 threads)  64%|███████████████████▎          |  ETA: 1:36:56
Sampling (4 threads)  64%|███████████████████▍          |  ETA: 1:36:02
Sampling (4 threads)  65%|███████████████████▌          |  ETA: 1:33:57
Sampling (4 threads)  66%|███████████████████▋          |  ETA: 1:31:54
Sampling (4 threads)  66%|███████████████████▊          |  ETA: 1:29:53
Sampling (4 threads)  66%|████████████████████          |  ETA: 1:28:31
Sampling (4 threads)  67%|████████████████████▏         |  ETA: 1:26:33
Sampling (4 threads)  68%|████████████████████▎         |  ETA: 1:25:12
Sampling (4 threads)  68%|████████████████████▍         |  ETA: 1:23:17
Sampling (4 threads)  68%|████████████████████▌         |  ETA: 1:22:00
Sampling (4 threads)  69%|████████████████████▊         |  ETA: 1:20:07
Sampling (4 threads)  70%|████████████████████▉         |  ETA: 1:18:15
Sampling (4 threads)  70%|█████████████████████         |  ETA: 1:16:57
Sampling (4 threads)  70%|█████████████████████▏        |  ETA: 1:15:08
Sampling (4 threads)  71%|█████████████████████▎        |  ETA: 1:13:51
Sampling (4 threads)  72%|█████████████████████▌        |  ETA: 1:12:04
Sampling (4 threads)  72%|█████████████████████▋        |  ETA: 1:10:48
Sampling (4 threads)  72%|█████████████████████▊        |  ETA: 1:09:04
Sampling (4 threads)  73%|█████████████████████▉        |  ETA: 1:07:20
Sampling (4 threads)  74%|██████████████████████        |  ETA: 1:06:25
Sampling (4 threads)  74%|██████████████████████▎       |  ETA: 1:04:43
Sampling (4 threads)  74%|██████████████████████▍       |  ETA: 1:03:03
Sampling (4 threads)  75%|██████████████████████▌       |  ETA: 1:02:05
Sampling (4 threads)  76%|██████████████████████▋       |  ETA: 1:00:27
Sampling (4 threads)  76%|██████████████████████▊       |  ETA: 0:58:49
Sampling (4 threads)  76%|███████████████████████       |  ETA: 0:57:37
Sampling (4 threads)  77%|███████████████████████▏      |  ETA: 0:56:01
Sampling (4 threads)  78%|███████████████████████▎      |  ETA: 0:54:27
Sampling (4 threads)  78%|███████████████████████▍      |  ETA: 0:53:10
Sampling (4 threads)  78%|███████████████████████▌      |  ETA: 0:51:42
Sampling (4 threads)  79%|███████████████████████▊      |  ETA: 0:50:24
Sampling (4 threads)  80%|███████████████████████▉      |  ETA: 0:49:05
Sampling (4 threads)  80%|████████████████████████      |  ETA: 0:47:39
Sampling (4 threads)  80%|████████████████████████▏     |  ETA: 0:46:22
Sampling (4 threads)  81%|████████████████████████▎     |  ETA: 0:45:00
Sampling (4 threads)  82%|████████████████████████▌     |  ETA: 0:43:41
Sampling (4 threads)  82%|████████████████████████▋     |  ETA: 0:42:26
Sampling (4 threads)  82%|████████████████████████▊     |  ETA: 0:41:03
Sampling (4 threads)  83%|████████████████████████▉     |  ETA: 0:39:49
Sampling (4 threads)  84%|█████████████████████████     |  ETA: 0:38:34
Sampling (4 threads)  84%|█████████████████████████▎    |  ETA: 0:37:14
Sampling (4 threads)  84%|█████████████████████████▍    |  ETA: 0:36:02
Sampling (4 threads)  85%|█████████████████████████▌    |  ETA: 0:34:49
Sampling (4 threads)  86%|█████████████████████████▋    |  ETA: 0:33:33
Sampling (4 threads)  86%|█████████████████████████▊    |  ETA: 0:32:18
Sampling (4 threads)  86%|██████████████████████████    |  ETA: 0:31:05
Sampling (4 threads)  87%|██████████████████████████▏   |  ETA: 0:29:54
Sampling (4 threads)  88%|██████████████████████████▎   |  ETA: 0:28:37
Sampling (4 threads)  88%|██████████████████████████▍   |  ETA: 0:27:26
Sampling (4 threads)  88%|██████████████████████████▌   |  ETA: 0:26:14
Sampling (4 threads)  89%|██████████████████████████▊   |  ETA: 0:25:03
Sampling (4 threads)  90%|██████████████████████████▉   |  ETA: 0:23:50
Sampling (4 threads)  90%|███████████████████████████   |  ETA: 0:22:38
Sampling (4 threads)  90%|███████████████████████████▏  |  ETA: 0:21:29
Sampling (4 threads)  91%|███████████████████████████▎  |  ETA: 0:20:18
Sampling (4 threads)  92%|███████████████████████████▌  |  ETA: 0:19:07
Sampling (4 threads)  92%|███████████████████████████▋  |  ETA: 0:17:59
Sampling (4 threads)  92%|███████████████████████████▊  |  ETA: 0:16:50
Sampling (4 threads)  93%|███████████████████████████▉  |  ETA: 0:15:39
Sampling (4 threads)  94%|████████████████████████████  |  ETA: 0:14:30
Sampling (4 threads)  94%|████████████████████████████▎ |  ETA: 0:13:22
Sampling (4 threads)  94%|████████████████████████████▍ |  ETA: 0:12:14
Sampling (4 threads)  95%|████████████████████████████▌ |  ETA: 0:11:06
Sampling (4 threads)  96%|████████████████████████████▋ |  ETA: 0:09:58
Sampling (4 threads)  96%|████████████████████████████▊ |  ETA: 0:08:51
Sampling (4 threads)  96%|█████████████████████████████ |  ETA: 0:07:44
Sampling (4 threads)  97%|█████████████████████████████▏|  ETA: 0:06:37
Sampling (4 threads)  98%|█████████████████████████████▎|  ETA: 0:05:31
Sampling (4 threads)  98%|█████████████████████████████▍|  ETA: 0:04:25
Sampling (4 threads)  98%|█████████████████████████████▌|  ETA: 0:03:19
Sampling (4 threads)  99%|█████████████████████████████▊|  ETA: 0:02:13
Sampling (4 threads) 100%|█████████████████████████████▉|  ETA: 0:01:07
Sampling (4 threads) 100%|██████████████████████████████| Time: 3:42:33
Sampling (4 threads) 100%|██████████████████████████████| Time: 3:42:34
Precompiling project...
  ✗ DistributionsAD → DistributionsADReverseDiffExt
  0 dependencies successfully precompiled in 52 seconds. 549 already precompiled.
Sampling (4 threads)   0%|                              |  ETA: N/A
┌ Info: Found initial step size
└   ϵ = 0.0001953125
┌ Info: Found initial step size
└   ϵ = 0.00625
┌ Info: Found initial step size
└   ϵ = 0.00625
┌ Info: Found initial step size
└   ϵ = 0.0015625
Sampling (4 threads)   0%|▏                             |  ETA: 2 days, 10:23:20
Sampling (4 threads)   1%|▎                             |  ETA: 1 days, 5:02:58
Sampling (4 threads)   2%|▌                             |  ETA: 19:16:06
Sampling (4 threads)   2%|▋                             |  ETA: 1 days, 13:05:22
Sampling (4 threads)   2%|▊                             |  ETA: 1 days, 5:31:12
Sampling (4 threads)   3%|▉                             |  ETA: 1 days, 0:28:26
Sampling (4 threads)   4%|█                             |  ETA: 1 days, 6:41:29
Sampling (4 threads)   4%|█▎                            |  ETA: 1 days, 2:42:57
Sampling (4 threads)   4%|█▍                            |  ETA: 23:37:25
Sampling (4 threads)   5%|█▌                            |  ETA: 1 days, 1:08:18
Sampling (4 threads)   6%|█▋                            |  ETA: 22:43:58
Sampling (4 threads)   6%|█▊                            |  ETA: 20:43:41
Sampling (4 threads)   6%|██                            |  ETA: 19:40:36
Sampling (4 threads)   7%|██▏                           |  ETA: 18:10:24
Sampling (4 threads)   8%|██▎                           |  ETA: 16:52:14
Sampling (4 threads)   8%|██▍                           |  ETA: 16:03:53
Sampling (4 threads)   8%|██▌                           |  ETA: 15:02:15
Sampling (4 threads)   9%|██▊                           |  ETA: 14:27:50
Sampling (4 threads)  10%|██▉                           |  ETA: 13:37:38
Sampling (4 threads)  10%|███                           |  ETA: 13:08:50
Sampling (4 threads)  10%|███▏                          |  ETA: 12:27:05
Sampling (4 threads)  11%|███▎                          |  ETA: 11:49:09
Sampling (4 threads)  12%|███▌                          |  ETA: 11:33:23
Sampling (4 threads)  12%|███▋                          |  ETA: 11:00:45
Sampling (4 threads)  12%|███▊                          |  ETA: 10:45:16
Sampling (4 threads)  13%|███▉                          |  ETA: 10:16:54
Sampling (4 threads)  14%|████                          |  ETA: 9:50:38
Sampling (4 threads)  14%|████▎                         |  ETA: 9:36:17
Sampling (4 threads)  14%|████▍                         |  ETA: 9:13:10
Sampling (4 threads)  15%|████▌                         |  ETA: 8:59:18
Sampling (4 threads)  16%|████▋                         |  ETA: 8:38:50
Sampling (4 threads)  16%|████▊                         |  ETA: 8:30:04
Sampling (4 threads)  16%|█████                         |  ETA: 8:11:40
Sampling (4 threads)  17%|█████▏                        |  ETA: 7:54:21
Sampling (4 threads)  18%|█████▎                        |  ETA: 7:46:44
Sampling (4 threads)  18%|█████▍                        |  ETA: 7:31:01
Sampling (4 threads)  18%|█████▌                        |  ETA: 7:22:42
Sampling (4 threads)  19%|█████▊                        |  ETA: 7:08:25
Sampling (4 threads)  20%|█████▉                        |  ETA: 7:01:59
Sampling (4 threads)  20%|██████                        |  ETA: 6:48:53
Sampling (4 threads)  20%|██████▏                       |  ETA: 6:41:52
Sampling (4 threads)  21%|██████▎                       |  ETA: 6:29:49
Sampling (4 threads)  22%|██████▌                       |  ETA: 6:18:21
Sampling (4 threads)  22%|██████▋                       |  ETA: 6:14:38
Sampling (4 threads)  22%|██████▊                       |  ETA: 6:03:58
Sampling (4 threads)  23%|██████▉                       |  ETA: 5:58:15
Sampling (4 threads)  24%|███████                       |  ETA: 5:48:21
Sampling (4 threads)  24%|███████▎                      |  ETA: 5:45:11
Sampling (4 threads)  24%|███████▍                      |  ETA: 5:35:54
Sampling (4 threads)  25%|███████▌                      |  ETA: 5:27:01
Sampling (4 threads)  26%|███████▋                      |  ETA: 5:23:29
Sampling (4 threads)  26%|███████▊                      |  ETA: 5:15:08
Sampling (4 threads)  26%|████████                      |  ETA: 5:12:29
Sampling (4 threads)  27%|████████▏                     |  ETA: 5:04:37
Sampling (4 threads)  28%|████████▎                     |  ETA: 4:57:01
Sampling (4 threads)  28%|████████▍                     |  ETA: 4:56:40
Sampling (4 threads)  28%|████████▌                     |  ETA: 4:49:26
Sampling (4 threads)  29%|████████▊                     |  ETA: 4:42:27
Sampling (4 threads)  30%|████████▉                     |  ETA: 4:35:43
Sampling (4 threads)  30%|█████████                     |  ETA: 4:33:02
Sampling (4 threads)  30%|█████████▏                    |  ETA: 4:26:38
Sampling (4 threads)  31%|█████████▎                    |  ETA: 4:23:52
Sampling (4 threads)  32%|█████████▌                    |  ETA: 4:17:48
Sampling (4 threads)  32%|█████████▋                    |  ETA: 4:14:51
Sampling (4 threads)  32%|█████████▊                    |  ETA: 4:09:05
Sampling (4 threads)  33%|█████████▉                    |  ETA: 4:06:07
Sampling (4 threads)  34%|██████████                    |  ETA: 4:00:38
Sampling (4 threads)  34%|██████████▎                   |  ETA: 3:57:47
Sampling (4 threads)  34%|██████████▍                   |  ETA: 3:52:34
Sampling (4 threads)  35%|██████████▌                   |  ETA: 3:50:14
Sampling (4 threads)  36%|██████████▋                   |  ETA: 3:45:15
Sampling (4 threads)  36%|██████████▊                   |  ETA: 3:42:32
Sampling (4 threads)  36%|███████████                   |  ETA: 3:37:46
Sampling (4 threads)  37%|███████████▏                  |  ETA: 3:35:36
Sampling (4 threads)  38%|███████████▎                  |  ETA: 3:31:02
Sampling (4 threads)  38%|███████████▍                  |  ETA: 3:28:52
Sampling (4 threads)  38%|███████████▌                  |  ETA: 3:24:29
Sampling (4 threads)  39%|███████████▊                  |  ETA: 3:22:18
Sampling (4 threads)  40%|███████████▉                  |  ETA: 3:18:06
Sampling (4 threads)  40%|████████████                  |  ETA: 3:17:23
Sampling (4 threads)  40%|████████████▏                 |  ETA: 3:13:19
Sampling (4 threads)  41%|████████████▎                 |  ETA: 3:09:21
Sampling (4 threads)  42%|████████████▌                 |  ETA: 3:07:39
Sampling (4 threads)  42%|████████████▋                 |  ETA: 3:03:50
Sampling (4 threads)  42%|████████████▊                 |  ETA: 3:00:06
Sampling (4 threads)  43%|████████████▉                 |  ETA: 2:59:49
Sampling (4 threads)  44%|█████████████                 |  ETA: 2:56:12
Sampling (4 threads)  44%|█████████████▎                |  ETA: 2:52:39
Sampling (4 threads)  44%|█████████████▍                |  ETA: 2:52:14
Sampling (4 threads)  45%|█████████████▌                |  ETA: 2:48:47
Sampling (4 threads)  46%|█████████████▋                |  ETA: 2:45:24
Sampling (4 threads)  46%|█████████████▊                |  ETA: 2:45:15
Sampling (4 threads)  46%|██████████████                |  ETA: 2:41:57
Sampling (4 threads)  47%|██████████████▏               |  ETA: 2:38:44
Sampling (4 threads)  48%|██████████████▎               |  ETA: 2:37:26
Sampling (4 threads)  48%|██████████████▍               |  ETA: 2:34:19
Sampling (4 threads)  48%|██████████████▌               |  ETA: 2:32:59
Sampling (4 threads)  49%|██████████████▊               |  ETA: 2:29:57
Sampling (4 threads)  50%|██████████████▉               |  ETA: 2:26:59
Sampling (4 threads)  50%|███████████████               |  ETA: 2:25:33
Sampling (4 threads)  50%|███████████████▏              |  ETA: 2:22:40
Sampling (4 threads)  51%|███████████████▎              |  ETA: 2:21:09
Sampling (4 threads)  52%|███████████████▌              |  ETA: 2:18:22
Sampling (4 threads)  52%|███████████████▋              |  ETA: 2:17:41
Sampling (4 threads)  52%|███████████████▊              |  ETA: 2:14:57
Sampling (4 threads)  53%|███████████████▉              |  ETA: 2:12:16
Sampling (4 threads)  54%|████████████████              |  ETA: 2:11:33
Sampling (4 threads)  54%|████████████████▎             |  ETA: 2:08:56
Sampling (4 threads)  55%|████████████████▍             |  ETA: 2:06:22
Sampling (4 threads)  55%|████████████████▌             |  ETA: 2:05:07
Sampling (4 threads)  56%|████████████████▋             |  ETA: 2:02:37
Sampling (4 threads)  56%|████████████████▊             |  ETA: 2:01:29
Sampling (4 threads)  56%|█████████████████             |  ETA: 1:59:02
Sampling (4 threads)  57%|█████████████████▏            |  ETA: 1:57:45
Sampling (4 threads)  57%|█████████████████▎            |  ETA: 1:55:22
Sampling (4 threads)  58%|█████████████████▍            |  ETA: 1:54:09
Sampling (4 threads)  58%|█████████████████▌            |  ETA: 1:51:50
Sampling (4 threads)  59%|█████████████████▊            |  ETA: 1:50:34
Sampling (4 threads)  60%|█████████████████▉            |  ETA: 1:48:18
Sampling (4 threads)  60%|██████████████████            |  ETA: 1:46:55
Sampling (4 threads)  60%|██████████████████▏           |  ETA: 1:44:42
Sampling (4 threads)  61%|██████████████████▎           |  ETA: 1:43:28
Sampling (4 threads)  62%|██████████████████▌           |  ETA: 1:41:18
Sampling (4 threads)  62%|██████████████████▋           |  ETA: 1:40:09
Sampling (4 threads)  62%|██████████████████▊           |  ETA: 1:38:02
Sampling (4 threads)  63%|██████████████████▉           |  ETA: 1:36:46
Sampling (4 threads)  64%|███████████████████           |  ETA: 1:34:43
Sampling (4 threads)  64%|███████████████████▎          |  ETA: 1:33:33
Sampling (4 threads)  64%|███████████████████▍          |  ETA: 1:31:33
Sampling (4 threads)  65%|███████████████████▌          |  ETA: 1:30:16
Sampling (4 threads)  66%|███████████████████▋          |  ETA: 1:28:18
Sampling (4 threads)  66%|███████████████████▊          |  ETA: 1:27:07
Sampling (4 threads)  66%|████████████████████          |  ETA: 1:25:11
Sampling (4 threads)  67%|████████████████████▏         |  ETA: 1:23:17
Sampling (4 threads)  68%|████████████████████▎         |  ETA: 1:22:03
Sampling (4 threads)  68%|████████████████████▍         |  ETA: 1:20:11
Sampling (4 threads)  68%|████████████████████▌         |  ETA: 1:19:06
Sampling (4 threads)  69%|████████████████████▊         |  ETA: 1:17:17
Sampling (4 threads)  70%|████████████████████▉         |  ETA: 1:16:10
Sampling (4 threads)  70%|█████████████████████         |  ETA: 1:14:23
Sampling (4 threads)  70%|█████████████████████▏        |  ETA: 1:13:14
Sampling (4 threads)  71%|█████████████████████▎        |  ETA: 1:11:29
Sampling (4 threads)  72%|█████████████████████▌        |  ETA: 1:10:21
Sampling (4 threads)  72%|█████████████████████▋        |  ETA: 1:08:38
Sampling (4 threads)  72%|█████████████████████▊        |  ETA: 1:07:29
Sampling (4 threads)  73%|█████████████████████▉        |  ETA: 1:05:49
Sampling (4 threads)  74%|██████████████████████        |  ETA: 1:04:49
Sampling (4 threads)  74%|██████████████████████▎       |  ETA: 1:03:10
Sampling (4 threads)  74%|██████████████████████▍       |  ETA: 1:01:32
Sampling (4 threads)  75%|██████████████████████▌       |  ETA: 1:00:44
Sampling (4 threads)  76%|██████████████████████▋       |  ETA: 0:59:08
Sampling (4 threads)  76%|██████████████████████▊       |  ETA: 0:57:33
Sampling (4 threads)  76%|███████████████████████       |  ETA: 0:55:59
Sampling (4 threads)  77%|███████████████████████▏      |  ETA: 0:55:01
Sampling (4 threads)  78%|███████████████████████▎      |  ETA: 0:53:29
Sampling (4 threads)  78%|███████████████████████▍      |  ETA: 0:52:39
Sampling (4 threads)  78%|███████████████████████▌      |  ETA: 0:51:07
Sampling (4 threads)  79%|███████████████████████▊      |  ETA: 0:49:37
Sampling (4 threads)  80%|███████████████████████▉      |  ETA: 0:48:08
Sampling (4 threads)  80%|████████████████████████      |  ETA: 0:47:02
Sampling (4 threads)  80%|████████████████████████▏     |  ETA: 0:45:34
Sampling (4 threads)  81%|████████████████████████▎     |  ETA: 0:44:43
Sampling (4 threads)  82%|████████████████████████▌     |  ETA: 0:43:17
Sampling (4 threads)  82%|████████████████████████▋     |  ETA: 0:41:51
Sampling (4 threads)  82%|████████████████████████▊     |  ETA: 0:41:03
Sampling (4 threads)  83%|████████████████████████▉     |  ETA: 0:39:39
Sampling (4 threads)  84%|█████████████████████████     |  ETA: 0:38:15
Sampling (4 threads)  84%|█████████████████████████▎    |  ETA: 0:36:52
Sampling (4 threads)  84%|█████████████████████████▍    |  ETA: 0:35:42
Sampling (4 threads)  85%|█████████████████████████▌    |  ETA: 0:34:32
Sampling (4 threads)  86%|█████████████████████████▋    |  ETA: 0:33:17
Sampling (4 threads)  86%|█████████████████████████▊    |  ETA: 0:32:06
Sampling (4 threads)  86%|██████████████████████████    |  ETA: 0:30:56
Sampling (4 threads)  87%|██████████████████████████▏   |  ETA: 0:29:47
Sampling (4 threads)  88%|██████████████████████████▎   |  ETA: 0:28:38
Sampling (4 threads)  88%|██████████████████████████▍   |  ETA: 0:27:27
Sampling (4 threads)  88%|██████████████████████████▌   |  ETA: 0:26:17
Sampling (4 threads)  89%|██████████████████████████▊   |  ETA: 0:25:06
Sampling (4 threads)  90%|██████████████████████████▉   |  ETA: 0:23:55
Sampling (4 threads)  90%|███████████████████████████   |  ETA: 0:22:46
Sampling (4 threads)  90%|███████████████████████████▏  |  ETA: 0:21:36
Sampling (4 threads)  91%|███████████████████████████▎  |  ETA: 0:20:26
Sampling (4 threads)  92%|███████████████████████████▌  |  ETA: 0:19:17
Sampling (4 threads)  92%|███████████████████████████▋  |  ETA: 0:18:08
Sampling (4 threads)  92%|███████████████████████████▊  |  ETA: 0:16:59
Sampling (4 threads)  93%|███████████████████████████▉  |  ETA: 0:15:51
Sampling (4 threads)  94%|████████████████████████████  |  ETA: 0:14:43
Sampling (4 threads)  94%|████████████████████████████▎ |  ETA: 0:13:34
Sampling (4 threads)  94%|████████████████████████████▍ |  ETA: 0:12:27
Sampling (4 threads)  95%|████████████████████████████▌ |  ETA: 0:11:19
Sampling (4 threads)  96%|████████████████████████████▋ |  ETA: 0:10:11
Sampling (4 threads)  96%|████████████████████████████▊ |  ETA: 0:09:02
Sampling (4 threads)  96%|█████████████████████████████ |  ETA: 0:07:54
Sampling (4 threads)  97%|█████████████████████████████▏|  ETA: 0:06:46
Sampling (4 threads)  98%|█████████████████████████████▎|  ETA: 0:05:38
Sampling (4 threads)  98%|█████████████████████████████▍|  ETA: 0:04:30
Sampling (4 threads)  98%|█████████████████████████████▌|  ETA: 0:03:22
Sampling (4 threads)  99%|█████████████████████████████▊|  ETA: 0:02:15
Sampling (4 threads) 100%|█████████████████████████████▉|  ETA: 0:01:07
Sampling (4 threads) 100%|██████████████████████████████| Time: 3:44:53
Sampling (4 threads) 100%|██████████████████████████████| Time: 3:44:54
Sampling (4 threads)   0%|                              |  ETA: N/A
┌ Info: Found initial step size
└   ϵ = 0.0015625
┌ Info: Found initial step size
└   ϵ = 0.000390625
┌ Info: Found initial step size
└   ϵ = 0.0015625
┌ Info: Found initial step size
└   ϵ = 0.000390625
Sampling (4 threads)   0%|▏                             |  ETA: 2 days, 0:22:36
Sampling (4 threads)   1%|▎                             |  ETA: 1 days, 0:04:04
Sampling (4 threads)   2%|▌                             |  ETA: 15:57:51
Sampling (4 threads)   2%|▋                             |  ETA: 23:08:35
Sampling (4 threads)   2%|▊                             |  ETA: 18:25:12
Sampling (4 threads)   3%|▉                             |  ETA: 22:10:49
Sampling (4 threads)   4%|█                             |  ETA: 18:54:49
Sampling (4 threads)   4%|█▎                            |  ETA: 22:11:11
Sampling (4 threads)   4%|█▍                            |  ETA: 19:37:07
Sampling (4 threads)   5%|█▌                            |  ETA: 21:56:23
Sampling (4 threads)   6%|█▋                            |  ETA: 19:50:25
Sampling (4 threads)   6%|█▊                            |  ETA: 18:05:27
Sampling (4 threads)   6%|██                            |  ETA: 18:47:16
Sampling (4 threads)   7%|██▏                           |  ETA: 17:21:09
Sampling (4 threads)   8%|██▎                           |  ETA: 16:06:31
Sampling (4 threads)   8%|██▍                           |  ETA: 15:28:48
Sampling (4 threads)   8%|██▌                           |  ETA: 14:29:25
Sampling (4 threads)   9%|██▊                           |  ETA: 13:56:34
Sampling (4 threads)  10%|██▉                           |  ETA: 13:08:11
Sampling (4 threads)  10%|███                           |  ETA: 12:24:38
Sampling (4 threads)  10%|███▏                          |  ETA: 11:45:14
Sampling (4 threads)  11%|███▎                          |  ETA: 11:24:01
Sampling (4 threads)  12%|███▌                          |  ETA: 10:50:36
Sampling (4 threads)  12%|███▋                          |  ETA: 10:19:58
Sampling (4 threads)  12%|███▊                          |  ETA: 9:58:54
Sampling (4 threads)  13%|███▉                          |  ETA: 9:32:35
Sampling (4 threads)  14%|████                          |  ETA: 9:13:48
Sampling (4 threads)  14%|████▎                         |  ETA: 8:50:56
Sampling (4 threads)  14%|████▍                         |  ETA: 8:33:54
Sampling (4 threads)  15%|████▌                         |  ETA: 8:13:52
Sampling (4 threads)  16%|████▋                         |  ETA: 7:59:13
Sampling (4 threads)  16%|████▊                         |  ETA: 7:41:29
Sampling (4 threads)  16%|█████                         |  ETA: 7:28:18
Sampling (4 threads)  17%|█████▏                        |  ETA: 7:12:31
Sampling (4 threads)  18%|█████▎                        |  ETA: 7:04:27
Sampling (4 threads)  18%|█████▍                        |  ETA: 6:50:09
Sampling (4 threads)  18%|█████▌                        |  ETA: 6:36:38
Sampling (4 threads)  19%|█████▊                        |  ETA: 6:29:22
Sampling (4 threads)  20%|█████▉                        |  ETA: 6:17:03
Sampling (4 threads)  20%|██████                        |  ETA: 6:05:20
Sampling (4 threads)  20%|██████▏                       |  ETA: 5:59:12
Sampling (4 threads)  21%|██████▎                       |  ETA: 5:48:26
Sampling (4 threads)  22%|██████▌                       |  ETA: 5:38:11
Sampling (4 threads)  22%|██████▋                       |  ETA: 5:32:41
Sampling (4 threads)  22%|██████▊                       |  ETA: 5:23:12
Sampling (4 threads)  23%|██████▉                       |  ETA: 5:14:08
Sampling (4 threads)  24%|███████                       |  ETA: 5:05:27
Sampling (4 threads)  24%|███████▎                      |  ETA: 5:01:47
Sampling (4 threads)  24%|███████▍                      |  ETA: 4:53:41
Sampling (4 threads)  25%|███████▌                      |  ETA: 4:45:54
Sampling (4 threads)  26%|███████▋                      |  ETA: 4:41:36
Sampling (4 threads)  26%|███████▊                      |  ETA: 4:34:20
Sampling (4 threads)  26%|████████                      |  ETA: 4:27:20
Sampling (4 threads)  27%|████████▏                     |  ETA: 4:24:26
Sampling (4 threads)  28%|████████▎                     |  ETA: 4:17:51
Sampling (4 threads)  28%|████████▍                     |  ETA: 4:11:30
Sampling (4 threads)  28%|████████▌                     |  ETA: 4:07:14
Sampling (4 threads)  29%|████████▊                     |  ETA: 4:01:16
Sampling (4 threads)  30%|████████▉                     |  ETA: 3:57:54
Sampling (4 threads)  30%|█████████                     |  ETA: 3:52:17
Sampling (4 threads)  30%|█████████▏                    |  ETA: 3:46:51
Sampling (4 threads)  31%|█████████▎                    |  ETA: 3:43:43
Sampling (4 threads)  32%|█████████▌                    |  ETA: 3:38:34
Sampling (4 threads)  32%|█████████▋                    |  ETA: 3:35:28
Sampling (4 threads)  32%|█████████▊                    |  ETA: 3:30:35
Sampling (4 threads)  33%|█████████▉                    |  ETA: 3:25:51
Sampling (4 threads)  34%|██████████                    |  ETA: 3:21:16
Sampling (4 threads)  34%|██████████▎                   |  ETA: 3:18:41
Sampling (4 threads)  34%|██████████▍                   |  ETA: 3:14:19
Sampling (4 threads)  35%|██████████▌                   |  ETA: 3:12:00
Sampling (4 threads)  36%|██████████▋                   |  ETA: 3:07:51
Sampling (4 threads)  36%|██████████▊                   |  ETA: 3:03:48
Sampling (4 threads)  36%|███████████                   |  ETA: 3:02:01
Sampling (4 threads)  37%|███████████▏                  |  ETA: 2:58:09
Sampling (4 threads)  38%|███████████▎                  |  ETA: 2:56:16
Sampling (4 threads)  38%|███████████▍                  |  ETA: 2:52:34
Sampling (4 threads)  38%|███████████▌                  |  ETA: 2:50:55
Sampling (4 threads)  39%|███████████▊                  |  ETA: 2:47:21
Sampling (4 threads)  40%|███████████▉                  |  ETA: 2:43:53
Sampling (4 threads)  40%|████████████                  |  ETA: 2:42:42
Sampling (4 threads)  40%|████████████▏                 |  ETA: 2:39:22
Sampling (4 threads)  41%|████████████▎                 |  ETA: 2:36:06
Sampling (4 threads)  42%|████████████▌                 |  ETA: 2:34:30
Sampling (4 threads)  42%|████████████▋                 |  ETA: 2:31:21
Sampling (4 threads)  42%|████████████▊                 |  ETA: 2:29:39
Sampling (4 threads)  43%|████████████▉                 |  ETA: 2:26:38
Sampling (4 threads)  44%|█████████████                 |  ETA: 2:24:34
Sampling (4 threads)  44%|█████████████▎                |  ETA: 2:21:40
Sampling (4 threads)  44%|█████████████▍                |  ETA: 2:20:06
Sampling (4 threads)  45%|█████████████▌                |  ETA: 2:17:18
Sampling (4 threads)  46%|█████████████▋                |  ETA: 2:14:33
Sampling (4 threads)  46%|█████████████▊                |  ETA: 2:13:11
Sampling (4 threads)  46%|██████████████                |  ETA: 2:10:32
Sampling (4 threads)  47%|██████████████▏               |  ETA: 2:08:50
Sampling (4 threads)  48%|██████████████▎               |  ETA: 2:06:16
Sampling (4 threads)  48%|██████████████▍               |  ETA: 2:04:58
Sampling (4 threads)  48%|██████████████▌               |  ETA: 2:02:29
Sampling (4 threads)  49%|██████████████▊               |  ETA: 2:00:04
Sampling (4 threads)  50%|██████████████▉               |  ETA: 1:58:36
Sampling (4 threads)  50%|███████████████               |  ETA: 1:56:15
Sampling (4 threads)  50%|███████████████▏              |  ETA: 1:54:32
Sampling (4 threads)  51%|███████████████▎              |  ETA: 1:52:16
Sampling (4 threads)  52%|███████████████▌              |  ETA: 1:51:31
Sampling (4 threads)  52%|███████████████▋              |  ETA: 1:49:18
Sampling (4 threads)  52%|███████████████▊              |  ETA: 1:47:08
Sampling (4 threads)  53%|███████████████▉              |  ETA: 1:46:14
Sampling (4 threads)  54%|████████████████              |  ETA: 1:44:07
Sampling (4 threads)  54%|████████████████▎             |  ETA: 1:42:03
Sampling (4 threads)  55%|████████████████▍             |  ETA: 1:41:20
Sampling (4 threads)  55%|████████████████▌             |  ETA: 1:39:19
Sampling (4 threads)  56%|████████████████▋             |  ETA: 1:37:19
Sampling (4 threads)  56%|████████████████▊             |  ETA: 1:36:29
Sampling (4 threads)  56%|█████████████████             |  ETA: 1:34:33
Sampling (4 threads)  57%|█████████████████▏            |  ETA: 1:32:39
Sampling (4 threads)  57%|█████████████████▎            |  ETA: 1:31:23
Sampling (4 threads)  58%|█████████████████▍            |  ETA: 1:29:32
Sampling (4 threads)  58%|█████████████████▌            |  ETA: 1:28:26
Sampling (4 threads)  59%|█████████████████▊            |  ETA: 1:26:38
Sampling (4 threads)  60%|█████████████████▉            |  ETA: 1:25:50
Sampling (4 threads)  60%|██████████████████            |  ETA: 1:24:04
Sampling (4 threads)  60%|██████████████████▏           |  ETA: 1:22:20
Sampling (4 threads)  61%|██████████████████▎           |  ETA: 1:21:43
Sampling (4 threads)  62%|██████████████████▌           |  ETA: 1:20:01
Sampling (4 threads)  62%|██████████████████▋           |  ETA: 1:18:20
Sampling (4 threads)  62%|██████████████████▊           |  ETA: 1:16:41
Sampling (4 threads)  63%|██████████████████▉           |  ETA: 1:15:50
Sampling (4 threads)  64%|███████████████████           |  ETA: 1:14:14
Sampling (4 threads)  64%|███████████████████▎          |  ETA: 1:13:14
Sampling (4 threads)  64%|███████████████████▍          |  ETA: 1:11:39
Sampling (4 threads)  65%|███████████████████▌          |  ETA: 1:10:59
Sampling (4 threads)  66%|███████████████████▋          |  ETA: 1:09:26
Sampling (4 threads)  66%|███████████████████▊          |  ETA: 1:07:54
Sampling (4 threads)  66%|████████████████████          |  ETA: 1:06:54
Sampling (4 threads)  67%|████████████████████▏         |  ETA: 1:05:25
Sampling (4 threads)  68%|████████████████████▎         |  ETA: 1:04:37
Sampling (4 threads)  68%|████████████████████▍         |  ETA: 1:03:10
Sampling (4 threads)  68%|████████████████████▌         |  ETA: 1:01:43
Sampling (4 threads)  69%|████████████████████▊         |  ETA: 1:01:06
Sampling (4 threads)  70%|████████████████████▉         |  ETA: 0:59:41
Sampling (4 threads)  70%|█████████████████████         |  ETA: 0:58:17
Sampling (4 threads)  70%|█████████████████████▏        |  ETA: 0:56:55
Sampling (4 threads)  71%|█████████████████████▎        |  ETA: 0:56:15
Sampling (4 threads)  72%|█████████████████████▌        |  ETA: 0:54:54
Sampling (4 threads)  72%|█████████████████████▋        |  ETA: 0:53:33
Sampling (4 threads)  72%|█████████████████████▊        |  ETA: 0:52:53
Sampling (4 threads)  73%|█████████████████████▉        |  ETA: 0:51:34
Sampling (4 threads)  74%|██████████████████████        |  ETA: 0:50:16
Sampling (4 threads)  74%|██████████████████████▎       |  ETA: 0:49:27
Sampling (4 threads)  74%|██████████████████████▍       |  ETA: 0:48:10
Sampling (4 threads)  75%|██████████████████████▌       |  ETA: 0:46:55
Sampling (4 threads)  76%|██████████████████████▋       |  ETA: 0:46:21
Sampling (4 threads)  76%|██████████████████████▊       |  ETA: 0:45:06
Sampling (4 threads)  76%|███████████████████████       |  ETA: 0:43:53
Sampling (4 threads)  77%|███████████████████████▏      |  ETA: 0:42:58
Sampling (4 threads)  78%|███████████████████████▎      |  ETA: 0:41:46
Sampling (4 threads)  78%|███████████████████████▍      |  ETA: 0:40:48
Sampling (4 threads)  78%|███████████████████████▌      |  ETA: 0:39:37
Sampling (4 threads)  79%|███████████████████████▊      |  ETA: 0:38:49
Sampling (4 threads)  80%|███████████████████████▉      |  ETA: 0:37:39
Sampling (4 threads)  80%|████████████████████████      |  ETA: 0:36:30
Sampling (4 threads)  80%|████████████████████████▏     |  ETA: 0:35:42
Sampling (4 threads)  81%|████████████████████████▎     |  ETA: 0:34:34
Sampling (4 threads)  82%|████████████████████████▌     |  ETA: 0:33:27
Sampling (4 threads)  82%|████████████████████████▋     |  ETA: 0:32:30
Sampling (4 threads)  82%|████████████████████████▊     |  ETA: 0:31:27
Sampling (4 threads)  83%|████████████████████████▉     |  ETA: 0:30:30
Sampling (4 threads)  84%|█████████████████████████     |  ETA: 0:29:34
Sampling (4 threads)  84%|█████████████████████████▎    |  ETA: 0:28:33
Sampling (4 threads)  84%|█████████████████████████▍    |  ETA: 0:27:35
Sampling (4 threads)  85%|█████████████████████████▌    |  ETA: 0:26:37
Sampling (4 threads)  86%|█████████████████████████▋    |  ETA: 0:25:41
Sampling (4 threads)  86%|█████████████████████████▊    |  ETA: 0:24:45
Sampling (4 threads)  86%|██████████████████████████    |  ETA: 0:23:50
Sampling (4 threads)  87%|██████████████████████████▏   |  ETA: 0:22:51
Sampling (4 threads)  88%|██████████████████████████▎   |  ETA: 0:21:57
Sampling (4 threads)  88%|██████████████████████████▍   |  ETA: 0:21:01
Sampling (4 threads)  88%|██████████████████████████▌   |  ETA: 0:20:05
Sampling (4 threads)  89%|██████████████████████████▊   |  ETA: 0:19:10
Sampling (4 threads)  90%|██████████████████████████▉   |  ETA: 0:18:13
Sampling (4 threads)  90%|███████████████████████████   |  ETA: 0:17:19
Sampling (4 threads)  90%|███████████████████████████▏  |  ETA: 0:16:27
Sampling (4 threads)  91%|███████████████████████████▎  |  ETA: 0:15:32
Sampling (4 threads)  92%|███████████████████████████▌  |  ETA: 0:14:39
Sampling (4 threads)  92%|███████████████████████████▋  |  ETA: 0:13:47
Sampling (4 threads)  92%|███████████████████████████▊  |  ETA: 0:12:54
Sampling (4 threads)  93%|███████████████████████████▉  |  ETA: 0:12:03
Sampling (4 threads)  94%|████████████████████████████  |  ETA: 0:11:12
Sampling (4 threads)  94%|████████████████████████████▎ |  ETA: 0:10:20
Sampling (4 threads)  94%|████████████████████████████▍ |  ETA: 0:09:28
Sampling (4 threads)  95%|████████████████████████████▌ |  ETA: 0:08:37
Sampling (4 threads)  96%|████████████████████████████▋ |  ETA: 0:07:45
Sampling (4 threads)  96%|████████████████████████████▊ |  ETA: 0:06:53
Sampling (4 threads)  96%|█████████████████████████████ |  ETA: 0:06:02
Sampling (4 threads)  97%|█████████████████████████████▏|  ETA: 0:05:10
Sampling (4 threads)  98%|█████████████████████████████▎|  ETA: 0:04:18
Sampling (4 threads)  98%|█████████████████████████████▍|  ETA: 0:03:27
Sampling (4 threads)  98%|█████████████████████████████▌|  ETA: 0:02:35
Sampling (4 threads)  99%|█████████████████████████████▊|  ETA: 0:01:43
Sampling (4 threads) 100%|█████████████████████████████▉|  ETA: 0:00:52
Sampling (4 threads) 100%|██████████████████████████████| Time: 2:52:13
Sampling (4 threads) 100%|██████████████████████████████| Time: 2:52:14
ERROR: LoadError: MethodError: no method matching plotGraphs(::String, ::Vector{String}, ::Vector{RGB{Float64}}, ::Int64)

Closest candidates are:
  plotGraphs(::Any, ::Any, ::Any, ::Any, !Matched::Any)
   @ Main ~/bayesian/BC4/Bayes/wordType_experiments/plottingFuncs.jl:261

Stacktrace:
 [1] concludeAndPlot(m::Chains{Float64, AxisArray{Float64, 3, Array{Float64, 3}, Tuple{Axis{:iter, StepRange{Int64, Int64}}, Axis{:var, Vector{Symbol}}, Axis{:chain, UnitRange{Int64}}}}, Missing, @NamedTuple{parameters::Vector{Symbol}, internals::Vector{Symbol}}, @NamedTuple{varname_to_symbol::OrderedDict{AbstractPPL.VarName, Symbol}, start_time::Vector{Float64}, stop_time::Vector{Float64}, samplerstate::Vector{Nothing}}}, output_loc::String, pc::Int64, wordTypes::Vector{String}, cols::Vector{RGB{Float64}}, noPCS::Int64)
   @ Main ~/bayesian/BC4/Bayes/wordType_experiments/plottingFuncs.jl:21
 [2] runModel(model::DynamicPPL.Model{typeof(model_exp), (:participant, :word, :surprisal, :tags, :PCA, :ExpMean, :cauchyMean, :NUM_TYPES, :NUM_PARTICIPANTS), (), (), Tuple{Vector{Int64}, Vector{Float64}, Vector{Float64}, Vector{Int64}, Vector{Float64}, Float64, Float64, Int64, Int64}, Tuple{}, DynamicPPL.DefaultContext}, df_modified::DataFrame, dfPCA::DataFrame, pc::Int64, NUM_PARTICIPANTS::Int64, NUM_WORDS::Int64, TYPE_STRUCTURE::String, NUM_TYPES::Int64, wordTypes::Vector{String}, cols::Vector{RGB{Float64}}, isPlotting::Int64, analyseEssRhat::Int64, output_loc::String, expMean::Float64, cauchyMean::Float64, noPCS::Int64, noInChain::Int64)
   @ Main ~/bayesian/BC4/Bayes/wordType_experiments/model_master.jl:134
 [3] top-level scope
   @ ~/bayesian/BC4/Bayes/wordType_experiments/models/_1_2/model.jl:15
in expression starting at /user/home/em18564/bayesian/BC4/Bayes/wordType_experiments/models/_1_2/model.jl:15
Precompiling project...
    DistributionsADReverseDiffExt Being precompiled by another process (pid: 551725, pidfile: /user/home/em18564/.julia/compiled/v1.10/DistributionsADReverseDiffExt/hY00X_4RpdW.ji.pidfile)
  ✗ DistributionsAD → DistributionsADReverseDiffExt
  0 dependencies successfully precompiled in 107 seconds. 549 already precompiled.
Sampling (4 threads)   0%|                              |  ETA: N/A
┌ Info: Found initial step size
└   ϵ = 0.0001953125
┌ Info: Found initial step size
└   ϵ = 0.003125
┌ Info: Found initial step size
└   ϵ = 0.003125
┌ Info: Found initial step size
└   ϵ = 0.00078125
Sampling (4 threads)   0%|▏                             |  ETA: 1 days, 16:21:20
Sampling (4 threads)   1%|▎                             |  ETA: 20:04:41
Sampling (4 threads)   2%|▌                             |  ETA: 1 days, 8:02:11
Sampling (4 threads)   2%|▋                             |  ETA: 23:54:19
Sampling (4 threads)   2%|▊                             |  ETA: 1 days, 4:28:17
Sampling (4 threads)   3%|▉                             |  ETA: 23:36:16
Sampling (4 threads)   4%|█                             |  ETA: 1 days, 5:12:09
Sampling (4 threads)   4%|█▎                            |  ETA: 1 days, 1:25:11
Sampling (4 threads)   4%|█▍                            |  ETA: 22:28:39
Sampling (4 threads)   5%|█▌                            |  ETA: 23:39:11
Sampling (4 threads)   6%|█▋                            |  ETA: 21:23:22
Sampling (4 threads)   6%|█▊                            |  ETA: 20:33:06
Sampling (4 threads)   6%|██                            |  ETA: 18:52:11
Sampling (4 threads)   7%|██▏                           |  ETA: 18:01:01
Sampling (4 threads)   8%|██▎                           |  ETA: 16:43:31
Sampling (4 threads)   8%|██▍                           |  ETA: 16:14:06
Sampling (4 threads)   8%|██▌                           |  ETA: 15:11:49
Sampling (4 threads)   9%|██▊                           |  ETA: 14:54:59
Sampling (4 threads)  10%|██▉                           |  ETA: 14:03:13
Sampling (4 threads)  10%|███                           |  ETA: 13:33:45
Sampling (4 threads)  10%|███▏                          |  ETA: 12:50:42
Sampling (4 threads)  11%|███▎                          |  ETA: 12:17:56
Sampling (4 threads)  12%|███▌                          |  ETA: 11:41:53
Sampling (4 threads)  12%|███▋                          |  ETA: 11:19:36
Sampling (4 threads)  12%|███▊                          |  ETA: 10:48:43
Sampling (4 threads)  13%|███▉                          |  ETA: 10:20:12
Sampling (4 threads)  14%|████                          |  ETA: 10:05:12
Sampling (4 threads)  14%|████▎                         |  ETA: 9:40:12
Sampling (4 threads)  14%|████▍                         |  ETA: 9:21:39
Sampling (4 threads)  15%|████▌                         |  ETA: 8:59:45
Sampling (4 threads)  16%|████▋                         |  ETA: 8:48:23
Sampling (4 threads)  16%|████▊                         |  ETA: 8:28:51
Sampling (4 threads)  16%|█████                         |  ETA: 8:10:30
Sampling (4 threads)  17%|█████▏                        |  ETA: 8:00:45
Sampling (4 threads)  18%|█████▎                        |  ETA: 7:44:13
Sampling (4 threads)  18%|█████▍                        |  ETA: 7:34:04
Sampling (4 threads)  18%|█████▌                        |  ETA: 7:19:06
Sampling (4 threads)  19%|█████▊                        |  ETA: 7:04:55
Sampling (4 threads)  20%|█████▉                        |  ETA: 6:55:45
Sampling (4 threads)  20%|██████                        |  ETA: 6:42:50
Sampling (4 threads)  20%|██████▏                       |  ETA: 6:30:33
Sampling (4 threads)  21%|██████▎                       |  ETA: 6:23:18
Sampling (4 threads)  22%|██████▌                       |  ETA: 6:12:01
Sampling (4 threads)  22%|██████▋                       |  ETA: 6:01:15
Sampling (4 threads)  22%|██████▊                       |  ETA: 5:56:35
Sampling (4 threads)  23%|██████▉                       |  ETA: 5:46:35
Sampling (4 threads)  24%|███████                       |  ETA: 5:37:01
Sampling (4 threads)  24%|███████▎                      |  ETA: 5:27:50
Sampling (4 threads)  24%|███████▍                      |  ETA: 5:26:16
Sampling (4 threads)  25%|███████▌                      |  ETA: 5:17:37
Sampling (4 threads)  26%|███████▋                      |  ETA: 5:09:19
Sampling (4 threads)  26%|███████▊                      |  ETA: 5:04:59
Sampling (4 threads)  26%|████████                      |  ETA: 4:57:12
Sampling (4 threads)  27%|████████▏                     |  ETA: 4:54:16
Sampling (4 threads)  28%|████████▎                     |  ETA: 4:46:57
Sampling (4 threads)  28%|████████▍                     |  ETA: 4:39:53
Sampling (4 threads)  28%|████████▌                     |  ETA: 4:36:05
Sampling (4 threads)  29%|████████▊                     |  ETA: 4:29:26
Sampling (4 threads)  30%|████████▉                     |  ETA: 4:26:53
Sampling (4 threads)  30%|█████████                     |  ETA: 4:20:35
Sampling (4 threads)  30%|█████████▏                    |  ETA: 4:14:29
Sampling (4 threads)  31%|█████████▎                    |  ETA: 4:11:15
Sampling (4 threads)  32%|█████████▌                    |  ETA: 4:05:28
Sampling (4 threads)  32%|█████████▋                    |  ETA: 4:03:20
Sampling (4 threads)  32%|█████████▊                    |  ETA: 3:57:50
Sampling (4 threads)  33%|█████████▉                    |  ETA: 3:56:16
Sampling (4 threads)  34%|██████████                    |  ETA: 3:51:00
Sampling (4 threads)  34%|██████████▎                   |  ETA: 3:45:53
Sampling (4 threads)  34%|██████████▍                   |  ETA: 3:44:57
Sampling (4 threads)  35%|██████████▌                   |  ETA: 3:40:03
Sampling (4 threads)  36%|██████████▋                   |  ETA: 3:35:17
Sampling (4 threads)  36%|██████████▊                   |  ETA: 3:33:22
Sampling (4 threads)  36%|███████████                   |  ETA: 3:28:48
Sampling (4 threads)  37%|███████████▏                  |  ETA: 3:25:38
Sampling (4 threads)  38%|███████████▎                  |  ETA: 3:21:16
Sampling (4 threads)  38%|███████████▍                  |  ETA: 3:20:06
Sampling (4 threads)  38%|███████████▌                  |  ETA: 3:15:55
Sampling (4 threads)  39%|███████████▊                  |  ETA: 3:11:50
Sampling (4 threads)  40%|███████████▉                  |  ETA: 3:10:10
Sampling (4 threads)  40%|████████████                  |  ETA: 3:06:14
Sampling (4 threads)  40%|████████████▏                 |  ETA: 3:02:25
Sampling (4 threads)  41%|████████████▎                 |  ETA: 3:01:56
Sampling (4 threads)  42%|████████████▌                 |  ETA: 2:58:13
Sampling (4 threads)  42%|████████████▋                 |  ETA: 2:54:36
Sampling (4 threads)  42%|████████████▊                 |  ETA: 2:53:15
Sampling (4 threads)  43%|████████████▉                 |  ETA: 2:49:44
Sampling (4 threads)  44%|█████████████                 |  ETA: 2:48:29
Sampling (4 threads)  44%|█████████████▎                |  ETA: 2:45:05
Sampling (4 threads)  44%|█████████████▍                |  ETA: 2:41:47
Sampling (4 threads)  45%|█████████████▌                |  ETA: 2:40:08
Sampling (4 threads)  46%|█████████████▋                |  ETA: 2:36:56
Sampling (4 threads)  46%|█████████████▊                |  ETA: 2:35:05
Sampling (4 threads)  46%|██████████████                |  ETA: 2:32:00
Sampling (4 threads)  47%|██████████████▏               |  ETA: 2:30:54
Sampling (4 threads)  48%|██████████████▎               |  ETA: 2:27:54
Sampling (4 threads)  48%|██████████████▍               |  ETA: 2:24:58
Sampling (4 threads)  48%|██████████████▌               |  ETA: 2:23:39
Sampling (4 threads)  49%|██████████████▊               |  ETA: 2:20:49
Sampling (4 threads)  50%|██████████████▉               |  ETA: 2:19:58
Sampling (4 threads)  50%|███████████████               |  ETA: 2:17:12
Sampling (4 threads)  50%|███████████████▏              |  ETA: 2:14:29
Sampling (4 threads)  51%|███████████████▎              |  ETA: 2:13:28
Sampling (4 threads)  52%|███████████████▌              |  ETA: 2:10:49
Sampling (4 threads)  52%|███████████████▋              |  ETA: 2:10:08
Sampling (4 threads)  52%|███████████████▊              |  ETA: 2:07:33
Sampling (4 threads)  53%|███████████████▉              |  ETA: 2:05:01
Sampling (4 threads)  54%|████████████████              |  ETA: 2:03:48
Sampling (4 threads)  54%|████████████████▎             |  ETA: 2:01:20
Sampling (4 threads)  55%|████████████████▍             |  ETA: 2:00:24
Sampling (4 threads)  55%|████████████████▌             |  ETA: 1:58:00
Sampling (4 threads)  56%|████████████████▋             |  ETA: 1:55:38
Sampling (4 threads)  56%|████████████████▊             |  ETA: 1:54:41
Sampling (4 threads)  56%|█████████████████             |  ETA: 1:52:22
Sampling (4 threads)  57%|█████████████████▏            |  ETA: 1:50:06
Sampling (4 threads)  57%|█████████████████▎            |  ETA: 1:49:02
Sampling (4 threads)  58%|█████████████████▍            |  ETA: 1:46:49
Sampling (4 threads)  58%|█████████████████▌            |  ETA: 1:45:51
Sampling (4 threads)  59%|█████████████████▊            |  ETA: 1:43:41
Sampling (4 threads)  60%|█████████████████▉            |  ETA: 1:41:34
Sampling (4 threads)  60%|██████████████████            |  ETA: 1:40:28
Sampling (4 threads)  60%|██████████████████▏           |  ETA: 1:38:24
Sampling (4 threads)  61%|██████████████████▎           |  ETA: 1:37:30
Sampling (4 threads)  62%|██████████████████▌           |  ETA: 1:35:28
Sampling (4 threads)  62%|██████████████████▋           |  ETA: 1:34:09
Sampling (4 threads)  62%|██████████████████▊           |  ETA: 1:32:10
Sampling (4 threads)  63%|██████████████████▉           |  ETA: 1:31:25
Sampling (4 threads)  64%|███████████████████           |  ETA: 1:29:28
Sampling (4 threads)  64%|███████████████████▎          |  ETA: 1:27:33
Sampling (4 threads)  64%|███████████████████▍          |  ETA: 1:26:30
Sampling (4 threads)  65%|███████████████████▌          |  ETA: 1:24:38
Sampling (4 threads)  66%|███████████████████▋          |  ETA: 1:22:47
Sampling (4 threads)  66%|███████████████████▊          |  ETA: 1:22:04
Sampling (4 threads)  66%|████████████████████          |  ETA: 1:20:15
Sampling (4 threads)  67%|████████████████████▏         |  ETA: 1:19:12
Sampling (4 threads)  68%|████████████████████▎         |  ETA: 1:17:25
Sampling (4 threads)  68%|████████████████████▍         |  ETA: 1:15:40
Sampling (4 threads)  68%|████████████████████▌         |  ETA: 1:15:05
Sampling (4 threads)  69%|████████████████████▊         |  ETA: 1:13:22
Sampling (4 threads)  70%|████████████████████▉         |  ETA: 1:11:39
Sampling (4 threads)  70%|█████████████████████         |  ETA: 1:10:51
Sampling (4 threads)  70%|█████████████████████▏        |  ETA: 1:09:10
Sampling (4 threads)  71%|█████████████████████▎        |  ETA: 1:08:13
Sampling (4 threads)  72%|█████████████████████▌        |  ETA: 1:06:34
Sampling (4 threads)  72%|█████████████████████▋        |  ETA: 1:04:57
Sampling (4 threads)  72%|█████████████████████▊        |  ETA: 1:03:38
Sampling (4 threads)  73%|█████████████████████▉        |  ETA: 1:02:22
Sampling (4 threads)  74%|██████████████████████        |  ETA: 1:01:10
Sampling (4 threads)  74%|██████████████████████▎       |  ETA: 0:59:43
Sampling (4 threads)  74%|██████████████████████▍       |  ETA: 0:58:35
Sampling (4 threads)  75%|██████████████████████▌       |  ETA: 0:57:04
Sampling (4 threads)  76%|██████████████████████▋       |  ETA: 0:55:59
Sampling (4 threads)  76%|██████████████████████▊       |  ETA: 0:54:39
Sampling (4 threads)  76%|███████████████████████       |  ETA: 0:53:28
Sampling (4 threads)  77%|███████████████████████▏      |  ETA: 0:52:16
Sampling (4 threads)  78%|███████████████████████▎      |  ETA: 0:50:59
Sampling (4 threads)  78%|███████████████████████▍      |  ETA: 0:49:56
Sampling (4 threads)  78%|███████████████████████▌      |  ETA: 0:48:34
Sampling (4 threads)  79%|███████████████████████▊      |  ETA: 0:47:25
Sampling (4 threads)  80%|███████████████████████▉      |  ETA: 0:46:06
Sampling (4 threads)  80%|████████████████████████      |  ETA: 0:44:59
Sampling (4 threads)  80%|████████████████████████▏     |  ETA: 0:43:47
Sampling (4 threads)  81%|████████████████████████▎     |  ETA: 0:42:35
Sampling (4 threads)  82%|████████████████████████▌     |  ETA: 0:41:29
Sampling (4 threads)  82%|████████████████████████▋     |  ETA: 0:40:12
Sampling (4 threads)  82%|████████████████████████▊     |  ETA: 0:39:03
Sampling (4 threads)  83%|████████████████████████▉     |  ETA: 0:37:43
Sampling (4 threads)  84%|█████████████████████████     |  ETA: 0:36:39
Sampling (4 threads)  84%|█████████████████████████▎    |  ETA: 0:35:26
Sampling (4 threads)  84%|█████████████████████████▍    |  ETA: 0:34:17
Sampling (4 threads)  85%|█████████████████████████▌    |  ETA: 0:33:06
Sampling (4 threads)  86%|█████████████████████████▋    |  ETA: 0:32:00
Sampling (4 threads)  86%|█████████████████████████▊    |  ETA: 0:31:00
Sampling (4 threads)  86%|██████████████████████████    |  ETA: 0:29:55
Sampling (4 threads)  87%|██████████████████████████▏   |  ETA: 0:28:50
Sampling (4 threads)  88%|██████████████████████████▎   |  ETA: 0:27:45
Sampling (4 threads)  88%|██████████████████████████▍   |  ETA: 0:26:39
Sampling (4 threads)  88%|██████████████████████████▌   |  ETA: 0:25:32
Sampling (4 threads)  89%|██████████████████████████▊   |  ETA: 0:24:26
Sampling (4 threads)  90%|██████████████████████████▉   |  ETA: 0:23:22
Sampling (4 threads)  90%|███████████████████████████   |  ETA: 0:22:16
Sampling (4 threads)  90%|███████████████████████████▏  |  ETA: 0:21:09
Sampling (4 threads)  91%|███████████████████████████▎  |  ETA: 0:20:03
Sampling (4 threads)  92%|███████████████████████████▌  |  ETA: 0:18:57
Sampling (4 threads)  92%|███████████████████████████▋  |  ETA: 0:17:50
Sampling (4 threads)  92%|███████████████████████████▊  |  ETA: 0:16:43
Sampling (4 threads)  93%|███████████████████████████▉  |  ETA: 0:15:37
Sampling (4 threads)  94%|████████████████████████████  |  ETA: 0:14:31
Sampling (4 threads)  94%|████████████████████████████▎ |  ETA: 0:13:25
Sampling (4 threads)  94%|████████████████████████████▍ |  ETA: 0:12:19
Sampling (4 threads)  95%|████████████████████████████▌ |  ETA: 0:11:12
Sampling (4 threads)  96%|████████████████████████████▋ |  ETA: 0:10:05
Sampling (4 threads)  96%|████████████████████████████▊ |  ETA: 0:08:57
Sampling (4 threads)  96%|█████████████████████████████ |  ETA: 0:07:51
Sampling (4 threads)  97%|█████████████████████████████▏|  ETA: 0:06:44
Sampling (4 threads)  98%|█████████████████████████████▎|  ETA: 0:05:37
Sampling (4 threads)  98%|█████████████████████████████▍|  ETA: 0:04:29
Sampling (4 threads)  98%|█████████████████████████████▌|  ETA: 0:03:22
Sampling (4 threads)  99%|█████████████████████████████▊|  ETA: 0:02:15
Sampling (4 threads) 100%|█████████████████████████████▉|  ETA: 0:01:07
Sampling (4 threads) 100%|██████████████████████████████| Time: 3:44:58
Sampling (4 threads) 100%|██████████████████████████████| Time: 3:44:59
