cpu-bind=MASK - bp1-compute017, task  0  0 [3946183]: mask 0x300000030 set
cpu-bind=MASK - bp1-compute017, task  0  0 [3946182]: mask 0x30000003 set
cpu-bind=MASK - bp1-compute017, task  0  0 [3946179]: mask 0x3000000300 set
cpu-bind=MASK - bp1-compute017, task  0  0 [3946178]: mask 0xc000000c0 set
cpu-bind=MASK - bp1-compute017, task  0  0 [3946180]: mask 0xc000000c00 set
cpu-bind=MASK - bp1-compute017, task  0  0 [3946181]: mask 0xc000000c set
Running on host bp1-compute017
Running on host bp1-compute017
Running on host bp1-compute017
Running on host bp1-compute017
Running on host bp1-compute017
Time is Sat Sep 12 18:31:32 BST 2026
Time is Sat Sep 12 18:31:32 BST 2026
Time is Sat Sep 12 18:31:32 BST 2026
Time is Sat Sep 12 18:31:32 BST 2026
Running on host bp1-compute017
Time is Sat Sep 12 18:31:32 BST 2026
Directory is /user/home/em18564/bayesian/BC4/Bayes/wordType_experiments/models/5_noPartA
Slurm job ID is 18939693
This job runs on the following machines:
Directory is /user/home/em18564/bayesian/BC4/Bayes/wordType_experiments/models/5_noPartA
Directory is /user/home/em18564/bayesian/BC4/Bayes/wordType_experiments/models/5_noPartA
Slurm job ID is 18939691
Directory is /user/home/em18564/bayesian/BC4/Bayes/wordType_experiments/models/5_noPartA
This job runs on the following machines:
Slurm job ID is 18939690
Slurm job ID is 18939694
This job runs on the following machines:
This job runs on the following machines:
Directory is /user/home/em18564/bayesian/BC4/Bayes/wordType_experiments/models/5_noPartA
Slurm job ID is 18939695
This job runs on the following machines:
Time is Sat Sep 12 18:31:32 BST 2026
Directory is /user/home/em18564/bayesian/BC4/Bayes/wordType_experiments/models/5_noPartA
Slurm job ID is 18939692
This job runs on the following machines:
bp1-compute017
bp1-compute017
bp1-compute017
bp1-compute017
bp1-compute017
bp1-compute017
Sampling (4 threads)   0%|                              |  ETA: N/A
┌ Info: Found initial step size
└   ϵ = 0.00078125
┌ Info: Found initial step size
└   ϵ = 0.003125
┌ Info: Found initial step size
└   ϵ = 0.000390625
┌ Info: Found initial step size
└   ϵ = 0.003125
Sampling (4 threads)   0%|▏                             |  ETA: 2:54:48
Sampling (4 threads)   1%|▎                             |  ETA: 1:27:05
Sampling (4 threads)   2%|▌                             |  ETA: 0:57:46
Sampling (4 threads)   2%|▋                             |  ETA: 0:45:55
Sampling (4 threads)   2%|▊                             |  ETA: 0:36:33
Sampling (4 threads)   3%|▉                             |  ETA: 0:37:06
Sampling (4 threads)   4%|█                             |  ETA: 0:31:38
Sampling (4 threads)   4%|█▎                            |  ETA: 0:27:32
Sampling (4 threads)   4%|█▍                            |  ETA: 1:33:28
Sampling (4 threads)   5%|█▌                            |  ETA: 1:23:41
Sampling (4 threads)   6%|█▋                            |  ETA: 2:18:13
Sampling (4 threads)   6%|█▊                            |  ETA: 2:06:02
Sampling (4 threads)   6%|██                            |  ETA: 2:49:31
Sampling (4 threads)   7%|██▏                           |  ETA: 2:36:34
Sampling (4 threads)   8%|██▎                           |  ETA: 3:29:51
Sampling (4 threads)   8%|██▍                           |  ETA: 3:15:40
Sampling (4 threads)   8%|██▌                           |  ETA: 3:50:23
Sampling (4 threads)   9%|██▊                           |  ETA: 3:36:23
Sampling (4 threads)  10%|██▉                           |  ETA: 4:27:17
Sampling (4 threads)  10%|███                           |  ETA: 4:12:31
Sampling (4 threads)  10%|███▏                          |  ETA: 3:59:10
Sampling (4 threads)  11%|███▎                          |  ETA: 4:45:37
Sampling (4 threads)  12%|███▌                          |  ETA: 4:31:40
Sampling (4 threads)  12%|███▋                          |  ETA: 4:18:52
Sampling (4 threads)  12%|███▊                          |  ETA: 4:07:06
Sampling (4 threads)  13%|███▉                          |  ETA: 4:38:55
Sampling (4 threads)  14%|████                          |  ETA: 4:27:02
Sampling (4 threads)  14%|████▎                         |  ETA: 4:35:41
Sampling (4 threads)  14%|████▍                         |  ETA: 4:24:37
Sampling (4 threads)  15%|████▌                         |  ETA: 4:49:44
Sampling (4 threads)  16%|████▋                         |  ETA: 4:38:44
Sampling (4 threads)  16%|████▊                         |  ETA: 4:28:26
Sampling (4 threads)  16%|█████                         |  ETA: 4:47:52
Sampling (4 threads)  17%|█████▏                        |  ETA: 4:37:43
Sampling (4 threads)  18%|█████▎                        |  ETA: 4:48:47
Sampling (4 threads)  18%|█████▍                        |  ETA: 4:39:03
Sampling (4 threads)  18%|█████▌                        |  ETA: 4:53:53
Sampling (4 threads)  19%|█████▊                        |  ETA: 4:44:23
Sampling (4 threads)  20%|█████▉                        |  ETA: 4:35:23
Sampling (4 threads)  20%|██████                        |  ETA: 4:51:49
Sampling (4 threads)  20%|██████▏                       |  ETA: 4:42:55
Sampling (4 threads)  21%|██████▎                       |  ETA: 4:34:27
Sampling (4 threads)  22%|██████▌                       |  ETA: 4:48:56
Sampling (4 threads)  22%|██████▋                       |  ETA: 4:40:35
Sampling (4 threads)  22%|██████▊                       |  ETA: 4:32:35
Sampling (4 threads)  23%|██████▉                       |  ETA: 4:50:12
Sampling (4 threads)  24%|███████                       |  ETA: 4:42:11
Sampling (4 threads)  24%|███████▎                      |  ETA: 4:34:30
Sampling (4 threads)  24%|███████▍                      |  ETA: 4:27:07
Sampling (4 threads)  25%|███████▌                      |  ETA: 4:39:03
Sampling (4 threads)  26%|███████▋                      |  ETA: 4:31:45
Sampling (4 threads)  26%|███████▊                      |  ETA: 4:41:26
Sampling (4 threads)  26%|████████                      |  ETA: 4:34:16
Sampling (4 threads)  27%|████████▏                     |  ETA: 4:27:21
Sampling (4 threads)  28%|████████▎                     |  ETA: 4:20:42
Sampling (4 threads)  28%|████████▍                     |  ETA: 4:25:34
Sampling (4 threads)  28%|████████▌                     |  ETA: 4:19:06
Sampling (4 threads)  29%|████████▊                     |  ETA: 4:29:26
Sampling (4 threads)  30%|████████▉                     |  ETA: 4:23:00
Sampling (4 threads)  30%|█████████                     |  ETA: 4:16:47
Sampling (4 threads)  30%|█████████▏                    |  ETA: 4:22:51
Sampling (4 threads)  31%|█████████▎                    |  ETA: 4:16:45
Sampling (4 threads)  32%|█████████▌                    |  ETA: 4:21:48
Sampling (4 threads)  32%|█████████▋                    |  ETA: 4:15:50
Sampling (4 threads)  32%|█████████▊                    |  ETA: 4:10:03
Sampling (4 threads)  33%|█████████▉                    |  ETA: 4:04:26
Sampling (4 threads)  34%|██████████                    |  ETA: 4:12:34
Sampling (4 threads)  34%|██████████▎                   |  ETA: 4:06:59
Sampling (4 threads)  34%|██████████▍                   |  ETA: 4:09:26
Sampling (4 threads)  35%|██████████▌                   |  ETA: 4:04:00
Sampling (4 threads)  36%|██████████▋                   |  ETA: 3:58:43
Sampling (4 threads)  36%|██████████▊                   |  ETA: 4:06:42
Sampling (4 threads)  36%|███████████                   |  ETA: 4:01:25
Sampling (4 threads)  37%|███████████▏                  |  ETA: 3:56:16
Sampling (4 threads)  38%|███████████▎                  |  ETA: 3:58:02
Sampling (4 threads)  38%|███████████▍                  |  ETA: 3:53:02
Sampling (4 threads)  38%|███████████▌                  |  ETA: 3:55:03
Sampling (4 threads)  39%|███████████▊                  |  ETA: 3:50:09
Sampling (4 threads)  40%|███████████▉                  |  ETA: 3:45:23
Sampling (4 threads)  40%|████████████                  |  ETA: 3:50:37
Sampling (4 threads)  40%|████████████▏                 |  ETA: 3:45:52
Sampling (4 threads)  41%|████████████▎                 |  ETA: 3:41:14
Sampling (4 threads)  42%|████████████▌                 |  ETA: 3:42:36
Sampling (4 threads)  42%|████████████▋                 |  ETA: 3:38:04
Sampling (4 threads)  42%|████████████▊                 |  ETA: 3:40:35
Sampling (4 threads)  43%|████████████▉                 |  ETA: 3:36:08
Sampling (4 threads)  44%|█████████████                 |  ETA: 3:38:49
Sampling (4 threads)  44%|█████████████▎                |  ETA: 3:34:25
Sampling (4 threads)  44%|█████████████▍                |  ETA: 3:38:31
Sampling (4 threads)  45%|█████████████▌                |  ETA: 3:34:09
Sampling (4 threads)  46%|█████████████▋                |  ETA: 3:29:52
Sampling (4 threads)  46%|█████████████▊                |  ETA: 3:25:41
Sampling (4 threads)  46%|██████████████                |  ETA: 3:27:17
Sampling (4 threads)  47%|██████████████▏               |  ETA: 3:23:10
Sampling (4 threads)  48%|██████████████▎               |  ETA: 3:24:04
Sampling (4 threads)  48%|██████████████▍               |  ETA: 3:20:01
Sampling (4 threads)  48%|██████████████▌               |  ETA: 3:19:23
Sampling (4 threads)  49%|██████████████▊               |  ETA: 3:15:26
Sampling (4 threads)  50%|██████████████▉               |  ETA: 3:19:03
Sampling (4 threads)  50%|███████████████               |  ETA: 3:15:06
Sampling (4 threads)  50%|███████████████▏              |  ETA: 3:11:14
Sampling (4 threads)  51%|███████████████▎              |  ETA: 3:11:26
Sampling (4 threads)  52%|███████████████▌              |  ETA: 3:07:38
Sampling (4 threads)  52%|███████████████▋              |  ETA: 3:10:25
Sampling (4 threads)  52%|███████████████▊              |  ETA: 3:06:38
Sampling (4 threads)  53%|███████████████▉              |  ETA: 3:02:56
Sampling (4 threads)  54%|████████████████              |  ETA: 3:03:05
Sampling (4 threads)  54%|████████████████▎             |  ETA: 2:59:26
Sampling (4 threads)  55%|████████████████▍             |  ETA: 2:59:02
Sampling (4 threads)  55%|████████████████▌             |  ETA: 2:55:27
Sampling (4 threads)  56%|████████████████▋             |  ETA: 2:51:57
Sampling (4 threads)  56%|████████████████▊             |  ETA: 2:54:16
Sampling (4 threads)  56%|█████████████████             |  ETA: 2:50:45
Sampling (4 threads)  57%|█████████████████▏            |  ETA: 2:47:19
Sampling (4 threads)  57%|█████████████████▎            |  ETA: 2:48:28
Sampling (4 threads)  58%|█████████████████▍            |  ETA: 2:45:03
Sampling (4 threads)  58%|█████████████████▌            |  ETA: 2:43:56
Sampling (4 threads)  59%|█████████████████▊            |  ETA: 2:40:35
Sampling (4 threads)  60%|█████████████████▉            |  ETA: 2:40:16
Sampling (4 threads)  60%|██████████████████            |  ETA: 2:36:58
Sampling (4 threads)  60%|██████████████████▏           |  ETA: 2:36:30
Sampling (4 threads)  61%|██████████████████▎           |  ETA: 2:33:15
Sampling (4 threads)  62%|██████████████████▌           |  ETA: 2:32:48
Sampling (4 threads)  62%|██████████████████▋           |  ETA: 2:29:36
Sampling (4 threads)  62%|██████████████████▊           |  ETA: 2:28:25
Sampling (4 threads)  63%|██████████████████▉           |  ETA: 2:25:17
Sampling (4 threads)  64%|███████████████████           |  ETA: 2:24:38
Sampling (4 threads)  64%|███████████████████▎          |  ETA: 2:21:32
Sampling (4 threads)  64%|███████████████████▍          |  ETA: 2:20:54
Sampling (4 threads)  65%|███████████████████▌          |  ETA: 2:17:51
Sampling (4 threads)  66%|███████████████████▋          |  ETA: 2:16:59
Sampling (4 threads)  66%|███████████████████▊          |  ETA: 2:13:59
Sampling (4 threads)  66%|████████████████████          |  ETA: 2:11:01
Sampling (4 threads)  67%|████████████████████▏         |  ETA: 2:11:17
Sampling (4 threads)  68%|████████████████████▎         |  ETA: 2:08:21
Sampling (4 threads)  68%|████████████████████▍         |  ETA: 2:05:26
Sampling (4 threads)  68%|████████████████████▌         |  ETA: 2:05:03
Sampling (4 threads)  69%|████████████████████▊         |  ETA: 2:02:10
Sampling (4 threads)  70%|████████████████████▉         |  ETA: 2:01:16
Sampling (4 threads)  70%|█████████████████████         |  ETA: 1:58:25
Sampling (4 threads)  70%|█████████████████████▏        |  ETA: 1:57:29
Sampling (4 threads)  71%|█████████████████████▎        |  ETA: 1:54:40
Sampling (4 threads)  72%|█████████████████████▌        |  ETA: 1:53:36
Sampling (4 threads)  72%|█████████████████████▋        |  ETA: 1:50:50
Sampling (4 threads)  72%|█████████████████████▊        |  ETA: 1:49:38
Sampling (4 threads)  73%|█████████████████████▉        |  ETA: 1:46:54
Sampling (4 threads)  74%|██████████████████████        |  ETA: 1:45:43
Sampling (4 threads)  74%|██████████████████████▎       |  ETA: 1:43:02
Sampling (4 threads)  74%|██████████████████████▍       |  ETA: 1:41:26
Sampling (4 threads)  75%|██████████████████████▌       |  ETA: 1:38:47
Sampling (4 threads)  76%|██████████████████████▋       |  ETA: 1:37:36
Sampling (4 threads)  76%|██████████████████████▊       |  ETA: 1:34:58
Sampling (4 threads)  76%|███████████████████████       |  ETA: 1:34:38
Sampling (4 threads)  77%|███████████████████████▏      |  ETA: 1:32:01
Sampling (4 threads)  78%|███████████████████████▎      |  ETA: 1:29:26
Sampling (4 threads)  78%|███████████████████████▍      |  ETA: 1:26:53
Sampling (4 threads)  78%|███████████████████████▌      |  ETA: 1:26:21
Sampling (4 threads)  79%|███████████████████████▊      |  ETA: 1:23:49
Sampling (4 threads)  80%|███████████████████████▉      |  ETA: 1:21:18
Sampling (4 threads)  80%|████████████████████████      |  ETA: 1:20:35
Sampling (4 threads)  80%|████████████████████████▏     |  ETA: 1:18:04
Sampling (4 threads)  81%|████████████████████████▎     |  ETA: 1:15:36
Sampling (4 threads)  82%|████████████████████████▌     |  ETA: 1:14:05
Sampling (4 threads)  82%|████████████████████████▋     |  ETA: 1:11:38
Sampling (4 threads)  82%|████████████████████████▊     |  ETA: 1:09:56
Sampling (4 threads)  83%|████████████████████████▉     |  ETA: 1:07:32
Sampling (4 threads)  84%|█████████████████████████     |  ETA: 1:06:33
Sampling (4 threads)  84%|█████████████████████████▎    |  ETA: 1:04:09
Sampling (4 threads)  84%|█████████████████████████▍    |  ETA: 1:01:46
Sampling (4 threads)  85%|█████████████████████████▌    |  ETA: 0:59:26
Sampling (4 threads)  86%|█████████████████████████▋    |  ETA: 0:58:30
Sampling (4 threads)  86%|█████████████████████████▊    |  ETA: 0:56:09
Sampling (4 threads)  86%|██████████████████████████    |  ETA: 0:53:50
Sampling (4 threads)  87%|██████████████████████████▏   |  ETA: 0:52:44
Sampling (4 threads)  88%|██████████████████████████▎   |  ETA: 0:50:25
Sampling (4 threads)  88%|██████████████████████████▍   |  ETA: 0:48:08
Sampling (4 threads)  88%|██████████████████████████▌   |  ETA: 0:45:52
Sampling (4 threads)  89%|██████████████████████████▊   |  ETA: 0:44:29
Sampling (4 threads)  90%|██████████████████████████▉   |  ETA: 0:42:13
Sampling (4 threads)  90%|███████████████████████████   |  ETA: 0:39:59
Sampling (4 threads)  90%|███████████████████████████▏  |  ETA: 0:38:39
Sampling (4 threads)  91%|███████████████████████████▎  |  ETA: 0:36:24
Sampling (4 threads)  92%|███████████████████████████▌  |  ETA: 0:34:12
Sampling (4 threads)  92%|███████████████████████████▋  |  ETA: 0:32:01
Sampling (4 threads)  92%|███████████████████████████▊  |  ETA: 0:30:12
Sampling (4 threads)  93%|███████████████████████████▉  |  ETA: 0:28:02
Sampling (4 threads)  94%|████████████████████████████  |  ETA: 0:26:22
Sampling (4 threads)  94%|████████████████████████████▎ |  ETA: 0:24:12
Sampling (4 threads)  94%|████████████████████████████▍ |  ETA: 0:22:04
Sampling (4 threads)  95%|████████████████████████████▌ |  ETA: 0:20:18
Sampling (4 threads)  96%|████████████████████████████▋ |  ETA: 0:18:11
Sampling (4 threads)  96%|████████████████████████████▊ |  ETA: 0:16:04
Sampling (4 threads)  96%|█████████████████████████████ |  ETA: 0:14:09
Sampling (4 threads)  97%|█████████████████████████████▏|  ETA: 0:12:04
Sampling (4 threads)  98%|█████████████████████████████▎|  ETA: 0:10:00
Sampling (4 threads)  98%|█████████████████████████████▍|  ETA: 0:08:02
Sampling (4 threads)  98%|█████████████████████████████▌|  ETA: 0:06:01
Sampling (4 threads)  99%|█████████████████████████████▊|  ETA: 0:04:01
Sampling (4 threads) 100%|█████████████████████████████▉|  ETA: 0:02:01
Sampling (4 threads) 100%|██████████████████████████████| Time: 6:46:54
Sampling (4 threads) 100%|██████████████████████████████| Time: 6:46:55
Sampling (4 threads)   0%|                              |  ETA: N/A
┌ Info: Found initial step size
└   ϵ = 0.000390625
┌ Info: Found initial step size
└   ϵ = 0.0125
┌ Info: Found initial step size
└   ϵ = 0.00625
┌ Info: Found initial step size
└   ϵ = 0.00078125
Sampling (4 threads)   0%|▏                             |  ETA: 2:56:39
Sampling (4 threads)   1%|▎                             |  ETA: 1:28:00
Sampling (4 threads)   2%|▌                             |  ETA: 0:58:22
Sampling (4 threads)   2%|▋                             |  ETA: 0:48:09
Sampling (4 threads)   2%|▊                             |  ETA: 0:38:19
Sampling (4 threads)   3%|▉                             |  ETA: 0:31:46
Sampling (4 threads)   4%|█                             |  ETA: 0:31:55
Sampling (4 threads)   4%|█▎                            |  ETA: 0:27:47
Sampling (4 threads)   4%|█▍                            |  ETA: 1:30:02
Sampling (4 threads)   5%|█▌                            |  ETA: 1:20:37
Sampling (4 threads)   6%|█▋                            |  ETA: 2:24:33
Sampling (4 threads)   6%|█▊                            |  ETA: 2:11:48
Sampling (4 threads)   6%|██                            |  ETA: 3:25:14
Sampling (4 threads)   7%|██▏                           |  ETA: 3:09:33
Sampling (4 threads)   8%|██▎                           |  ETA: 4:00:00
Sampling (4 threads)   8%|██▍                           |  ETA: 3:43:47
Sampling (4 threads)   8%|██▌                           |  ETA: 4:21:17
Sampling (4 threads)   9%|██▊                           |  ETA: 4:05:25
Sampling (4 threads)  10%|██▉                           |  ETA: 4:53:16
Sampling (4 threads)  10%|███                           |  ETA: 4:37:04
Sampling (4 threads)  10%|███▏                          |  ETA: 4:22:25
Sampling (4 threads)  11%|███▎                          |  ETA: 5:06:06
Sampling (4 threads)  12%|███▌                          |  ETA: 4:51:09
Sampling (4 threads)  12%|███▋                          |  ETA: 4:37:26
Sampling (4 threads)  12%|███▊                          |  ETA: 4:24:50
Sampling (4 threads)  13%|███▉                          |  ETA: 5:03:11
Sampling (4 threads)  14%|████                          |  ETA: 4:50:16
Sampling (4 threads)  14%|████▎                         |  ETA: 5:12:15
Sampling (4 threads)  14%|████▍                         |  ETA: 4:59:44
Sampling (4 threads)  15%|████▌                         |  ETA: 5:06:34
Sampling (4 threads)  16%|████▋                         |  ETA: 4:54:56
Sampling (4 threads)  16%|████▊                         |  ETA: 5:18:40
Sampling (4 threads)  16%|█████                         |  ETA: 5:07:11
Sampling (4 threads)  17%|█████▏                        |  ETA: 4:56:21
Sampling (4 threads)  18%|█████▎                        |  ETA: 4:46:09
Sampling (4 threads)  18%|█████▍                        |  ETA: 5:14:08
Sampling (4 threads)  18%|█████▌                        |  ETA: 5:03:47
Sampling (4 threads)  19%|█████▊                        |  ETA: 4:53:58
Sampling (4 threads)  20%|█████▉                        |  ETA: 5:11:31
Sampling (4 threads)  20%|██████                        |  ETA: 5:01:51
Sampling (4 threads)  20%|██████▏                       |  ETA: 4:52:39
Sampling (4 threads)  21%|██████▎                       |  ETA: 4:57:46
Sampling (4 threads)  22%|██████▌                       |  ETA: 4:49:00
Sampling (4 threads)  22%|██████▋                       |  ETA: 4:55:26
Sampling (4 threads)  22%|██████▊                       |  ETA: 4:47:01
Sampling (4 threads)  23%|██████▉                       |  ETA: 4:59:04
Sampling (4 threads)  24%|███████                       |  ETA: 4:50:48
Sampling (4 threads)  24%|███████▎                      |  ETA: 4:42:53
Sampling (4 threads)  24%|███████▍                      |  ETA: 4:35:17
Sampling (4 threads)  25%|███████▌                      |  ETA: 4:51:46
Sampling (4 threads)  26%|███████▋                      |  ETA: 4:44:08
Sampling (4 threads)  26%|███████▊                      |  ETA: 4:36:48
Sampling (4 threads)  26%|████████                      |  ETA: 4:44:28
Sampling (4 threads)  27%|████████▏                     |  ETA: 4:37:18
Sampling (4 threads)  28%|████████▎                     |  ETA: 4:30:23
Sampling (4 threads)  28%|████████▍                     |  ETA: 4:31:03
Sampling (4 threads)  28%|████████▌                     |  ETA: 4:24:26
Sampling (4 threads)  29%|████████▊                     |  ETA: 4:29:50
Sampling (4 threads)  30%|████████▉                     |  ETA: 4:23:23
Sampling (4 threads)  30%|█████████                     |  ETA: 4:29:41
Sampling (4 threads)  30%|█████████▏                    |  ETA: 4:23:22
Sampling (4 threads)  31%|█████████▎                    |  ETA: 4:17:15
Sampling (4 threads)  32%|█████████▌                    |  ETA: 4:25:42
Sampling (4 threads)  32%|█████████▋                    |  ETA: 4:19:38
Sampling (4 threads)  32%|█████████▊                    |  ETA: 4:13:46
Sampling (4 threads)  33%|█████████▉                    |  ETA: 4:21:07
Sampling (4 threads)  34%|██████████                    |  ETA: 4:15:18
Sampling (4 threads)  34%|██████████▎                   |  ETA: 4:19:44
Sampling (4 threads)  34%|██████████▍                   |  ETA: 4:14:02
Sampling (4 threads)  35%|██████████▌                   |  ETA: 4:08:29
Sampling (4 threads)  36%|██████████▋                   |  ETA: 4:09:12
Sampling (4 threads)  36%|██████████▊                   |  ETA: 4:03:50
Sampling (4 threads)  36%|███████████                   |  ETA: 4:08:55
Sampling (4 threads)  37%|███████████▏                  |  ETA: 4:03:37
Sampling (4 threads)  38%|███████████▎                  |  ETA: 3:58:27
Sampling (4 threads)  38%|███████████▍                  |  ETA: 4:04:55
Sampling (4 threads)  38%|███████████▌                  |  ETA: 3:59:48
Sampling (4 threads)  39%|███████████▊                  |  ETA: 3:54:48
Sampling (4 threads)  40%|███████████▉                  |  ETA: 4:00:28
Sampling (4 threads)  40%|████████████                  |  ETA: 3:55:30
Sampling (4 threads)  40%|████████████▏                 |  ETA: 3:50:39
Sampling (4 threads)  41%|████████████▎                 |  ETA: 3:52:20
Sampling (4 threads)  42%|████████████▌                 |  ETA: 3:47:35
Sampling (4 threads)  42%|████████████▋                 |  ETA: 3:51:19
Sampling (4 threads)  42%|████████████▊                 |  ETA: 3:46:37
Sampling (4 threads)  43%|████████████▉                 |  ETA: 3:48:27
Sampling (4 threads)  44%|█████████████                 |  ETA: 3:43:50
Sampling (4 threads)  44%|█████████████▎                |  ETA: 3:39:20
Sampling (4 threads)  44%|█████████████▍                |  ETA: 3:40:00
Sampling (4 threads)  45%|█████████████▌                |  ETA: 3:35:36
Sampling (4 threads)  46%|█████████████▋                |  ETA: 3:39:58
Sampling (4 threads)  46%|█████████████▊                |  ETA: 3:35:35
Sampling (4 threads)  46%|██████████████                |  ETA: 3:31:17
Sampling (4 threads)  47%|██████████████▏               |  ETA: 3:27:05
Sampling (4 threads)  48%|██████████████▎               |  ETA: 3:33:10
Sampling (4 threads)  48%|██████████████▍               |  ETA: 3:28:56
Sampling (4 threads)  48%|██████████████▌               |  ETA: 3:24:48
Sampling (4 threads)  49%|██████████████▊               |  ETA: 3:27:59
Sampling (4 threads)  50%|██████████████▉               |  ETA: 3:23:52
Sampling (4 threads)  50%|███████████████               |  ETA: 3:19:50
Sampling (4 threads)  50%|███████████████▏              |  ETA: 3:19:31
Sampling (4 threads)  51%|███████████████▎              |  ETA: 3:15:33
Sampling (4 threads)  52%|███████████████▌              |  ETA: 3:15:50
Sampling (4 threads)  52%|███████████████▋              |  ETA: 3:11:57
Sampling (4 threads)  52%|███████████████▊              |  ETA: 3:11:51
Sampling (4 threads)  53%|███████████████▉              |  ETA: 3:08:03
Sampling (4 threads)  54%|████████████████              |  ETA: 3:09:34
Sampling (4 threads)  54%|████████████████▎             |  ETA: 3:05:47
Sampling (4 threads)  55%|████████████████▍             |  ETA: 3:02:05
Sampling (4 threads)  55%|████████████████▌             |  ETA: 3:03:41
Sampling (4 threads)  56%|████████████████▋             |  ETA: 3:00:00
Sampling (4 threads)  56%|████████████████▊             |  ETA: 2:58:53
Sampling (4 threads)  56%|█████████████████             |  ETA: 2:55:17
Sampling (4 threads)  57%|█████████████████▏            |  ETA: 2:56:13
Sampling (4 threads)  57%|█████████████████▎            |  ETA: 2:52:39
Sampling (4 threads)  58%|█████████████████▍            |  ETA: 2:49:09
Sampling (4 threads)  58%|█████████████████▌            |  ETA: 2:49:04
Sampling (4 threads)  59%|█████████████████▊            |  ETA: 2:45:37
Sampling (4 threads)  60%|█████████████████▉            |  ETA: 2:44:52
Sampling (4 threads)  60%|██████████████████            |  ETA: 2:41:29
Sampling (4 threads)  60%|██████████████████▏           |  ETA: 2:40:13
Sampling (4 threads)  61%|██████████████████▎           |  ETA: 2:36:53
Sampling (4 threads)  62%|██████████████████▌           |  ETA: 2:36:20
Sampling (4 threads)  62%|██████████████████▋           |  ETA: 2:33:04
Sampling (4 threads)  62%|██████████████████▊           |  ETA: 2:34:44
Sampling (4 threads)  63%|██████████████████▉           |  ETA: 2:31:27
Sampling (4 threads)  64%|███████████████████           |  ETA: 2:28:14
Sampling (4 threads)  64%|███████████████████▎          |  ETA: 2:27:28
Sampling (4 threads)  64%|███████████████████▍          |  ETA: 2:24:18
Sampling (4 threads)  65%|███████████████████▌          |  ETA: 2:25:34
Sampling (4 threads)  66%|███████████████████▋          |  ETA: 2:22:24
Sampling (4 threads)  66%|███████████████████▊          |  ETA: 2:19:16
Sampling (4 threads)  66%|████████████████████          |  ETA: 2:19:27
Sampling (4 threads)  67%|████████████████████▏         |  ETA: 2:16:21
Sampling (4 threads)  68%|████████████████████▎         |  ETA: 2:14:35
Sampling (4 threads)  68%|████████████████████▍         |  ETA: 2:11:32
Sampling (4 threads)  68%|████████████████████▌         |  ETA: 2:12:38
Sampling (4 threads)  69%|████████████████████▊         |  ETA: 2:09:35
Sampling (4 threads)  70%|████████████████████▉         |  ETA: 2:06:34
Sampling (4 threads)  70%|█████████████████████         |  ETA: 2:03:36
Sampling (4 threads)  70%|█████████████████████▏        |  ETA: 2:04:11
Sampling (4 threads)  71%|█████████████████████▎        |  ETA: 2:01:13
Sampling (4 threads)  72%|█████████████████████▌        |  ETA: 1:58:18
Sampling (4 threads)  72%|█████████████████████▋        |  ETA: 1:57:28
Sampling (4 threads)  72%|█████████████████████▊        |  ETA: 1:54:34
Sampling (4 threads)  73%|█████████████████████▉        |  ETA: 1:53:16
Sampling (4 threads)  74%|██████████████████████        |  ETA: 1:50:25
Sampling (4 threads)  74%|██████████████████████▎       |  ETA: 1:48:54
Sampling (4 threads)  74%|██████████████████████▍       |  ETA: 1:46:05
Sampling (4 threads)  75%|██████████████████████▌       |  ETA: 1:45:44
Sampling (4 threads)  76%|██████████████████████▋       |  ETA: 1:42:56
Sampling (4 threads)  76%|██████████████████████▊       |  ETA: 1:40:10
Sampling (4 threads)  76%|███████████████████████       |  ETA: 1:40:12
Sampling (4 threads)  77%|███████████████████████▏      |  ETA: 1:37:26
Sampling (4 threads)  78%|███████████████████████▎      |  ETA: 1:34:42
Sampling (4 threads)  78%|███████████████████████▍      |  ETA: 1:32:00
Sampling (4 threads)  78%|███████████████████████▌      |  ETA: 1:30:55
Sampling (4 threads)  79%|███████████████████████▊      |  ETA: 1:28:15
Sampling (4 threads)  80%|███████████████████████▉      |  ETA: 1:27:00
Sampling (4 threads)  80%|████████████████████████      |  ETA: 1:24:21
Sampling (4 threads)  80%|████████████████████████▏     |  ETA: 1:21:44
Sampling (4 threads)  81%|████████████████████████▎     |  ETA: 1:20:12
Sampling (4 threads)  82%|████████████████████████▌     |  ETA: 1:17:36
Sampling (4 threads)  82%|████████████████████████▋     |  ETA: 1:16:01
Sampling (4 threads)  82%|████████████████████████▊     |  ETA: 1:13:28
Sampling (4 threads)  83%|████████████████████████▉     |  ETA: 1:11:36
Sampling (4 threads)  84%|█████████████████████████     |  ETA: 1:09:05
Sampling (4 threads)  84%|█████████████████████████▎    |  ETA: 1:08:00
Sampling (4 threads)  84%|█████████████████████████▍    |  ETA: 1:05:29
Sampling (4 threads)  85%|█████████████████████████▌    |  ETA: 1:03:00
Sampling (4 threads)  86%|█████████████████████████▋    |  ETA: 1:01:40
Sampling (4 threads)  86%|█████████████████████████▊    |  ETA: 0:59:11
Sampling (4 threads)  86%|██████████████████████████    |  ETA: 0:56:45
Sampling (4 threads)  87%|██████████████████████████▏   |  ETA: 0:55:37
Sampling (4 threads)  88%|██████████████████████████▎   |  ETA: 0:53:10
Sampling (4 threads)  88%|██████████████████████████▍   |  ETA: 0:50:45
Sampling (4 threads)  88%|██████████████████████████▌   |  ETA: 0:49:25
Sampling (4 threads)  89%|██████████████████████████▊   |  ETA: 0:47:00
Sampling (4 threads)  90%|██████████████████████████▉   |  ETA: 0:44:37
Sampling (4 threads)  90%|███████████████████████████   |  ETA: 0:42:15
Sampling (4 threads)  90%|███████████████████████████▏  |  ETA: 0:40:28
Sampling (4 threads)  91%|███████████████████████████▎  |  ETA: 0:38:08
Sampling (4 threads)  92%|███████████████████████████▌  |  ETA: 0:36:22
Sampling (4 threads)  92%|███████████████████████████▋  |  ETA: 0:34:02
Sampling (4 threads)  92%|███████████████████████████▊  |  ETA: 0:31:44
Sampling (4 threads)  93%|███████████████████████████▉  |  ETA: 0:29:34
Sampling (4 threads)  94%|████████████████████████████  |  ETA: 0:27:27
Sampling (4 threads)  94%|████████████████████████████▎ |  ETA: 0:25:21
Sampling (4 threads)  94%|████████████████████████████▍ |  ETA: 0:23:16
Sampling (4 threads)  95%|████████████████████████████▌ |  ETA: 0:21:04
Sampling (4 threads)  96%|████████████████████████████▋ |  ETA: 0:19:02
Sampling (4 threads)  96%|████████████████████████████▊ |  ETA: 0:16:53
Sampling (4 threads)  96%|█████████████████████████████ |  ETA: 0:14:46
Sampling (4 threads)  97%|█████████████████████████████▏|  ETA: 0:12:39
Sampling (4 threads)  98%|█████████████████████████████▎|  ETA: 0:10:32
Sampling (4 threads)  98%|█████████████████████████████▍|  ETA: 0:08:24
Sampling (4 threads)  98%|█████████████████████████████▌|  ETA: 0:06:18
Sampling (4 threads)  99%|█████████████████████████████▊|  ETA: 0:04:12
Sampling (4 threads) 100%|█████████████████████████████▉|  ETA: 0:02:06
Sampling (4 threads) 100%|██████████████████████████████| Time: 7:04:10
Sampling (4 threads) 100%|██████████████████████████████| Time: 7:04:10
Sampling (4 threads)   0%|                              |  ETA: N/A
┌ Info: Found initial step size
└   ϵ = 0.003125
┌ Info: Found initial step size
└   ϵ = 0.003125
┌ Info: Found initial step size
└   ϵ = 0.0001953125
┌ Info: Found initial step size
└   ϵ = 0.00625
Sampling (4 threads)   0%|▏                             |  ETA: 2:58:35
Sampling (4 threads)   1%|▎                             |  ETA: 1:28:59
Sampling (4 threads)   2%|▌                             |  ETA: 1:05:22
Sampling (4 threads)   2%|▋                             |  ETA: 0:48:47
Sampling (4 threads)   2%|▊                             |  ETA: 0:38:49
Sampling (4 threads)   3%|▉                             |  ETA: 0:39:25
Sampling (4 threads)   4%|█                             |  ETA: 0:33:37
Sampling (4 threads)   4%|█▎                            |  ETA: 1:37:13
Sampling (4 threads)   4%|█▍                            |  ETA: 1:25:58
Sampling (4 threads)   5%|█▌                            |  ETA: 1:16:58
Sampling (4 threads)   6%|█▋                            |  ETA: 3:05:47
Sampling (4 threads)   6%|█▊                            |  ETA: 2:49:24
Sampling (4 threads)   6%|██                            |  ETA: 2:35:32
Sampling (4 threads)   7%|██▏                           |  ETA: 4:17:28
Sampling (4 threads)   8%|██▎                           |  ETA: 3:59:00
Sampling (4 threads)   8%|██▍                           |  ETA: 3:42:51
Sampling (4 threads)   8%|██▌                           |  ETA: 4:59:29
Sampling (4 threads)   9%|██▊                           |  ETA: 4:41:18
Sampling (4 threads)  10%|██▉                           |  ETA: 4:25:02
Sampling (4 threads)  10%|███                           |  ETA: 5:16:07
Sampling (4 threads)  10%|███▏                          |  ETA: 4:59:24
Sampling (4 threads)  11%|███▎                          |  ETA: 4:44:12
Sampling (4 threads)  12%|███▌                          |  ETA: 4:30:19
Sampling (4 threads)  12%|███▋                          |  ETA: 5:18:46
Sampling (4 threads)  12%|███▊                          |  ETA: 5:04:17
Sampling (4 threads)  13%|███▉                          |  ETA: 5:22:01
Sampling (4 threads)  14%|████                          |  ETA: 5:08:18
Sampling (4 threads)  14%|████▎                         |  ETA: 5:33:39
Sampling (4 threads)  14%|████▍                         |  ETA: 5:20:16
Sampling (4 threads)  15%|████▌                         |  ETA: 5:07:47
Sampling (4 threads)  16%|████▋                         |  ETA: 5:14:51
Sampling (4 threads)  16%|████▊                         |  ETA: 5:03:12
Sampling (4 threads)  16%|█████                         |  ETA: 5:14:37
Sampling (4 threads)  17%|█████▏                        |  ETA: 5:03:32
Sampling (4 threads)  18%|█████▎                        |  ETA: 5:24:48
Sampling (4 threads)  18%|█████▍                        |  ETA: 5:13:51
Sampling (4 threads)  18%|█████▌                        |  ETA: 5:03:31
Sampling (4 threads)  19%|█████▊                        |  ETA: 5:18:32
Sampling (4 threads)  20%|█████▉                        |  ETA: 5:08:27
Sampling (4 threads)  20%|██████                        |  ETA: 4:58:52
Sampling (4 threads)  20%|██████▏                       |  ETA: 5:20:40
Sampling (4 threads)  21%|██████▎                       |  ETA: 5:11:04
Sampling (4 threads)  22%|██████▌                       |  ETA: 5:01:54
Sampling (4 threads)  22%|██████▋                       |  ETA: 5:14:04
Sampling (4 threads)  22%|██████▊                       |  ETA: 5:05:07
Sampling (4 threads)  23%|██████▉                       |  ETA: 4:56:34
Sampling (4 threads)  24%|███████                       |  ETA: 5:08:55
Sampling (4 threads)  24%|███████▎                      |  ETA: 5:00:30
Sampling (4 threads)  24%|███████▍                      |  ETA: 5:08:44
Sampling (4 threads)  25%|███████▌                      |  ETA: 5:00:34
Sampling (4 threads)  26%|███████▋                      |  ETA: 4:52:42
Sampling (4 threads)  26%|███████▊                      |  ETA: 5:01:20
Sampling (4 threads)  26%|████████                      |  ETA: 4:53:39
Sampling (4 threads)  27%|████████▏                     |  ETA: 5:04:30
Sampling (4 threads)  28%|████████▎                     |  ETA: 4:56:55
Sampling (4 threads)  28%|████████▍                     |  ETA: 4:49:36
Sampling (4 threads)  28%|████████▌                     |  ETA: 4:53:29
Sampling (4 threads)  29%|████████▊                     |  ETA: 4:46:24
Sampling (4 threads)  30%|████████▉                     |  ETA: 4:50:14
Sampling (4 threads)  30%|█████████                     |  ETA: 4:43:22
Sampling (4 threads)  30%|█████████▏                    |  ETA: 4:48:38
Sampling (4 threads)  31%|█████████▎                    |  ETA: 4:41:56
Sampling (4 threads)  32%|█████████▌                    |  ETA: 4:50:36
Sampling (4 threads)  32%|█████████▋                    |  ETA: 4:43:59
Sampling (4 threads)  32%|█████████▊                    |  ETA: 4:37:33
Sampling (4 threads)  33%|█████████▉                    |  ETA: 4:31:19
Sampling (4 threads)  34%|██████████                    |  ETA: 4:41:57
Sampling (4 threads)  34%|██████████▎                   |  ETA: 4:35:43
Sampling (4 threads)  34%|██████████▍                   |  ETA: 4:29:40
Sampling (4 threads)  35%|██████████▌                   |  ETA: 4:40:00
Sampling (4 threads)  36%|██████████▋                   |  ETA: 4:33:56
Sampling (4 threads)  36%|██████████▊                   |  ETA: 4:28:02
Sampling (4 threads)  36%|███████████                   |  ETA: 4:22:18
Sampling (4 threads)  37%|███████████▏                  |  ETA: 4:28:42
Sampling (4 threads)  38%|███████████▎                  |  ETA: 4:23:01
Sampling (4 threads)  38%|███████████▍                  |  ETA: 4:29:02
Sampling (4 threads)  38%|███████████▌                  |  ETA: 4:23:24
Sampling (4 threads)  39%|███████████▊                  |  ETA: 4:17:54
Sampling (4 threads)  40%|███████████▉                  |  ETA: 4:12:33
Sampling (4 threads)  40%|████████████                  |  ETA: 4:18:59
Sampling (4 threads)  40%|████████████▏                 |  ETA: 4:13:39
Sampling (4 threads)  41%|████████████▎                 |  ETA: 4:08:27
Sampling (4 threads)  42%|████████████▌                 |  ETA: 4:13:22
Sampling (4 threads)  42%|████████████▋                 |  ETA: 4:08:12
Sampling (4 threads)  42%|████████████▊                 |  ETA: 4:03:10
Sampling (4 threads)  43%|████████████▉                 |  ETA: 4:08:08
Sampling (4 threads)  44%|█████████████                 |  ETA: 4:03:08
Sampling (4 threads)  44%|█████████████▎                |  ETA: 3:58:15
Sampling (4 threads)  44%|█████████████▍                |  ETA: 4:02:10
Sampling (4 threads)  45%|█████████████▌                |  ETA: 3:57:19
Sampling (4 threads)  46%|█████████████▋                |  ETA: 3:52:35
Sampling (4 threads)  46%|█████████████▊                |  ETA: 3:56:23
Sampling (4 threads)  46%|██████████████                |  ETA: 3:51:40
Sampling (4 threads)  47%|██████████████▏               |  ETA: 3:47:04
Sampling (4 threads)  48%|██████████████▎               |  ETA: 3:48:49
Sampling (4 threads)  48%|██████████████▍               |  ETA: 3:44:17
Sampling (4 threads)  48%|██████████████▌               |  ETA: 3:46:50
Sampling (4 threads)  49%|██████████████▊               |  ETA: 3:42:20
Sampling (4 threads)  50%|██████████████▉               |  ETA: 3:37:56
Sampling (4 threads)  50%|███████████████               |  ETA: 3:33:37
Sampling (4 threads)  50%|███████████████▏              |  ETA: 3:37:31
Sampling (4 threads)  51%|███████████████▎              |  ETA: 3:33:12
Sampling (4 threads)  52%|███████████████▌              |  ETA: 3:28:59
Sampling (4 threads)  52%|███████████████▋              |  ETA: 3:30:56
Sampling (4 threads)  52%|███████████████▊              |  ETA: 3:26:45
Sampling (4 threads)  53%|███████████████▉              |  ETA: 3:22:38
Sampling (4 threads)  54%|████████████████              |  ETA: 3:22:26
Sampling (4 threads)  54%|████████████████▎             |  ETA: 3:18:24
Sampling (4 threads)  55%|████████████████▍             |  ETA: 3:18:03
Sampling (4 threads)  55%|████████████████▌             |  ETA: 3:14:06
Sampling (4 threads)  56%|████████████████▋             |  ETA: 3:15:19
Sampling (4 threads)  56%|████████████████▊             |  ETA: 3:11:24
Sampling (4 threads)  56%|█████████████████             |  ETA: 3:07:33
Sampling (4 threads)  57%|█████████████████▏            |  ETA: 3:09:27
Sampling (4 threads)  57%|█████████████████▎            |  ETA: 3:05:37
Sampling (4 threads)  58%|█████████████████▍            |  ETA: 3:01:51
Sampling (4 threads)  58%|█████████████████▌            |  ETA: 3:02:48
Sampling (4 threads)  59%|█████████████████▊            |  ETA: 2:59:04
Sampling (4 threads)  60%|█████████████████▉            |  ETA: 2:55:23
Sampling (4 threads)  60%|██████████████████            |  ETA: 2:55:21
Sampling (4 threads)  60%|██████████████████▏           |  ETA: 2:51:44
Sampling (4 threads)  61%|██████████████████▎           |  ETA: 2:52:33
Sampling (4 threads)  62%|██████████████████▌           |  ETA: 2:48:58
Sampling (4 threads)  62%|██████████████████▋           |  ETA: 2:45:25
Sampling (4 threads)  62%|██████████████████▊           |  ETA: 2:41:56
Sampling (4 threads)  63%|██████████████████▉           |  ETA: 2:43:21
Sampling (4 threads)  64%|███████████████████           |  ETA: 2:39:52
Sampling (4 threads)  64%|███████████████████▎          |  ETA: 2:36:27
Sampling (4 threads)  64%|███████████████████▍          |  ETA: 2:37:16
Sampling (4 threads)  65%|███████████████████▌          |  ETA: 2:33:52
Sampling (4 threads)  66%|███████████████████▋          |  ETA: 2:30:31
Sampling (4 threads)  66%|███████████████████▊          |  ETA: 2:29:37
Sampling (4 threads)  66%|████████████████████          |  ETA: 2:26:18
Sampling (4 threads)  67%|████████████████████▏         |  ETA: 2:23:03
Sampling (4 threads)  68%|████████████████████▎         |  ETA: 2:23:36
Sampling (4 threads)  68%|████████████████████▍         |  ETA: 2:20:21
Sampling (4 threads)  68%|████████████████████▌         |  ETA: 2:17:09
Sampling (4 threads)  69%|████████████████████▊         |  ETA: 2:17:32
Sampling (4 threads)  70%|████████████████████▉         |  ETA: 2:14:21
Sampling (4 threads)  70%|█████████████████████         |  ETA: 2:11:12
Sampling (4 threads)  70%|█████████████████████▏        |  ETA: 2:08:06
Sampling (4 threads)  71%|█████████████████████▎        |  ETA: 2:08:05
Sampling (4 threads)  72%|█████████████████████▌        |  ETA: 2:05:00
Sampling (4 threads)  72%|█████████████████████▋        |  ETA: 2:03:36
Sampling (4 threads)  72%|█████████████████████▊        |  ETA: 2:00:34
Sampling (4 threads)  73%|█████████████████████▉        |  ETA: 1:57:33
Sampling (4 threads)  74%|██████████████████████        |  ETA: 1:57:06
Sampling (4 threads)  74%|██████████████████████▎       |  ETA: 1:54:07
Sampling (4 threads)  74%|██████████████████████▍       |  ETA: 1:51:10
Sampling (4 threads)  75%|██████████████████████▌       |  ETA: 1:50:43
Sampling (4 threads)  76%|██████████████████████▋       |  ETA: 1:47:47
Sampling (4 threads)  76%|██████████████████████▊       |  ETA: 1:44:53
Sampling (4 threads)  76%|███████████████████████       |  ETA: 1:44:05
Sampling (4 threads)  77%|███████████████████████▏      |  ETA: 1:41:12
Sampling (4 threads)  78%|███████████████████████▎      |  ETA: 1:38:22
Sampling (4 threads)  78%|███████████████████████▍      |  ETA: 1:36:51
Sampling (4 threads)  78%|███████████████████████▌      |  ETA: 1:34:03
Sampling (4 threads)  79%|███████████████████████▊      |  ETA: 1:32:47
Sampling (4 threads)  80%|███████████████████████▉      |  ETA: 1:30:00
Sampling (4 threads)  80%|████████████████████████      |  ETA: 1:28:14
Sampling (4 threads)  80%|████████████████████████▏     |  ETA: 1:25:29
Sampling (4 threads)  81%|████████████████████████▎     |  ETA: 1:22:47
Sampling (4 threads)  82%|████████████████████████▌     |  ETA: 1:21:40
Sampling (4 threads)  82%|████████████████████████▋     |  ETA: 1:18:58
Sampling (4 threads)  82%|████████████████████████▊     |  ETA: 1:16:19
Sampling (4 threads)  83%|████████████████████████▉     |  ETA: 1:15:16
Sampling (4 threads)  84%|█████████████████████████     |  ETA: 1:12:37
Sampling (4 threads)  84%|█████████████████████████▎    |  ETA: 1:10:00
Sampling (4 threads)  84%|█████████████████████████▍    |  ETA: 1:08:32
Sampling (4 threads)  85%|█████████████████████████▌    |  ETA: 1:05:56
Sampling (4 threads)  86%|█████████████████████████▋    |  ETA: 1:03:22
Sampling (4 threads)  86%|█████████████████████████▊    |  ETA: 1:01:58
Sampling (4 threads)  86%|██████████████████████████    |  ETA: 0:59:24
Sampling (4 threads)  87%|██████████████████████████▏   |  ETA: 0:56:52
Sampling (4 threads)  88%|██████████████████████████▎   |  ETA: 0:55:27
Sampling (4 threads)  88%|██████████████████████████▍   |  ETA: 0:52:55
Sampling (4 threads)  88%|██████████████████████████▌   |  ETA: 0:50:26
Sampling (4 threads)  89%|██████████████████████████▊   |  ETA: 0:48:46
Sampling (4 threads)  90%|██████████████████████████▉   |  ETA: 0:46:18
Sampling (4 threads)  90%|███████████████████████████   |  ETA: 0:43:51
Sampling (4 threads)  90%|███████████████████████████▏  |  ETA: 0:41:57
Sampling (4 threads)  91%|███████████████████████████▎  |  ETA: 0:39:31
Sampling (4 threads)  92%|███████████████████████████▌  |  ETA: 0:37:07
Sampling (4 threads)  92%|███████████████████████████▋  |  ETA: 0:34:54
Sampling (4 threads)  92%|███████████████████████████▊  |  ETA: 0:32:44
Sampling (4 threads)  93%|███████████████████████████▉  |  ETA: 0:30:32
Sampling (4 threads)  94%|████████████████████████████  |  ETA: 0:28:20
Sampling (4 threads)  94%|████████████████████████████▎ |  ETA: 0:26:06
Sampling (4 threads)  94%|████████████████████████████▍ |  ETA: 0:23:56
Sampling (4 threads)  95%|████████████████████████████▌ |  ETA: 0:21:45
Sampling (4 threads)  96%|████████████████████████████▋ |  ETA: 0:19:36
Sampling (4 threads)  96%|████████████████████████████▊ |  ETA: 0:17:25
Sampling (4 threads)  96%|█████████████████████████████ |  ETA: 0:15:14
Sampling (4 threads)  97%|█████████████████████████████▏|  ETA: 0:13:03
Sampling (4 threads)  98%|█████████████████████████████▎|  ETA: 0:10:52
Sampling (4 threads)  98%|█████████████████████████████▍|  ETA: 0:08:41
Sampling (4 threads)  98%|█████████████████████████████▌|  ETA: 0:06:31
Sampling (4 threads)  99%|█████████████████████████████▊|  ETA: 0:04:20
Sampling (4 threads) 100%|█████████████████████████████▉|  ETA: 0:02:10
Sampling (4 threads) 100%|██████████████████████████████| Time: 7:13:09
Sampling (4 threads) 100%|██████████████████████████████| Time: 7:13:09
Sampling (4 threads)   0%|                              |  ETA: N/A
┌ Info: Found initial step size
└   ϵ = 0.0015625
┌ Info: Found initial step size
└   ϵ = 0.0015625
┌ Info: Found initial step size
└   ϵ = 0.003125
┌ Info: Found initial step size
└   ϵ = 0.003125
Sampling (4 threads)   0%|▏                             |  ETA: 3:00:06
Sampling (4 threads)   1%|▎                             |  ETA: 1:29:46
Sampling (4 threads)   2%|▌                             |  ETA: 0:59:33
Sampling (4 threads)   2%|▋                             |  ETA: 0:50:44
Sampling (4 threads)   2%|▊                             |  ETA: 0:40:23
Sampling (4 threads)   3%|▉                             |  ETA: 0:33:28
Sampling (4 threads)   4%|█                             |  ETA: 0:28:33
Sampling (4 threads)   4%|█▎                            |  ETA: 1:22:10
Sampling (4 threads)   4%|█▍                            |  ETA: 1:12:39
Sampling (4 threads)   5%|█▌                            |  ETA: 2:41:57
Sampling (4 threads)   6%|█▋                            |  ETA: 2:26:27
Sampling (4 threads)   6%|█▊                            |  ETA: 2:13:32
Sampling (4 threads)   6%|██                            |  ETA: 3:46:26
Sampling (4 threads)   7%|██▏                           |  ETA: 3:29:08
Sampling (4 threads)   8%|██▎                           |  ETA: 3:14:08
Sampling (4 threads)   8%|██▍                           |  ETA: 4:37:38
Sampling (4 threads)   8%|██▌                           |  ETA: 4:19:53
Sampling (4 threads)   9%|██▊                           |  ETA: 4:04:06
Sampling (4 threads)  10%|██▉                           |  ETA: 3:49:59
Sampling (4 threads)  10%|███                           |  ETA: 4:42:54
Sampling (4 threads)  10%|███▏                          |  ETA: 4:27:56
Sampling (4 threads)  11%|███▎                          |  ETA: 5:11:31
Sampling (4 threads)  12%|███▌                          |  ETA: 4:56:17
Sampling (4 threads)  12%|███▋                          |  ETA: 4:42:20
Sampling (4 threads)  12%|███▊                          |  ETA: 4:29:30
Sampling (4 threads)  13%|███▉                          |  ETA: 4:54:18
Sampling (4 threads)  14%|████                          |  ETA: 4:41:46
Sampling (4 threads)  14%|████▎                         |  ETA: 5:13:35
Sampling (4 threads)  14%|████▍                         |  ETA: 5:01:01
Sampling (4 threads)  15%|████▌                         |  ETA: 4:49:17
Sampling (4 threads)  16%|████▋                         |  ETA: 5:11:54
Sampling (4 threads)  16%|████▊                         |  ETA: 5:00:22
Sampling (4 threads)  16%|█████                         |  ETA: 4:49:32
Sampling (4 threads)  17%|█████▏                        |  ETA: 5:20:19
Sampling (4 threads)  18%|█████▎                        |  ETA: 5:09:17
Sampling (4 threads)  18%|█████▍                        |  ETA: 4:58:53
Sampling (4 threads)  18%|█████▌                        |  ETA: 5:21:41
Sampling (4 threads)  19%|█████▊                        |  ETA: 5:11:17
Sampling (4 threads)  20%|█████▉                        |  ETA: 5:01:26
Sampling (4 threads)  20%|██████                        |  ETA: 5:17:47
Sampling (4 threads)  20%|██████▏                       |  ETA: 5:08:06
Sampling (4 threads)  21%|██████▎                       |  ETA: 4:58:52
Sampling (4 threads)  22%|██████▌                       |  ETA: 5:13:33
Sampling (4 threads)  22%|██████▋                       |  ETA: 5:04:28
Sampling (4 threads)  22%|██████▊                       |  ETA: 4:55:48
Sampling (4 threads)  23%|██████▉                       |  ETA: 5:13:08
Sampling (4 threads)  24%|███████                       |  ETA: 5:04:29
Sampling (4 threads)  24%|███████▎                      |  ETA: 4:56:12
Sampling (4 threads)  24%|███████▍                      |  ETA: 5:10:09
Sampling (4 threads)  25%|███████▌                      |  ETA: 5:01:56
Sampling (4 threads)  26%|███████▋                      |  ETA: 4:54:03
Sampling (4 threads)  26%|███████▊                      |  ETA: 4:55:49
Sampling (4 threads)  26%|████████                      |  ETA: 4:48:16
Sampling (4 threads)  27%|████████▏                     |  ETA: 5:00:45
Sampling (4 threads)  28%|████████▎                     |  ETA: 4:53:16
Sampling (4 threads)  28%|████████▍                     |  ETA: 4:46:02
Sampling (4 threads)  28%|████████▌                     |  ETA: 4:56:44
Sampling (4 threads)  29%|████████▊                     |  ETA: 4:49:35
Sampling (4 threads)  30%|████████▉                     |  ETA: 4:42:40
Sampling (4 threads)  30%|█████████                     |  ETA: 4:51:20
Sampling (4 threads)  30%|█████████▏                    |  ETA: 4:44:31
Sampling (4 threads)  31%|█████████▎                    |  ETA: 4:37:55
Sampling (4 threads)  32%|█████████▌                    |  ETA: 4:49:09
Sampling (4 threads)  32%|█████████▋                    |  ETA: 4:42:34
Sampling (4 threads)  32%|█████████▊                    |  ETA: 4:36:10
Sampling (4 threads)  33%|█████████▉                    |  ETA: 4:29:58
Sampling (4 threads)  34%|██████████                    |  ETA: 4:42:09
Sampling (4 threads)  34%|██████████▎                   |  ETA: 4:35:54
Sampling (4 threads)  34%|██████████▍                   |  ETA: 4:29:51
Sampling (4 threads)  35%|██████████▌                   |  ETA: 4:37:44
Sampling (4 threads)  36%|██████████▋                   |  ETA: 4:31:43
Sampling (4 threads)  36%|██████████▊                   |  ETA: 4:25:52
Sampling (4 threads)  36%|███████████                   |  ETA: 4:31:03
Sampling (4 threads)  37%|███████████▏                  |  ETA: 4:25:17
Sampling (4 threads)  38%|███████████▎                  |  ETA: 4:19:40
Sampling (4 threads)  38%|███████████▍                  |  ETA: 4:25:23
Sampling (4 threads)  38%|███████████▌                  |  ETA: 4:19:50
Sampling (4 threads)  39%|███████████▊                  |  ETA: 4:14:25
Sampling (4 threads)  40%|███████████▉                  |  ETA: 4:18:50
Sampling (4 threads)  40%|████████████                  |  ETA: 4:13:29
Sampling (4 threads)  40%|████████████▏                 |  ETA: 4:08:16
Sampling (4 threads)  41%|████████████▎                 |  ETA: 4:13:13
Sampling (4 threads)  42%|████████████▌                 |  ETA: 4:08:03
Sampling (4 threads)  42%|████████████▋                 |  ETA: 4:03:00
Sampling (4 threads)  42%|████████████▊                 |  ETA: 4:09:47
Sampling (4 threads)  43%|████████████▉                 |  ETA: 4:04:44
Sampling (4 threads)  44%|█████████████                 |  ETA: 3:59:48
Sampling (4 threads)  44%|█████████████▎                |  ETA: 4:00:15
Sampling (4 threads)  44%|█████████████▍                |  ETA: 3:55:25
Sampling (4 threads)  45%|█████████████▌                |  ETA: 4:00:32
Sampling (4 threads)  46%|█████████████▋                |  ETA: 3:55:44
Sampling (4 threads)  46%|█████████████▊                |  ETA: 3:51:02
Sampling (4 threads)  46%|██████████████                |  ETA: 3:46:26
Sampling (4 threads)  47%|██████████████▏               |  ETA: 3:50:19
Sampling (4 threads)  48%|██████████████▎               |  ETA: 3:45:45
Sampling (4 threads)  48%|██████████████▍               |  ETA: 3:51:21
Sampling (4 threads)  48%|██████████████▌               |  ETA: 3:46:46
Sampling (4 threads)  49%|██████████████▊               |  ETA: 3:42:16
Sampling (4 threads)  50%|██████████████▉               |  ETA: 3:37:52
Sampling (4 threads)  50%|███████████████               |  ETA: 3:43:42
Sampling (4 threads)  50%|███████████████▏              |  ETA: 3:39:16
Sampling (4 threads)  51%|███████████████▎              |  ETA: 3:34:56
Sampling (4 threads)  52%|███████████████▌              |  ETA: 3:38:37
Sampling (4 threads)  52%|███████████████▋              |  ETA: 3:34:17
Sampling (4 threads)  52%|███████████████▊              |  ETA: 3:30:02
Sampling (4 threads)  53%|███████████████▉              |  ETA: 3:30:36
Sampling (4 threads)  54%|████████████████              |  ETA: 3:26:25
Sampling (4 threads)  54%|████████████████▎             |  ETA: 3:22:19
Sampling (4 threads)  55%|████████████████▍             |  ETA: 3:24:07
Sampling (4 threads)  55%|████████████████▌             |  ETA: 3:20:02
Sampling (4 threads)  56%|████████████████▋             |  ETA: 3:16:02
Sampling (4 threads)  56%|████████████████▊             |  ETA: 3:18:16
Sampling (4 threads)  56%|█████████████████             |  ETA: 3:14:17
Sampling (4 threads)  57%|█████████████████▏            |  ETA: 3:10:22
Sampling (4 threads)  57%|█████████████████▎            |  ETA: 3:12:18
Sampling (4 threads)  58%|█████████████████▍            |  ETA: 3:08:24
Sampling (4 threads)  58%|█████████████████▌            |  ETA: 3:04:34
Sampling (4 threads)  59%|█████████████████▊            |  ETA: 3:06:32
Sampling (4 threads)  60%|█████████████████▉            |  ETA: 3:02:43
Sampling (4 threads)  60%|██████████████████            |  ETA: 2:58:57
Sampling (4 threads)  60%|██████████████████▏           |  ETA: 2:59:43
Sampling (4 threads)  61%|██████████████████▎           |  ETA: 2:55:59
Sampling (4 threads)  62%|██████████████████▌           |  ETA: 2:52:19
Sampling (4 threads)  62%|██████████████████▋           |  ETA: 2:48:42
Sampling (4 threads)  62%|██████████████████▊           |  ETA: 2:50:30
Sampling (4 threads)  63%|██████████████████▉           |  ETA: 2:46:54
Sampling (4 threads)  64%|███████████████████           |  ETA: 2:43:21
Sampling (4 threads)  64%|███████████████████▎          |  ETA: 2:43:30
Sampling (4 threads)  64%|███████████████████▍          |  ETA: 2:39:59
Sampling (4 threads)  65%|███████████████████▌          |  ETA: 2:36:31
Sampling (4 threads)  66%|███████████████████▋          |  ETA: 2:37:08
Sampling (4 threads)  66%|███████████████████▊          |  ETA: 2:33:41
Sampling (4 threads)  66%|████████████████████          |  ETA: 2:30:17
Sampling (4 threads)  67%|████████████████████▏         |  ETA: 2:31:02
Sampling (4 threads)  68%|████████████████████▎         |  ETA: 2:27:38
Sampling (4 threads)  68%|████████████████████▍         |  ETA: 2:24:18
Sampling (4 threads)  68%|████████████████████▌         |  ETA: 2:23:01
Sampling (4 threads)  69%|████████████████████▊         |  ETA: 2:19:44
Sampling (4 threads)  70%|████████████████████▉         |  ETA: 2:18:23
Sampling (4 threads)  70%|█████████████████████         |  ETA: 2:15:08
Sampling (4 threads)  70%|█████████████████████▏        |  ETA: 2:14:36
Sampling (4 threads)  71%|█████████████████████▎        |  ETA: 2:11:23
Sampling (4 threads)  72%|█████████████████████▌        |  ETA: 2:08:13
Sampling (4 threads)  72%|█████████████████████▋        |  ETA: 2:06:40
Sampling (4 threads)  72%|█████████████████████▊        |  ETA: 2:03:33
Sampling (4 threads)  73%|█████████████████████▉        |  ETA: 2:02:05
Sampling (4 threads)  74%|██████████████████████        |  ETA: 1:59:00
Sampling (4 threads)  74%|██████████████████████▎       |  ETA: 1:58:33
Sampling (4 threads)  74%|██████████████████████▍       |  ETA: 1:55:29
Sampling (4 threads)  75%|██████████████████████▌       |  ETA: 1:52:28
Sampling (4 threads)  76%|██████████████████████▋       |  ETA: 1:49:29
Sampling (4 threads)  76%|██████████████████████▊       |  ETA: 1:48:37
Sampling (4 threads)  76%|███████████████████████       |  ETA: 1:45:40
Sampling (4 threads)  77%|███████████████████████▏      |  ETA: 1:44:02
Sampling (4 threads)  78%|███████████████████████▎      |  ETA: 1:41:07
Sampling (4 threads)  78%|███████████████████████▍      |  ETA: 1:39:10
Sampling (4 threads)  78%|███████████████████████▌      |  ETA: 1:36:17
Sampling (4 threads)  79%|███████████████████████▊      |  ETA: 1:34:34
Sampling (4 threads)  80%|███████████████████████▉      |  ETA: 1:31:45
Sampling (4 threads)  80%|████████████████████████      |  ETA: 1:30:19
Sampling (4 threads)  80%|████████████████████████▏     |  ETA: 1:27:31
Sampling (4 threads)  81%|████████████████████████▎     |  ETA: 1:26:20
Sampling (4 threads)  82%|████████████████████████▌     |  ETA: 1:23:33
Sampling (4 threads)  82%|████████████████████████▋     |  ETA: 1:20:48
Sampling (4 threads)  82%|████████████████████████▊     |  ETA: 1:19:11
Sampling (4 threads)  83%|████████████████████████▉     |  ETA: 1:16:28
Sampling (4 threads)  84%|█████████████████████████     |  ETA: 1:15:20
Sampling (4 threads)  84%|█████████████████████████▎    |  ETA: 1:12:37
Sampling (4 threads)  84%|█████████████████████████▍    |  ETA: 1:09:56
Sampling (4 threads)  85%|█████████████████████████▌    |  ETA: 1:08:38
Sampling (4 threads)  86%|█████████████████████████▋    |  ETA: 1:05:57
Sampling (4 threads)  86%|█████████████████████████▊    |  ETA: 1:03:19
Sampling (4 threads)  86%|██████████████████████████    |  ETA: 1:01:42
Sampling (4 threads)  87%|██████████████████████████▏   |  ETA: 0:59:05
Sampling (4 threads)  88%|██████████████████████████▎   |  ETA: 0:56:29
Sampling (4 threads)  88%|██████████████████████████▍   |  ETA: 0:53:55
Sampling (4 threads)  88%|██████████████████████████▌   |  ETA: 0:52:20
Sampling (4 threads)  89%|██████████████████████████▊   |  ETA: 0:49:47
Sampling (4 threads)  90%|██████████████████████████▉   |  ETA: 0:47:15
Sampling (4 threads)  90%|███████████████████████████   |  ETA: 0:45:12
Sampling (4 threads)  90%|███████████████████████████▏  |  ETA: 0:42:42
Sampling (4 threads)  91%|███████████████████████████▎  |  ETA: 0:40:33
Sampling (4 threads)  92%|███████████████████████████▌  |  ETA: 0:38:05
Sampling (4 threads)  92%|███████████████████████████▋  |  ETA: 0:36:05
Sampling (4 threads)  92%|███████████████████████████▊  |  ETA: 0:33:39
Sampling (4 threads)  93%|███████████████████████████▉  |  ETA: 0:31:14
Sampling (4 threads)  94%|████████████████████████████  |  ETA: 0:29:06
Sampling (4 threads)  94%|████████████████████████████▎ |  ETA: 0:26:43
Sampling (4 threads)  94%|████████████████████████████▍ |  ETA: 0:24:22
Sampling (4 threads)  95%|████████████████████████████▌ |  ETA: 0:22:17
Sampling (4 threads)  96%|████████████████████████████▋ |  ETA: 0:19:57
Sampling (4 threads)  96%|████████████████████████████▊ |  ETA: 0:17:39
Sampling (4 threads)  96%|█████████████████████████████ |  ETA: 0:15:33
Sampling (4 threads)  97%|█████████████████████████████▏|  ETA: 0:13:15
Sampling (4 threads)  98%|█████████████████████████████▎|  ETA: 0:10:59
Sampling (4 threads)  98%|█████████████████████████████▍|  ETA: 0:08:47
Sampling (4 threads)  98%|█████████████████████████████▌|  ETA: 0:06:33
Sampling (4 threads)  99%|█████████████████████████████▊|  ETA: 0:04:21
Sampling (4 threads) 100%|█████████████████████████████▉|  ETA: 0:02:11
Sampling (4 threads) 100%|██████████████████████████████| Time: 7:17:22
Sampling (4 threads) 100%|██████████████████████████████| Time: 7:17:22
Sampling (4 threads)   0%|                              |  ETA: N/A
┌ Info: Found initial step size
└   ϵ = 0.003125
┌ Info: Found initial step size
└   ϵ = 0.00625
┌ Info: Found initial step size
└   ϵ = 0.00625
┌ Info: Found initial step size
└   ϵ = 0.00078125
Sampling (4 threads)   0%|▏                             |  ETA: 2:55:48
Sampling (4 threads)   1%|▎                             |  ETA: 1:27:37
Sampling (4 threads)   2%|▌                             |  ETA: 1:01:20
Sampling (4 threads)   2%|▋                             |  ETA: 0:45:46
Sampling (4 threads)   2%|▊                             |  ETA: 0:40:31
Sampling (4 threads)   3%|▉                             |  ETA: 0:33:36
Sampling (4 threads)   4%|█                             |  ETA: 2:05:57
Sampling (4 threads)   4%|█▎                            |  ETA: 1:49:38
Sampling (4 threads)   4%|█▍                            |  ETA: 1:36:56
Sampling (4 threads)   5%|█▌                            |  ETA: 2:27:52
Sampling (4 threads)   6%|█▋                            |  ETA: 2:13:43
Sampling (4 threads)   6%|█▊                            |  ETA: 4:10:10
Sampling (4 threads)   6%|██                            |  ETA: 3:49:42
Sampling (4 threads)   7%|██▏                           |  ETA: 3:32:09
Sampling (4 threads)   8%|██▎                           |  ETA: 5:10:49
Sampling (4 threads)   8%|██▍                           |  ETA: 4:49:49
Sampling (4 threads)   8%|██▌                           |  ETA: 4:31:17
Sampling (4 threads)   9%|██▊                           |  ETA: 5:18:14
Sampling (4 threads)  10%|██▉                           |  ETA: 4:59:50
Sampling (4 threads)  10%|███                           |  ETA: 4:43:16
Sampling (4 threads)  10%|███▏                          |  ETA: 5:20:38
Sampling (4 threads)  11%|███▎                          |  ETA: 5:04:21
Sampling (4 threads)  12%|███▌                          |  ETA: 5:40:03
Sampling (4 threads)  12%|███▋                          |  ETA: 5:24:02
Sampling (4 threads)  12%|███▊                          |  ETA: 5:09:19
Sampling (4 threads)  13%|███▉                          |  ETA: 5:48:12
Sampling (4 threads)  14%|████                          |  ETA: 5:33:23
Sampling (4 threads)  14%|████▎                         |  ETA: 5:19:37
Sampling (4 threads)  14%|████▍                         |  ETA: 5:41:25
Sampling (4 threads)  15%|████▌                         |  ETA: 5:28:07
Sampling (4 threads)  16%|████▋                         |  ETA: 5:15:40
Sampling (4 threads)  16%|████▊                         |  ETA: 5:35:22
Sampling (4 threads)  16%|█████                         |  ETA: 5:23:17
Sampling (4 threads)  17%|█████▏                        |  ETA: 5:32:35
Sampling (4 threads)  18%|█████▎                        |  ETA: 5:21:08
Sampling (4 threads)  18%|█████▍                        |  ETA: 5:30:17
Sampling (4 threads)  18%|█████▌                        |  ETA: 5:19:24
Sampling (4 threads)  19%|█████▊                        |  ETA: 5:40:03
Sampling (4 threads)  20%|█████▉                        |  ETA: 5:29:17
Sampling (4 threads)  20%|██████                        |  ETA: 5:19:03
Sampling (4 threads)  20%|██████▏                       |  ETA: 5:33:42
Sampling (4 threads)  21%|██████▎                       |  ETA: 5:23:43
Sampling (4 threads)  22%|██████▌                       |  ETA: 5:14:11
Sampling (4 threads)  22%|██████▋                       |  ETA: 5:23:21
Sampling (4 threads)  22%|██████▊                       |  ETA: 5:14:08
Sampling (4 threads)  23%|██████▉                       |  ETA: 5:05:20
Sampling (4 threads)  24%|███████                       |  ETA: 5:10:44
Sampling (4 threads)  24%|███████▎                      |  ETA: 5:02:16
Sampling (4 threads)  24%|███████▍                      |  ETA: 5:13:25
Sampling (4 threads)  25%|███████▌                      |  ETA: 5:05:07
Sampling (4 threads)  26%|███████▋                      |  ETA: 4:57:08
Sampling (4 threads)  26%|███████▊                      |  ETA: 5:08:52
Sampling (4 threads)  26%|████████                      |  ETA: 5:00:59
Sampling (4 threads)  27%|████████▏                     |  ETA: 5:04:44
Sampling (4 threads)  28%|████████▎                     |  ETA: 4:57:08
Sampling (4 threads)  28%|████████▍                     |  ETA: 5:00:47
Sampling (4 threads)  28%|████████▌                     |  ETA: 4:53:27
Sampling (4 threads)  29%|████████▊                     |  ETA: 5:05:37
Sampling (4 threads)  30%|████████▉                     |  ETA: 4:58:19
Sampling (4 threads)  30%|█████████                     |  ETA: 4:51:16
Sampling (4 threads)  30%|█████████▏                    |  ETA: 4:59:24
Sampling (4 threads)  31%|█████████▎                    |  ETA: 4:52:27
Sampling (4 threads)  32%|█████████▌                    |  ETA: 4:45:44
Sampling (4 threads)  32%|█████████▋                    |  ETA: 4:55:17
Sampling (4 threads)  32%|█████████▊                    |  ETA: 4:48:37
Sampling (4 threads)  33%|█████████▉                    |  ETA: 4:42:08
Sampling (4 threads)  34%|██████████                    |  ETA: 4:51:09
Sampling (4 threads)  34%|██████████▎                   |  ETA: 4:44:43
Sampling (4 threads)  34%|██████████▍                   |  ETA: 4:38:27
Sampling (4 threads)  35%|██████████▌                   |  ETA: 4:32:23
Sampling (4 threads)  36%|██████████▋                   |  ETA: 4:43:32
Sampling (4 threads)  36%|██████████▊                   |  ETA: 4:37:25
Sampling (4 threads)  36%|███████████                   |  ETA: 4:31:29
Sampling (4 threads)  37%|███████████▏                  |  ETA: 4:38:45
Sampling (4 threads)  38%|███████████▎                  |  ETA: 4:32:51
Sampling (4 threads)  38%|███████████▍                  |  ETA: 4:27:07
Sampling (4 threads)  38%|███████████▌                  |  ETA: 4:34:49
Sampling (4 threads)  39%|███████████▊                  |  ETA: 4:29:06
Sampling (4 threads)  40%|███████████▉                  |  ETA: 4:23:31
Sampling (4 threads)  40%|████████████                  |  ETA: 4:27:31
Sampling (4 threads)  40%|████████████▏                 |  ETA: 4:22:01
Sampling (4 threads)  41%|████████████▎                 |  ETA: 4:23:02
Sampling (4 threads)  42%|████████████▌                 |  ETA: 4:17:39
Sampling (4 threads)  42%|████████████▋                 |  ETA: 4:21:02
Sampling (4 threads)  42%|████████████▊                 |  ETA: 4:15:44
Sampling (4 threads)  43%|████████████▉                 |  ETA: 4:10:34
Sampling (4 threads)  44%|█████████████                 |  ETA: 4:11:04
Sampling (4 threads)  44%|█████████████▎                |  ETA: 4:06:01
Sampling (4 threads)  44%|█████████████▍                |  ETA: 4:09:58
Sampling (4 threads)  45%|█████████████▌                |  ETA: 4:04:58
Sampling (4 threads)  46%|█████████████▋                |  ETA: 4:00:04
Sampling (4 threads)  46%|█████████████▊                |  ETA: 4:07:43
Sampling (4 threads)  46%|██████████████                |  ETA: 4:02:47
Sampling (4 threads)  47%|██████████████▏               |  ETA: 3:57:58
Sampling (4 threads)  48%|██████████████▎               |  ETA: 3:53:14
Sampling (4 threads)  48%|██████████████▍               |  ETA: 3:56:02
Sampling (4 threads)  48%|██████████████▌               |  ETA: 3:51:21
Sampling (4 threads)  49%|██████████████▊               |  ETA: 3:46:46
Sampling (4 threads)  50%|██████████████▉               |  ETA: 3:47:41
Sampling (4 threads)  50%|███████████████               |  ETA: 3:43:10
Sampling (4 threads)  50%|███████████████▏              |  ETA: 3:46:09
Sampling (4 threads)  51%|███████████████▎              |  ETA: 3:41:41
Sampling (4 threads)  52%|███████████████▌              |  ETA: 3:37:17
Sampling (4 threads)  52%|███████████████▋              |  ETA: 3:32:59
Sampling (4 threads)  52%|███████████████▊              |  ETA: 3:35:53
Sampling (4 threads)  53%|███████████████▉              |  ETA: 3:31:35
Sampling (4 threads)  54%|████████████████              |  ETA: 3:27:23
Sampling (4 threads)  54%|████████████████▎             |  ETA: 3:30:25
Sampling (4 threads)  55%|████████████████▍             |  ETA: 3:26:13
Sampling (4 threads)  55%|████████████████▌             |  ETA: 3:22:06
Sampling (4 threads)  56%|████████████████▋             |  ETA: 3:21:55
Sampling (4 threads)  56%|████████████████▊             |  ETA: 3:17:52
Sampling (4 threads)  56%|█████████████████             |  ETA: 3:17:16
Sampling (4 threads)  57%|█████████████████▏            |  ETA: 3:13:17
Sampling (4 threads)  57%|█████████████████▎            |  ETA: 3:15:11
Sampling (4 threads)  58%|█████████████████▍            |  ETA: 3:11:13
Sampling (4 threads)  58%|█████████████████▌            |  ETA: 3:07:20
Sampling (4 threads)  59%|█████████████████▊            |  ETA: 3:03:30
Sampling (4 threads)  60%|█████████████████▉            |  ETA: 3:04:48
Sampling (4 threads)  60%|██████████████████            |  ETA: 3:01:00
Sampling (4 threads)  60%|██████████████████▏           |  ETA: 3:00:02
Sampling (4 threads)  61%|██████████████████▎           |  ETA: 2:56:17
Sampling (4 threads)  62%|██████████████████▌           |  ETA: 2:56:56
Sampling (4 threads)  62%|██████████████████▋           |  ETA: 2:53:13
Sampling (4 threads)  62%|██████████████████▊           |  ETA: 2:49:35
Sampling (4 threads)  63%|██████████████████▉           |  ETA: 2:50:19
Sampling (4 threads)  64%|███████████████████           |  ETA: 2:46:42
Sampling (4 threads)  64%|███████████████████▎          |  ETA: 2:43:08
Sampling (4 threads)  64%|███████████████████▍          |  ETA: 2:39:37
Sampling (4 threads)  65%|███████████████████▌          |  ETA: 2:40:06
Sampling (4 threads)  66%|███████████████████▋          |  ETA: 2:36:37
Sampling (4 threads)  66%|███████████████████▊          |  ETA: 2:35:29
Sampling (4 threads)  66%|████████████████████          |  ETA: 2:32:02
Sampling (4 threads)  67%|████████████████████▏         |  ETA: 2:31:13
Sampling (4 threads)  68%|████████████████████▎         |  ETA: 2:27:50
Sampling (4 threads)  68%|████████████████████▍         |  ETA: 2:26:32
Sampling (4 threads)  68%|████████████████████▌         |  ETA: 2:23:11
Sampling (4 threads)  69%|████████████████████▊         |  ETA: 2:22:53
Sampling (4 threads)  70%|████████████████████▉         |  ETA: 2:19:34
Sampling (4 threads)  70%|█████████████████████         |  ETA: 2:16:18
Sampling (4 threads)  70%|█████████████████████▏        |  ETA: 2:15:54
Sampling (4 threads)  71%|█████████████████████▎        |  ETA: 2:12:40
Sampling (4 threads)  72%|█████████████████████▌        |  ETA: 2:09:28
Sampling (4 threads)  72%|█████████████████████▋        |  ETA: 2:09:02
Sampling (4 threads)  72%|█████████████████████▊        |  ETA: 2:05:52
Sampling (4 threads)  73%|█████████████████████▉        |  ETA: 2:02:44
Sampling (4 threads)  74%|██████████████████████        |  ETA: 1:59:38
Sampling (4 threads)  74%|██████████████████████▎       |  ETA: 1:58:58
Sampling (4 threads)  74%|██████████████████████▍       |  ETA: 1:55:54
Sampling (4 threads)  75%|██████████████████████▌       |  ETA: 1:54:43
Sampling (4 threads)  76%|██████████████████████▋       |  ETA: 1:51:41
Sampling (4 threads)  76%|██████████████████████▊       |  ETA: 1:50:25
Sampling (4 threads)  76%|███████████████████████       |  ETA: 1:47:24
Sampling (4 threads)  77%|███████████████████████▏      |  ETA: 1:45:26
Sampling (4 threads)  78%|███████████████████████▎      |  ETA: 1:42:28
Sampling (4 threads)  78%|███████████████████████▍      |  ETA: 1:40:46
Sampling (4 threads)  78%|███████████████████████▌      |  ETA: 1:37:51
Sampling (4 threads)  79%|███████████████████████▊      |  ETA: 1:36:59
Sampling (4 threads)  80%|███████████████████████▉      |  ETA: 1:34:05
Sampling (4 threads)  80%|████████████████████████      |  ETA: 1:31:13
Sampling (4 threads)  80%|████████████████████████▏     |  ETA: 1:29:51
Sampling (4 threads)  81%|████████████████████████▎     |  ETA: 1:27:00
Sampling (4 threads)  82%|████████████████████████▌     |  ETA: 1:24:12
Sampling (4 threads)  82%|████████████████████████▋     |  ETA: 1:22:56
Sampling (4 threads)  82%|████████████████████████▊     |  ETA: 1:20:08
Sampling (4 threads)  83%|████████████████████████▉     |  ETA: 1:17:23
Sampling (4 threads)  84%|█████████████████████████     |  ETA: 1:16:14
Sampling (4 threads)  84%|█████████████████████████▎    |  ETA: 1:13:29
Sampling (4 threads)  84%|█████████████████████████▍    |  ETA: 1:10:46
Sampling (4 threads)  85%|█████████████████████████▌    |  ETA: 1:09:26
Sampling (4 threads)  86%|█████████████████████████▋    |  ETA: 1:06:43
Sampling (4 threads)  86%|█████████████████████████▊    |  ETA: 1:04:03
Sampling (4 threads)  86%|██████████████████████████    |  ETA: 1:01:57
Sampling (4 threads)  87%|██████████████████████████▏   |  ETA: 0:59:18
Sampling (4 threads)  88%|██████████████████████████▎   |  ETA: 0:57:27
Sampling (4 threads)  88%|██████████████████████████▍   |  ETA: 0:54:50
Sampling (4 threads)  88%|██████████████████████████▌   |  ETA: 0:53:01
Sampling (4 threads)  89%|██████████████████████████▊   |  ETA: 0:50:26
Sampling (4 threads)  90%|██████████████████████████▉   |  ETA: 0:47:52
Sampling (4 threads)  90%|███████████████████████████   |  ETA: 0:45:20
Sampling (4 threads)  90%|███████████████████████████▏  |  ETA: 0:43:33
Sampling (4 threads)  91%|███████████████████████████▎  |  ETA: 0:41:02
Sampling (4 threads)  92%|███████████████████████████▌  |  ETA: 0:38:32
Sampling (4 threads)  92%|███████████████████████████▋  |  ETA: 0:36:31
Sampling (4 threads)  92%|███████████████████████████▊  |  ETA: 0:34:03
Sampling (4 threads)  93%|███████████████████████████▉  |  ETA: 0:31:36
Sampling (4 threads)  94%|████████████████████████████  |  ETA: 0:29:31
Sampling (4 threads)  94%|████████████████████████████▎ |  ETA: 0:27:06
Sampling (4 threads)  94%|████████████████████████████▍ |  ETA: 0:24:42
Sampling (4 threads)  95%|████████████████████████████▌ |  ETA: 0:22:21
Sampling (4 threads)  96%|████████████████████████████▋ |  ETA: 0:20:08
Sampling (4 threads)  96%|████████████████████████████▊ |  ETA: 0:17:54
Sampling (4 threads)  96%|█████████████████████████████ |  ETA: 0:15:36
Sampling (4 threads)  97%|█████████████████████████████▏|  ETA: 0:13:21
Sampling (4 threads)  98%|█████████████████████████████▎|  ETA: 0:11:07
Sampling (4 threads)  98%|█████████████████████████████▍|  ETA: 0:08:53
Sampling (4 threads)  98%|█████████████████████████████▌|  ETA: 0:06:39
Sampling (4 threads)  99%|█████████████████████████████▊|  ETA: 0:04:26
Sampling (4 threads) 100%|█████████████████████████████▉|  ETA: 0:02:13
Sampling (4 threads) 100%|██████████████████████████████| Time: 7:24:48
Sampling (4 threads) 100%|██████████████████████████████| Time: 7:24:48
Sampling (4 threads)   0%|                              |  ETA: N/A
┌ Info: Found initial step size
└   ϵ = 0.003125
┌ Info: Found initial step size
└   ϵ = 0.0015625
┌ Info: Found initial step size
└   ϵ = 0.003125
┌ Info: Found initial step size
└   ϵ = 0.0015625
Sampling (4 threads)   0%|▏                             |  ETA: 3:28:30
Sampling (4 threads)   1%|▎                             |  ETA: 1:43:48
Sampling (4 threads)   2%|▌                             |  ETA: 1:08:51
Sampling (4 threads)   2%|▋                             |  ETA: 1:02:34
Sampling (4 threads)   2%|▊                             |  ETA: 0:49:48
Sampling (4 threads)   3%|▉                             |  ETA: 0:41:17
Sampling (4 threads)   4%|█                             |  ETA: 0:35:12
Sampling (4 threads)   4%|█▎                            |  ETA: 2:02:47
Sampling (4 threads)   4%|█▍                            |  ETA: 1:48:35
Sampling (4 threads)   5%|█▌                            |  ETA: 1:37:13
Sampling (4 threads)   6%|█▋                            |  ETA: 3:06:16
Sampling (4 threads)   6%|█▊                            |  ETA: 2:49:51
Sampling (4 threads)   6%|██                            |  ETA: 4:09:19
Sampling (4 threads)   7%|██▏                           |  ETA: 3:50:16
Sampling (4 threads)   8%|██▎                           |  ETA: 3:33:46
Sampling (4 threads)   8%|██▍                           |  ETA: 4:13:02
Sampling (4 threads)   8%|██▌                           |  ETA: 3:56:51
Sampling (4 threads)   9%|██▊                           |  ETA: 4:38:41
Sampling (4 threads)  10%|██▉                           |  ETA: 4:22:34
Sampling (4 threads)  10%|███                           |  ETA: 4:08:04
Sampling (4 threads)  10%|███▏                          |  ETA: 4:41:27
Sampling (4 threads)  11%|███▎                          |  ETA: 4:27:09
Sampling (4 threads)  12%|███▌                          |  ETA: 5:08:07
Sampling (4 threads)  12%|███▋                          |  ETA: 4:53:37
Sampling (4 threads)  12%|███▊                          |  ETA: 4:40:16
Sampling (4 threads)  13%|███▉                          |  ETA: 4:46:20
Sampling (4 threads)  14%|████                          |  ETA: 4:34:09
Sampling (4 threads)  14%|████▎                         |  ETA: 4:55:16
Sampling (4 threads)  14%|████▍                         |  ETA: 4:43:26
Sampling (4 threads)  15%|████▌                         |  ETA: 4:54:44
Sampling (4 threads)  16%|████▋                         |  ETA: 4:43:33
Sampling (4 threads)  16%|████▊                         |  ETA: 4:33:03
Sampling (4 threads)  16%|█████                         |  ETA: 4:55:02
Sampling (4 threads)  17%|█████▏                        |  ETA: 4:44:38
Sampling (4 threads)  18%|█████▎                        |  ETA: 4:42:37
Sampling (4 threads)  18%|█████▍                        |  ETA: 4:33:06
Sampling (4 threads)  18%|█████▌                        |  ETA: 4:50:22
Sampling (4 threads)  19%|█████▊                        |  ETA: 4:41:00
Sampling (4 threads)  20%|█████▉                        |  ETA: 4:32:06
Sampling (4 threads)  20%|██████                        |  ETA: 4:39:24
Sampling (4 threads)  20%|██████▏                       |  ETA: 4:30:53
Sampling (4 threads)  21%|██████▎                       |  ETA: 4:41:43
Sampling (4 threads)  22%|██████▌                       |  ETA: 4:33:25
Sampling (4 threads)  22%|██████▋                       |  ETA: 4:25:30
Sampling (4 threads)  22%|██████▊                       |  ETA: 4:40:38
Sampling (4 threads)  23%|██████▉                       |  ETA: 4:32:45
Sampling (4 threads)  24%|███████                       |  ETA: 4:25:13
Sampling (4 threads)  24%|███████▎                      |  ETA: 4:18:00
Sampling (4 threads)  24%|███████▍                      |  ETA: 4:28:19
Sampling (4 threads)  25%|███████▌                      |  ETA: 4:21:12
Sampling (4 threads)  26%|███████▋                      |  ETA: 4:30:47
Sampling (4 threads)  26%|███████▊                      |  ETA: 4:23:47
Sampling (4 threads)  26%|████████                      |  ETA: 4:17:04
Sampling (4 threads)  27%|████████▏                     |  ETA: 4:10:35
Sampling (4 threads)  28%|████████▎                     |  ETA: 4:16:50
Sampling (4 threads)  28%|████████▍                     |  ETA: 4:10:31
Sampling (4 threads)  28%|████████▌                     |  ETA: 4:04:25
Sampling (4 threads)  29%|████████▊                     |  ETA: 4:13:09
Sampling (4 threads)  30%|████████▉                     |  ETA: 4:07:07
Sampling (4 threads)  30%|█████████                     |  ETA: 4:01:16
Sampling (4 threads)  30%|█████████▏                    |  ETA: 4:11:01
Sampling (4 threads)  31%|█████████▎                    |  ETA: 4:05:11
Sampling (4 threads)  32%|█████████▌                    |  ETA: 3:59:33
Sampling (4 threads)  32%|█████████▋                    |  ETA: 4:03:50
Sampling (4 threads)  32%|█████████▊                    |  ETA: 3:58:19
Sampling (4 threads)  33%|█████████▉                    |  ETA: 4:01:04
Sampling (4 threads)  34%|██████████                    |  ETA: 3:55:42
Sampling (4 threads)  34%|██████████▎                   |  ETA: 3:57:53
Sampling (4 threads)  34%|██████████▍                   |  ETA: 3:52:40
Sampling (4 threads)  35%|██████████▌                   |  ETA: 3:47:35
Sampling (4 threads)  36%|██████████▋                   |  ETA: 3:48:22
Sampling (4 threads)  36%|██████████▊                   |  ETA: 3:43:27
Sampling (4 threads)  36%|███████████                   |  ETA: 3:49:38
Sampling (4 threads)  37%|███████████▏                  |  ETA: 3:44:44
Sampling (4 threads)  38%|███████████▎                  |  ETA: 3:46:41
Sampling (4 threads)  38%|███████████▍                  |  ETA: 3:41:55
Sampling (4 threads)  38%|███████████▌                  |  ETA: 3:48:34
Sampling (4 threads)  39%|███████████▊                  |  ETA: 3:43:48
Sampling (4 threads)  40%|███████████▉                  |  ETA: 3:39:09
Sampling (4 threads)  40%|████████████                  |  ETA: 3:34:38
Sampling (4 threads)  40%|████████████▏                 |  ETA: 3:42:24
Sampling (4 threads)  41%|████████████▎                 |  ETA: 3:37:51
Sampling (4 threads)  42%|████████████▌                 |  ETA: 3:33:24
Sampling (4 threads)  42%|████████████▋                 |  ETA: 3:38:06
Sampling (4 threads)  42%|████████████▊                 |  ETA: 3:33:41
Sampling (4 threads)  43%|████████████▉                 |  ETA: 3:29:22
Sampling (4 threads)  44%|█████████████                 |  ETA: 3:30:51
Sampling (4 threads)  44%|█████████████▎                |  ETA: 3:26:36
Sampling (4 threads)  44%|█████████████▍                |  ETA: 3:30:21
Sampling (4 threads)  45%|█████████████▌                |  ETA: 3:26:08
Sampling (4 threads)  46%|█████████████▋                |  ETA: 3:22:01
Sampling (4 threads)  46%|█████████████▊                |  ETA: 3:17:59
Sampling (4 threads)  46%|██████████████                |  ETA: 3:19:07
Sampling (4 threads)  47%|██████████████▏               |  ETA: 3:15:09
Sampling (4 threads)  48%|██████████████▎               |  ETA: 3:16:07
Sampling (4 threads)  48%|██████████████▍               |  ETA: 3:12:14
Sampling (4 threads)  48%|██████████████▌               |  ETA: 3:12:47
Sampling (4 threads)  49%|██████████████▊               |  ETA: 3:08:58
Sampling (4 threads)  50%|██████████████▉               |  ETA: 3:13:02
Sampling (4 threads)  50%|███████████████               |  ETA: 3:09:12
Sampling (4 threads)  50%|███████████████▏              |  ETA: 3:05:27
Sampling (4 threads)  51%|███████████████▎              |  ETA: 3:09:04
Sampling (4 threads)  52%|███████████████▌              |  ETA: 3:05:19
Sampling (4 threads)  52%|███████████████▋              |  ETA: 3:01:38
Sampling (4 threads)  52%|███████████████▊              |  ETA: 2:58:02
Sampling (4 threads)  53%|███████████████▉              |  ETA: 2:59:50
Sampling (4 threads)  54%|████████████████              |  ETA: 2:56:15
Sampling (4 threads)  54%|████████████████▎             |  ETA: 2:56:46
Sampling (4 threads)  55%|████████████████▍             |  ETA: 2:53:15
Sampling (4 threads)  55%|████████████████▌             |  ETA: 2:49:47
Sampling (4 threads)  56%|████████████████▋             |  ETA: 2:51:17
Sampling (4 threads)  56%|████████████████▊             |  ETA: 2:47:51
Sampling (4 threads)  56%|█████████████████             |  ETA: 2:44:29
Sampling (4 threads)  57%|█████████████████▏            |  ETA: 2:44:41
Sampling (4 threads)  57%|█████████████████▎            |  ETA: 2:41:21
Sampling (4 threads)  58%|█████████████████▍            |  ETA: 2:43:07
Sampling (4 threads)  58%|█████████████████▌            |  ETA: 2:39:48
Sampling (4 threads)  59%|█████████████████▊            |  ETA: 2:36:32
Sampling (4 threads)  60%|█████████████████▉            |  ETA: 2:33:20
Sampling (4 threads)  60%|██████████████████            |  ETA: 2:34:06
Sampling (4 threads)  60%|██████████████████▏           |  ETA: 2:30:55
Sampling (4 threads)  61%|██████████████████▎           |  ETA: 2:32:04
Sampling (4 threads)  62%|██████████████████▌           |  ETA: 2:28:54
Sampling (4 threads)  62%|██████████████████▋           |  ETA: 2:25:46
Sampling (4 threads)  62%|██████████████████▊           |  ETA: 2:22:42
Sampling (4 threads)  63%|██████████████████▉           |  ETA: 2:23:45
Sampling (4 threads)  64%|███████████████████           |  ETA: 2:20:42
Sampling (4 threads)  64%|███████████████████▎          |  ETA: 2:17:41
Sampling (4 threads)  64%|███████████████████▍          |  ETA: 2:17:17
Sampling (4 threads)  65%|███████████████████▌          |  ETA: 2:14:18
Sampling (4 threads)  66%|███████████████████▋          |  ETA: 2:13:38
Sampling (4 threads)  66%|███████████████████▊          |  ETA: 2:10:42
Sampling (4 threads)  66%|████████████████████          |  ETA: 2:11:14
Sampling (4 threads)  67%|████████████████████▏         |  ETA: 2:08:19
Sampling (4 threads)  68%|████████████████████▎         |  ETA: 2:05:26
Sampling (4 threads)  68%|████████████████████▍         |  ETA: 2:02:36
Sampling (4 threads)  68%|████████████████████▌         |  ETA: 2:02:51
Sampling (4 threads)  69%|████████████████████▊         |  ETA: 2:00:01
Sampling (4 threads)  70%|████████████████████▉         |  ETA: 1:59:11
Sampling (4 threads)  70%|█████████████████████         |  ETA: 1:56:24
Sampling (4 threads)  70%|█████████████████████▏        |  ETA: 1:53:38
Sampling (4 threads)  71%|█████████████████████▎        |  ETA: 1:53:40
Sampling (4 threads)  72%|█████████████████████▌        |  ETA: 1:50:56
Sampling (4 threads)  72%|█████████████████████▋        |  ETA: 1:48:13
Sampling (4 threads)  72%|█████████████████████▊        |  ETA: 1:48:48
Sampling (4 threads)  73%|█████████████████████▉        |  ETA: 1:46:06
Sampling (4 threads)  74%|██████████████████████        |  ETA: 1:43:25
Sampling (4 threads)  74%|██████████████████████▎       |  ETA: 1:43:18
Sampling (4 threads)  74%|██████████████████████▍       |  ETA: 1:40:38
Sampling (4 threads)  75%|██████████████████████▌       |  ETA: 1:38:00
Sampling (4 threads)  76%|██████████████████████▋       |  ETA: 1:35:24
Sampling (4 threads)  76%|██████████████████████▊       |  ETA: 1:35:19
Sampling (4 threads)  76%|███████████████████████       |  ETA: 1:32:44
Sampling (4 threads)  77%|███████████████████████▏      |  ETA: 1:30:10
Sampling (4 threads)  78%|███████████████████████▎      |  ETA: 1:28:52
Sampling (4 threads)  78%|███████████████████████▍      |  ETA: 1:26:20
Sampling (4 threads)  78%|███████████████████████▌      |  ETA: 1:25:26
Sampling (4 threads)  79%|███████████████████████▊      |  ETA: 1:22:55
Sampling (4 threads)  80%|███████████████████████▉      |  ETA: 1:20:26
Sampling (4 threads)  80%|████████████████████████      |  ETA: 1:19:39
Sampling (4 threads)  80%|████████████████████████▏     |  ETA: 1:17:11
Sampling (4 threads)  81%|████████████████████████▎     |  ETA: 1:14:44
Sampling (4 threads)  82%|████████████████████████▌     |  ETA: 1:14:03
Sampling (4 threads)  82%|████████████████████████▋     |  ETA: 1:11:37
Sampling (4 threads)  82%|████████████████████████▊     |  ETA: 1:09:12
Sampling (4 threads)  83%|████████████████████████▉     |  ETA: 1:06:49
Sampling (4 threads)  84%|█████████████████████████     |  ETA: 1:06:00
Sampling (4 threads)  84%|█████████████████████████▎    |  ETA: 1:03:37
Sampling (4 threads)  84%|█████████████████████████▍    |  ETA: 1:01:16
Sampling (4 threads)  85%|█████████████████████████▌    |  ETA: 1:00:12
Sampling (4 threads)  86%|█████████████████████████▋    |  ETA: 0:57:51
Sampling (4 threads)  86%|█████████████████████████▊    |  ETA: 0:55:32
Sampling (4 threads)  86%|██████████████████████████    |  ETA: 0:54:24
Sampling (4 threads)  87%|██████████████████████████▏   |  ETA: 0:52:05
Sampling (4 threads)  88%|██████████████████████████▎   |  ETA: 0:49:47
Sampling (4 threads)  88%|██████████████████████████▍   |  ETA: 0:48:24
Sampling (4 threads)  88%|██████████████████████████▌   |  ETA: 0:46:08
Sampling (4 threads)  89%|██████████████████████████▊   |  ETA: 0:43:52
Sampling (4 threads)  90%|██████████████████████████▉   |  ETA: 0:41:39
Sampling (4 threads)  90%|███████████████████████████   |  ETA: 0:40:12
Sampling (4 threads)  90%|███████████████████████████▏  |  ETA: 0:37:59
Sampling (4 threads)  91%|███████████████████████████▎  |  ETA: 0:35:47
Sampling (4 threads)  92%|███████████████████████████▌  |  ETA: 0:34:21
Sampling (4 threads)  92%|███████████████████████████▋  |  ETA: 0:32:09
Sampling (4 threads)  92%|███████████████████████████▊  |  ETA: 0:29:59
Sampling (4 threads)  93%|███████████████████████████▉  |  ETA: 0:28:06
Sampling (4 threads)  94%|████████████████████████████  |  ETA: 0:25:57
Sampling (4 threads)  94%|████████████████████████████▎ |  ETA: 0:23:53
Sampling (4 threads)  94%|████████████████████████████▍ |  ETA: 0:22:00
Sampling (4 threads)  95%|████████████████████████████▌ |  ETA: 0:19:55
Sampling (4 threads)  96%|████████████████████████████▋ |  ETA: 0:18:00
Sampling (4 threads)  96%|████████████████████████████▊ |  ETA: 0:15:59
Sampling (4 threads)  96%|█████████████████████████████ |  ETA: 0:14:00
Sampling (4 threads)  97%|█████████████████████████████▏|  ETA: 0:12:01
Sampling (4 threads)  98%|█████████████████████████████▎|  ETA: 0:09:59
Sampling (4 threads)  98%|█████████████████████████████▍|  ETA: 0:08:01
Sampling (4 threads)  98%|█████████████████████████████▌|  ETA: 0:06:03
Sampling (4 threads)  99%|█████████████████████████████▊|  ETA: 0:04:03
Sampling (4 threads) 100%|█████████████████████████████▉|  ETA: 0:02:02
Sampling (4 threads) 100%|██████████████████████████████| Time: 6:50:48
Sampling (4 threads) 100%|██████████████████████████████| Time: 6:50:48
ERROR: LoadError: MethodError: no method matching plotGraphs(::String, ::Vector{String}, ::Vector{RGB{Float64}}, ::Int64)

Closest candidates are:
  plotGraphs(::Any, ::Any, ::Any, ::Any, !Matched::Any)
   @ Main ~/bayesian/BC4/Bayes/wordType_experiments/plottingFuncs.jl:261

Stacktrace:
 [1] concludeAndPlot(m::Chains{Float64, AxisArray{Float64, 3, Array{Float64, 3}, Tuple{Axis{:iter, StepRange{Int64, Int64}}, Axis{:var, Vector{Symbol}}, Axis{:chain, UnitRange{Int64}}}}, Missing, @NamedTuple{parameters::Vector{Symbol}, internals::Vector{Symbol}}, @NamedTuple{varname_to_symbol::OrderedDict{AbstractPPL.VarName, Symbol}, start_time::Vector{Float64}, stop_time::Vector{Float64}, samplerstate::Vector{Nothing}}}, output_loc::String, pc::Int64, wordTypes::Vector{String}, cols::Vector{RGB{Float64}}, noPCS::Int64)
   @ Main ~/bayesian/BC4/Bayes/wordType_experiments/plottingFuncs.jl:21
 [2] runModel(model::DynamicPPL.Model{typeof(model_12_1), (:participant, :word, :surprisal, :tags, :PCA, :ExpMean, :cauchyMean, :NUM_TYPES, :NUM_PARTICIPANTS), (), (), Tuple{Vector{Int64}, Vector{Float64}, Vector{Float64}, Vector{Int64}, Vector{Float64}, Float64, Float64, Int64, Int64}, Tuple{}, DynamicPPL.DefaultContext}, df_modified::DataFrame, dfPCA::DataFrame, pc::Int64, NUM_PARTICIPANTS::Int64, NUM_WORDS::Int64, TYPE_STRUCTURE::String, NUM_TYPES::Int64, wordTypes::Vector{String}, cols::Vector{RGB{Float64}}, isPlotting::Int64, analyseEssRhat::Int64, output_loc::String, expMean::Float64, cauchyMean::Float64, noPCS::Int64, noInChain::Int64)
   @ Main ~/bayesian/BC4/Bayes/wordType_experiments/model_master.jl:131
 [3] top-level scope
   @ ~/bayesian/BC4/Bayes/wordType_experiments/models/5_noPartA/model.jl:12
in expression starting at /user/home/em18564/bayesian/BC4/Bayes/wordType_experiments/models/5_noPartA/model.jl:12
