cpu-bind=MASK - bp1-compute065, task  0  0 [395323]: mask 0x18000018000 set
Running on host bp1-compute065
Time is Thu Sep 24 14:50:53 BST 2026
Directory is /user/home/em18564/bayesian/BC4/Bayes/wordType_experiments/models/__1_Longchain
Slurm job ID is 19069656
This job runs on the following machines:
bp1-compute065
Precompiling project...
    DistributionsADReverseDiffExt Being precompiled by another machine (hostname: bp1-compute051, pid: 1889991, pidfile: /user/home/em18564/.julia/compiled/v1.10/DistributionsADReverseDiffExt/hY00X_4RpdW.ji.pidfile)
  ✗ DistributionsAD → DistributionsADReverseDiffExt
  0 dependencies successfully precompiled in 42 seconds. 549 already precompiled.
┌ Warning: Runtime invalidation was disabled, but the CPU info is out-of-date.
│ Will continue with incorrect CPU name (from build time).
└ @ HostCPUFeatures ~/.julia/packages/HostCPUFeatures/ZTXz4/src/cpu_info.jl:71
┌ Warning: Runtime invalidation was disabled, but the CPU info is out-of-date.
│ Will continue with incorrect CPU feature flag: +avx512vnni.
└ @ HostCPUFeatures ~/.julia/packages/HostCPUFeatures/ZTXz4/src/cpu_info.jl:56
┌ Warning: Runtime invalidation was disabled, but the CPU info is out-of-date.
│ Will continue with incorrect CPU feature flag: -rtm.
└ @ HostCPUFeatures ~/.julia/packages/HostCPUFeatures/ZTXz4/src/cpu_info.jl:56
Sampling (4 threads)   0%|                              |  ETA: N/A
┌ Info: Found initial step size
└   ϵ = 0.0001953125
┌ Info: Found initial step size
└   ϵ = 0.0015625
┌ Info: Found initial step size
└   ϵ = 0.0001953125
┌ Info: Found initial step size
└   ϵ = 0.0001953125
Sampling (4 threads)   0%|▏                             |  ETA: 9 days, 4:05:50
Sampling (4 threads)   1%|▎                             |  ETA: 4 days, 13:29:49
Sampling (4 threads)   2%|▌                             |  ETA: 3 days, 0:37:46
Sampling (4 threads)   2%|▋                             |  ETA: 2 days, 10:55:01
Sampling (4 threads)   2%|▊                             |  ETA: 1 days, 22:53:35
Sampling (4 threads)   3%|▉                             |  ETA: 1 days, 16:59:01
Sampling (4 threads)   4%|█                             |  ETA: 1 days, 10:56:52
Sampling (4 threads)   4%|█▎                            |  ETA: 1 days, 6:25:15
Sampling (4 threads)   4%|█▍                            |  ETA: 1 days, 4:13:21
Sampling (4 threads)   5%|█▌                            |  ETA: 1 days, 1:16:03
Sampling (4 threads)   6%|█▋                            |  ETA: 22:50:58
Sampling (4 threads)   6%|█▊                            |  ETA: 21:48:48
Sampling (4 threads)   6%|██                            |  ETA: 20:01:42
Sampling (4 threads)   7%|██▏                           |  ETA: 18:29:54
Sampling (4 threads)   8%|██▎                           |  ETA: 17:10:20
Sampling (4 threads)   8%|██▍                           |  ETA: 16:42:41
Sampling (4 threads)   8%|██▌                           |  ETA: 15:38:35
Sampling (4 threads)   9%|██▊                           |  ETA: 14:41:36
Sampling (4 threads)  10%|██▉                           |  ETA: 14:23:07
Sampling (4 threads)  10%|███                           |  ETA: 13:35:26
Sampling (4 threads)  10%|███▏                          |  ETA: 12:52:17
Sampling (4 threads)  11%|███▎                          |  ETA: 12:39:11
Sampling (4 threads)  12%|███▌                          |  ETA: 12:02:05
Sampling (4 threads)  12%|███▋                          |  ETA: 11:28:05
Sampling (4 threads)  12%|███▊                          |  ETA: 11:19:10
Sampling (4 threads)  13%|███▉                          |  ETA: 10:49:19
Sampling (4 threads)  14%|████                          |  ETA: 10:21:40
Sampling (4 threads)  14%|████▎                         |  ETA: 10:18:54
Sampling (4 threads)  14%|████▍                         |  ETA: 9:54:05
Sampling (4 threads)  15%|████▌                         |  ETA: 9:30:55
Sampling (4 threads)  16%|████▋                         |  ETA: 9:24:46
Sampling (4 threads)  16%|████▊                         |  ETA: 9:03:53
Sampling (4 threads)  16%|█████                         |  ETA: 8:44:16
Sampling (4 threads)  17%|█████▏                        |  ETA: 8:42:07
Sampling (4 threads)  18%|█████▎                        |  ETA: 8:24:08
Sampling (4 threads)  18%|█████▍                        |  ETA: 8:07:10
Sampling (4 threads)  18%|█████▌                        |  ETA: 7:51:06
Sampling (4 threads)  19%|█████▊                        |  ETA: 7:51:23
Sampling (4 threads)  20%|█████▉                        |  ETA: 7:36:28
Sampling (4 threads)  20%|██████                        |  ETA: 7:22:17
Sampling (4 threads)  20%|██████▏                       |  ETA: 7:21:45
Sampling (4 threads)  21%|██████▎                       |  ETA: 7:08:31
Sampling (4 threads)  22%|██████▌                       |  ETA: 7:02:05
Sampling (4 threads)  22%|██████▋                       |  ETA: 6:49:52
Sampling (4 threads)  22%|██████▊                       |  ETA: 6:49:49
Sampling (4 threads)  23%|██████▉                       |  ETA: 6:38:19
Sampling (4 threads)  24%|███████                       |  ETA: 6:27:18
Sampling (4 threads)  24%|███████▎                      |  ETA: 6:26:58
Sampling (4 threads)  24%|███████▍                      |  ETA: 6:16:34
Sampling (4 threads)  25%|███████▌                      |  ETA: 6:06:36
Sampling (4 threads)  26%|███████▋                      |  ETA: 6:05:35
Sampling (4 threads)  26%|███████▊                      |  ETA: 5:56:09
Sampling (4 threads)  26%|████████                      |  ETA: 5:47:04
Sampling (4 threads)  27%|████████▏                     |  ETA: 5:47:17
Sampling (4 threads)  28%|████████▎                     |  ETA: 5:38:38
Sampling (4 threads)  28%|████████▍                     |  ETA: 5:30:18
Sampling (4 threads)  28%|████████▌                     |  ETA: 5:30:17
Sampling (4 threads)  29%|████████▊                     |  ETA: 5:22:19
Sampling (4 threads)  30%|████████▉                     |  ETA: 5:14:37
Sampling (4 threads)  30%|█████████                     |  ETA: 5:14:49
Sampling (4 threads)  30%|█████████▏                    |  ETA: 5:07:26
Sampling (4 threads)  31%|█████████▎                    |  ETA: 5:00:18
Sampling (4 threads)  32%|█████████▌                    |  ETA: 5:00:20
Sampling (4 threads)  32%|█████████▋                    |  ETA: 4:53:29
Sampling (4 threads)  32%|█████████▊                    |  ETA: 4:46:50
Sampling (4 threads)  33%|█████████▉                    |  ETA: 4:47:01
Sampling (4 threads)  34%|██████████                    |  ETA: 4:40:37
Sampling (4 threads)  34%|██████████▎                   |  ETA: 4:34:25
Sampling (4 threads)  34%|██████████▍                   |  ETA: 4:34:50
Sampling (4 threads)  35%|██████████▌                   |  ETA: 4:28:51
Sampling (4 threads)  36%|██████████▋                   |  ETA: 4:23:01
Sampling (4 threads)  36%|██████████▊                   |  ETA: 4:23:55
Sampling (4 threads)  36%|███████████                   |  ETA: 4:18:16
Sampling (4 threads)  37%|███████████▏                  |  ETA: 4:18:12
Sampling (4 threads)  38%|███████████▎                  |  ETA: 4:12:44
Sampling (4 threads)  38%|███████████▍                  |  ETA: 4:07:25
Sampling (4 threads)  38%|███████████▌                  |  ETA: 4:06:48
Sampling (4 threads)  39%|███████████▊                  |  ETA: 4:01:40
Sampling (4 threads)  40%|███████████▉                  |  ETA: 4:00:53
Sampling (4 threads)  40%|████████████                  |  ETA: 3:55:54
Sampling (4 threads)  40%|████████████▏                 |  ETA: 3:51:03
Sampling (4 threads)  41%|████████████▎                 |  ETA: 3:50:11
Sampling (4 threads)  42%|████████████▌                 |  ETA: 3:45:29
Sampling (4 threads)  42%|████████████▋                 |  ETA: 3:40:54
Sampling (4 threads)  42%|████████████▊                 |  ETA: 3:39:58
Sampling (4 threads)  43%|████████████▉                 |  ETA: 3:35:31
Sampling (4 threads)  44%|█████████████                 |  ETA: 3:34:40
Sampling (4 threads)  44%|█████████████▎                |  ETA: 3:30:20
Sampling (4 threads)  44%|█████████████▍                |  ETA: 3:29:37
Sampling (4 threads)  45%|█████████████▌                |  ETA: 3:25:26
Sampling (4 threads)  46%|█████████████▋                |  ETA: 3:24:21
Sampling (4 threads)  46%|█████████████▊                |  ETA: 3:20:16
Sampling (4 threads)  46%|██████████████                |  ETA: 3:16:17
Sampling (4 threads)  47%|██████████████▏               |  ETA: 3:17:42
Sampling (4 threads)  48%|██████████████▎               |  ETA: 3:13:47
Sampling (4 threads)  48%|██████████████▍               |  ETA: 3:09:56
Sampling (4 threads)  48%|██████████████▌               |  ETA: 3:06:10
Sampling (4 threads)  49%|██████████████▊               |  ETA: 3:05:14
Sampling (4 threads)  50%|██████████████▉               |  ETA: 3:01:34
Sampling (4 threads)  50%|███████████████               |  ETA: 3:00:36
Sampling (4 threads)  50%|███████████████▏              |  ETA: 2:57:02
Sampling (4 threads)  51%|███████████████▎              |  ETA: 2:56:02
Sampling (4 threads)  52%|███████████████▌              |  ETA: 2:52:33
Sampling (4 threads)  52%|███████████████▋              |  ETA: 2:51:37
Sampling (4 threads)  52%|███████████████▊              |  ETA: 2:48:12
Sampling (4 threads)  53%|███████████████▉              |  ETA: 2:44:52
Sampling (4 threads)  54%|████████████████              |  ETA: 2:43:52
Sampling (4 threads)  54%|████████████████▎             |  ETA: 2:40:37
Sampling (4 threads)  55%|████████████████▍             |  ETA: 2:39:33
Sampling (4 threads)  55%|████████████████▌             |  ETA: 2:36:21
Sampling (4 threads)  56%|████████████████▋             |  ETA: 2:33:14
Sampling (4 threads)  56%|████████████████▊             |  ETA: 2:32:16
Sampling (4 threads)  56%|█████████████████             |  ETA: 2:29:13
Sampling (4 threads)  57%|█████████████████▏            |  ETA: 2:28:19
Sampling (4 threads)  57%|█████████████████▎            |  ETA: 2:25:19
Sampling (4 threads)  58%|█████████████████▍            |  ETA: 2:24:21
Sampling (4 threads)  58%|█████████████████▌            |  ETA: 2:21:25
Sampling (4 threads)  59%|█████████████████▊            |  ETA: 2:18:32
Sampling (4 threads)  60%|█████████████████▉            |  ETA: 2:17:35
Sampling (4 threads)  60%|██████████████████            |  ETA: 2:14:45
Sampling (4 threads)  60%|██████████████████▏           |  ETA: 2:13:46
Sampling (4 threads)  61%|██████████████████▎           |  ETA: 2:10:59
Sampling (4 threads)  62%|██████████████████▌           |  ETA: 2:08:15
Sampling (4 threads)  62%|██████████████████▋           |  ETA: 2:07:21
Sampling (4 threads)  62%|██████████████████▊           |  ETA: 2:04:40
Sampling (4 threads)  63%|██████████████████▉           |  ETA: 2:03:38
Sampling (4 threads)  64%|███████████████████           |  ETA: 2:01:00
Sampling (4 threads)  64%|███████████████████▎          |  ETA: 1:58:25
Sampling (4 threads)  64%|███████████████████▍          |  ETA: 1:57:27
Sampling (4 threads)  65%|███████████████████▌          |  ETA: 1:54:54
Sampling (4 threads)  66%|███████████████████▋          |  ETA: 1:53:52
Sampling (4 threads)  66%|███████████████████▊          |  ETA: 1:51:22
Sampling (4 threads)  66%|████████████████████          |  ETA: 1:50:15
Sampling (4 threads)  67%|████████████████████▏         |  ETA: 1:47:47
Sampling (4 threads)  68%|████████████████████▎         |  ETA: 1:45:22
Sampling (4 threads)  68%|████████████████████▍         |  ETA: 1:44:17
Sampling (4 threads)  68%|████████████████████▌         |  ETA: 1:41:54
Sampling (4 threads)  69%|████████████████████▊         |  ETA: 1:40:48
Sampling (4 threads)  70%|████████████████████▉         |  ETA: 1:38:27
Sampling (4 threads)  70%|█████████████████████         |  ETA: 1:36:09
Sampling (4 threads)  70%|█████████████████████▏        |  ETA: 1:35:02
Sampling (4 threads)  71%|█████████████████████▎        |  ETA: 1:32:45
Sampling (4 threads)  72%|█████████████████████▌        |  ETA: 1:31:37
Sampling (4 threads)  72%|█████████████████████▋        |  ETA: 1:29:23
Sampling (4 threads)  72%|█████████████████████▊        |  ETA: 1:28:12
Sampling (4 threads)  73%|█████████████████████▉        |  ETA: 1:26:01
Sampling (4 threads)  74%|██████████████████████        |  ETA: 1:23:50
Sampling (4 threads)  74%|██████████████████████▎       |  ETA: 1:22:39
Sampling (4 threads)  74%|██████████████████████▍       |  ETA: 1:20:31
Sampling (4 threads)  75%|██████████████████████▌       |  ETA: 1:19:19
Sampling (4 threads)  76%|██████████████████████▋       |  ETA: 1:17:13
Sampling (4 threads)  76%|██████████████████████▊       |  ETA: 1:15:58
Sampling (4 threads)  76%|███████████████████████       |  ETA: 1:13:54
Sampling (4 threads)  77%|███████████████████████▏      |  ETA: 1:11:51
Sampling (4 threads)  78%|███████████████████████▎      |  ETA: 1:10:38
Sampling (4 threads)  78%|███████████████████████▍      |  ETA: 1:08:37
Sampling (4 threads)  78%|███████████████████████▌      |  ETA: 1:06:38
Sampling (4 threads)  79%|███████████████████████▊      |  ETA: 1:05:10
Sampling (4 threads)  80%|███████████████████████▉      |  ETA: 1:03:32
Sampling (4 threads)  80%|████████████████████████      |  ETA: 1:02:01
Sampling (4 threads)  80%|████████████████████████▏     |  ETA: 1:00:28
Sampling (4 threads)  81%|████████████████████████▎     |  ETA: 0:58:55
Sampling (4 threads)  82%|████████████████████████▌     |  ETA: 0:57:12
Sampling (4 threads)  82%|████████████████████████▋     |  ETA: 0:55:42
Sampling (4 threads)  82%|████████████████████████▊     |  ETA: 0:54:05
Sampling (4 threads)  83%|████████████████████████▉     |  ETA: 0:52:33
Sampling (4 threads)  84%|█████████████████████████     |  ETA: 0:51:06
Sampling (4 threads)  84%|█████████████████████████▎    |  ETA: 0:49:18
Sampling (4 threads)  84%|█████████████████████████▍    |  ETA: 0:47:53
Sampling (4 threads)  85%|█████████████████████████▌    |  ETA: 0:46:14
Sampling (4 threads)  86%|█████████████████████████▋    |  ETA: 0:44:42
Sampling (4 threads)  86%|█████████████████████████▊    |  ETA: 0:43:15
Sampling (4 threads)  86%|██████████████████████████    |  ETA: 0:41:39
Sampling (4 threads)  87%|██████████████████████████▏   |  ETA: 0:40:03
Sampling (4 threads)  88%|██████████████████████████▎   |  ETA: 0:38:29
Sampling (4 threads)  88%|██████████████████████████▍   |  ETA: 0:37:02
Sampling (4 threads)  88%|██████████████████████████▌   |  ETA: 0:35:22
Sampling (4 threads)  89%|██████████████████████████▊   |  ETA: 0:33:53
Sampling (4 threads)  90%|██████████████████████████▉   |  ETA: 0:32:23
Sampling (4 threads)  90%|███████████████████████████   |  ETA: 0:30:52
Sampling (4 threads)  90%|███████████████████████████▏  |  ETA: 0:29:22
Sampling (4 threads)  91%|███████████████████████████▎  |  ETA: 0:27:52
Sampling (4 threads)  92%|███████████████████████████▌  |  ETA: 0:26:21
Sampling (4 threads)  92%|███████████████████████████▋  |  ETA: 0:24:50
Sampling (4 threads)  92%|███████████████████████████▊  |  ETA: 0:23:18
Sampling (4 threads)  93%|███████████████████████████▉  |  ETA: 0:21:46
Sampling (4 threads)  94%|████████████████████████████  |  ETA: 0:20:14
Sampling (4 threads)  94%|████████████████████████████▎ |  ETA: 0:18:41
Sampling (4 threads)  94%|████████████████████████████▍ |  ETA: 0:17:09
Sampling (4 threads)  95%|████████████████████████████▌ |  ETA: 0:15:36
Sampling (4 threads)  96%|████████████████████████████▋ |  ETA: 0:14:03
Sampling (4 threads)  96%|████████████████████████████▊ |  ETA: 0:12:30
Sampling (4 threads)  96%|█████████████████████████████ |  ETA: 0:10:57
Sampling (4 threads)  97%|█████████████████████████████▏|  ETA: 0:09:24
Sampling (4 threads)  98%|█████████████████████████████▎|  ETA: 0:07:51
Sampling (4 threads)  98%|█████████████████████████████▍|  ETA: 0:06:17
Sampling (4 threads)  98%|█████████████████████████████▌|  ETA: 0:04:43
Sampling (4 threads)  99%|█████████████████████████████▊|  ETA: 0:03:09
Sampling (4 threads) 100%|█████████████████████████████▉|  ETA: 0:01:35
Sampling (4 threads) 100%|██████████████████████████████| Time: 5:15:50
Sampling (4 threads) 100%|██████████████████████████████| Time: 5:15:52
Precompiling project...
    DistributionsADReverseDiffExt Being precompiled by another machine (hostname: bp1-compute051, pid: 1889991, pidfile: /user/home/em18564/.julia/compiled/v1.10/DistributionsADReverseDiffExt/hY00X_4RpdW.ji.pidfile)
  ✗ DistributionsAD → DistributionsADReverseDiffExt
  0 dependencies successfully precompiled in 38 seconds. 549 already precompiled.
┌ Warning: Runtime invalidation was disabled, but the CPU info is out-of-date.
│ Will continue with incorrect CPU name (from build time).
└ @ HostCPUFeatures ~/.julia/packages/HostCPUFeatures/ZTXz4/src/cpu_info.jl:71
┌ Warning: Runtime invalidation was disabled, but the CPU info is out-of-date.
│ Will continue with incorrect CPU feature flag: +avx512vnni.
└ @ HostCPUFeatures ~/.julia/packages/HostCPUFeatures/ZTXz4/src/cpu_info.jl:56
┌ Warning: Runtime invalidation was disabled, but the CPU info is out-of-date.
│ Will continue with incorrect CPU feature flag: -rtm.
└ @ HostCPUFeatures ~/.julia/packages/HostCPUFeatures/ZTXz4/src/cpu_info.jl:56
Sampling (4 threads)   0%|                              |  ETA: N/A
┌ Info: Found initial step size
└   ϵ = 0.0015625
┌ Info: Found initial step size
└   ϵ = 0.003125
┌ Info: Found initial step size
└   ϵ = 0.0015625
┌ Info: Found initial step size
└   ϵ = 0.003125
Sampling (4 threads)   0%|▏                             |  ETA: 8 days, 12:46:49
Sampling (4 threads)   1%|▎                             |  ETA: 4 days, 5:52:37
Sampling (4 threads)   2%|▌                             |  ETA: 3 days, 4:27:37
Sampling (4 threads)   2%|▋                             |  ETA: 2 days, 9:03:14
Sampling (4 threads)   2%|▊                             |  ETA: 1 days, 21:24:37
Sampling (4 threads)   3%|▉                             |  ETA: 1 days, 14:50:31
Sampling (4 threads)   4%|█                             |  ETA: 1 days, 9:07:17
Sampling (4 threads)   4%|█▎                            |  ETA: 1 days, 6:05:24
Sampling (4 threads)   4%|█▍                            |  ETA: 1 days, 2:36:26
Sampling (4 threads)   5%|█▌                            |  ETA: 1 days, 0:51:11
Sampling (4 threads)   6%|█▋                            |  ETA: 22:28:30
Sampling (4 threads)   6%|█▊                            |  ETA: 21:39:14
Sampling (4 threads)   6%|██                            |  ETA: 19:52:55
Sampling (4 threads)   7%|██▏                           |  ETA: 18:21:47
Sampling (4 threads)   8%|██▎                           |  ETA: 17:02:48
Sampling (4 threads)   8%|██▍                           |  ETA: 16:46:29
Sampling (4 threads)   8%|██▌                           |  ETA: 15:42:08
Sampling (4 threads)   9%|██▊                           |  ETA: 14:44:55
Sampling (4 threads)  10%|██▉                           |  ETA: 14:33:49
Sampling (4 threads)  10%|███                           |  ETA: 13:45:32
Sampling (4 threads)  10%|███▏                          |  ETA: 13:01:51
Sampling (4 threads)  11%|███▎                          |  ETA: 12:22:09
Sampling (4 threads)  12%|███▌                          |  ETA: 12:14:51
Sampling (4 threads)  12%|███▋                          |  ETA: 11:40:15
Sampling (4 threads)  12%|███▊                          |  ETA: 11:08:26
Sampling (4 threads)  13%|███▉                          |  ETA: 11:02:35
Sampling (4 threads)  14%|████                          |  ETA: 10:34:22
Sampling (4 threads)  14%|████▎                         |  ETA: 10:08:11
Sampling (4 threads)  14%|████▍                         |  ETA: 9:43:48
Sampling (4 threads)  15%|████▌                         |  ETA: 9:42:55
Sampling (4 threads)  16%|████▋                         |  ETA: 9:20:48
Sampling (4 threads)  16%|████▊                         |  ETA: 9:00:04
Sampling (4 threads)  16%|█████                         |  ETA: 9:02:18
Sampling (4 threads)  17%|█████▏                        |  ETA: 8:43:12
Sampling (4 threads)  18%|█████▎                        |  ETA: 8:25:11
Sampling (4 threads)  18%|█████▍                        |  ETA: 8:08:11
Sampling (4 threads)  18%|█████▌                        |  ETA: 8:05:05
Sampling (4 threads)  19%|█████▊                        |  ETA: 7:49:25
Sampling (4 threads)  20%|█████▉                        |  ETA: 7:44:56
Sampling (4 threads)  20%|██████                        |  ETA: 7:30:29
Sampling (4 threads)  20%|██████▏                       |  ETA: 7:27:10
Sampling (4 threads)  21%|██████▎                       |  ETA: 7:13:46
Sampling (4 threads)  22%|██████▌                       |  ETA: 7:01:00
Sampling (4 threads)  22%|██████▋                       |  ETA: 6:58:12
Sampling (4 threads)  22%|██████▊                       |  ETA: 6:46:17
Sampling (4 threads)  23%|██████▉                       |  ETA: 6:34:53
Sampling (4 threads)  24%|███████                       |  ETA: 6:32:55
Sampling (4 threads)  24%|███████▎                      |  ETA: 6:22:13
Sampling (4 threads)  24%|███████▍                      |  ETA: 6:20:31
Sampling (4 threads)  25%|███████▌                      |  ETA: 6:10:26
Sampling (4 threads)  26%|███████▋                      |  ETA: 6:08:18
Sampling (4 threads)  26%|███████▊                      |  ETA: 5:58:48
Sampling (4 threads)  26%|████████                      |  ETA: 5:49:39
Sampling (4 threads)  27%|████████▏                     |  ETA: 5:48:12
Sampling (4 threads)  28%|████████▎                     |  ETA: 5:39:32
Sampling (4 threads)  28%|████████▍                     |  ETA: 5:38:35
Sampling (4 threads)  28%|████████▌                     |  ETA: 5:30:20
Sampling (4 threads)  29%|████████▊                     |  ETA: 5:28:59
Sampling (4 threads)  30%|████████▉                     |  ETA: 5:21:08
Sampling (4 threads)  30%|█████████                     |  ETA: 5:13:32
Sampling (4 threads)  30%|█████████▏                    |  ETA: 5:12:29
Sampling (4 threads)  31%|█████████▎                    |  ETA: 5:05:14
Sampling (4 threads)  32%|█████████▌                    |  ETA: 5:04:25
Sampling (4 threads)  32%|█████████▋                    |  ETA: 4:57:29
Sampling (4 threads)  32%|█████████▊                    |  ETA: 4:50:45
Sampling (4 threads)  33%|█████████▉                    |  ETA: 4:49:17
Sampling (4 threads)  34%|██████████                    |  ETA: 4:42:50
Sampling (4 threads)  34%|██████████▎                   |  ETA: 4:41:46
Sampling (4 threads)  34%|██████████▍                   |  ETA: 4:35:35
Sampling (4 threads)  35%|██████████▌                   |  ETA: 4:29:34
Sampling (4 threads)  36%|██████████▋                   |  ETA: 4:28:58
Sampling (4 threads)  36%|██████████▊                   |  ETA: 4:23:10
Sampling (4 threads)  36%|███████████                   |  ETA: 4:22:12
Sampling (4 threads)  37%|███████████▏                  |  ETA: 4:16:37
Sampling (4 threads)  38%|███████████▎                  |  ETA: 4:15:52
Sampling (4 threads)  38%|███████████▍                  |  ETA: 4:10:29
Sampling (4 threads)  38%|███████████▌                  |  ETA: 4:05:14
Sampling (4 threads)  39%|███████████▊                  |  ETA: 4:04:20
Sampling (4 threads)  40%|███████████▉                  |  ETA: 3:59:16
Sampling (4 threads)  40%|████████████                  |  ETA: 3:58:48
Sampling (4 threads)  40%|████████████▏                 |  ETA: 3:53:53
Sampling (4 threads)  41%|████████████▎                 |  ETA: 3:49:05
Sampling (4 threads)  42%|████████████▌                 |  ETA: 3:48:24
Sampling (4 threads)  42%|████████████▋                 |  ETA: 3:43:45
Sampling (4 threads)  42%|████████████▊                 |  ETA: 3:39:13
Sampling (4 threads)  43%|████████████▉                 |  ETA: 3:38:37
Sampling (4 threads)  44%|█████████████                 |  ETA: 3:34:12
Sampling (4 threads)  44%|█████████████▎                |  ETA: 3:33:26
Sampling (4 threads)  44%|█████████████▍                |  ETA: 3:29:09
Sampling (4 threads)  45%|█████████████▌                |  ETA: 3:24:58
Sampling (4 threads)  46%|█████████████▋                |  ETA: 3:24:40
Sampling (4 threads)  46%|█████████████▊                |  ETA: 3:20:35
Sampling (4 threads)  46%|██████████████                |  ETA: 3:16:35
Sampling (4 threads)  47%|██████████████▏               |  ETA: 3:15:41
Sampling (4 threads)  48%|██████████████▎               |  ETA: 3:11:48
Sampling (4 threads)  48%|██████████████▍               |  ETA: 3:10:44
Sampling (4 threads)  48%|██████████████▌               |  ETA: 3:06:57
Sampling (4 threads)  49%|██████████████▊               |  ETA: 3:06:14
Sampling (4 threads)  50%|██████████████▉               |  ETA: 3:02:32
Sampling (4 threads)  50%|███████████████               |  ETA: 2:58:55
Sampling (4 threads)  50%|███████████████▏              |  ETA: 2:55:23
Sampling (4 threads)  51%|███████████████▎              |  ETA: 2:54:54
Sampling (4 threads)  52%|███████████████▌              |  ETA: 2:51:26
Sampling (4 threads)  52%|███████████████▋              |  ETA: 2:50:30
Sampling (4 threads)  52%|███████████████▊              |  ETA: 2:47:07
Sampling (4 threads)  53%|███████████████▉              |  ETA: 2:46:09
Sampling (4 threads)  54%|████████████████              |  ETA: 2:42:51
Sampling (4 threads)  54%|████████████████▎             |  ETA: 2:39:36
Sampling (4 threads)  55%|████████████████▍             |  ETA: 2:38:46
Sampling (4 threads)  55%|████████████████▌             |  ETA: 2:35:36
Sampling (4 threads)  56%|████████████████▋             |  ETA: 2:34:41
Sampling (4 threads)  56%|████████████████▊             |  ETA: 2:31:35
Sampling (4 threads)  56%|█████████████████             |  ETA: 2:28:32
Sampling (4 threads)  57%|█████████████████▏            |  ETA: 2:27:47
Sampling (4 threads)  57%|█████████████████▎            |  ETA: 2:24:48
Sampling (4 threads)  58%|█████████████████▍            |  ETA: 2:21:52
Sampling (4 threads)  58%|█████████████████▌            |  ETA: 2:21:09
Sampling (4 threads)  59%|█████████████████▊            |  ETA: 2:18:16
Sampling (4 threads)  60%|█████████████████▉            |  ETA: 2:17:29
Sampling (4 threads)  60%|██████████████████            |  ETA: 2:14:40
Sampling (4 threads)  60%|██████████████████▏           |  ETA: 2:11:53
Sampling (4 threads)  61%|██████████████████▎           |  ETA: 2:11:02
Sampling (4 threads)  62%|██████████████████▌           |  ETA: 2:08:19
Sampling (4 threads)  62%|██████████████████▋           |  ETA: 2:07:32
Sampling (4 threads)  62%|██████████████████▊           |  ETA: 2:04:51
Sampling (4 threads)  63%|██████████████████▉           |  ETA: 2:02:13
Sampling (4 threads)  64%|███████████████████           |  ETA: 1:59:37
Sampling (4 threads)  64%|███████████████████▎          |  ETA: 1:58:42
Sampling (4 threads)  64%|███████████████████▍          |  ETA: 1:56:09
Sampling (4 threads)  65%|███████████████████▌          |  ETA: 1:55:13
Sampling (4 threads)  66%|███████████████████▋          |  ETA: 1:52:43
Sampling (4 threads)  66%|███████████████████▊          |  ETA: 1:50:14
Sampling (4 threads)  66%|████████████████████          |  ETA: 1:49:12
Sampling (4 threads)  67%|████████████████████▏         |  ETA: 1:46:46
Sampling (4 threads)  68%|████████████████████▎         |  ETA: 1:45:47
Sampling (4 threads)  68%|████████████████████▍         |  ETA: 1:43:23
Sampling (4 threads)  68%|████████████████████▌         |  ETA: 1:41:02
Sampling (4 threads)  69%|████████████████████▊         |  ETA: 1:40:11
Sampling (4 threads)  70%|████████████████████▉         |  ETA: 1:37:51
Sampling (4 threads)  70%|█████████████████████         |  ETA: 1:35:34
Sampling (4 threads)  70%|█████████████████████▏        |  ETA: 1:34:29
Sampling (4 threads)  71%|█████████████████████▎        |  ETA: 1:32:14
Sampling (4 threads)  72%|█████████████████████▌        |  ETA: 1:30:01
Sampling (4 threads)  72%|█████████████████████▋        |  ETA: 1:28:58
Sampling (4 threads)  72%|█████████████████████▊        |  ETA: 1:26:47
Sampling (4 threads)  73%|█████████████████████▉        |  ETA: 1:25:46
Sampling (4 threads)  74%|██████████████████████        |  ETA: 1:23:37
Sampling (4 threads)  74%|██████████████████████▎       |  ETA: 1:21:29
Sampling (4 threads)  74%|██████████████████████▍       |  ETA: 1:19:27
Sampling (4 threads)  75%|██████████████████████▌       |  ETA: 1:17:54
Sampling (4 threads)  76%|██████████████████████▋       |  ETA: 1:16:23
Sampling (4 threads)  76%|██████████████████████▊       |  ETA: 1:14:52
Sampling (4 threads)  76%|███████████████████████       |  ETA: 1:13:13
Sampling (4 threads)  77%|███████████████████████▏      |  ETA: 1:11:36
Sampling (4 threads)  78%|███████████████████████▎      |  ETA: 1:09:54
Sampling (4 threads)  78%|███████████████████████▍      |  ETA: 1:08:22
Sampling (4 threads)  78%|███████████████████████▌      |  ETA: 1:06:52
Sampling (4 threads)  79%|███████████████████████▊      |  ETA: 1:05:22
Sampling (4 threads)  80%|███████████████████████▉      |  ETA: 1:03:42
Sampling (4 threads)  80%|████████████████████████      |  ETA: 1:02:08
Sampling (4 threads)  80%|████████████████████████▏     |  ETA: 1:00:33
Sampling (4 threads)  81%|████████████████████████▎     |  ETA: 0:58:57
Sampling (4 threads)  82%|████████████████████████▌     |  ETA: 0:57:23
Sampling (4 threads)  82%|████████████████████████▋     |  ETA: 0:55:46
Sampling (4 threads)  82%|████████████████████████▊     |  ETA: 0:54:21
Sampling (4 threads)  83%|████████████████████████▉     |  ETA: 0:52:34
Sampling (4 threads)  84%|█████████████████████████     |  ETA: 0:51:03
Sampling (4 threads)  84%|█████████████████████████▎    |  ETA: 0:49:36
Sampling (4 threads)  84%|█████████████████████████▍    |  ETA: 0:47:51
Sampling (4 threads)  85%|█████████████████████████▌    |  ETA: 0:46:24
Sampling (4 threads)  86%|█████████████████████████▋    |  ETA: 0:44:47
Sampling (4 threads)  86%|█████████████████████████▊    |  ETA: 0:43:16
Sampling (4 threads)  86%|██████████████████████████    |  ETA: 0:41:43
Sampling (4 threads)  87%|██████████████████████████▏   |  ETA: 0:40:09
Sampling (4 threads)  88%|██████████████████████████▎   |  ETA: 0:38:32
Sampling (4 threads)  88%|██████████████████████████▍   |  ETA: 0:36:55
Sampling (4 threads)  88%|██████████████████████████▌   |  ETA: 0:35:26
Sampling (4 threads)  89%|██████████████████████████▊   |  ETA: 0:33:54
Sampling (4 threads)  90%|██████████████████████████▉   |  ETA: 0:32:25
Sampling (4 threads)  90%|███████████████████████████   |  ETA: 0:30:57
Sampling (4 threads)  90%|███████████████████████████▏  |  ETA: 0:29:27
Sampling (4 threads)  91%|███████████████████████████▎  |  ETA: 0:27:56
Sampling (4 threads)  92%|███████████████████████████▌  |  ETA: 0:26:26
Sampling (4 threads)  92%|███████████████████████████▋  |  ETA: 0:24:55
Sampling (4 threads)  92%|███████████████████████████▊  |  ETA: 0:23:23
Sampling (4 threads)  93%|███████████████████████████▉  |  ETA: 0:21:52
Sampling (4 threads)  94%|████████████████████████████  |  ETA: 0:20:20
Sampling (4 threads)  94%|████████████████████████████▎ |  ETA: 0:18:47
Sampling (4 threads)  94%|████████████████████████████▍ |  ETA: 0:17:15
Sampling (4 threads)  95%|████████████████████████████▌ |  ETA: 0:15:42
Sampling (4 threads)  96%|████████████████████████████▋ |  ETA: 0:14:09
Sampling (4 threads)  96%|████████████████████████████▊ |  ETA: 0:12:35
Sampling (4 threads)  96%|█████████████████████████████ |  ETA: 0:11:01
Sampling (4 threads)  97%|█████████████████████████████▏|  ETA: 0:09:28
Sampling (4 threads)  98%|█████████████████████████████▎|  ETA: 0:07:54
Sampling (4 threads)  98%|█████████████████████████████▍|  ETA: 0:06:19
Sampling (4 threads)  98%|█████████████████████████████▌|  ETA: 0:04:47
Sampling (4 threads)  99%|█████████████████████████████▊|  ETA: 0:03:12
Sampling (4 threads) 100%|█████████████████████████████▉|  ETA: 0:01:37
Sampling (4 threads) 100%|██████████████████████████████| Time: 5:25:05
Sampling (4 threads) 100%|██████████████████████████████| Time: 5:25:07
Precompiling project...
    DistributionsADReverseDiffExt Being precompiled by another machine (hostname: bp1-compute051, pid: 1889948, pidfile: /user/home/em18564/.julia/compiled/v1.10/DistributionsADReverseDiffExt/hY00X_4RpdW.ji.pidfile)
  ✗ DistributionsAD → DistributionsADReverseDiffExt
  0 dependencies successfully precompiled in 79 seconds. 549 already precompiled.
┌ Warning: Runtime invalidation was disabled, but the CPU info is out-of-date.
│ Will continue with incorrect CPU name (from build time).
└ @ HostCPUFeatures ~/.julia/packages/HostCPUFeatures/ZTXz4/src/cpu_info.jl:71
┌ Warning: Runtime invalidation was disabled, but the CPU info is out-of-date.
│ Will continue with incorrect CPU feature flag: +avx512vnni.
└ @ HostCPUFeatures ~/.julia/packages/HostCPUFeatures/ZTXz4/src/cpu_info.jl:56
┌ Warning: Runtime invalidation was disabled, but the CPU info is out-of-date.
│ Will continue with incorrect CPU feature flag: -rtm.
└ @ HostCPUFeatures ~/.julia/packages/HostCPUFeatures/ZTXz4/src/cpu_info.jl:56
Sampling (4 threads)   0%|                              |  ETA: N/A
┌ Info: Found initial step size
└   ϵ = 0.000390625
┌ Info: Found initial step size
└   ϵ = 0.003125
┌ Info: Found initial step size
└   ϵ = 0.0015625
┌ Info: Found initial step size
└   ϵ = 0.0001953125
Sampling (4 threads)   0%|▏                             |  ETA: 10.65 days
Sampling (4 threads)   1%|▎                             |  ETA: 5 days, 7:11:11
Sampling (4 threads)   2%|▌                             |  ETA: 3 days, 12:21:46
Sampling (4 threads)   2%|▋                             |  ETA: 2 days, 20:44:03
Sampling (4 threads)   2%|▊                             |  ETA: 2 days, 6:42:24
Sampling (4 threads)   3%|▉                             |  ETA: 1 days, 21:21:19
Sampling (4 threads)   4%|█                             |  ETA: 1 days, 15:40:47
Sampling (4 threads)   4%|█▎                            |  ETA: 1 days, 10:32:24
Sampling (4 threads)   4%|█▍                            |  ETA: 1 days, 7:26:19
Sampling (4 threads)   5%|█▌                            |  ETA: 1 days, 4:08:48
Sampling (4 threads)   6%|█▋                            |  ETA: 1 days, 2:26:27
Sampling (4 threads)   6%|█▊                            |  ETA: 1 days, 0:06:33
Sampling (4 threads)   6%|██                            |  ETA: 22:08:11
Sampling (4 threads)   7%|██▏                           |  ETA: 20:26:43
Sampling (4 threads)   8%|██▎                           |  ETA: 19:48:03
Sampling (4 threads)   8%|██▍                           |  ETA: 18:27:46
Sampling (4 threads)   8%|██▌                           |  ETA: 17:54:48
Sampling (4 threads)   9%|██▊                           |  ETA: 16:49:33
Sampling (4 threads)  10%|██▉                           |  ETA: 15:51:09
Sampling (4 threads)  10%|███                           |  ETA: 14:58:36
Sampling (4 threads)  10%|███▏                          |  ETA: 14:44:06
Sampling (4 threads)  11%|███▎                          |  ETA: 13:59:12
Sampling (4 threads)  12%|███▌                          |  ETA: 13:42:25
Sampling (4 threads)  12%|███▋                          |  ETA: 13:03:42
Sampling (4 threads)  12%|███▊                          |  ETA: 12:28:05
Sampling (4 threads)  13%|███▉                          |  ETA: 11:55:12
Sampling (4 threads)  14%|████                          |  ETA: 11:45:00
Sampling (4 threads)  14%|████▎                         |  ETA: 11:15:53
Sampling (4 threads)  14%|████▍                         |  ETA: 11:08:57
Sampling (4 threads)  15%|████▌                         |  ETA: 10:42:52
Sampling (4 threads)  16%|████▋                         |  ETA: 10:18:28
Sampling (4 threads)  16%|████▊                         |  ETA: 9:55:36
Sampling (4 threads)  16%|█████                         |  ETA: 9:45:42
Sampling (4 threads)  17%|█████▏                        |  ETA: 9:25:04
Sampling (4 threads)  18%|█████▎                        |  ETA: 9:16:50
Sampling (4 threads)  18%|█████▍                        |  ETA: 8:58:05
Sampling (4 threads)  18%|█████▌                        |  ETA: 8:51:04
Sampling (4 threads)  19%|█████▊                        |  ETA: 8:33:55
Sampling (4 threads)  20%|█████▉                        |  ETA: 8:27:14
Sampling (4 threads)  20%|██████                        |  ETA: 8:11:29
Sampling (4 threads)  20%|██████▏                       |  ETA: 8:06:50
Sampling (4 threads)  21%|██████▎                       |  ETA: 7:52:15
Sampling (4 threads)  22%|██████▌                       |  ETA: 7:49:26
Sampling (4 threads)  22%|██████▋                       |  ETA: 7:35:50
Sampling (4 threads)  22%|██████▊                       |  ETA: 7:31:15
Sampling (4 threads)  23%|██████▉                       |  ETA: 7:18:36
Sampling (4 threads)  24%|███████                       |  ETA: 7:15:49
Sampling (4 threads)  24%|███████▎                      |  ETA: 7:03:57
Sampling (4 threads)  24%|███████▍                      |  ETA: 7:01:22
Sampling (4 threads)  25%|███████▌                      |  ETA: 6:50:12
Sampling (4 threads)  26%|███████▋                      |  ETA: 6:52:33
Sampling (4 threads)  26%|███████▊                      |  ETA: 6:41:54
Sampling (4 threads)  26%|████████                      |  ETA: 6:31:39
Sampling (4 threads)  27%|████████▏                     |  ETA: 6:21:47
Sampling (4 threads)  28%|████████▎                     |  ETA: 6:26:23
Sampling (4 threads)  28%|████████▍                     |  ETA: 6:16:52
Sampling (4 threads)  28%|████████▌                     |  ETA: 6:07:41
Sampling (4 threads)  29%|████████▊                     |  ETA: 6:10:39
Sampling (4 threads)  30%|████████▉                     |  ETA: 6:01:48
Sampling (4 threads)  30%|█████████                     |  ETA: 5:53:15
Sampling (4 threads)  30%|█████████▏                    |  ETA: 5:55:59
Sampling (4 threads)  31%|█████████▎                    |  ETA: 5:47:43
Sampling (4 threads)  32%|█████████▌                    |  ETA: 5:39:43
Sampling (4 threads)  32%|█████████▋                    |  ETA: 5:42:53
Sampling (4 threads)  32%|█████████▊                    |  ETA: 5:35:07
Sampling (4 threads)  33%|█████████▉                    |  ETA: 5:27:36
Sampling (4 threads)  34%|██████████                    |  ETA: 5:29:27
Sampling (4 threads)  34%|██████████▎                   |  ETA: 5:22:09
Sampling (4 threads)  34%|██████████▍                   |  ETA: 5:15:05
Sampling (4 threads)  35%|██████████▌                   |  ETA: 5:15:31
Sampling (4 threads)  36%|██████████▋                   |  ETA: 5:08:41
Sampling (4 threads)  36%|██████████▊                   |  ETA: 5:02:02
Sampling (4 threads)  36%|███████████                   |  ETA: 5:01:45
Sampling (4 threads)  37%|███████████▏                  |  ETA: 4:55:19
Sampling (4 threads)  38%|███████████▎                  |  ETA: 4:49:04
Sampling (4 threads)  38%|███████████▍                  |  ETA: 4:48:34
Sampling (4 threads)  38%|███████████▌                  |  ETA: 4:42:31
Sampling (4 threads)  39%|███████████▊                  |  ETA: 4:36:38
Sampling (4 threads)  40%|███████████▉                  |  ETA: 4:36:03
Sampling (4 threads)  40%|████████████                  |  ETA: 4:30:21
Sampling (4 threads)  40%|████████████▏                 |  ETA: 4:24:47
Sampling (4 threads)  41%|████████████▎                 |  ETA: 4:24:38
Sampling (4 threads)  42%|████████████▌                 |  ETA: 4:19:14
Sampling (4 threads)  42%|████████████▋                 |  ETA: 4:13:57
Sampling (4 threads)  42%|████████████▊                 |  ETA: 4:14:00
Sampling (4 threads)  43%|████████████▉                 |  ETA: 4:08:52
Sampling (4 threads)  44%|█████████████                 |  ETA: 4:03:51
Sampling (4 threads)  44%|█████████████▎                |  ETA: 4:04:42
Sampling (4 threads)  44%|█████████████▍                |  ETA: 3:59:47
Sampling (4 threads)  45%|█████████████▌                |  ETA: 3:54:59
Sampling (4 threads)  46%|█████████████▋                |  ETA: 3:50:17
Sampling (4 threads)  46%|█████████████▊                |  ETA: 3:49:04
Sampling (4 threads)  46%|██████████████                |  ETA: 3:44:31
Sampling (4 threads)  47%|██████████████▏               |  ETA: 3:45:14
Sampling (4 threads)  48%|██████████████▎               |  ETA: 3:40:46
Sampling (4 threads)  48%|██████████████▍               |  ETA: 3:36:23
Sampling (4 threads)  48%|██████████████▌               |  ETA: 3:34:59
Sampling (4 threads)  49%|██████████████▊               |  ETA: 3:30:44
Sampling (4 threads)  50%|██████████████▉               |  ETA: 3:29:24
Sampling (4 threads)  50%|███████████████               |  ETA: 3:25:15
Sampling (4 threads)  50%|███████████████▏              |  ETA: 3:23:58
Sampling (4 threads)  51%|███████████████▎              |  ETA: 3:19:55
Sampling (4 threads)  52%|███████████████▌              |  ETA: 3:18:44
Sampling (4 threads)  52%|███████████████▋              |  ETA: 3:14:47
Sampling (4 threads)  52%|███████████████▊              |  ETA: 3:13:14
Sampling (4 threads)  53%|███████████████▉              |  ETA: 3:09:24
Sampling (4 threads)  54%|████████████████              |  ETA: 3:05:38
Sampling (4 threads)  54%|████████████████▎             |  ETA: 3:04:26
Sampling (4 threads)  55%|████████████████▍             |  ETA: 3:00:46
Sampling (4 threads)  55%|████████████████▌             |  ETA: 3:01:06
Sampling (4 threads)  56%|████████████████▋             |  ETA: 2:57:28
Sampling (4 threads)  56%|████████████████▊             |  ETA: 2:53:55
Sampling (4 threads)  56%|█████████████████             |  ETA: 2:52:58
Sampling (4 threads)  57%|█████████████████▏            |  ETA: 2:49:29
Sampling (4 threads)  57%|█████████████████▎            |  ETA: 2:48:17
Sampling (4 threads)  58%|█████████████████▍            |  ETA: 2:44:52
Sampling (4 threads)  58%|█████████████████▌            |  ETA: 2:43:30
Sampling (4 threads)  59%|█████████████████▊            |  ETA: 2:40:09
Sampling (4 threads)  60%|█████████████████▉            |  ETA: 2:36:52
Sampling (4 threads)  60%|██████████████████            |  ETA: 2:35:29
Sampling (4 threads)  60%|██████████████████▏           |  ETA: 2:32:16
Sampling (4 threads)  61%|██████████████████▎           |  ETA: 2:30:45
Sampling (4 threads)  62%|██████████████████▌           |  ETA: 2:27:37
Sampling (4 threads)  62%|██████████████████▋           |  ETA: 2:27:22
Sampling (4 threads)  62%|██████████████████▊           |  ETA: 2:24:16
Sampling (4 threads)  63%|██████████████████▉           |  ETA: 2:21:13
Sampling (4 threads)  64%|███████████████████           |  ETA: 2:21:02
Sampling (4 threads)  64%|███████████████████▎          |  ETA: 2:18:01
Sampling (4 threads)  64%|███████████████████▍          |  ETA: 2:15:03
Sampling (4 threads)  65%|███████████████████▌          |  ETA: 2:13:37
Sampling (4 threads)  66%|███████████████████▋          |  ETA: 2:10:42
Sampling (4 threads)  66%|███████████████████▊          |  ETA: 2:10:14
Sampling (4 threads)  66%|████████████████████          |  ETA: 2:07:21
Sampling (4 threads)  67%|████████████████████▏         |  ETA: 2:04:31
Sampling (4 threads)  68%|████████████████████▎         |  ETA: 2:03:52
Sampling (4 threads)  68%|████████████████████▍         |  ETA: 2:01:04
Sampling (4 threads)  68%|████████████████████▌         |  ETA: 1:58:18
Sampling (4 threads)  69%|████████████████████▊         |  ETA: 1:55:35
Sampling (4 threads)  70%|████████████████████▉         |  ETA: 1:54:16
Sampling (4 threads)  70%|█████████████████████         |  ETA: 1:51:35
Sampling (4 threads)  70%|█████████████████████▏        |  ETA: 1:50:07
Sampling (4 threads)  71%|█████████████████████▎        |  ETA: 1:47:30
Sampling (4 threads)  72%|█████████████████████▌        |  ETA: 1:45:59
Sampling (4 threads)  72%|█████████████████████▋        |  ETA: 1:43:24
Sampling (4 threads)  72%|█████████████████████▊        |  ETA: 1:42:51
Sampling (4 threads)  73%|█████████████████████▉        |  ETA: 1:40:17
Sampling (4 threads)  74%|██████████████████████        |  ETA: 1:37:45
Sampling (4 threads)  74%|██████████████████████▎       |  ETA: 1:35:16
Sampling (4 threads)  74%|██████████████████████▍       |  ETA: 1:34:34
Sampling (4 threads)  75%|██████████████████████▌       |  ETA: 1:32:06
Sampling (4 threads)  76%|██████████████████████▋       |  ETA: 1:29:39
Sampling (4 threads)  76%|██████████████████████▊       |  ETA: 1:28:11
Sampling (4 threads)  76%|███████████████████████       |  ETA: 1:25:47
Sampling (4 threads)  77%|███████████████████████▏      |  ETA: 1:24:14
Sampling (4 threads)  78%|███████████████████████▎      |  ETA: 1:21:53
Sampling (4 threads)  78%|███████████████████████▍      |  ETA: 1:20:19
Sampling (4 threads)  78%|███████████████████████▌      |  ETA: 1:18:00
Sampling (4 threads)  79%|███████████████████████▊      |  ETA: 1:16:27
Sampling (4 threads)  80%|███████████████████████▉      |  ETA: 1:14:10
Sampling (4 threads)  80%|████████████████████████      |  ETA: 1:11:54
Sampling (4 threads)  80%|████████████████████████▏     |  ETA: 1:10:56
Sampling (4 threads)  81%|████████████████████████▎     |  ETA: 1:08:41
Sampling (4 threads)  82%|████████████████████████▌     |  ETA: 1:06:28
Sampling (4 threads)  82%|████████████████████████▋     |  ETA: 1:04:55
Sampling (4 threads)  82%|████████████████████████▊     |  ETA: 1:02:44
Sampling (4 threads)  83%|████████████████████████▉     |  ETA: 1:01:35
Sampling (4 threads)  84%|█████████████████████████     |  ETA: 0:59:24
Sampling (4 threads)  84%|█████████████████████████▎    |  ETA: 0:57:16
Sampling (4 threads)  84%|█████████████████████████▍    |  ETA: 0:55:56
Sampling (4 threads)  85%|█████████████████████████▌    |  ETA: 0:53:49
Sampling (4 threads)  86%|█████████████████████████▋    |  ETA: 0:51:43
Sampling (4 threads)  86%|█████████████████████████▊    |  ETA: 0:50:19
Sampling (4 threads)  86%|██████████████████████████    |  ETA: 0:48:15
Sampling (4 threads)  87%|██████████████████████████▏   |  ETA: 0:46:12
Sampling (4 threads)  88%|██████████████████████████▎   |  ETA: 0:44:31
Sampling (4 threads)  88%|██████████████████████████▍   |  ETA: 0:42:30
Sampling (4 threads)  88%|██████████████████████████▌   |  ETA: 0:40:34
Sampling (4 threads)  89%|██████████████████████████▊   |  ETA: 0:38:52
Sampling (4 threads)  90%|██████████████████████████▉   |  ETA: 0:36:57
Sampling (4 threads)  90%|███████████████████████████   |  ETA: 0:35:13
Sampling (4 threads)  90%|███████████████████████████▏  |  ETA: 0:33:31
Sampling (4 threads)  91%|███████████████████████████▎  |  ETA: 0:31:37
Sampling (4 threads)  92%|███████████████████████████▌  |  ETA: 0:29:53
Sampling (4 threads)  92%|███████████████████████████▋  |  ETA: 0:28:08
Sampling (4 threads)  92%|███████████████████████████▊  |  ETA: 0:26:19
Sampling (4 threads)  93%|███████████████████████████▉  |  ETA: 0:24:31
Sampling (4 threads)  94%|████████████████████████████  |  ETA: 0:22:48
Sampling (4 threads)  94%|████████████████████████████▎ |  ETA: 0:21:03
Sampling (4 threads)  94%|████████████████████████████▍ |  ETA: 0:19:20
Sampling (4 threads)  95%|████████████████████████████▌ |  ETA: 0:17:35
Sampling (4 threads)  96%|████████████████████████████▋ |  ETA: 0:15:50
Sampling (4 threads)  96%|████████████████████████████▊ |  ETA: 0:14:05
Sampling (4 threads)  96%|█████████████████████████████ |  ETA: 0:12:20
Sampling (4 threads)  97%|█████████████████████████████▏|  ETA: 0:10:35
Sampling (4 threads)  98%|█████████████████████████████▎|  ETA: 0:08:49
Sampling (4 threads)  98%|█████████████████████████████▍|  ETA: 0:07:04
Sampling (4 threads)  98%|█████████████████████████████▌|  ETA: 0:05:18
Sampling (4 threads)  99%|█████████████████████████████▊|  ETA: 0:03:33
Sampling (4 threads) 100%|█████████████████████████████▉|  ETA: 0:01:47
Sampling (4 threads) 100%|██████████████████████████████| Time: 5:58:36
Sampling (4 threads) 100%|██████████████████████████████| Time: 5:58:39
Precompiling project...
    DistributionsADReverseDiffExt Being precompiled by another machine (hostname: bp1-compute051, pid: 1889948, pidfile: /user/home/em18564/.julia/compiled/v1.10/DistributionsADReverseDiffExt/hY00X_4RpdW.ji.pidfile)
  ✗ DistributionsAD → DistributionsADReverseDiffExt
  0 dependencies successfully precompiled in 63 seconds. 549 already precompiled.
┌ Warning: Runtime invalidation was disabled, but the CPU info is out-of-date.
│ Will continue with incorrect CPU name (from build time).
└ @ HostCPUFeatures ~/.julia/packages/HostCPUFeatures/ZTXz4/src/cpu_info.jl:71
┌ Warning: Runtime invalidation was disabled, but the CPU info is out-of-date.
│ Will continue with incorrect CPU feature flag: +avx512vnni.
└ @ HostCPUFeatures ~/.julia/packages/HostCPUFeatures/ZTXz4/src/cpu_info.jl:56
┌ Warning: Runtime invalidation was disabled, but the CPU info is out-of-date.
│ Will continue with incorrect CPU feature flag: -rtm.
└ @ HostCPUFeatures ~/.julia/packages/HostCPUFeatures/ZTXz4/src/cpu_info.jl:56
Sampling (4 threads)   0%|                              |  ETA: N/A
┌ Info: Found initial step size
└   ϵ = 0.0015625
┌ Info: Found initial step size
└   ϵ = 0.0015625
┌ Info: Found initial step size
└   ϵ = 0.003125
┌ Info: Found initial step size
└   ϵ = 0.000390625
Sampling (4 threads)   0%|▏                             |  ETA: 7 days, 10:57:33
Sampling (4 threads)   1%|▎                             |  ETA: 3 days, 17:01:52
Sampling (4 threads)   2%|▌                             |  ETA: 2 days, 20:16:20
Sampling (4 threads)   2%|▋                             |  ETA: 2 days, 2:56:40
Sampling (4 threads)   2%|▊                             |  ETA: 1 days, 16:32:51
Sampling (4 threads)   3%|▉                             |  ETA: 1 days, 11:52:45
Sampling (4 threads)   4%|█                             |  ETA: 1 days, 6:35:42
Sampling (4 threads)   4%|█▎                            |  ETA: 1 days, 4:18:14
Sampling (4 threads)   4%|█▍                            |  ETA: 1 days, 1:01:41
Sampling (4 threads)   5%|█▌                            |  ETA: 22:24:26
Sampling (4 threads)   6%|█▋                            |  ETA: 20:15:47
Sampling (4 threads)   6%|█▊                            |  ETA: 19:35:22
Sampling (4 threads)   6%|██                            |  ETA: 17:59:11
Sampling (4 threads)   7%|██▏                           |  ETA: 17:06:02
Sampling (4 threads)   8%|██▎                           |  ETA: 15:52:29
Sampling (4 threads)   8%|██▍                           |  ETA: 15:32:13
Sampling (4 threads)   8%|██▌                           |  ETA: 14:32:37
Sampling (4 threads)   9%|██▊                           |  ETA: 13:39:38
Sampling (4 threads)  10%|██▉                           |  ETA: 12:52:14
Sampling (4 threads)  10%|███                           |  ETA: 12:44:21
Sampling (4 threads)  10%|███▏                          |  ETA: 12:03:55
Sampling (4 threads)  11%|███▎                          |  ETA: 11:46:28
Sampling (4 threads)  12%|███▌                          |  ETA: 11:11:57
Sampling (4 threads)  12%|███▋                          |  ETA: 10:57:00
Sampling (4 threads)  12%|███▊                          |  ETA: 10:27:08
Sampling (4 threads)  13%|███▉                          |  ETA: 10:12:10
Sampling (4 threads)  14%|████                          |  ETA: 9:46:07
Sampling (4 threads)  14%|████▎                         |  ETA: 9:34:48
Sampling (4 threads)  14%|████▍                         |  ETA: 9:11:45
Sampling (4 threads)  15%|████▌                         |  ETA: 9:03:50
Sampling (4 threads)  16%|████▋                         |  ETA: 8:43:12
Sampling (4 threads)  16%|████▊                         |  ETA: 8:36:21
Sampling (4 threads)  16%|█████                         |  ETA: 8:17:43
Sampling (4 threads)  17%|█████▏                        |  ETA: 8:00:11
Sampling (4 threads)  18%|█████▎                        |  ETA: 7:54:52
Sampling (4 threads)  18%|█████▍                        |  ETA: 7:38:53
Sampling (4 threads)  18%|█████▌                        |  ETA: 7:34:54
Sampling (4 threads)  19%|█████▊                        |  ETA: 7:20:13
Sampling (4 threads)  20%|█████▉                        |  ETA: 7:17:41
Sampling (4 threads)  20%|██████                        |  ETA: 7:04:05
Sampling (4 threads)  20%|██████▏                       |  ETA: 6:51:10
Sampling (4 threads)  21%|██████▎                       |  ETA: 6:57:41
Sampling (4 threads)  22%|██████▌                       |  ETA: 6:45:24
Sampling (4 threads)  22%|██████▋                       |  ETA: 6:33:39
Sampling (4 threads)  22%|██████▊                       |  ETA: 6:32:30
Sampling (4 threads)  23%|██████▉                       |  ETA: 6:21:29
Sampling (4 threads)  24%|███████                       |  ETA: 6:28:04
Sampling (4 threads)  24%|███████▎                      |  ETA: 6:17:29
Sampling (4 threads)  24%|███████▍                      |  ETA: 6:07:21
Sampling (4 threads)  25%|███████▌                      |  ETA: 5:57:37
Sampling (4 threads)  26%|███████▋                      |  ETA: 5:57:01
Sampling (4 threads)  26%|███████▊                      |  ETA: 5:47:48
Sampling (4 threads)  26%|████████                      |  ETA: 5:46:38
Sampling (4 threads)  27%|████████▏                     |  ETA: 5:37:54
Sampling (4 threads)  28%|████████▎                     |  ETA: 5:43:22
Sampling (4 threads)  28%|████████▍                     |  ETA: 5:34:55
Sampling (4 threads)  28%|████████▌                     |  ETA: 5:26:45
Sampling (4 threads)  29%|████████▊                     |  ETA: 5:32:16
Sampling (4 threads)  30%|████████▉                     |  ETA: 5:24:20
Sampling (4 threads)  30%|█████████                     |  ETA: 5:16:40
Sampling (4 threads)  30%|█████████▏                    |  ETA: 5:09:15
Sampling (4 threads)  31%|█████████▎                    |  ETA: 5:14:00
Sampling (4 threads)  32%|█████████▌                    |  ETA: 5:06:47
Sampling (4 threads)  32%|█████████▋                    |  ETA: 4:59:47
Sampling (4 threads)  32%|█████████▊                    |  ETA: 5:02:36
Sampling (4 threads)  33%|█████████▉                    |  ETA: 4:55:49
Sampling (4 threads)  34%|██████████                    |  ETA: 4:49:13
Sampling (4 threads)  34%|██████████▎                   |  ETA: 4:50:15
Sampling (4 threads)  34%|██████████▍                   |  ETA: 4:43:53
Sampling (4 threads)  35%|██████████▌                   |  ETA: 4:37:41
Sampling (4 threads)  36%|██████████▋                   |  ETA: 4:39:36
Sampling (4 threads)  36%|██████████▊                   |  ETA: 4:33:35
Sampling (4 threads)  36%|███████████                   |  ETA: 4:27:44
Sampling (4 threads)  37%|███████████▏                  |  ETA: 4:28:58
Sampling (4 threads)  38%|███████████▎                  |  ETA: 4:23:17
Sampling (4 threads)  38%|███████████▍                  |  ETA: 4:17:44
Sampling (4 threads)  38%|███████████▌                  |  ETA: 4:18:37
Sampling (4 threads)  39%|███████████▊                  |  ETA: 4:13:13
Sampling (4 threads)  40%|███████████▉                  |  ETA: 4:13:49
Sampling (4 threads)  40%|████████████                  |  ETA: 4:08:34
Sampling (4 threads)  40%|████████████▏                 |  ETA: 4:03:27
Sampling (4 threads)  41%|████████████▎                 |  ETA: 3:58:28
Sampling (4 threads)  42%|████████████▌                 |  ETA: 3:59:19
Sampling (4 threads)  42%|████████████▋                 |  ETA: 3:54:27
Sampling (4 threads)  42%|████████████▊                 |  ETA: 3:54:54
Sampling (4 threads)  43%|████████████▉                 |  ETA: 3:50:09
Sampling (4 threads)  44%|█████████████                 |  ETA: 3:45:30
Sampling (4 threads)  44%|█████████████▎                |  ETA: 3:46:04
Sampling (4 threads)  44%|█████████████▍                |  ETA: 3:41:32
Sampling (4 threads)  45%|█████████████▌                |  ETA: 3:37:05
Sampling (4 threads)  46%|█████████████▋                |  ETA: 3:36:39
Sampling (4 threads)  46%|█████████████▊                |  ETA: 3:32:20
Sampling (4 threads)  46%|██████████████                |  ETA: 3:28:06
Sampling (4 threads)  47%|██████████████▏               |  ETA: 3:29:22
Sampling (4 threads)  48%|██████████████▎               |  ETA: 3:25:13
Sampling (4 threads)  48%|██████████████▍               |  ETA: 3:21:09
Sampling (4 threads)  48%|██████████████▌               |  ETA: 3:21:58
Sampling (4 threads)  49%|██████████████▊               |  ETA: 3:17:58
Sampling (4 threads)  50%|██████████████▉               |  ETA: 3:14:03
Sampling (4 threads)  50%|███████████████               |  ETA: 3:14:10
Sampling (4 threads)  50%|███████████████▏              |  ETA: 3:10:20
Sampling (4 threads)  51%|███████████████▎              |  ETA: 3:06:33
Sampling (4 threads)  52%|███████████████▌              |  ETA: 3:06:16
Sampling (4 threads)  52%|███████████████▋              |  ETA: 3:02:35
Sampling (4 threads)  52%|███████████████▊              |  ETA: 2:58:57
Sampling (4 threads)  53%|███████████████▉              |  ETA: 2:58:38
Sampling (4 threads)  54%|████████████████              |  ETA: 2:55:05
Sampling (4 threads)  54%|████████████████▎             |  ETA: 2:54:46
Sampling (4 threads)  55%|████████████████▍             |  ETA: 2:51:17
Sampling (4 threads)  55%|████████████████▌             |  ETA: 2:50:27
Sampling (4 threads)  56%|████████████████▋             |  ETA: 2:47:02
Sampling (4 threads)  56%|████████████████▊             |  ETA: 2:43:41
Sampling (4 threads)  56%|█████████████████             |  ETA: 2:42:51
Sampling (4 threads)  57%|█████████████████▏            |  ETA: 2:39:34
Sampling (4 threads)  57%|█████████████████▎            |  ETA: 2:38:44
Sampling (4 threads)  58%|█████████████████▍            |  ETA: 2:35:31
Sampling (4 threads)  58%|█████████████████▌            |  ETA: 2:34:43
Sampling (4 threads)  59%|█████████████████▊            |  ETA: 2:31:34
Sampling (4 threads)  60%|█████████████████▉            |  ETA: 2:28:27
Sampling (4 threads)  60%|██████████████████            |  ETA: 2:27:48
Sampling (4 threads)  60%|██████████████████▏           |  ETA: 2:24:44
Sampling (4 threads)  61%|██████████████████▎           |  ETA: 2:23:46
Sampling (4 threads)  62%|██████████████████▌           |  ETA: 2:20:46
Sampling (4 threads)  62%|██████████████████▋           |  ETA: 2:19:44
Sampling (4 threads)  62%|██████████████████▊           |  ETA: 2:16:47
Sampling (4 threads)  63%|██████████████████▉           |  ETA: 2:15:52
Sampling (4 threads)  64%|███████████████████           |  ETA: 2:12:58
Sampling (4 threads)  64%|███████████████████▎          |  ETA: 2:11:47
Sampling (4 threads)  64%|███████████████████▍          |  ETA: 2:08:57
Sampling (4 threads)  65%|███████████████████▌          |  ETA: 2:06:09
Sampling (4 threads)  66%|███████████████████▋          |  ETA: 2:05:02
Sampling (4 threads)  66%|███████████████████▊          |  ETA: 2:02:17
Sampling (4 threads)  66%|████████████████████          |  ETA: 2:01:02
Sampling (4 threads)  67%|████████████████████▏         |  ETA: 1:58:20
Sampling (4 threads)  68%|████████████████████▎         |  ETA: 1:57:43
Sampling (4 threads)  68%|████████████████████▍         |  ETA: 1:55:03
Sampling (4 threads)  68%|████████████████████▌         |  ETA: 1:52:26
Sampling (4 threads)  69%|████████████████████▊         |  ETA: 1:51:45
Sampling (4 threads)  70%|████████████████████▉         |  ETA: 1:49:09
Sampling (4 threads)  70%|█████████████████████         |  ETA: 1:46:36
Sampling (4 threads)  70%|█████████████████████▏        |  ETA: 1:46:03
Sampling (4 threads)  71%|█████████████████████▎        |  ETA: 1:43:31
Sampling (4 threads)  72%|█████████████████████▌        |  ETA: 1:41:01
Sampling (4 threads)  72%|█████████████████████▋        |  ETA: 1:40:19
Sampling (4 threads)  72%|█████████████████████▊        |  ETA: 1:37:51
Sampling (4 threads)  73%|█████████████████████▉        |  ETA: 1:35:25
Sampling (4 threads)  74%|██████████████████████        |  ETA: 1:34:39
Sampling (4 threads)  74%|██████████████████████▎       |  ETA: 1:32:14
Sampling (4 threads)  74%|██████████████████████▍       |  ETA: 1:31:18
Sampling (4 threads)  75%|██████████████████████▌       |  ETA: 1:28:55
Sampling (4 threads)  76%|██████████████████████▋       |  ETA: 1:26:33
Sampling (4 threads)  76%|██████████████████████▊       |  ETA: 1:24:14
Sampling (4 threads)  76%|███████████████████████       |  ETA: 1:23:23
Sampling (4 threads)  77%|███████████████████████▏      |  ETA: 1:21:05
Sampling (4 threads)  78%|███████████████████████▎      |  ETA: 1:19:54
Sampling (4 threads)  78%|███████████████████████▍      |  ETA: 1:17:37
Sampling (4 threads)  78%|███████████████████████▌      |  ETA: 1:15:23
Sampling (4 threads)  79%|███████████████████████▊      |  ETA: 1:14:04
Sampling (4 threads)  80%|███████████████████████▉      |  ETA: 1:11:51
Sampling (4 threads)  80%|████████████████████████      |  ETA: 1:10:22
Sampling (4 threads)  80%|████████████████████████▏     |  ETA: 1:08:10
Sampling (4 threads)  81%|████████████████████████▎     |  ETA: 1:06:01
Sampling (4 threads)  82%|████████████████████████▌     |  ETA: 1:04:27
Sampling (4 threads)  82%|████████████████████████▋     |  ETA: 1:02:33
Sampling (4 threads)  82%|████████████████████████▊     |  ETA: 1:00:52
Sampling (4 threads)  83%|████████████████████████▉     |  ETA: 0:59:08
Sampling (4 threads)  84%|█████████████████████████     |  ETA: 0:57:23
Sampling (4 threads)  84%|█████████████████████████▎    |  ETA: 0:55:50
Sampling (4 threads)  84%|█████████████████████████▍    |  ETA: 0:53:49
Sampling (4 threads)  85%|█████████████████████████▌    |  ETA: 0:52:15
Sampling (4 threads)  86%|█████████████████████████▋    |  ETA: 0:50:28
Sampling (4 threads)  86%|█████████████████████████▊    |  ETA: 0:48:46
Sampling (4 threads)  86%|██████████████████████████    |  ETA: 0:47:05
Sampling (4 threads)  87%|██████████████████████████▏   |  ETA: 0:45:18
Sampling (4 threads)  88%|██████████████████████████▎   |  ETA: 0:43:38
Sampling (4 threads)  88%|██████████████████████████▍   |  ETA: 0:42:03
Sampling (4 threads)  88%|██████████████████████████▌   |  ETA: 0:40:06
Sampling (4 threads)  89%|██████████████████████████▊   |  ETA: 0:38:25
Sampling (4 threads)  90%|██████████████████████████▉   |  ETA: 0:36:46
Sampling (4 threads)  90%|███████████████████████████   |  ETA: 0:34:55
Sampling (4 threads)  90%|███████████████████████████▏  |  ETA: 0:33:17
Sampling (4 threads)  91%|███████████████████████████▎  |  ETA: 0:31:23
Sampling (4 threads)  92%|███████████████████████████▌  |  ETA: 0:29:43
Sampling (4 threads)  92%|███████████████████████████▋  |  ETA: 0:28:01
Sampling (4 threads)  92%|███████████████████████████▊  |  ETA: 0:26:11
Sampling (4 threads)  93%|███████████████████████████▉  |  ETA: 0:24:29
Sampling (4 threads)  94%|████████████████████████████  |  ETA: 0:22:47
Sampling (4 threads)  94%|████████████████████████████▎ |  ETA: 0:21:04
Sampling (4 threads)  94%|████████████████████████████▍ |  ETA: 0:19:20
Sampling (4 threads)  95%|████████████████████████████▌ |  ETA: 0:17:36
Sampling (4 threads)  96%|████████████████████████████▋ |  ETA: 0:15:52
Sampling (4 threads)  96%|████████████████████████████▊ |  ETA: 0:14:07
Sampling (4 threads)  96%|█████████████████████████████ |  ETA: 0:12:22
Sampling (4 threads)  97%|█████████████████████████████▏|  ETA: 0:10:37
Sampling (4 threads)  98%|█████████████████████████████▎|  ETA: 0:08:51
Sampling (4 threads)  98%|█████████████████████████████▍|  ETA: 0:07:06
Sampling (4 threads)  98%|█████████████████████████████▌|  ETA: 0:05:20
Sampling (4 threads)  99%|█████████████████████████████▊|  ETA: 0:03:33
Sampling (4 threads) 100%|█████████████████████████████▉|  ETA: 0:01:47
Sampling (4 threads) 100%|██████████████████████████████| Time: 6:00:21
Sampling (4 threads) 100%|██████████████████████████████| Time: 6:00:24
Precompiling project...
    DistributionsADReverseDiffExt Being precompiled by another machine (hostname: bp1-compute051, pid: 1889948, pidfile: /user/home/em18564/.julia/compiled/v1.10/DistributionsADReverseDiffExt/hY00X_4RpdW.ji.pidfile)
  ✗ DistributionsAD → DistributionsADReverseDiffExt
  0 dependencies successfully precompiled in 68 seconds. 549 already precompiled.
┌ Warning: Runtime invalidation was disabled, but the CPU info is out-of-date.
│ Will continue with incorrect CPU name (from build time).
└ @ HostCPUFeatures ~/.julia/packages/HostCPUFeatures/ZTXz4/src/cpu_info.jl:71
┌ Warning: Runtime invalidation was disabled, but the CPU info is out-of-date.
│ Will continue with incorrect CPU feature flag: +avx512vnni.
└ @ HostCPUFeatures ~/.julia/packages/HostCPUFeatures/ZTXz4/src/cpu_info.jl:56
┌ Warning: Runtime invalidation was disabled, but the CPU info is out-of-date.
│ Will continue with incorrect CPU feature flag: -rtm.
└ @ HostCPUFeatures ~/.julia/packages/HostCPUFeatures/ZTXz4/src/cpu_info.jl:56
Sampling (4 threads)   0%|                              |  ETA: N/A
┌ Info: Found initial step size
└   ϵ = 0.003125
┌ Info: Found initial step size
└   ϵ = 0.00078125
┌ Info: Found initial step size
└   ϵ = 0.003125
┌ Info: Found initial step size
└   ϵ = 0.0001953125
Sampling (4 threads)   0%|▏                             |  ETA: 10.41 days
Sampling (4 threads)   1%|▎                             |  ETA: 5 days, 4:14:44
Sampling (4 threads)   2%|▌                             |  ETA: 3 days, 16:30:12
Sampling (4 threads)   2%|▋                             |  ETA: 2 days, 18:02:26
Sampling (4 threads)   2%|▊                             |  ETA: 2 days, 6:54:51
Sampling (4 threads)   3%|▉                             |  ETA: 1 days, 21:31:38
Sampling (4 threads)   4%|█                             |  ETA: 1 days, 15:59:30
Sampling (4 threads)   4%|█▎                            |  ETA: 1 days, 10:48:41
Sampling (4 threads)   4%|█▍                            |  ETA: 1 days, 8:04:34
Sampling (4 threads)   5%|█▌                            |  ETA: 1 days, 4:43:03
Sampling (4 threads)   6%|█▋                            |  ETA: 1 days, 1:58:10
Sampling (4 threads)   6%|█▊                            |  ETA: 1 days, 0:34:00
Sampling (4 threads)   6%|██                            |  ETA: 22:33:23
Sampling (4 threads)   7%|██▏                           |  ETA: 21:24:32
Sampling (4 threads)   8%|██▎                           |  ETA: 19:52:27
Sampling (4 threads)   8%|██▍                           |  ETA: 19:03:39
Sampling (4 threads)   8%|██▌                           |  ETA: 17:50:31
Sampling (4 threads)   9%|██▊                           |  ETA: 16:45:31
Sampling (4 threads)  10%|██▉                           |  ETA: 16:16:38
Sampling (4 threads)  10%|███                           |  ETA: 15:22:41
Sampling (4 threads)  10%|███▏                          |  ETA: 14:55:35
Sampling (4 threads)  11%|███▎                          |  ETA: 14:10:06
Sampling (4 threads)  12%|███▌                          |  ETA: 13:46:45
Sampling (4 threads)  12%|███▋                          |  ETA: 13:07:50
Sampling (4 threads)  12%|███▊                          |  ETA: 12:44:39
Sampling (4 threads)  13%|███▉                          |  ETA: 12:11:02
Sampling (4 threads)  14%|████                          |  ETA: 11:53:54
Sampling (4 threads)  14%|████▎                         |  ETA: 11:24:25
Sampling (4 threads)  14%|████▍                         |  ETA: 11:18:00
Sampling (4 threads)  15%|████▌                         |  ETA: 10:51:34
Sampling (4 threads)  16%|████▋                         |  ETA: 10:26:50
Sampling (4 threads)  16%|████▊                         |  ETA: 10:18:10
Sampling (4 threads)  16%|█████                         |  ETA: 9:55:52
Sampling (4 threads)  17%|█████▏                        |  ETA: 9:34:53
Sampling (4 threads)  18%|█████▎                        |  ETA: 9:26:10
Sampling (4 threads)  18%|█████▍                        |  ETA: 9:07:06
Sampling (4 threads)  18%|█████▌                        |  ETA: 8:59:59
Sampling (4 threads)  19%|█████▊                        |  ETA: 8:42:32
Sampling (4 threads)  20%|█████▉                        |  ETA: 8:39:18
Sampling (4 threads)  20%|██████                        |  ETA: 8:23:10
Sampling (4 threads)  20%|██████▏                       |  ETA: 8:16:44
Sampling (4 threads)  21%|██████▎                       |  ETA: 8:01:51
Sampling (4 threads)  22%|██████▌                       |  ETA: 7:58:31
Sampling (4 threads)  22%|██████▋                       |  ETA: 7:44:40
Sampling (4 threads)  22%|██████▊                       |  ETA: 7:42:33
Sampling (4 threads)  23%|██████▉                       |  ETA: 7:29:34
Sampling (4 threads)  24%|███████                       |  ETA: 7:27:01
Sampling (4 threads)  24%|███████▎                      |  ETA: 7:14:51
Sampling (4 threads)  24%|███████▍                      |  ETA: 7:12:18
Sampling (4 threads)  25%|███████▌                      |  ETA: 7:00:51
Sampling (4 threads)  26%|███████▋                      |  ETA: 6:58:00
Sampling (4 threads)  26%|███████▊                      |  ETA: 6:47:12
Sampling (4 threads)  26%|████████                      |  ETA: 6:44:38
Sampling (4 threads)  27%|████████▏                     |  ETA: 6:34:26
Sampling (4 threads)  28%|████████▎                     |  ETA: 6:33:22
Sampling (4 threads)  28%|████████▍                     |  ETA: 6:23:41
Sampling (4 threads)  28%|████████▌                     |  ETA: 6:20:37
Sampling (4 threads)  29%|████████▊                     |  ETA: 6:11:26
Sampling (4 threads)  30%|████████▉                     |  ETA: 6:08:40
Sampling (4 threads)  30%|█████████                     |  ETA: 5:59:57
Sampling (4 threads)  30%|█████████▏                    |  ETA: 5:58:48
Sampling (4 threads)  31%|█████████▎                    |  ETA: 5:50:29
Sampling (4 threads)  32%|█████████▌                    |  ETA: 5:48:43
Sampling (4 threads)  32%|█████████▋                    |  ETA: 5:40:45
Sampling (4 threads)  32%|█████████▊                    |  ETA: 5:38:59
Sampling (4 threads)  33%|█████████▉                    |  ETA: 5:31:23
Sampling (4 threads)  34%|██████████                    |  ETA: 5:29:46
Sampling (4 threads)  34%|██████████▎                   |  ETA: 5:22:28
Sampling (4 threads)  34%|██████████▍                   |  ETA: 5:15:24
Sampling (4 threads)  35%|██████████▌                   |  ETA: 5:13:17
Sampling (4 threads)  36%|██████████▋                   |  ETA: 5:06:29
Sampling (4 threads)  36%|██████████▊                   |  ETA: 5:04:49
Sampling (4 threads)  36%|███████████                   |  ETA: 4:58:18
Sampling (4 threads)  37%|███████████▏                  |  ETA: 4:56:55
Sampling (4 threads)  38%|███████████▎                  |  ETA: 4:50:38
Sampling (4 threads)  38%|███████████▍                  |  ETA: 4:52:37
Sampling (4 threads)  38%|███████████▌                  |  ETA: 4:46:29
Sampling (4 threads)  39%|███████████▊                  |  ETA: 4:40:31
Sampling (4 threads)  40%|███████████▉                  |  ETA: 4:38:44
Sampling (4 threads)  40%|████████████                  |  ETA: 4:32:58
Sampling (4 threads)  40%|████████████▏                 |  ETA: 4:31:18
Sampling (4 threads)  41%|████████████▎                 |  ETA: 4:25:44
Sampling (4 threads)  42%|████████████▌                 |  ETA: 4:24:07
Sampling (4 threads)  42%|████████████▋                 |  ETA: 4:18:44
Sampling (4 threads)  42%|████████████▊                 |  ETA: 4:17:29
Sampling (4 threads)  43%|████████████▉                 |  ETA: 4:12:17
Sampling (4 threads)  44%|█████████████                 |  ETA: 4:11:20
Sampling (4 threads)  44%|█████████████▎                |  ETA: 4:06:16
Sampling (4 threads)  44%|█████████████▍                |  ETA: 4:05:11
Sampling (4 threads)  45%|█████████████▌                |  ETA: 4:00:16
Sampling (4 threads)  46%|█████████████▋                |  ETA: 3:59:22
Sampling (4 threads)  46%|█████████████▊                |  ETA: 3:54:36
Sampling (4 threads)  46%|██████████████                |  ETA: 3:53:25
Sampling (4 threads)  47%|██████████████▏               |  ETA: 3:48:47
Sampling (4 threads)  48%|██████████████▎               |  ETA: 3:47:45
Sampling (4 threads)  48%|██████████████▍               |  ETA: 3:43:14
Sampling (4 threads)  48%|██████████████▌               |  ETA: 3:42:16
Sampling (4 threads)  49%|██████████████▊               |  ETA: 3:37:52
Sampling (4 threads)  50%|██████████████▉               |  ETA: 3:33:33
Sampling (4 threads)  50%|███████████████               |  ETA: 3:34:24
Sampling (4 threads)  50%|███████████████▏              |  ETA: 3:30:09
Sampling (4 threads)  51%|███████████████▎              |  ETA: 3:25:59
Sampling (4 threads)  52%|███████████████▌              |  ETA: 3:24:49
Sampling (4 threads)  52%|███████████████▋              |  ETA: 3:20:46
Sampling (4 threads)  52%|███████████████▊              |  ETA: 3:22:03
Sampling (4 threads)  53%|███████████████▉              |  ETA: 3:18:03
Sampling (4 threads)  54%|████████████████              |  ETA: 3:16:43
Sampling (4 threads)  54%|████████████████▎             |  ETA: 3:12:48
Sampling (4 threads)  55%|████████████████▍             |  ETA: 3:08:57
Sampling (4 threads)  55%|████████████████▌             |  ETA: 3:09:57
Sampling (4 threads)  56%|████████████████▋             |  ETA: 3:06:09
Sampling (4 threads)  56%|████████████████▊             |  ETA: 3:02:24
Sampling (4 threads)  56%|█████████████████             |  ETA: 3:00:57
Sampling (4 threads)  57%|█████████████████▏            |  ETA: 2:57:18
Sampling (4 threads)  57%|█████████████████▎            |  ETA: 2:57:38
Sampling (4 threads)  58%|█████████████████▍            |  ETA: 2:54:02
Sampling (4 threads)  58%|█████████████████▌            |  ETA: 2:50:30
Sampling (4 threads)  59%|█████████████████▊            |  ETA: 2:49:13
Sampling (4 threads)  60%|█████████████████▉            |  ETA: 2:45:45
Sampling (4 threads)  60%|██████████████████            |  ETA: 2:44:17
Sampling (4 threads)  60%|██████████████████▏           |  ETA: 2:40:53
Sampling (4 threads)  61%|██████████████████▎           |  ETA: 2:40:54
Sampling (4 threads)  62%|██████████████████▌           |  ETA: 2:37:33
Sampling (4 threads)  62%|██████████████████▋           |  ETA: 2:34:15
Sampling (4 threads)  62%|██████████████████▊           |  ETA: 2:32:44
Sampling (4 threads)  63%|██████████████████▉           |  ETA: 2:29:30
Sampling (4 threads)  64%|███████████████████           |  ETA: 2:28:13
Sampling (4 threads)  64%|███████████████████▎          |  ETA: 2:25:03
Sampling (4 threads)  64%|███████████████████▍          |  ETA: 2:24:41
Sampling (4 threads)  65%|███████████████████▌          |  ETA: 2:21:33
Sampling (4 threads)  66%|███████████████████▋          |  ETA: 2:18:27
Sampling (4 threads)  66%|███████████████████▊          |  ETA: 2:15:25
Sampling (4 threads)  66%|████████████████████          |  ETA: 2:15:10
Sampling (4 threads)  67%|████████████████████▏         |  ETA: 2:12:09
Sampling (4 threads)  68%|████████████████████▎         |  ETA: 2:10:29
Sampling (4 threads)  68%|████████████████████▍         |  ETA: 2:07:32
Sampling (4 threads)  68%|████████████████████▌         |  ETA: 2:05:46
Sampling (4 threads)  69%|████████████████████▊         |  ETA: 2:02:53
Sampling (4 threads)  70%|████████████████████▉         |  ETA: 2:01:13
Sampling (4 threads)  70%|█████████████████████         |  ETA: 1:58:23
Sampling (4 threads)  70%|█████████████████████▏        |  ETA: 1:56:56
Sampling (4 threads)  71%|█████████████████████▎        |  ETA: 1:54:08
Sampling (4 threads)  72%|█████████████████████▌        |  ETA: 1:51:23
Sampling (4 threads)  72%|█████████████████████▋        |  ETA: 1:50:42
Sampling (4 threads)  72%|█████████████████████▊        |  ETA: 1:47:59
Sampling (4 threads)  73%|█████████████████████▉        |  ETA: 1:45:17
Sampling (4 threads)  74%|██████████████████████        |  ETA: 1:44:36
Sampling (4 threads)  74%|██████████████████████▎       |  ETA: 1:41:56
Sampling (4 threads)  74%|██████████████████████▍       |  ETA: 1:39:18
Sampling (4 threads)  75%|██████████████████████▌       |  ETA: 1:37:35
Sampling (4 threads)  76%|██████████████████████▋       |  ETA: 1:35:00
Sampling (4 threads)  76%|██████████████████████▊       |  ETA: 1:33:14
Sampling (4 threads)  76%|███████████████████████       |  ETA: 1:30:42
Sampling (4 threads)  77%|███████████████████████▏      |  ETA: 1:29:03
Sampling (4 threads)  78%|███████████████████████▎      |  ETA: 1:26:33
Sampling (4 threads)  78%|███████████████████████▍      |  ETA: 1:24:56
Sampling (4 threads)  78%|███████████████████████▌      |  ETA: 1:22:28
Sampling (4 threads)  79%|███████████████████████▊      |  ETA: 1:20:57
Sampling (4 threads)  80%|███████████████████████▉      |  ETA: 1:18:32
Sampling (4 threads)  80%|████████████████████████      |  ETA: 1:16:53
Sampling (4 threads)  80%|████████████████████████▏     |  ETA: 1:14:29
Sampling (4 threads)  81%|████████████████████████▎     |  ETA: 1:12:48
Sampling (4 threads)  82%|████████████████████████▌     |  ETA: 1:10:27
Sampling (4 threads)  82%|████████████████████████▋     |  ETA: 1:08:50
Sampling (4 threads)  82%|████████████████████████▊     |  ETA: 1:06:31
Sampling (4 threads)  83%|████████████████████████▉     |  ETA: 1:04:53
Sampling (4 threads)  84%|█████████████████████████     |  ETA: 1:02:36
Sampling (4 threads)  84%|█████████████████████████▎    |  ETA: 1:00:53
Sampling (4 threads)  84%|█████████████████████████▍    |  ETA: 0:58:38
Sampling (4 threads)  85%|█████████████████████████▌    |  ETA: 0:56:56
Sampling (4 threads)  86%|█████████████████████████▋    |  ETA: 0:54:43
Sampling (4 threads)  86%|█████████████████████████▊    |  ETA: 0:52:56
Sampling (4 threads)  86%|██████████████████████████    |  ETA: 0:50:45
Sampling (4 threads)  87%|██████████████████████████▏   |  ETA: 0:49:05
Sampling (4 threads)  88%|██████████████████████████▎   |  ETA: 0:46:56
Sampling (4 threads)  88%|██████████████████████████▍   |  ETA: 0:44:48
Sampling (4 threads)  88%|██████████████████████████▌   |  ETA: 0:43:04
Sampling (4 threads)  89%|██████████████████████████▊   |  ETA: 0:40:58
Sampling (4 threads)  90%|██████████████████████████▉   |  ETA: 0:39:12
Sampling (4 threads)  90%|███████████████████████████   |  ETA: 0:37:08
Sampling (4 threads)  90%|███████████████████████████▏  |  ETA: 0:35:36
Sampling (4 threads)  91%|███████████████████████████▎  |  ETA: 0:33:32
Sampling (4 threads)  92%|███████████████████████████▌  |  ETA: 0:31:30
Sampling (4 threads)  92%|███████████████████████████▋  |  ETA: 0:29:46
Sampling (4 threads)  92%|███████████████████████████▊  |  ETA: 0:27:46
Sampling (4 threads)  93%|███████████████████████████▉  |  ETA: 0:26:11
Sampling (4 threads)  94%|████████████████████████████  |  ETA: 0:24:11
Sampling (4 threads)  94%|████████████████████████████▎ |  ETA: 0:22:12
Sampling (4 threads)  94%|████████████████████████████▍ |  ETA: 0:20:24
Sampling (4 threads)  95%|████████████████████████████▌ |  ETA: 0:18:27
Sampling (4 threads)  96%|████████████████████████████▋ |  ETA: 0:16:32
Sampling (4 threads)  96%|████████████████████████████▊ |  ETA: 0:14:42
Sampling (4 threads)  96%|█████████████████████████████ |  ETA: 0:12:53
Sampling (4 threads)  97%|█████████████████████████████▏|  ETA: 0:11:05
Sampling (4 threads)  98%|█████████████████████████████▎|  ETA: 0:09:18
Sampling (4 threads)  98%|█████████████████████████████▍|  ETA: 0:07:30
Sampling (4 threads)  98%|█████████████████████████████▌|  ETA: 0:05:39
Sampling (4 threads)  99%|█████████████████████████████▊|  ETA: 0:03:47
Sampling (4 threads) 100%|█████████████████████████████▉|  ETA: 0:01:54
Sampling (4 threads) 100%|██████████████████████████████| Time: 6:21:46
Sampling (4 threads) 100%|██████████████████████████████| Time: 6:21:49
┌ Warning: Runtime invalidation was disabled, but the CPU info is out-of-date.
│ Will continue with incorrect CPU name (from build time).
└ @ HostCPUFeatures ~/.julia/packages/HostCPUFeatures/ZTXz4/src/cpu_info.jl:71
┌ Warning: Runtime invalidation was disabled, but the CPU info is out-of-date.
│ Will continue with incorrect CPU feature flag: +avx512vnni.
└ @ HostCPUFeatures ~/.julia/packages/HostCPUFeatures/ZTXz4/src/cpu_info.jl:56
┌ Warning: Runtime invalidation was disabled, but the CPU info is out-of-date.
│ Will continue with incorrect CPU feature flag: -rtm.
└ @ HostCPUFeatures ~/.julia/packages/HostCPUFeatures/ZTXz4/src/cpu_info.jl:56
Sampling (4 threads)   0%|                              |  ETA: N/A
┌ Info: Found initial step size
└   ϵ = 0.00078125
┌ Info: Found initial step size
└   ϵ = 0.0015625
┌ Info: Found initial step size
└   ϵ = 0.003125
┌ Info: Found initial step size
└   ϵ = 0.00625
Sampling (4 threads)   0%|▏                             |  ETA: 9 days, 20:20:31
Sampling (4 threads)   1%|▎                             |  ETA: 4 days, 21:34:43
Sampling (4 threads)   2%|▌                             |  ETA: 3 days, 16:21:41
Sampling (4 threads)   2%|▋                             |  ETA: 2 days, 17:56:05
Sampling (4 threads)   2%|▊                             |  ETA: 2 days, 4:28:43
Sampling (4 threads)   3%|▉                             |  ETA: 1 days, 22:50:27
Sampling (4 threads)   4%|█                             |  ETA: 1 days, 15:56:32
Sampling (4 threads)   4%|█▎                            |  ETA: 1 days, 12:37:23
Sampling (4 threads)   4%|█▍                            |  ETA: 1 days, 8:23:04
Sampling (4 threads)   5%|█▌                            |  ETA: 1 days, 6:36:07
Sampling (4 threads)   6%|█▋                            |  ETA: 1 days, 3:40:25
Sampling (4 threads)   6%|█▊                            |  ETA: 1 days, 1:14:00
Sampling (4 threads)   6%|██                            |  ETA: 23:10:06
Sampling (4 threads)   7%|██▏                           |  ETA: 22:32:05
Sampling (4 threads)   8%|██▎                           |  ETA: 20:55:10
Sampling (4 threads)   8%|██▍                           |  ETA: 20:14:23
Sampling (4 threads)   8%|██▌                           |  ETA: 18:56:44
Sampling (4 threads)   9%|██▊                           |  ETA: 17:47:43
Sampling (4 threads)  10%|██▉                           |  ETA: 17:28:39
Sampling (4 threads)  10%|███                           |  ETA: 16:30:42
Sampling (4 threads)  10%|███▏                          |  ETA: 15:38:17
Sampling (4 threads)  11%|███▎                          |  ETA: 15:21:37
Sampling (4 threads)  12%|███▌                          |  ETA: 14:36:36
Sampling (4 threads)  12%|███▋                          |  ETA: 13:55:20
Sampling (4 threads)  12%|███▊                          |  ETA: 13:33:16
Sampling (4 threads)  13%|███▉                          |  ETA: 12:57:31
Sampling (4 threads)  14%|████                          |  ETA: 12:52:05
Sampling (4 threads)  14%|████▎                         |  ETA: 12:20:12
Sampling (4 threads)  14%|████▍                         |  ETA: 11:50:31
Sampling (4 threads)  15%|████▌                         |  ETA: 11:45:55
Sampling (4 threads)  16%|████▋                         |  ETA: 11:19:08
Sampling (4 threads)  16%|████▊                         |  ETA: 10:54:01
Sampling (4 threads)  16%|█████                         |  ETA: 10:51:38
Sampling (4 threads)  17%|█████▏                        |  ETA: 10:28:40
Sampling (4 threads)  18%|█████▎                        |  ETA: 10:07:02
Sampling (4 threads)  18%|█████▍                        |  ETA: 10:09:12
Sampling (4 threads)  18%|█████▌                        |  ETA: 9:49:07
Sampling (4 threads)  19%|█████▊                        |  ETA: 9:30:06
Sampling (4 threads)  20%|█████▉                        |  ETA: 9:27:55
Sampling (4 threads)  20%|██████                        |  ETA: 9:10:17
Sampling (4 threads)  20%|██████▏                       |  ETA: 9:10:10
Sampling (4 threads)  21%|██████▎                       |  ETA: 8:53:41
Sampling (4 threads)  22%|██████▌                       |  ETA: 8:37:58
Sampling (4 threads)  22%|██████▋                       |  ETA: 8:38:35
Sampling (4 threads)  22%|██████▊                       |  ETA: 8:23:48
Sampling (4 threads)  23%|██████▉                       |  ETA: 8:09:40
Sampling (4 threads)  24%|███████                       |  ETA: 8:09:23
Sampling (4 threads)  24%|███████▎                      |  ETA: 7:56:03
Sampling (4 threads)  24%|███████▍                      |  ETA: 7:50:07
Sampling (4 threads)  25%|███████▌                      |  ETA: 7:37:40
Sampling (4 threads)  26%|███████▋                      |  ETA: 7:38:15
Sampling (4 threads)  26%|███████▊                      |  ETA: 7:26:25
Sampling (4 threads)  26%|████████                      |  ETA: 7:15:02
Sampling (4 threads)  27%|████████▏                     |  ETA: 7:17:05
Sampling (4 threads)  28%|████████▎                     |  ETA: 7:06:12
Sampling (4 threads)  28%|████████▍                     |  ETA: 6:55:42
Sampling (4 threads)  28%|████████▌                     |  ETA: 6:58:05
Sampling (4 threads)  29%|████████▊                     |  ETA: 6:48:00
Sampling (4 threads)  30%|████████▉                     |  ETA: 6:38:16
Sampling (4 threads)  30%|█████████                     |  ETA: 6:39:16
Sampling (4 threads)  30%|█████████▏                    |  ETA: 6:29:55
Sampling (4 threads)  31%|█████████▎                    |  ETA: 6:20:52
Sampling (4 threads)  32%|█████████▌                    |  ETA: 6:21:20
Sampling (4 threads)  32%|█████████▋                    |  ETA: 6:12:38
Sampling (4 threads)  32%|█████████▊                    |  ETA: 6:04:12
Sampling (4 threads)  33%|█████████▉                    |  ETA: 6:05:55
Sampling (4 threads)  34%|██████████                    |  ETA: 5:57:46
Sampling (4 threads)  34%|██████████▎                   |  ETA: 5:49:51
Sampling (4 threads)  34%|██████████▍                   |  ETA: 5:49:54
Sampling (4 threads)  35%|██████████▌                   |  ETA: 5:42:16
Sampling (4 threads)  36%|██████████▋                   |  ETA: 5:34:51
Sampling (4 threads)  36%|██████████▊                   |  ETA: 5:35:46
Sampling (4 threads)  36%|███████████                   |  ETA: 5:28:34
Sampling (4 threads)  37%|███████████▏                  |  ETA: 5:21:35
Sampling (4 threads)  38%|███████████▎                  |  ETA: 5:22:12
Sampling (4 threads)  38%|███████████▍                  |  ETA: 5:15:25
Sampling (4 threads)  38%|███████████▌                  |  ETA: 5:08:49
Sampling (4 threads)  39%|███████████▊                  |  ETA: 5:08:59
Sampling (4 threads)  40%|███████████▉                  |  ETA: 5:02:34
Sampling (4 threads)  40%|████████████                  |  ETA: 4:56:19
Sampling (4 threads)  40%|████████████▏                 |  ETA: 4:56:49
Sampling (4 threads)  41%|████████████▎                 |  ETA: 4:50:44
Sampling (4 threads)  42%|████████████▌                 |  ETA: 4:49:07
Sampling (4 threads)  42%|████████████▋                 |  ETA: 4:43:14
Sampling (4 threads)  42%|████████████▊                 |  ETA: 4:37:29
Sampling (4 threads)  43%|████████████▉                 |  ETA: 4:39:09
Sampling (4 threads)  44%|█████████████                 |  ETA: 4:33:31
Sampling (4 threads)  44%|█████████████▎                |  ETA: 4:28:01
Sampling (4 threads)  44%|█████████████▍                |  ETA: 4:29:01
Sampling (4 threads)  45%|█████████████▌                |  ETA: 4:23:38
Sampling (4 threads)  46%|█████████████▋                |  ETA: 4:18:22
Sampling (4 threads)  46%|█████████████▊                |  ETA: 4:19:25
Sampling (4 threads)  46%|██████████████                |  ETA: 4:14:15
Sampling (4 threads)  47%|██████████████▏               |  ETA: 4:09:12
Sampling (4 threads)  48%|██████████████▎               |  ETA: 4:09:08
Sampling (4 threads)  48%|██████████████▍               |  ETA: 4:04:11
Sampling (4 threads)  48%|██████████████▌               |  ETA: 3:59:21
Sampling (4 threads)  49%|██████████████▊               |  ETA: 3:57:55
Sampling (4 threads)  50%|██████████████▉               |  ETA: 3:53:12
Sampling (4 threads)  50%|███████████████               |  ETA: 3:51:42
Sampling (4 threads)  50%|███████████████▏              |  ETA: 3:47:07
Sampling (4 threads)  51%|███████████████▎              |  ETA: 3:45:51
Sampling (4 threads)  52%|███████████████▌              |  ETA: 3:41:22
Sampling (4 threads)  52%|███████████████▋              |  ETA: 3:36:59
Sampling (4 threads)  52%|███████████████▊              |  ETA: 3:35:16
Sampling (4 threads)  53%|███████████████▉              |  ETA: 3:30:59
Sampling (4 threads)  54%|████████████████              |  ETA: 3:29:23
Sampling (4 threads)  54%|████████████████▎             |  ETA: 3:25:13
Sampling (4 threads)  55%|████████████████▍             |  ETA: 3:23:45
Sampling (4 threads)  55%|████████████████▌             |  ETA: 3:19:41
Sampling (4 threads)  56%|████████████████▋             |  ETA: 3:18:08
Sampling (4 threads)  56%|████████████████▊             |  ETA: 3:14:09
Sampling (4 threads)  56%|█████████████████             |  ETA: 3:12:55
Sampling (4 threads)  57%|█████████████████▏            |  ETA: 3:09:01
Sampling (4 threads)  57%|█████████████████▎            |  ETA: 3:07:32
Sampling (4 threads)  58%|█████████████████▍            |  ETA: 3:03:44
Sampling (4 threads)  58%|█████████████████▌            |  ETA: 3:02:02
Sampling (4 threads)  59%|█████████████████▊            |  ETA: 2:58:19
Sampling (4 threads)  60%|█████████████████▉            |  ETA: 2:56:46
Sampling (4 threads)  60%|██████████████████            |  ETA: 2:53:08
Sampling (4 threads)  60%|██████████████████▏           |  ETA: 2:51:26
Sampling (4 threads)  61%|██████████████████▎           |  ETA: 2:47:53
Sampling (4 threads)  62%|██████████████████▌           |  ETA: 2:44:23
Sampling (4 threads)  62%|██████████████████▋           |  ETA: 2:42:47
Sampling (4 threads)  62%|██████████████████▊           |  ETA: 2:39:21
Sampling (4 threads)  63%|██████████████████▉           |  ETA: 2:38:00
Sampling (4 threads)  64%|███████████████████           |  ETA: 2:34:38
Sampling (4 threads)  64%|███████████████████▎          |  ETA: 2:33:53
Sampling (4 threads)  64%|███████████████████▍          |  ETA: 2:30:34
Sampling (4 threads)  65%|███████████████████▌          |  ETA: 2:27:19
Sampling (4 threads)  66%|███████████████████▋          |  ETA: 2:25:47
Sampling (4 threads)  66%|███████████████████▊          |  ETA: 2:22:35
Sampling (4 threads)  66%|████████████████████          |  ETA: 2:19:26
Sampling (4 threads)  67%|████████████████████▏         |  ETA: 2:18:05
Sampling (4 threads)  68%|████████████████████▎         |  ETA: 2:14:59
Sampling (4 threads)  68%|████████████████████▍         |  ETA: 2:13:14
Sampling (4 threads)  68%|████████████████████▌         |  ETA: 2:10:12
Sampling (4 threads)  69%|████████████████████▊         |  ETA: 2:08:42
Sampling (4 threads)  70%|████████████████████▉         |  ETA: 2:05:42
Sampling (4 threads)  70%|█████████████████████         |  ETA: 2:04:00
Sampling (4 threads)  70%|█████████████████████▏        |  ETA: 2:01:04
Sampling (4 threads)  71%|█████████████████████▎        |  ETA: 1:59:14
Sampling (4 threads)  72%|█████████████████████▌        |  ETA: 1:56:22
Sampling (4 threads)  72%|█████████████████████▋        |  ETA: 1:54:40
Sampling (4 threads)  72%|█████████████████████▊        |  ETA: 1:51:51
Sampling (4 threads)  73%|█████████████████████▉        |  ETA: 1:51:11
Sampling (4 threads)  74%|██████████████████████        |  ETA: 1:48:23
Sampling (4 threads)  74%|██████████████████████▎       |  ETA: 1:45:37
Sampling (4 threads)  74%|██████████████████████▍       |  ETA: 1:44:39
Sampling (4 threads)  75%|██████████████████████▌       |  ETA: 1:41:55
Sampling (4 threads)  76%|██████████████████████▋       |  ETA: 1:39:13
Sampling (4 threads)  76%|██████████████████████▊       |  ETA: 1:37:54
Sampling (4 threads)  76%|███████████████████████       |  ETA: 1:35:14
Sampling (4 threads)  77%|███████████████████████▏      |  ETA: 1:32:36
Sampling (4 threads)  78%|███████████████████████▎      |  ETA: 1:31:35
Sampling (4 threads)  78%|███████████████████████▍      |  ETA: 1:28:58
Sampling (4 threads)  78%|███████████████████████▌      |  ETA: 1:26:24
Sampling (4 threads)  79%|███████████████████████▊      |  ETA: 1:24:43
Sampling (4 threads)  80%|███████████████████████▉      |  ETA: 1:22:11
Sampling (4 threads)  80%|████████████████████████      |  ETA: 1:19:41
Sampling (4 threads)  80%|████████████████████████▏     |  ETA: 1:18:37
Sampling (4 threads)  81%|████████████████████████▎     |  ETA: 1:16:07
Sampling (4 threads)  82%|████████████████████████▌     |  ETA: 1:13:40
Sampling (4 threads)  82%|████████████████████████▋     |  ETA: 1:11:56
Sampling (4 threads)  82%|████████████████████████▊     |  ETA: 1:09:31
Sampling (4 threads)  83%|████████████████████████▉     |  ETA: 1:07:43
Sampling (4 threads)  84%|█████████████████████████     |  ETA: 1:05:20
Sampling (4 threads)  84%|█████████████████████████▎    |  ETA: 1:03:36
Sampling (4 threads)  84%|█████████████████████████▍    |  ETA: 1:01:15
Sampling (4 threads)  85%|█████████████████████████▌    |  ETA: 0:59:27
Sampling (4 threads)  86%|█████████████████████████▋    |  ETA: 0:57:07
Sampling (4 threads)  86%|█████████████████████████▊    |  ETA: 0:54:50
Sampling (4 threads)  86%|██████████████████████████    |  ETA: 0:52:53
Sampling (4 threads)  87%|██████████████████████████▏   |  ETA: 0:50:55
Sampling (4 threads)  88%|██████████████████████████▎   |  ETA: 0:48:49
Sampling (4 threads)  88%|██████████████████████████▍   |  ETA: 0:46:52
Sampling (4 threads)  88%|██████████████████████████▌   |  ETA: 0:44:53
Sampling (4 threads)  89%|██████████████████████████▊   |  ETA: 0:42:52
Sampling (4 threads)  90%|██████████████████████████▉   |  ETA: 0:40:59
Sampling (4 threads)  90%|███████████████████████████   |  ETA: 0:38:54
Sampling (4 threads)  90%|███████████████████████████▏  |  ETA: 0:37:01
Sampling (4 threads)  91%|███████████████████████████▎  |  ETA: 0:35:00
Sampling (4 threads)  92%|███████████████████████████▌  |  ETA: 0:33:03
Sampling (4 threads)  92%|███████████████████████████▋  |  ETA: 0:31:10
Sampling (4 threads)  92%|███████████████████████████▊  |  ETA: 0:29:06
Sampling (4 threads)  93%|███████████████████████████▉  |  ETA: 0:27:12
Sampling (4 threads)  94%|████████████████████████████  |  ETA: 0:25:17
Sampling (4 threads)  94%|████████████████████████████▎ |  ETA: 0:23:16
Sampling (4 threads)  94%|████████████████████████████▍ |  ETA: 0:21:21
Sampling (4 threads)  95%|████████████████████████████▌ |  ETA: 0:19:25
Sampling (4 threads)  96%|████████████████████████████▋ |  ETA: 0:17:31
Sampling (4 threads)  96%|████████████████████████████▊ |  ETA: 0:15:35
Sampling (4 threads)  96%|█████████████████████████████ |  ETA: 0:13:39
Sampling (4 threads)  97%|█████████████████████████████▏|  ETA: 0:11:43
Sampling (4 threads)  98%|█████████████████████████████▎|  ETA: 0:09:47
Sampling (4 threads)  98%|█████████████████████████████▍|  ETA: 0:07:50
Sampling (4 threads)  98%|█████████████████████████████▌|  ETA: 0:05:53
Sampling (4 threads)  99%|█████████████████████████████▊|  ETA: 0:03:56
Sampling (4 threads) 100%|█████████████████████████████▉|  ETA: 0:01:58
Sampling (4 threads) 100%|██████████████████████████████| Time: 6:35:29
Sampling (4 threads) 100%|██████████████████████████████| Time: 6:35:32
ERROR: LoadError: MethodError: no method matching plotGraphs(::String, ::Vector{String}, ::Vector{RGB{Float64}}, ::Int64)

Closest candidates are:
  plotGraphs(::Any, ::Any, ::Any, ::Any, !Matched::Any)
   @ Main ~/bayesian/BC4/Bayes/wordType_experiments/plottingFuncs.jl:261

Stacktrace:
 [1] concludeAndPlot(m::Chains{Float64, AxisArray{Float64, 3, Array{Float64, 3}, Tuple{Axis{:iter, StepRange{Int64, Int64}}, Axis{:var, Vector{Symbol}}, Axis{:chain, UnitRange{Int64}}}}, Missing, @NamedTuple{parameters::Vector{Symbol}, internals::Vector{Symbol}}, @NamedTuple{varname_to_symbol::OrderedDict{AbstractPPL.VarName, Symbol}, start_time::Vector{Float64}, stop_time::Vector{Float64}, samplerstate::Vector{Nothing}}}, output_loc::String, pc::Int64, wordTypes::Vector{String}, cols::Vector{RGB{Float64}}, noPCS::Int64)
   @ Main ~/bayesian/BC4/Bayes/wordType_experiments/plottingFuncs.jl:21
 [2] runModel(model::DynamicPPL.Model{typeof(model_exp), (:participant, :word, :surprisal, :tags, :PCA, :ExpMean, :cauchyMean, :NUM_TYPES, :NUM_PARTICIPANTS), (), (), Tuple{Vector{Int64}, Vector{Float64}, Vector{Float64}, Vector{Int64}, Vector{Float64}, Float64, Float64, Int64, Int64}, Tuple{}, DynamicPPL.DefaultContext}, df_modified::DataFrame, dfPCA::DataFrame, pc::Int64, NUM_PARTICIPANTS::Int64, NUM_WORDS::Int64, TYPE_STRUCTURE::String, NUM_TYPES::Int64, wordTypes::Vector{String}, cols::Vector{RGB{Float64}}, isPlotting::Int64, analyseEssRhat::Int64, output_loc::String, expMean::Float64, cauchyMean::Float64, noPCS::Int64, noInChain::Int64)
   @ Main ~/bayesian/BC4/Bayes/wordType_experiments/model_master.jl:134
 [3] top-level scope
   @ ~/bayesian/BC4/Bayes/wordType_experiments/models/__1_Longchain/model.jl:15
in expression starting at /user/home/em18564/bayesian/BC4/Bayes/wordType_experiments/models/__1_Longchain/model.jl:15
