cpu-bind=MASK - bp1-compute018, task  0  0 [1550847]: mask 0x4008000400800 set
cpu-bind=MASK - bp1-compute018, task  0  0 [1550846]: mask 0x18000001800000 set
Running on host bp1-compute018
Running on host bp1-compute018
Time is Mon Sep 14 18:35:12 BST 2026
Directory is /user/home/em18564/bayesian/BC4/Bayes/wordType_experiments/models/_1_4
Slurm job ID is 18956185
This job runs on the following machines:
Time is Mon Sep 14 18:35:12 BST 2026
Directory is /user/home/em18564/bayesian/BC4/Bayes/wordType_experiments/models/_1_4
Slurm job ID is 18955992
This job runs on the following machines:
bp1-compute018
bp1-compute018
Sampling (4 threads)   0%|                              |  ETA: N/A
┌ Info: Found initial step size
└   ϵ = 0.0015625
┌ Info: Found initial step size
└   ϵ = 0.000390625
┌ Info: Found initial step size
└   ϵ = 0.00625
┌ Info: Found initial step size
└   ϵ = 0.0001953125
Sampling (4 threads)   0%|▏                             |  ETA: 1 days, 7:44:14
Sampling (4 threads)   1%|▎                             |  ETA: 15:47:25
Sampling (4 threads)   2%|▌                             |  ETA: 1 days, 8:41:26
Sampling (4 threads)   2%|▋                             |  ETA: 1 days, 0:23:37
Sampling (4 threads)   2%|▊                             |  ETA: 19:24:55
Sampling (4 threads)   3%|▉                             |  ETA: 1 days, 3:22:41
Sampling (4 threads)   4%|█                             |  ETA: 23:20:45
Sampling (4 threads)   4%|█▎                            |  ETA: 20:19:18
Sampling (4 threads)   4%|█▍                            |  ETA: 17:58:11
Sampling (4 threads)   5%|█▌                            |  ETA: 18:57:53
Sampling (4 threads)   6%|█▋                            |  ETA: 17:09:00
Sampling (4 threads)   6%|█▊                            |  ETA: 16:16:24
Sampling (4 threads)   6%|██                            |  ETA: 14:56:29
Sampling (4 threads)   7%|██▏                           |  ETA: 13:48:00
Sampling (4 threads)   8%|██▎                           |  ETA: 13:14:26
Sampling (4 threads)   8%|██▍                           |  ETA: 12:20:46
Sampling (4 threads)   8%|██▌                           |  ETA: 11:57:14
Sampling (4 threads)   9%|██▊                           |  ETA: 11:13:41
Sampling (4 threads)  10%|██▉                           |  ETA: 10:34:43
Sampling (4 threads)  10%|███                           |  ETA: 10:14:36
Sampling (4 threads)  10%|███▏                          |  ETA: 9:42:05
Sampling (4 threads)  11%|███▎                          |  ETA: 9:30:46
Sampling (4 threads)  12%|███▌                          |  ETA: 9:02:53
Sampling (4 threads)  12%|███▋                          |  ETA: 8:52:53
Sampling (4 threads)  12%|███▊                          |  ETA: 8:28:40
Sampling (4 threads)  13%|███▉                          |  ETA: 8:06:19
Sampling (4 threads)  14%|████                          |  ETA: 7:57:51
Sampling (4 threads)  14%|████▎                         |  ETA: 7:38:08
Sampling (4 threads)  14%|████▍                         |  ETA: 7:19:46
Sampling (4 threads)  15%|████▌                         |  ETA: 7:14:15
Sampling (4 threads)  16%|████▋                         |  ETA: 6:57:46
Sampling (4 threads)  16%|████▊                         |  ETA: 6:52:56
Sampling (4 threads)  16%|█████                         |  ETA: 6:38:02
Sampling (4 threads)  17%|█████▏                        |  ETA: 6:24:01
Sampling (4 threads)  18%|█████▎                        |  ETA: 6:18:51
Sampling (4 threads)  18%|█████▍                        |  ETA: 6:06:06
Sampling (4 threads)  18%|█████▌                        |  ETA: 5:58:47
Sampling (4 threads)  19%|█████▊                        |  ETA: 5:47:12
Sampling (4 threads)  20%|█████▉                        |  ETA: 5:36:13
Sampling (4 threads)  20%|██████                        |  ETA: 5:29:45
Sampling (4 threads)  20%|██████▏                       |  ETA: 5:19:42
Sampling (4 threads)  21%|██████▎                       |  ETA: 5:14:14
Sampling (4 threads)  22%|██████▌                       |  ETA: 5:04:59
Sampling (4 threads)  22%|██████▋                       |  ETA: 5:00:22
Sampling (4 threads)  22%|██████▊                       |  ETA: 4:51:49
Sampling (4 threads)  23%|██████▉                       |  ETA: 4:43:38
Sampling (4 threads)  24%|███████                       |  ETA: 4:40:06
Sampling (4 threads)  24%|███████▎                      |  ETA: 4:32:29
Sampling (4 threads)  24%|███████▍                      |  ETA: 4:25:10
Sampling (4 threads)  25%|███████▌                      |  ETA: 4:21:21
Sampling (4 threads)  26%|███████▋                      |  ETA: 4:14:31
Sampling (4 threads)  26%|███████▊                      |  ETA: 4:10:42
Sampling (4 threads)  26%|████████                      |  ETA: 4:04:19
Sampling (4 threads)  27%|████████▏                     |  ETA: 4:01:20
Sampling (4 threads)  28%|████████▎                     |  ETA: 3:55:19
Sampling (4 threads)  28%|████████▍                     |  ETA: 3:49:31
Sampling (4 threads)  28%|████████▌                     |  ETA: 3:46:42
Sampling (4 threads)  29%|████████▊                     |  ETA: 3:41:14
Sampling (4 threads)  30%|████████▉                     |  ETA: 3:38:48
Sampling (4 threads)  30%|█████████                     |  ETA: 3:33:37
Sampling (4 threads)  30%|█████████▏                    |  ETA: 3:28:37
Sampling (4 threads)  31%|█████████▎                    |  ETA: 3:26:26
Sampling (4 threads)  32%|█████████▌                    |  ETA: 3:21:41
Sampling (4 threads)  32%|█████████▋                    |  ETA: 3:17:05
Sampling (4 threads)  32%|█████████▊                    |  ETA: 3:14:38
Sampling (4 threads)  33%|█████████▉                    |  ETA: 3:10:16
Sampling (4 threads)  34%|██████████                    |  ETA: 3:08:01
Sampling (4 threads)  34%|██████████▎                   |  ETA: 3:03:52
Sampling (4 threads)  34%|██████████▍                   |  ETA: 2:59:49
Sampling (4 threads)  35%|██████████▌                   |  ETA: 2:58:26
Sampling (4 threads)  36%|██████████▋                   |  ETA: 2:54:34
Sampling (4 threads)  36%|██████████▊                   |  ETA: 2:50:49
Sampling (4 threads)  36%|███████████                   |  ETA: 2:47:09
Sampling (4 threads)  37%|███████████▏                  |  ETA: 2:45:08
Sampling (4 threads)  38%|███████████▎                  |  ETA: 2:41:38
Sampling (4 threads)  38%|███████████▍                  |  ETA: 2:39:20
Sampling (4 threads)  38%|███████████▌                  |  ETA: 2:36:00
Sampling (4 threads)  39%|███████████▊                  |  ETA: 2:33:58
Sampling (4 threads)  40%|███████████▉                  |  ETA: 2:30:47
Sampling (4 threads)  40%|████████████                  |  ETA: 2:29:19
Sampling (4 threads)  40%|████████████▏                 |  ETA: 2:26:14
Sampling (4 threads)  41%|████████████▎                 |  ETA: 2:23:14
Sampling (4 threads)  42%|████████████▌                 |  ETA: 2:21:14
Sampling (4 threads)  42%|████████████▋                 |  ETA: 2:18:22
Sampling (4 threads)  42%|████████████▊                 |  ETA: 2:16:36
Sampling (4 threads)  43%|████████████▉                 |  ETA: 2:13:50
Sampling (4 threads)  44%|█████████████                 |  ETA: 2:11:08
Sampling (4 threads)  44%|█████████████▎                |  ETA: 2:09:23
Sampling (4 threads)  44%|█████████████▍                |  ETA: 2:06:47
Sampling (4 threads)  45%|█████████████▌                |  ETA: 2:05:11
Sampling (4 threads)  46%|█████████████▋                |  ETA: 2:02:41
Sampling (4 threads)  46%|█████████████▊                |  ETA: 2:01:10
Sampling (4 threads)  46%|██████████████                |  ETA: 1:58:46
Sampling (4 threads)  47%|██████████████▏               |  ETA: 1:56:24
Sampling (4 threads)  48%|██████████████▎               |  ETA: 1:55:09
Sampling (4 threads)  48%|██████████████▍               |  ETA: 1:52:52
Sampling (4 threads)  48%|██████████████▌               |  ETA: 1:50:38
Sampling (4 threads)  49%|██████████████▊               |  ETA: 1:49:26
Sampling (4 threads)  50%|██████████████▉               |  ETA: 1:47:16
Sampling (4 threads)  50%|███████████████               |  ETA: 1:45:08
Sampling (4 threads)  50%|███████████████▏              |  ETA: 1:43:55
Sampling (4 threads)  51%|███████████████▎              |  ETA: 1:41:51
Sampling (4 threads)  52%|███████████████▌              |  ETA: 1:39:50
Sampling (4 threads)  52%|███████████████▋              |  ETA: 1:38:50
Sampling (4 threads)  52%|███████████████▊              |  ETA: 1:36:52
Sampling (4 threads)  53%|███████████████▉              |  ETA: 1:34:57
Sampling (4 threads)  54%|████████████████              |  ETA: 1:34:06
Sampling (4 threads)  54%|████████████████▎             |  ETA: 1:32:13
Sampling (4 threads)  55%|████████████████▍             |  ETA: 1:30:23
Sampling (4 threads)  55%|████████████████▌             |  ETA: 1:28:34
Sampling (4 threads)  56%|████████████████▋             |  ETA: 1:27:38
Sampling (4 threads)  56%|████████████████▊             |  ETA: 1:25:53
Sampling (4 threads)  56%|█████████████████             |  ETA: 1:24:40
Sampling (4 threads)  57%|█████████████████▏            |  ETA: 1:22:58
Sampling (4 threads)  57%|█████████████████▎            |  ETA: 1:21:49
Sampling (4 threads)  58%|█████████████████▍            |  ETA: 1:20:09
Sampling (4 threads)  58%|█████████████████▌            |  ETA: 1:19:17
Sampling (4 threads)  59%|█████████████████▊            |  ETA: 1:17:40
Sampling (4 threads)  60%|█████████████████▉            |  ETA: 1:16:04
Sampling (4 threads)  60%|██████████████████            |  ETA: 1:14:30
Sampling (4 threads)  60%|██████████████████▏           |  ETA: 1:13:37
Sampling (4 threads)  61%|██████████████████▎           |  ETA: 1:12:05
Sampling (4 threads)  62%|██████████████████▌           |  ETA: 1:10:35
Sampling (4 threads)  62%|██████████████████▋           |  ETA: 1:09:41
Sampling (4 threads)  62%|██████████████████▊           |  ETA: 1:08:13
Sampling (4 threads)  63%|██████████████████▉           |  ETA: 1:06:46
Sampling (4 threads)  64%|███████████████████           |  ETA: 1:05:45
Sampling (4 threads)  64%|███████████████████▎          |  ETA: 1:04:21
Sampling (4 threads)  64%|███████████████████▍          |  ETA: 1:03:20
Sampling (4 threads)  65%|███████████████████▌          |  ETA: 1:01:57
Sampling (4 threads)  66%|███████████████████▋          |  ETA: 1:01:09
Sampling (4 threads)  66%|███████████████████▊          |  ETA: 0:59:49
Sampling (4 threads)  66%|████████████████████          |  ETA: 0:58:29
Sampling (4 threads)  67%|████████████████████▏         |  ETA: 0:57:11
Sampling (4 threads)  68%|████████████████████▎         |  ETA: 0:56:19
Sampling (4 threads)  68%|████████████████████▍         |  ETA: 0:55:03
Sampling (4 threads)  68%|████████████████████▌         |  ETA: 0:54:09
Sampling (4 threads)  69%|████████████████████▊         |  ETA: 0:52:54
Sampling (4 threads)  70%|████████████████████▉         |  ETA: 0:51:59
Sampling (4 threads)  70%|█████████████████████         |  ETA: 0:50:46
Sampling (4 threads)  70%|█████████████████████▏        |  ETA: 0:50:00
Sampling (4 threads)  71%|█████████████████████▎        |  ETA: 0:48:49
Sampling (4 threads)  72%|█████████████████████▌        |  ETA: 0:47:38
Sampling (4 threads)  72%|█████████████████████▋        |  ETA: 0:46:28
Sampling (4 threads)  72%|█████████████████████▊        |  ETA: 0:45:32
Sampling (4 threads)  73%|█████████████████████▉        |  ETA: 0:44:31
Sampling (4 threads)  74%|██████████████████████        |  ETA: 0:43:32
Sampling (4 threads)  74%|██████████████████████▎       |  ETA: 0:42:32
Sampling (4 threads)  74%|██████████████████████▍       |  ETA: 0:41:39
Sampling (4 threads)  75%|██████████████████████▌       |  ETA: 0:40:39
Sampling (4 threads)  76%|██████████████████████▋       |  ETA: 0:39:40
Sampling (4 threads)  76%|██████████████████████▊       |  ETA: 0:38:44
Sampling (4 threads)  76%|███████████████████████       |  ETA: 0:37:48
Sampling (4 threads)  77%|███████████████████████▏      |  ETA: 0:36:50
Sampling (4 threads)  78%|███████████████████████▎      |  ETA: 0:35:54
Sampling (4 threads)  78%|███████████████████████▍      |  ETA: 0:35:00
Sampling (4 threads)  78%|███████████████████████▌      |  ETA: 0:34:07
Sampling (4 threads)  79%|███████████████████████▊      |  ETA: 0:33:13
Sampling (4 threads)  80%|███████████████████████▉      |  ETA: 0:32:17
Sampling (4 threads)  80%|████████████████████████      |  ETA: 0:31:23
Sampling (4 threads)  80%|████████████████████████▏     |  ETA: 0:30:31
Sampling (4 threads)  81%|████████████████████████▎     |  ETA: 0:29:38
Sampling (4 threads)  82%|████████████████████████▌     |  ETA: 0:28:47
Sampling (4 threads)  82%|████████████████████████▋     |  ETA: 0:27:55
Sampling (4 threads)  82%|████████████████████████▊     |  ETA: 0:27:06
Sampling (4 threads)  83%|████████████████████████▉     |  ETA: 0:26:15
Sampling (4 threads)  84%|█████████████████████████     |  ETA: 0:25:23
Sampling (4 threads)  84%|█████████████████████████▎    |  ETA: 0:24:33
Sampling (4 threads)  84%|█████████████████████████▍    |  ETA: 0:23:43
Sampling (4 threads)  85%|█████████████████████████▌    |  ETA: 0:22:53
Sampling (4 threads)  86%|█████████████████████████▋    |  ETA: 0:22:02
Sampling (4 threads)  86%|█████████████████████████▊    |  ETA: 0:21:13
Sampling (4 threads)  86%|██████████████████████████    |  ETA: 0:20:26
Sampling (4 threads)  87%|██████████████████████████▏   |  ETA: 0:19:38
Sampling (4 threads)  88%|██████████████████████████▎   |  ETA: 0:18:48
Sampling (4 threads)  88%|██████████████████████████▍   |  ETA: 0:18:00
Sampling (4 threads)  88%|██████████████████████████▌   |  ETA: 0:17:12
Sampling (4 threads)  89%|██████████████████████████▊   |  ETA: 0:16:25
Sampling (4 threads)  90%|██████████████████████████▉   |  ETA: 0:15:38
Sampling (4 threads)  90%|███████████████████████████   |  ETA: 0:14:52
Sampling (4 threads)  90%|███████████████████████████▏  |  ETA: 0:14:04
Sampling (4 threads)  91%|███████████████████████████▎  |  ETA: 0:13:17
Sampling (4 threads)  92%|███████████████████████████▌  |  ETA: 0:12:30
Sampling (4 threads)  92%|███████████████████████████▋  |  ETA: 0:11:44
Sampling (4 threads)  92%|███████████████████████████▊  |  ETA: 0:10:59
Sampling (4 threads)  93%|███████████████████████████▉  |  ETA: 0:10:13
Sampling (4 threads)  94%|████████████████████████████  |  ETA: 0:09:27
Sampling (4 threads)  94%|████████████████████████████▎ |  ETA: 0:08:43
Sampling (4 threads)  94%|████████████████████████████▍ |  ETA: 0:07:59
Sampling (4 threads)  95%|████████████████████████████▌ |  ETA: 0:07:14
Sampling (4 threads)  96%|████████████████████████████▋ |  ETA: 0:06:29
Sampling (4 threads)  96%|████████████████████████████▊ |  ETA: 0:05:46
Sampling (4 threads)  96%|█████████████████████████████ |  ETA: 0:05:02
Sampling (4 threads)  97%|█████████████████████████████▏|  ETA: 0:04:18
Sampling (4 threads)  98%|█████████████████████████████▎|  ETA: 0:03:35
Sampling (4 threads)  98%|█████████████████████████████▍|  ETA: 0:02:52
Sampling (4 threads)  98%|█████████████████████████████▌|  ETA: 0:02:09
Sampling (4 threads)  99%|█████████████████████████████▊|  ETA: 0:01:26
Sampling (4 threads) 100%|█████████████████████████████▉|  ETA: 0:00:43
Sampling (4 threads) 100%|██████████████████████████████| Time: 2:23:12
Sampling (4 threads) 100%|██████████████████████████████| Time: 2:23:12
Sampling (4 threads)   0%|                              |  ETA: N/A
┌ Info: Found initial step size
└   ϵ = 0.0001953125
┌ Info: Found initial step size
└   ϵ = 0.00078125
┌ Info: Found initial step size
└   ϵ = 0.0125
┌ Info: Found initial step size
└   ϵ = 0.003125
Sampling (4 threads)   0%|▏                             |  ETA: 1 days, 22:34:59
Sampling (4 threads)   1%|▎                             |  ETA: 23:10:38
Sampling (4 threads)   2%|▌                             |  ETA: 15:22:24
Sampling (4 threads)   2%|▋                             |  ETA: 1 days, 9:55:16
Sampling (4 threads)   2%|▊                             |  ETA: 1 days, 2:59:54
Sampling (4 threads)   3%|▉                             |  ETA: 22:23:00
Sampling (4 threads)   4%|█                             |  ETA: 1 days, 2:20:04
Sampling (4 threads)   4%|█▎                            |  ETA: 22:55:24
Sampling (4 threads)   4%|█▍                            |  ETA: 1 days, 3:54:19
Sampling (4 threads)   5%|█▌                            |  ETA: 1 days, 0:59:00
Sampling (4 threads)   6%|█▋                            |  ETA: 22:35:33
Sampling (4 threads)   6%|█▊                            |  ETA: 23:11:57
Sampling (4 threads)   6%|██                            |  ETA: 21:18:02
Sampling (4 threads)   7%|██▏                           |  ETA: 19:40:24
Sampling (4 threads)   8%|██▎                           |  ETA: 18:15:47
Sampling (4 threads)   8%|██▍                           |  ETA: 18:24:57
Sampling (4 threads)   8%|██▌                           |  ETA: 17:14:18
Sampling (4 threads)   9%|██▊                           |  ETA: 16:11:30
Sampling (4 threads)  10%|██▉                           |  ETA: 15:32:36
Sampling (4 threads)  10%|███                           |  ETA: 14:41:05
Sampling (4 threads)  10%|███▏                          |  ETA: 13:54:28
Sampling (4 threads)  11%|███▎                          |  ETA: 13:24:40
Sampling (4 threads)  12%|███▌                          |  ETA: 12:45:21
Sampling (4 threads)  12%|███▋                          |  ETA: 12:09:19
Sampling (4 threads)  12%|███▊                          |  ETA: 11:45:42
Sampling (4 threads)  13%|███▉                          |  ETA: 11:14:41
Sampling (4 threads)  14%|████                          |  ETA: 10:45:58
Sampling (4 threads)  14%|████▎                         |  ETA: 10:23:43
Sampling (4 threads)  14%|████▍                         |  ETA: 9:58:42
Sampling (4 threads)  15%|████▌                         |  ETA: 9:42:55
Sampling (4 threads)  16%|████▋                         |  ETA: 9:20:47
Sampling (4 threads)  16%|████▊                         |  ETA: 9:05:41
Sampling (4 threads)  16%|█████                         |  ETA: 8:46:00
Sampling (4 threads)  17%|█████▏                        |  ETA: 8:32:17
Sampling (4 threads)  18%|█████▎                        |  ETA: 8:14:39
Sampling (4 threads)  18%|█████▍                        |  ETA: 8:04:47
Sampling (4 threads)  18%|█████▌                        |  ETA: 7:48:48
Sampling (4 threads)  19%|█████▊                        |  ETA: 7:33:40
Sampling (4 threads)  20%|█████▉                        |  ETA: 7:24:42
Sampling (4 threads)  20%|██████                        |  ETA: 7:10:53
Sampling (4 threads)  20%|██████▏                       |  ETA: 6:57:45
Sampling (4 threads)  21%|██████▎                       |  ETA: 6:50:47
Sampling (4 threads)  22%|██████▌                       |  ETA: 6:38:41
Sampling (4 threads)  22%|██████▋                       |  ETA: 6:27:08
Sampling (4 threads)  22%|██████▊                       |  ETA: 6:16:07
Sampling (4 threads)  23%|██████▉                       |  ETA: 6:11:16
Sampling (4 threads)  24%|███████                       |  ETA: 6:01:01
Sampling (4 threads)  24%|███████▎                      |  ETA: 5:51:11
Sampling (4 threads)  24%|███████▍                      |  ETA: 5:44:49
Sampling (4 threads)  25%|███████▌                      |  ETA: 5:35:41
Sampling (4 threads)  26%|███████▋                      |  ETA: 5:30:36
Sampling (4 threads)  26%|███████▊                      |  ETA: 5:22:04
Sampling (4 threads)  26%|████████                      |  ETA: 5:13:52
Sampling (4 threads)  27%|████████▏                     |  ETA: 5:05:57
Sampling (4 threads)  28%|████████▎                     |  ETA: 5:01:52
Sampling (4 threads)  28%|████████▍                     |  ETA: 4:54:26
Sampling (4 threads)  28%|████████▌                     |  ETA: 4:47:15
Sampling (4 threads)  29%|████████▊                     |  ETA: 4:43:44
Sampling (4 threads)  30%|████████▉                     |  ETA: 4:36:58
Sampling (4 threads)  30%|█████████                     |  ETA: 4:30:25
Sampling (4 threads)  30%|█████████▏                    |  ETA: 4:27:44
Sampling (4 threads)  31%|█████████▎                    |  ETA: 4:21:31
Sampling (4 threads)  32%|█████████▌                    |  ETA: 4:15:30
Sampling (4 threads)  32%|█████████▋                    |  ETA: 4:09:40
Sampling (4 threads)  32%|█████████▊                    |  ETA: 4:05:58
Sampling (4 threads)  33%|█████████▉                    |  ETA: 4:00:27
Sampling (4 threads)  34%|██████████                    |  ETA: 3:58:02
Sampling (4 threads)  34%|██████████▎                   |  ETA: 3:52:46
Sampling (4 threads)  34%|██████████▍                   |  ETA: 3:47:39
Sampling (4 threads)  35%|██████████▌                   |  ETA: 3:45:15
Sampling (4 threads)  36%|██████████▋                   |  ETA: 3:40:22
Sampling (4 threads)  36%|██████████▊                   |  ETA: 3:35:38
Sampling (4 threads)  36%|███████████                   |  ETA: 3:32:59
Sampling (4 threads)  37%|███████████▏                  |  ETA: 3:28:27
Sampling (4 threads)  38%|███████████▎                  |  ETA: 3:24:02
Sampling (4 threads)  38%|███████████▍                  |  ETA: 3:19:45
Sampling (4 threads)  38%|███████████▌                  |  ETA: 3:17:35
Sampling (4 threads)  39%|███████████▊                  |  ETA: 3:13:28
Sampling (4 threads)  40%|███████████▉                  |  ETA: 3:09:27
Sampling (4 threads)  40%|████████████                  |  ETA: 3:07:25
Sampling (4 threads)  40%|████████████▏                 |  ETA: 3:03:34
Sampling (4 threads)  41%|████████████▎                 |  ETA: 2:59:48
Sampling (4 threads)  42%|████████████▌                 |  ETA: 2:57:45
Sampling (4 threads)  42%|████████████▋                 |  ETA: 2:54:08
Sampling (4 threads)  42%|████████████▊                 |  ETA: 2:50:36
Sampling (4 threads)  43%|████████████▉                 |  ETA: 2:48:41
Sampling (4 threads)  44%|█████████████                 |  ETA: 2:45:17
Sampling (4 threads)  44%|█████████████▎                |  ETA: 2:41:58
Sampling (4 threads)  44%|█████████████▍                |  ETA: 2:40:16
Sampling (4 threads)  45%|█████████████▌                |  ETA: 2:37:04
Sampling (4 threads)  46%|█████████████▋                |  ETA: 2:33:55
Sampling (4 threads)  46%|█████████████▊                |  ETA: 2:32:08
Sampling (4 threads)  46%|██████████████                |  ETA: 2:29:06
Sampling (4 threads)  47%|██████████████▏               |  ETA: 2:26:08
Sampling (4 threads)  48%|██████████████▎               |  ETA: 2:24:44
Sampling (4 threads)  48%|██████████████▍               |  ETA: 2:21:51
Sampling (4 threads)  48%|██████████████▌               |  ETA: 2:19:03
Sampling (4 threads)  49%|██████████████▊               |  ETA: 2:17:38
Sampling (4 threads)  50%|██████████████▉               |  ETA: 2:14:54
Sampling (4 threads)  50%|███████████████               |  ETA: 2:12:14
Sampling (4 threads)  50%|███████████████▏              |  ETA: 2:10:52
Sampling (4 threads)  51%|███████████████▎              |  ETA: 2:08:17
Sampling (4 threads)  52%|███████████████▌              |  ETA: 2:05:44
Sampling (4 threads)  52%|███████████████▋              |  ETA: 2:04:15
Sampling (4 threads)  52%|███████████████▊              |  ETA: 2:01:47
Sampling (4 threads)  53%|███████████████▉              |  ETA: 2:00:09
Sampling (4 threads)  54%|████████████████              |  ETA: 1:57:45
Sampling (4 threads)  54%|████████████████▎             |  ETA: 1:56:13
Sampling (4 threads)  55%|████████████████▍             |  ETA: 1:53:54
Sampling (4 threads)  55%|████████████████▌             |  ETA: 1:51:37
Sampling (4 threads)  56%|████████████████▋             |  ETA: 1:50:37
Sampling (4 threads)  56%|████████████████▊             |  ETA: 1:48:24
Sampling (4 threads)  56%|█████████████████             |  ETA: 1:46:13
Sampling (4 threads)  57%|█████████████████▏            |  ETA: 1:44:04
Sampling (4 threads)  57%|█████████████████▎            |  ETA: 1:42:43
Sampling (4 threads)  58%|█████████████████▍            |  ETA: 1:40:38
Sampling (4 threads)  58%|█████████████████▌            |  ETA: 1:39:15
Sampling (4 threads)  59%|█████████████████▊            |  ETA: 1:37:13
Sampling (4 threads)  60%|█████████████████▉            |  ETA: 1:35:53
Sampling (4 threads)  60%|██████████████████            |  ETA: 1:33:54
Sampling (4 threads)  60%|██████████████████▏           |  ETA: 1:31:58
Sampling (4 threads)  61%|██████████████████▎           |  ETA: 1:30:44
Sampling (4 threads)  62%|██████████████████▌           |  ETA: 1:28:50
Sampling (4 threads)  62%|██████████████████▋           |  ETA: 1:27:35
Sampling (4 threads)  62%|██████████████████▊           |  ETA: 1:25:45
Sampling (4 threads)  63%|██████████████████▉           |  ETA: 1:24:37
Sampling (4 threads)  64%|███████████████████           |  ETA: 1:22:49
Sampling (4 threads)  64%|███████████████████▎          |  ETA: 1:21:02
Sampling (4 threads)  64%|███████████████████▍          |  ETA: 1:19:49
Sampling (4 threads)  65%|███████████████████▌          |  ETA: 1:18:06
Sampling (4 threads)  66%|███████████████████▋          |  ETA: 1:17:11
Sampling (4 threads)  66%|███████████████████▊          |  ETA: 1:15:29
Sampling (4 threads)  66%|████████████████████          |  ETA: 1:13:49
Sampling (4 threads)  67%|████████████████████▏         |  ETA: 1:12:10
Sampling (4 threads)  68%|████████████████████▎         |  ETA: 1:11:24
Sampling (4 threads)  68%|████████████████████▍         |  ETA: 1:09:47
Sampling (4 threads)  68%|████████████████████▌         |  ETA: 1:08:12
Sampling (4 threads)  69%|████████████████████▊         |  ETA: 1:07:17
Sampling (4 threads)  70%|████████████████████▉         |  ETA: 1:05:43
Sampling (4 threads)  70%|█████████████████████         |  ETA: 1:04:11
Sampling (4 threads)  70%|█████████████████████▏        |  ETA: 1:02:40
Sampling (4 threads)  71%|█████████████████████▎        |  ETA: 1:01:56
Sampling (4 threads)  72%|█████████████████████▌        |  ETA: 1:00:26
Sampling (4 threads)  72%|█████████████████████▋        |  ETA: 0:58:58
Sampling (4 threads)  72%|█████████████████████▊        |  ETA: 0:58:02
Sampling (4 threads)  73%|█████████████████████▉        |  ETA: 0:56:36
Sampling (4 threads)  74%|██████████████████████        |  ETA: 0:55:10
Sampling (4 threads)  74%|██████████████████████▎       |  ETA: 0:54:11
Sampling (4 threads)  74%|██████████████████████▍       |  ETA: 0:52:47
Sampling (4 threads)  75%|██████████████████████▌       |  ETA: 0:51:24
Sampling (4 threads)  76%|██████████████████████▋       |  ETA: 0:50:35
Sampling (4 threads)  76%|██████████████████████▊       |  ETA: 0:49:13
Sampling (4 threads)  76%|███████████████████████       |  ETA: 0:47:53
Sampling (4 threads)  77%|███████████████████████▏      |  ETA: 0:46:34
Sampling (4 threads)  78%|███████████████████████▎      |  ETA: 0:45:43
Sampling (4 threads)  78%|███████████████████████▍      |  ETA: 0:44:25
Sampling (4 threads)  78%|███████████████████████▌      |  ETA: 0:43:08
Sampling (4 threads)  79%|███████████████████████▊      |  ETA: 0:42:11
Sampling (4 threads)  80%|███████████████████████▉      |  ETA: 0:40:56
Sampling (4 threads)  80%|████████████████████████      |  ETA: 0:39:41
Sampling (4 threads)  80%|████████████████████████▏     |  ETA: 0:38:44
Sampling (4 threads)  81%|████████████████████████▎     |  ETA: 0:37:31
Sampling (4 threads)  82%|████████████████████████▌     |  ETA: 0:36:18
Sampling (4 threads)  82%|████████████████████████▋     |  ETA: 0:35:23
Sampling (4 threads)  82%|████████████████████████▊     |  ETA: 0:34:11
Sampling (4 threads)  83%|████████████████████████▉     |  ETA: 0:33:00
Sampling (4 threads)  84%|█████████████████████████     |  ETA: 0:32:04
Sampling (4 threads)  84%|█████████████████████████▎    |  ETA: 0:30:55
Sampling (4 threads)  84%|█████████████████████████▍    |  ETA: 0:29:46
Sampling (4 threads)  85%|█████████████████████████▌    |  ETA: 0:28:47
Sampling (4 threads)  86%|█████████████████████████▋    |  ETA: 0:27:40
Sampling (4 threads)  86%|█████████████████████████▊    |  ETA: 0:26:40
Sampling (4 threads)  86%|██████████████████████████    |  ETA: 0:25:34
Sampling (4 threads)  87%|██████████████████████████▏   |  ETA: 0:24:31
Sampling (4 threads)  88%|██████████████████████████▎   |  ETA: 0:23:32
Sampling (4 threads)  88%|██████████████████████████▍   |  ETA: 0:22:30
Sampling (4 threads)  88%|██████████████████████████▌   |  ETA: 0:21:33
Sampling (4 threads)  89%|██████████████████████████▊   |  ETA: 0:20:33
Sampling (4 threads)  90%|██████████████████████████▉   |  ETA: 0:19:34
Sampling (4 threads)  90%|███████████████████████████   |  ETA: 0:18:37
Sampling (4 threads)  90%|███████████████████████████▏  |  ETA: 0:17:36
Sampling (4 threads)  91%|███████████████████████████▎  |  ETA: 0:16:39
Sampling (4 threads)  92%|███████████████████████████▌  |  ETA: 0:15:40
Sampling (4 threads)  92%|███████████████████████████▋  |  ETA: 0:14:43
Sampling (4 threads)  92%|███████████████████████████▊  |  ETA: 0:13:47
Sampling (4 threads)  93%|███████████████████████████▉  |  ETA: 0:12:51
Sampling (4 threads)  94%|████████████████████████████  |  ETA: 0:11:54
Sampling (4 threads)  94%|████████████████████████████▎ |  ETA: 0:10:58
Sampling (4 threads)  94%|████████████████████████████▍ |  ETA: 0:10:02
Sampling (4 threads)  95%|████████████████████████████▌ |  ETA: 0:09:06
Sampling (4 threads)  96%|████████████████████████████▋ |  ETA: 0:08:11
Sampling (4 threads)  96%|████████████████████████████▊ |  ETA: 0:07:16
Sampling (4 threads)  96%|█████████████████████████████ |  ETA: 0:06:21
Sampling (4 threads)  97%|█████████████████████████████▏|  ETA: 0:05:26
Sampling (4 threads)  98%|█████████████████████████████▎|  ETA: 0:04:31
Sampling (4 threads)  98%|█████████████████████████████▍|  ETA: 0:03:37
Sampling (4 threads)  98%|█████████████████████████████▌|  ETA: 0:02:42
Sampling (4 threads)  99%|█████████████████████████████▊|  ETA: 0:01:48
Sampling (4 threads) 100%|█████████████████████████████▉|  ETA: 0:00:54
Sampling (4 threads) 100%|██████████████████████████████| Time: 2:59:37
Sampling (4 threads) 100%|██████████████████████████████| Time: 2:59:38
Precompiling project...
    DistributionsADReverseDiffExt Being precompiled by another process (pid: 551725, pidfile: /user/home/em18564/.julia/compiled/v1.10/DistributionsADReverseDiffExt/hY00X_4RpdW.ji.pidfile)
  ✗ DistributionsAD → DistributionsADReverseDiffExt
  0 dependencies successfully precompiled in 99 seconds. 549 already precompiled.
Sampling (4 threads)   0%|                              |  ETA: N/A
┌ Info: Found initial step size
└   ϵ = 0.00625
┌ Info: Found initial step size
└   ϵ = 0.0015625
┌ Info: Found initial step size
└   ϵ = 9.765625e-5
┌ Info: Found initial step size
└   ϵ = 0.003125
Sampling (4 threads)   0%|▏                             |  ETA: 1 days, 7:08:54
Sampling (4 threads)   1%|▎                             |  ETA: 15:29:51
Sampling (4 threads)   2%|▌                             |  ETA: 10:16:46
Sampling (4 threads)   2%|▋                             |  ETA: 19:53:09
Sampling (4 threads)   2%|▊                             |  ETA: 15:49:39
Sampling (4 threads)   3%|▉                             |  ETA: 20:19:24
Sampling (4 threads)   4%|█                             |  ETA: 17:19:49
Sampling (4 threads)   4%|█▎                            |  ETA: 1 days, 0:25:01
Sampling (4 threads)   4%|█▍                            |  ETA: 21:35:27
Sampling (4 threads)   5%|█▌                            |  ETA: 19:19:48
Sampling (4 threads)   6%|█▋                            |  ETA: 20:28:40
Sampling (4 threads)   6%|█▊                            |  ETA: 18:40:19
Sampling (4 threads)   6%|██                            |  ETA: 17:39:17
Sampling (4 threads)   7%|██▏                           |  ETA: 16:18:22
Sampling (4 threads)   8%|██▎                           |  ETA: 15:08:14
Sampling (4 threads)   8%|██▍                           |  ETA: 14:31:14
Sampling (4 threads)   8%|██▌                           |  ETA: 13:35:31
Sampling (4 threads)   9%|██▊                           |  ETA: 13:02:48
Sampling (4 threads)  10%|██▉                           |  ETA: 12:17:31
Sampling (4 threads)  10%|███                           |  ETA: 11:36:47
Sampling (4 threads)  10%|███▏                          |  ETA: 11:16:45
Sampling (4 threads)  11%|███▎                          |  ETA: 10:42:22
Sampling (4 threads)  12%|███▌                          |  ETA: 10:28:13
Sampling (4 threads)  12%|███▋                          |  ETA: 9:58:39
Sampling (4 threads)  12%|███▊                          |  ETA: 9:31:26
Sampling (4 threads)  13%|███▉                          |  ETA: 9:17:48
Sampling (4 threads)  14%|████                          |  ETA: 8:54:03
Sampling (4 threads)  14%|████▎                         |  ETA: 8:32:00
Sampling (4 threads)  14%|████▍                         |  ETA: 8:17:51
Sampling (4 threads)  15%|████▌                         |  ETA: 7:58:26
Sampling (4 threads)  16%|████▋                         |  ETA: 7:44:50
Sampling (4 threads)  16%|████▊                         |  ETA: 7:27:38
Sampling (4 threads)  16%|█████                         |  ETA: 7:16:43
Sampling (4 threads)  17%|█████▏                        |  ETA: 7:01:20
Sampling (4 threads)  18%|█████▎                        |  ETA: 6:46:50
Sampling (4 threads)  18%|█████▍                        |  ETA: 6:37:45
Sampling (4 threads)  18%|█████▌                        |  ETA: 6:24:38
Sampling (4 threads)  19%|█████▊                        |  ETA: 6:12:13
Sampling (4 threads)  20%|█████▉                        |  ETA: 6:04:04
Sampling (4 threads)  20%|██████                        |  ETA: 5:52:46
Sampling (4 threads)  20%|██████▏                       |  ETA: 5:42:01
Sampling (4 threads)  21%|██████▎                       |  ETA: 5:36:18
Sampling (4 threads)  22%|██████▌                       |  ETA: 5:26:24
Sampling (4 threads)  22%|██████▋                       |  ETA: 5:16:57
Sampling (4 threads)  22%|██████▊                       |  ETA: 5:11:30
Sampling (4 threads)  23%|██████▉                       |  ETA: 5:02:46
Sampling (4 threads)  24%|███████                       |  ETA: 4:56:32
Sampling (4 threads)  24%|███████▎                      |  ETA: 4:48:27
Sampling (4 threads)  24%|███████▍                      |  ETA: 4:42:47
Sampling (4 threads)  25%|███████▌                      |  ETA: 4:35:18
Sampling (4 threads)  26%|███████▋                      |  ETA: 4:30:06
Sampling (4 threads)  26%|███████▊                      |  ETA: 4:23:08
Sampling (4 threads)  26%|████████                      |  ETA: 4:19:06
Sampling (4 threads)  27%|████████▏                     |  ETA: 4:12:35
Sampling (4 threads)  28%|████████▎                     |  ETA: 4:06:17
Sampling (4 threads)  28%|████████▍                     |  ETA: 4:03:20
Sampling (4 threads)  28%|████████▌                     |  ETA: 3:57:25
Sampling (4 threads)  29%|████████▊                     |  ETA: 3:51:41
Sampling (4 threads)  30%|████████▉                     |  ETA: 3:48:01
Sampling (4 threads)  30%|█████████                     |  ETA: 3:42:38
Sampling (4 threads)  30%|█████████▏                    |  ETA: 3:39:48
Sampling (4 threads)  31%|█████████▎                    |  ETA: 3:34:42
Sampling (4 threads)  32%|█████████▌                    |  ETA: 3:29:46
Sampling (4 threads)  32%|█████████▋                    |  ETA: 3:27:17
Sampling (4 threads)  32%|█████████▊                    |  ETA: 3:22:36
Sampling (4 threads)  33%|█████████▉                    |  ETA: 3:18:03
Sampling (4 threads)  34%|██████████                    |  ETA: 3:13:38
Sampling (4 threads)  34%|██████████▎                   |  ETA: 3:11:32
Sampling (4 threads)  34%|██████████▍                   |  ETA: 3:07:20
Sampling (4 threads)  35%|██████████▌                   |  ETA: 3:03:15
Sampling (4 threads)  36%|██████████▋                   |  ETA: 3:01:18
Sampling (4 threads)  36%|██████████▊                   |  ETA: 2:57:23
Sampling (4 threads)  36%|███████████                   |  ETA: 2:53:36
Sampling (4 threads)  37%|███████████▏                  |  ETA: 2:51:45
Sampling (4 threads)  38%|███████████▎                  |  ETA: 2:48:07
Sampling (4 threads)  38%|███████████▍                  |  ETA: 2:44:34
Sampling (4 threads)  38%|███████████▌                  |  ETA: 2:42:56
Sampling (4 threads)  39%|███████████▊                  |  ETA: 2:39:32
Sampling (4 threads)  40%|███████████▉                  |  ETA: 2:36:14
Sampling (4 threads)  40%|████████████                  |  ETA: 2:33:00
Sampling (4 threads)  40%|████████████▏                 |  ETA: 2:31:46
Sampling (4 threads)  41%|████████████▎                 |  ETA: 2:28:39
Sampling (4 threads)  42%|████████████▌                 |  ETA: 2:25:37
Sampling (4 threads)  42%|████████████▋                 |  ETA: 2:25:36
Sampling (4 threads)  42%|████████████▊                 |  ETA: 2:22:39
Sampling (4 threads)  43%|████████████▉                 |  ETA: 2:19:46
Sampling (4 threads)  44%|█████████████                 |  ETA: 2:19:08
Sampling (4 threads)  44%|█████████████▎                |  ETA: 2:16:20
Sampling (4 threads)  44%|█████████████▍                |  ETA: 2:13:36
Sampling (4 threads)  45%|█████████████▌                |  ETA: 2:12:39
Sampling (4 threads)  46%|█████████████▋                |  ETA: 2:10:00
Sampling (4 threads)  46%|█████████████▊                |  ETA: 2:07:25
Sampling (4 threads)  46%|██████████████                |  ETA: 2:06:29
Sampling (4 threads)  47%|██████████████▏               |  ETA: 2:03:58
Sampling (4 threads)  48%|██████████████▎               |  ETA: 2:03:00
Sampling (4 threads)  48%|██████████████▍               |  ETA: 2:00:34
Sampling (4 threads)  48%|██████████████▌               |  ETA: 1:59:06
Sampling (4 threads)  49%|██████████████▊               |  ETA: 1:56:45
Sampling (4 threads)  50%|██████████████▉               |  ETA: 1:55:36
Sampling (4 threads)  50%|███████████████               |  ETA: 1:53:19
Sampling (4 threads)  50%|███████████████▏              |  ETA: 1:52:12
Sampling (4 threads)  51%|███████████████▎              |  ETA: 1:49:58
Sampling (4 threads)  52%|███████████████▌              |  ETA: 1:47:48
Sampling (4 threads)  52%|███████████████▋              |  ETA: 1:46:50
Sampling (4 threads)  52%|███████████████▊              |  ETA: 1:44:43
Sampling (4 threads)  53%|███████████████▉              |  ETA: 1:44:28
Sampling (4 threads)  54%|████████████████              |  ETA: 1:42:23
Sampling (4 threads)  54%|████████████████▎             |  ETA: 1:40:21
Sampling (4 threads)  55%|████████████████▍             |  ETA: 1:39:23
Sampling (4 threads)  55%|████████████████▌             |  ETA: 1:37:24
Sampling (4 threads)  56%|████████████████▋             |  ETA: 1:36:58
Sampling (4 threads)  56%|████████████████▊             |  ETA: 1:35:01
Sampling (4 threads)  56%|█████████████████             |  ETA: 1:33:06
Sampling (4 threads)  57%|█████████████████▏            |  ETA: 1:31:14
Sampling (4 threads)  57%|█████████████████▎            |  ETA: 1:31:00
Sampling (4 threads)  58%|█████████████████▍            |  ETA: 1:29:09
Sampling (4 threads)  58%|█████████████████▌            |  ETA: 1:27:20
Sampling (4 threads)  59%|█████████████████▊            |  ETA: 1:26:30
Sampling (4 threads)  60%|█████████████████▉            |  ETA: 1:24:43
Sampling (4 threads)  60%|██████████████████            |  ETA: 1:23:56
Sampling (4 threads)  60%|██████████████████▏           |  ETA: 1:22:12
Sampling (4 threads)  61%|██████████████████▎           |  ETA: 1:20:30
Sampling (4 threads)  62%|██████████████████▌           |  ETA: 1:20:04
Sampling (4 threads)  62%|██████████████████▋           |  ETA: 1:18:24
Sampling (4 threads)  62%|██████████████████▊           |  ETA: 1:16:45
Sampling (4 threads)  63%|██████████████████▉           |  ETA: 1:16:04
Sampling (4 threads)  64%|███████████████████           |  ETA: 1:14:27
Sampling (4 threads)  64%|███████████████████▎          |  ETA: 1:12:51
Sampling (4 threads)  64%|███████████████████▍          |  ETA: 1:12:17
Sampling (4 threads)  65%|███████████████████▌          |  ETA: 1:10:43
Sampling (4 threads)  66%|███████████████████▋          |  ETA: 1:09:10
Sampling (4 threads)  66%|███████████████████▊          |  ETA: 1:08:27
Sampling (4 threads)  66%|████████████████████          |  ETA: 1:06:56
Sampling (4 threads)  67%|████████████████████▏         |  ETA: 1:05:27
Sampling (4 threads)  68%|████████████████████▎         |  ETA: 1:04:42
Sampling (4 threads)  68%|████████████████████▍         |  ETA: 1:03:14
Sampling (4 threads)  68%|████████████████████▌         |  ETA: 1:01:47
Sampling (4 threads)  69%|████████████████████▊         |  ETA: 1:01:11
Sampling (4 threads)  70%|████████████████████▉         |  ETA: 0:59:46
Sampling (4 threads)  70%|█████████████████████         |  ETA: 0:58:46
Sampling (4 threads)  70%|█████████████████████▏        |  ETA: 0:57:23
Sampling (4 threads)  71%|█████████████████████▎        |  ETA: 0:56:38
Sampling (4 threads)  72%|█████████████████████▌        |  ETA: 0:55:16
Sampling (4 threads)  72%|█████████████████████▋        |  ETA: 0:53:55
Sampling (4 threads)  72%|█████████████████████▊        |  ETA: 0:53:14
Sampling (4 threads)  73%|█████████████████████▉        |  ETA: 0:51:55
Sampling (4 threads)  74%|██████████████████████        |  ETA: 0:50:51
Sampling (4 threads)  74%|██████████████████████▎       |  ETA: 0:49:33
Sampling (4 threads)  74%|██████████████████████▍       |  ETA: 0:48:35
Sampling (4 threads)  75%|██████████████████████▌       |  ETA: 0:47:19
Sampling (4 threads)  76%|██████████████████████▋       |  ETA: 0:46:10
Sampling (4 threads)  76%|██████████████████████▊       |  ETA: 0:45:16
Sampling (4 threads)  76%|███████████████████████       |  ETA: 0:44:04
Sampling (4 threads)  77%|███████████████████████▏      |  ETA: 0:43:09
Sampling (4 threads)  78%|███████████████████████▎      |  ETA: 0:42:13
Sampling (4 threads)  78%|███████████████████████▍      |  ETA: 0:41:06
Sampling (4 threads)  78%|███████████████████████▌      |  ETA: 0:40:11
Sampling (4 threads)  79%|███████████████████████▊      |  ETA: 0:39:09
Sampling (4 threads)  80%|███████████████████████▉      |  ETA: 0:38:12
Sampling (4 threads)  80%|████████████████████████      |  ETA: 0:37:15
Sampling (4 threads)  80%|████████████████████████▏     |  ETA: 0:36:14
Sampling (4 threads)  81%|████████████████████████▎     |  ETA: 0:35:12
Sampling (4 threads)  82%|████████████████████████▌     |  ETA: 0:34:17
Sampling (4 threads)  82%|████████████████████████▋     |  ETA: 0:33:17
Sampling (4 threads)  82%|████████████████████████▊     |  ETA: 0:32:19
Sampling (4 threads)  83%|████████████████████████▉     |  ETA: 0:31:23
Sampling (4 threads)  84%|█████████████████████████     |  ETA: 0:30:21
Sampling (4 threads)  84%|█████████████████████████▎    |  ETA: 0:29:24
Sampling (4 threads)  84%|█████████████████████████▍    |  ETA: 0:28:30
Sampling (4 threads)  85%|█████████████████████████▌    |  ETA: 0:27:35
Sampling (4 threads)  86%|█████████████████████████▋    |  ETA: 0:26:33
Sampling (4 threads)  86%|█████████████████████████▊    |  ETA: 0:25:37
Sampling (4 threads)  86%|██████████████████████████    |  ETA: 0:24:43
Sampling (4 threads)  87%|██████████████████████████▏   |  ETA: 0:23:41
Sampling (4 threads)  88%|██████████████████████████▎   |  ETA: 0:22:47
Sampling (4 threads)  88%|██████████████████████████▍   |  ETA: 0:21:51
Sampling (4 threads)  88%|██████████████████████████▌   |  ETA: 0:20:53
Sampling (4 threads)  89%|██████████████████████████▊   |  ETA: 0:19:57
Sampling (4 threads)  90%|██████████████████████████▉   |  ETA: 0:19:00
Sampling (4 threads)  90%|███████████████████████████   |  ETA: 0:18:07
Sampling (4 threads)  90%|███████████████████████████▏  |  ETA: 0:17:10
Sampling (4 threads)  91%|███████████████████████████▎  |  ETA: 0:16:14
Sampling (4 threads)  92%|███████████████████████████▌  |  ETA: 0:15:19
Sampling (4 threads)  92%|███████████████████████████▋  |  ETA: 0:14:25
Sampling (4 threads)  92%|███████████████████████████▊  |  ETA: 0:13:29
Sampling (4 threads)  93%|███████████████████████████▉  |  ETA: 0:12:35
Sampling (4 threads)  94%|████████████████████████████  |  ETA: 0:11:40
Sampling (4 threads)  94%|████████████████████████████▎ |  ETA: 0:10:46
Sampling (4 threads)  94%|████████████████████████████▍ |  ETA: 0:09:50
Sampling (4 threads)  95%|████████████████████████████▌ |  ETA: 0:08:56
Sampling (4 threads)  96%|████████████████████████████▋ |  ETA: 0:08:03
Sampling (4 threads)  96%|████████████████████████████▊ |  ETA: 0:07:10
Sampling (4 threads)  96%|█████████████████████████████ |  ETA: 0:06:17
Sampling (4 threads)  97%|█████████████████████████████▏|  ETA: 0:05:24
Sampling (4 threads)  98%|█████████████████████████████▎|  ETA: 0:04:32
Sampling (4 threads)  98%|█████████████████████████████▍|  ETA: 0:03:38
Sampling (4 threads)  98%|█████████████████████████████▌|  ETA: 0:02:44
Sampling (4 threads)  99%|█████████████████████████████▊|  ETA: 0:01:50
Sampling (4 threads) 100%|█████████████████████████████▉|  ETA: 0:00:55
Sampling (4 threads) 100%|██████████████████████████████| Time: 3:04:25
Sampling (4 threads) 100%|██████████████████████████████| Time: 3:04:26
Precompiling project...
    DistributionsADReverseDiffExt Being precompiled by another machine (hostname: bp1-compute012, pid: 3371081, pidfile: /user/home/em18564/.julia/compiled/v1.10/DistributionsADReverseDiffExt/hY00X_4RpdW.ji.pidfile)
  ✗ DistributionsAD → DistributionsADReverseDiffExt
  0 dependencies successfully precompiled in 62 seconds. 549 already precompiled.
Sampling (4 threads)   0%|                              |  ETA: N/A
┌ Info: Found initial step size
└   ϵ = 0.0015625
┌ Info: Found initial step size
└   ϵ = 0.0015625
┌ Info: Found initial step size
└   ϵ = 0.00078125
┌ Info: Found initial step size
└   ϵ = 0.0001953125
Sampling (4 threads)   0%|▏                             |  ETA: 23:00:17
Sampling (4 threads)   1%|▎                             |  ETA: 11:26:48
Sampling (4 threads)   2%|▌                             |  ETA: 22:14:55
Sampling (4 threads)   2%|▋                             |  ETA: 16:36:06
Sampling (4 threads)   2%|▊                             |  ETA: 1 days, 4:14:08
Sampling (4 threads)   3%|▉                             |  ETA: 23:24:32
Sampling (4 threads)   4%|█                             |  ETA: 19:57:41
Sampling (4 threads)   4%|█▎                            |  ETA: 1 days, 5:05:24
Sampling (4 threads)   4%|█▍                            |  ETA: 1 days, 1:43:24
Sampling (4 threads)   5%|█▌                            |  ETA: 23:01:47
Sampling (4 threads)   6%|█▋                            |  ETA: 20:49:33
Sampling (4 threads)   6%|█▊                            |  ETA: 20:01:06
Sampling (4 threads)   6%|██                            |  ETA: 18:22:49
Sampling (4 threads)   7%|██▏                           |  ETA: 18:03:13
Sampling (4 threads)   8%|██▎                           |  ETA: 16:45:34
Sampling (4 threads)   8%|██▍                           |  ETA: 16:23:39
Sampling (4 threads)   8%|██▌                           |  ETA: 15:20:45
Sampling (4 threads)   9%|██▊                           |  ETA: 14:52:21
Sampling (4 threads)  10%|██▉                           |  ETA: 14:00:44
Sampling (4 threads)  10%|███                           |  ETA: 13:14:17
Sampling (4 threads)  10%|███▏                          |  ETA: 12:54:39
Sampling (4 threads)  11%|███▎                          |  ETA: 12:15:18
Sampling (4 threads)  12%|███▌                          |  ETA: 11:39:23
Sampling (4 threads)  12%|███▋                          |  ETA: 11:23:10
Sampling (4 threads)  12%|███▊                          |  ETA: 10:52:07
Sampling (4 threads)  13%|███▉                          |  ETA: 10:34:09
Sampling (4 threads)  14%|████                          |  ETA: 10:07:09
Sampling (4 threads)  14%|████▎                         |  ETA: 9:48:25
Sampling (4 threads)  14%|████▍                         |  ETA: 9:24:50
Sampling (4 threads)  15%|████▌                         |  ETA: 9:12:17
Sampling (4 threads)  16%|████▋                         |  ETA: 8:51:20
Sampling (4 threads)  16%|████▊                         |  ETA: 8:38:44
Sampling (4 threads)  16%|█████                         |  ETA: 8:20:01
Sampling (4 threads)  17%|█████▏                        |  ETA: 8:07:00
Sampling (4 threads)  18%|█████▎                        |  ETA: 7:50:15
Sampling (4 threads)  18%|█████▍                        |  ETA: 7:40:55
Sampling (4 threads)  18%|█████▌                        |  ETA: 7:25:44
Sampling (4 threads)  19%|█████▊                        |  ETA: 7:11:20
Sampling (4 threads)  20%|█████▉                        |  ETA: 6:57:41
Sampling (4 threads)  20%|██████                        |  ETA: 6:48:19
Sampling (4 threads)  20%|██████▏                       |  ETA: 6:35:52
Sampling (4 threads)  21%|██████▎                       |  ETA: 6:27:38
Sampling (4 threads)  22%|██████▌                       |  ETA: 6:16:14
Sampling (4 threads)  22%|██████▋                       |  ETA: 6:05:20
Sampling (4 threads)  22%|██████▊                       |  ETA: 5:59:04
Sampling (4 threads)  23%|██████▉                       |  ETA: 5:48:59
Sampling (4 threads)  24%|███████                       |  ETA: 5:43:16
Sampling (4 threads)  24%|███████▎                      |  ETA: 5:33:55
Sampling (4 threads)  24%|███████▍                      |  ETA: 5:28:28
Sampling (4 threads)  25%|███████▌                      |  ETA: 5:19:46
Sampling (4 threads)  26%|███████▋                      |  ETA: 5:11:24
Sampling (4 threads)  26%|███████▊                      |  ETA: 5:06:35
Sampling (4 threads)  26%|████████                      |  ETA: 4:58:46
Sampling (4 threads)  27%|████████▏                     |  ETA: 4:54:15
Sampling (4 threads)  28%|████████▎                     |  ETA: 4:46:55
Sampling (4 threads)  28%|████████▍                     |  ETA: 4:39:51
Sampling (4 threads)  28%|████████▌                     |  ETA: 4:37:11
Sampling (4 threads)  29%|████████▊                     |  ETA: 4:30:30
Sampling (4 threads)  30%|████████▉                     |  ETA: 4:24:02
Sampling (4 threads)  30%|█████████                     |  ETA: 4:21:10
Sampling (4 threads)  30%|█████████▏                    |  ETA: 4:15:03
Sampling (4 threads)  31%|█████████▎                    |  ETA: 4:12:56
Sampling (4 threads)  32%|█████████▌                    |  ETA: 4:07:07
Sampling (4 threads)  32%|█████████▋                    |  ETA: 4:01:29
Sampling (4 threads)  32%|█████████▊                    |  ETA: 3:56:01
Sampling (4 threads)  33%|█████████▉                    |  ETA: 3:54:10
Sampling (4 threads)  34%|██████████                    |  ETA: 3:48:57
Sampling (4 threads)  34%|██████████▎                   |  ETA: 3:43:53
Sampling (4 threads)  34%|██████████▍                   |  ETA: 3:42:38
Sampling (4 threads)  35%|██████████▌                   |  ETA: 3:37:46
Sampling (4 threads)  36%|██████████▋                   |  ETA: 3:33:03
Sampling (4 threads)  36%|██████████▊                   |  ETA: 3:31:33
Sampling (4 threads)  36%|███████████                   |  ETA: 3:27:01
Sampling (4 threads)  37%|███████████▏                  |  ETA: 3:22:37
Sampling (4 threads)  38%|███████████▎                  |  ETA: 3:20:57
Sampling (4 threads)  38%|███████████▍                  |  ETA: 3:16:43
Sampling (4 threads)  38%|███████████▌                  |  ETA: 3:12:36
Sampling (4 threads)  39%|███████████▊                  |  ETA: 3:11:13
Sampling (4 threads)  40%|███████████▉                  |  ETA: 3:07:15
Sampling (4 threads)  40%|████████████                  |  ETA: 3:03:23
Sampling (4 threads)  40%|████████████▏                 |  ETA: 2:59:37
Sampling (4 threads)  41%|████████████▎                 |  ETA: 2:58:56
Sampling (4 threads)  42%|████████████▌                 |  ETA: 2:55:17
Sampling (4 threads)  42%|████████████▋                 |  ETA: 2:51:43
Sampling (4 threads)  42%|████████████▊                 |  ETA: 2:51:20
Sampling (4 threads)  43%|████████████▉                 |  ETA: 2:47:52
Sampling (4 threads)  44%|█████████████                 |  ETA: 2:44:29
Sampling (4 threads)  44%|█████████████▎                |  ETA: 2:41:10
Sampling (4 threads)  44%|█████████████▍                |  ETA: 2:39:41
Sampling (4 threads)  45%|█████████████▌                |  ETA: 2:36:29
Sampling (4 threads)  46%|█████████████▋                |  ETA: 2:35:05
Sampling (4 threads)  46%|█████████████▊                |  ETA: 2:31:59
Sampling (4 threads)  46%|██████████████                |  ETA: 2:28:58
Sampling (4 threads)  47%|██████████████▏               |  ETA: 2:28:29
Sampling (4 threads)  48%|██████████████▎               |  ETA: 2:25:32
Sampling (4 threads)  48%|██████████████▍               |  ETA: 2:22:39
Sampling (4 threads)  48%|██████████████▌               |  ETA: 2:19:49
Sampling (4 threads)  49%|██████████████▊               |  ETA: 2:19:31
Sampling (4 threads)  50%|██████████████▉               |  ETA: 2:16:45
Sampling (4 threads)  50%|███████████████               |  ETA: 2:14:03
Sampling (4 threads)  50%|███████████████▏              |  ETA: 2:13:52
Sampling (4 threads)  51%|███████████████▎              |  ETA: 2:11:13
Sampling (4 threads)  52%|███████████████▌              |  ETA: 2:08:37
Sampling (4 threads)  52%|███████████████▋              |  ETA: 2:06:04
Sampling (4 threads)  52%|███████████████▊              |  ETA: 2:04:55
Sampling (4 threads)  53%|███████████████▉              |  ETA: 2:02:26
Sampling (4 threads)  54%|████████████████              |  ETA: 2:01:17
Sampling (4 threads)  54%|████████████████▎             |  ETA: 1:58:52
Sampling (4 threads)  55%|████████████████▍             |  ETA: 1:56:30
Sampling (4 threads)  55%|████████████████▌             |  ETA: 1:55:22
Sampling (4 threads)  56%|████████████████▋             |  ETA: 1:53:04
Sampling (4 threads)  56%|████████████████▊             |  ETA: 1:52:08
Sampling (4 threads)  56%|█████████████████             |  ETA: 1:49:52
Sampling (4 threads)  57%|█████████████████▏            |  ETA: 1:47:39
Sampling (4 threads)  57%|█████████████████▎            |  ETA: 1:46:31
Sampling (4 threads)  58%|█████████████████▍            |  ETA: 1:44:21
Sampling (4 threads)  58%|█████████████████▌            |  ETA: 1:43:06
Sampling (4 threads)  59%|█████████████████▊            |  ETA: 1:41:00
Sampling (4 threads)  60%|█████████████████▉            |  ETA: 1:40:25
Sampling (4 threads)  60%|██████████████████            |  ETA: 1:38:21
Sampling (4 threads)  60%|██████████████████▏           |  ETA: 1:36:19
Sampling (4 threads)  61%|██████████████████▎           |  ETA: 1:34:19
Sampling (4 threads)  62%|██████████████████▌           |  ETA: 1:33:05
Sampling (4 threads)  62%|██████████████████▋           |  ETA: 1:31:51
Sampling (4 threads)  62%|██████████████████▊           |  ETA: 1:30:08
Sampling (4 threads)  63%|██████████████████▉           |  ETA: 1:28:49
Sampling (4 threads)  64%|███████████████████           |  ETA: 1:27:19
Sampling (4 threads)  64%|███████████████████▎          |  ETA: 1:25:41
Sampling (4 threads)  64%|███████████████████▍          |  ETA: 1:24:22
Sampling (4 threads)  65%|███████████████████▌          |  ETA: 1:23:01
Sampling (4 threads)  66%|███████████████████▋          |  ETA: 1:21:34
Sampling (4 threads)  66%|███████████████████▊          |  ETA: 1:20:05
Sampling (4 threads)  66%|████████████████████          |  ETA: 1:18:43
Sampling (4 threads)  67%|████████████████████▏         |  ETA: 1:17:19
Sampling (4 threads)  68%|████████████████████▎         |  ETA: 1:15:50
Sampling (4 threads)  68%|████████████████████▍         |  ETA: 1:14:35
Sampling (4 threads)  68%|████████████████████▌         |  ETA: 1:13:20
Sampling (4 threads)  69%|████████████████████▊         |  ETA: 1:11:42
Sampling (4 threads)  70%|████████████████████▉         |  ETA: 1:10:28
Sampling (4 threads)  70%|█████████████████████         |  ETA: 1:09:16
Sampling (4 threads)  70%|█████████████████████▏        |  ETA: 1:07:47
Sampling (4 threads)  71%|█████████████████████▎        |  ETA: 1:06:31
Sampling (4 threads)  72%|█████████████████████▌        |  ETA: 1:05:20
Sampling (4 threads)  72%|█████████████████████▋        |  ETA: 1:03:52
Sampling (4 threads)  72%|█████████████████████▊        |  ETA: 1:02:37
Sampling (4 threads)  73%|█████████████████████▉        |  ETA: 1:01:26
Sampling (4 threads)  74%|██████████████████████        |  ETA: 0:59:57
Sampling (4 threads)  74%|██████████████████████▎       |  ETA: 0:58:49
Sampling (4 threads)  74%|██████████████████████▍       |  ETA: 0:57:36
Sampling (4 threads)  75%|██████████████████████▌       |  ETA: 0:56:20
Sampling (4 threads)  76%|██████████████████████▋       |  ETA: 0:55:02
Sampling (4 threads)  76%|██████████████████████▊       |  ETA: 0:53:54
Sampling (4 threads)  76%|███████████████████████       |  ETA: 0:52:36
Sampling (4 threads)  77%|███████████████████████▏      |  ETA: 0:51:21
Sampling (4 threads)  78%|███████████████████████▎      |  ETA: 0:50:11
Sampling (4 threads)  78%|███████████████████████▍      |  ETA: 0:48:50
Sampling (4 threads)  78%|███████████████████████▌      |  ETA: 0:47:40
Sampling (4 threads)  79%|███████████████████████▊      |  ETA: 0:46:31
Sampling (4 threads)  80%|███████████████████████▉      |  ETA: 0:45:11
Sampling (4 threads)  80%|████████████████████████      |  ETA: 0:44:03
Sampling (4 threads)  80%|████████████████████████▏     |  ETA: 0:42:53
Sampling (4 threads)  81%|████████████████████████▎     |  ETA: 0:41:38
Sampling (4 threads)  82%|████████████████████████▌     |  ETA: 0:40:31
Sampling (4 threads)  82%|████████████████████████▋     |  ETA: 0:39:21
Sampling (4 threads)  82%|████████████████████████▊     |  ETA: 0:38:09
Sampling (4 threads)  83%|████████████████████████▉     |  ETA: 0:37:03
Sampling (4 threads)  84%|█████████████████████████     |  ETA: 0:35:47
Sampling (4 threads)  84%|█████████████████████████▎    |  ETA: 0:34:41
Sampling (4 threads)  84%|█████████████████████████▍    |  ETA: 0:33:36
Sampling (4 threads)  85%|█████████████████████████▌    |  ETA: 0:32:20
Sampling (4 threads)  86%|█████████████████████████▋    |  ETA: 0:31:16
Sampling (4 threads)  86%|█████████████████████████▊    |  ETA: 0:30:08
Sampling (4 threads)  86%|██████████████████████████    |  ETA: 0:29:02
Sampling (4 threads)  87%|██████████████████████████▏   |  ETA: 0:27:53
Sampling (4 threads)  88%|██████████████████████████▎   |  ETA: 0:26:45
Sampling (4 threads)  88%|██████████████████████████▍   |  ETA: 0:25:41
Sampling (4 threads)  88%|██████████████████████████▌   |  ETA: 0:24:35
Sampling (4 threads)  89%|██████████████████████████▊   |  ETA: 0:23:26
Sampling (4 threads)  90%|██████████████████████████▉   |  ETA: 0:22:19
Sampling (4 threads)  90%|███████████████████████████   |  ETA: 0:21:15
Sampling (4 threads)  90%|███████████████████████████▏  |  ETA: 0:20:08
Sampling (4 threads)  91%|███████████████████████████▎  |  ETA: 0:19:02
Sampling (4 threads)  92%|███████████████████████████▌  |  ETA: 0:17:56
Sampling (4 threads)  92%|███████████████████████████▋  |  ETA: 0:16:50
Sampling (4 threads)  92%|███████████████████████████▊  |  ETA: 0:15:46
Sampling (4 threads)  93%|███████████████████████████▉  |  ETA: 0:14:42
Sampling (4 threads)  94%|████████████████████████████  |  ETA: 0:13:38
Sampling (4 threads)  94%|████████████████████████████▎ |  ETA: 0:12:33
Sampling (4 threads)  94%|████████████████████████████▍ |  ETA: 0:11:29
Sampling (4 threads)  95%|████████████████████████████▌ |  ETA: 0:10:25
Sampling (4 threads)  96%|████████████████████████████▋ |  ETA: 0:09:22
Sampling (4 threads)  96%|████████████████████████████▊ |  ETA: 0:08:18
Sampling (4 threads)  96%|█████████████████████████████ |  ETA: 0:07:16
Sampling (4 threads)  97%|█████████████████████████████▏|  ETA: 0:06:13
Sampling (4 threads)  98%|█████████████████████████████▎|  ETA: 0:05:10
Sampling (4 threads)  98%|█████████████████████████████▍|  ETA: 0:04:08
Sampling (4 threads)  98%|█████████████████████████████▌|  ETA: 0:03:06
Sampling (4 threads)  99%|█████████████████████████████▊|  ETA: 0:02:04
Sampling (4 threads) 100%|█████████████████████████████▉|  ETA: 0:01:02
Sampling (4 threads) 100%|██████████████████████████████| Time: 3:27:15
Sampling (4 threads) 100%|██████████████████████████████| Time: 3:27:17
Sampling (4 threads)   0%|                              |  ETA: N/A
┌ Info: Found initial step size
└   ϵ = 0.003125
┌ Info: Found initial step size
└   ϵ = 0.0015625
┌ Info: Found initial step size
└   ϵ = 0.000390625
┌ Info: Found initial step size
└   ϵ = 0.000390625
Sampling (4 threads)   0%|▏                             |  ETA: 2 days, 4:17:48
Sampling (4 threads)   1%|▎                             |  ETA: 1 days, 2:01:13
Sampling (4 threads)   2%|▌                             |  ETA: 1 days, 19:55:43
Sampling (4 threads)   2%|▋                             |  ETA: 1 days, 8:46:46
Sampling (4 threads)   2%|▊                             |  ETA: 1 days, 2:05:23
Sampling (4 threads)   3%|▉                             |  ETA: 21:37:48
Sampling (4 threads)   4%|█                             |  ETA: 1 days, 6:57:00
Sampling (4 threads)   4%|█▎                            |  ETA: 1 days, 2:56:27
Sampling (4 threads)   4%|█▍                            |  ETA: 23:49:22
Sampling (4 threads)   5%|█▌                            |  ETA: 1 days, 1:25:56
Sampling (4 threads)   6%|█▋                            |  ETA: 22:59:55
Sampling (4 threads)   6%|█▊                            |  ETA: 21:50:41
Sampling (4 threads)   6%|██                            |  ETA: 20:03:25
Sampling (4 threads)   7%|██▏                           |  ETA: 19:01:36
Sampling (4 threads)   8%|██▎                           |  ETA: 17:39:46
Sampling (4 threads)   8%|██▍                           |  ETA: 17:02:49
Sampling (4 threads)   8%|██▌                           |  ETA: 15:57:25
Sampling (4 threads)   9%|██▊                           |  ETA: 15:19:38
Sampling (4 threads)  10%|██▉                           |  ETA: 14:26:26
Sampling (4 threads)  10%|███                           |  ETA: 13:49:44
Sampling (4 threads)  10%|███▏                          |  ETA: 13:05:50
Sampling (4 threads)  11%|███▎                          |  ETA: 12:42:29
Sampling (4 threads)  12%|███▌                          |  ETA: 12:05:14
Sampling (4 threads)  12%|███▋                          |  ETA: 11:36:24
Sampling (4 threads)  12%|███▊                          |  ETA: 11:04:44
Sampling (4 threads)  13%|███▉                          |  ETA: 10:35:31
Sampling (4 threads)  14%|████                          |  ETA: 10:17:53
Sampling (4 threads)  14%|████▎                         |  ETA: 9:52:22
Sampling (4 threads)  14%|████▍                         |  ETA: 9:28:37
Sampling (4 threads)  15%|████▌                         |  ETA: 9:12:31
Sampling (4 threads)  16%|████▋                         |  ETA: 8:51:33
Sampling (4 threads)  16%|████▊                         |  ETA: 8:40:21
Sampling (4 threads)  16%|█████                         |  ETA: 8:21:35
Sampling (4 threads)  17%|█████▏                        |  ETA: 8:10:36
Sampling (4 threads)  18%|█████▎                        |  ETA: 7:53:43
Sampling (4 threads)  18%|█████▍                        |  ETA: 7:37:46
Sampling (4 threads)  18%|█████▌                        |  ETA: 7:28:41
Sampling (4 threads)  19%|█████▊                        |  ETA: 7:14:12
Sampling (4 threads)  20%|█████▉                        |  ETA: 7:00:27
Sampling (4 threads)  20%|██████                        |  ETA: 6:57:04
Sampling (4 threads)  20%|██████▏                       |  ETA: 6:44:21
Sampling (4 threads)  21%|██████▎                       |  ETA: 6:36:55
Sampling (4 threads)  22%|██████▌                       |  ETA: 6:25:14
Sampling (4 threads)  22%|██████▋                       |  ETA: 6:22:21
Sampling (4 threads)  22%|██████▊                       |  ETA: 6:11:27
Sampling (4 threads)  23%|██████▉                       |  ETA: 6:01:02
Sampling (4 threads)  24%|███████                       |  ETA: 5:54:59
Sampling (4 threads)  24%|███████▎                      |  ETA: 5:45:19
Sampling (4 threads)  24%|███████▍                      |  ETA: 5:42:32
Sampling (4 threads)  25%|███████▌                      |  ETA: 5:33:28
Sampling (4 threads)  26%|███████▋                      |  ETA: 5:24:45
Sampling (4 threads)  26%|███████▊                      |  ETA: 5:22:08
Sampling (4 threads)  26%|████████                      |  ETA: 5:13:55
Sampling (4 threads)  27%|████████▏                     |  ETA: 5:08:58
Sampling (4 threads)  28%|████████▎                     |  ETA: 5:01:16
Sampling (4 threads)  28%|████████▍                     |  ETA: 4:57:51
Sampling (4 threads)  28%|████████▌                     |  ETA: 4:50:35
Sampling (4 threads)  29%|████████▊                     |  ETA: 4:46:52
Sampling (4 threads)  30%|████████▉                     |  ETA: 4:40:02
Sampling (4 threads)  30%|█████████                     |  ETA: 4:36:44
Sampling (4 threads)  30%|█████████▏                    |  ETA: 4:30:15
Sampling (4 threads)  31%|█████████▎                    |  ETA: 4:23:59
Sampling (4 threads)  32%|█████████▌                    |  ETA: 4:22:41
Sampling (4 threads)  32%|█████████▋                    |  ETA: 4:16:42
Sampling (4 threads)  32%|█████████▊                    |  ETA: 4:10:53
Sampling (4 threads)  33%|█████████▉                    |  ETA: 4:09:59
Sampling (4 threads)  34%|██████████                    |  ETA: 4:04:25
Sampling (4 threads)  34%|██████████▎                   |  ETA: 3:59:00
Sampling (4 threads)  34%|██████████▍                   |  ETA: 3:57:59
Sampling (4 threads)  35%|██████████▌                   |  ETA: 3:52:48
Sampling (4 threads)  36%|██████████▋                   |  ETA: 3:47:45
Sampling (4 threads)  36%|██████████▊                   |  ETA: 3:46:27
Sampling (4 threads)  36%|███████████                   |  ETA: 3:41:36
Sampling (4 threads)  37%|███████████▏                  |  ETA: 3:36:53
Sampling (4 threads)  38%|███████████▎                  |  ETA: 3:35:39
Sampling (4 threads)  38%|███████████▍                  |  ETA: 3:31:07
Sampling (4 threads)  38%|███████████▌                  |  ETA: 3:29:36
Sampling (4 threads)  39%|███████████▊                  |  ETA: 3:25:14
Sampling (4 threads)  40%|███████████▉                  |  ETA: 3:20:59
Sampling (4 threads)  40%|████████████                  |  ETA: 3:19:31
Sampling (4 threads)  40%|████████████▏                 |  ETA: 3:15:25
Sampling (4 threads)  41%|████████████▎                 |  ETA: 3:11:24
Sampling (4 threads)  42%|████████████▌                 |  ETA: 3:10:08
Sampling (4 threads)  42%|████████████▋                 |  ETA: 3:06:16
Sampling (4 threads)  42%|████████████▊                 |  ETA: 3:02:29
Sampling (4 threads)  43%|████████████▉                 |  ETA: 3:01:32
Sampling (4 threads)  44%|█████████████                 |  ETA: 2:57:52
Sampling (4 threads)  44%|█████████████▎                |  ETA: 2:54:18
Sampling (4 threads)  44%|█████████████▍                |  ETA: 2:53:15
Sampling (4 threads)  45%|█████████████▌                |  ETA: 2:49:46
Sampling (4 threads)  46%|█████████████▋                |  ETA: 2:46:23
Sampling (4 threads)  46%|█████████████▊                |  ETA: 2:45:19
Sampling (4 threads)  46%|██████████████                |  ETA: 2:42:01
Sampling (4 threads)  47%|██████████████▏               |  ETA: 2:38:48
Sampling (4 threads)  48%|██████████████▎               |  ETA: 2:38:04
Sampling (4 threads)  48%|██████████████▍               |  ETA: 2:34:56
Sampling (4 threads)  48%|██████████████▌               |  ETA: 2:31:51
Sampling (4 threads)  49%|██████████████▊               |  ETA: 2:28:51
Sampling (4 threads)  50%|██████████████▉               |  ETA: 2:27:56
Sampling (4 threads)  50%|███████████████               |  ETA: 2:25:01
Sampling (4 threads)  50%|███████████████▏              |  ETA: 2:24:03
Sampling (4 threads)  51%|███████████████▎              |  ETA: 2:21:12
Sampling (4 threads)  52%|███████████████▌              |  ETA: 2:18:24
Sampling (4 threads)  52%|███████████████▋              |  ETA: 2:17:23
Sampling (4 threads)  52%|███████████████▊              |  ETA: 2:14:39
Sampling (4 threads)  53%|███████████████▉              |  ETA: 2:11:59
Sampling (4 threads)  54%|████████████████              |  ETA: 2:11:19
Sampling (4 threads)  54%|████████████████▎             |  ETA: 2:08:42
Sampling (4 threads)  55%|████████████████▍             |  ETA: 2:06:08
Sampling (4 threads)  55%|████████████████▌             |  ETA: 2:05:34
Sampling (4 threads)  56%|████████████████▋             |  ETA: 2:03:03
Sampling (4 threads)  56%|████████████████▊             |  ETA: 2:00:35
Sampling (4 threads)  56%|█████████████████             |  ETA: 1:59:26
Sampling (4 threads)  57%|█████████████████▏            |  ETA: 1:57:01
Sampling (4 threads)  57%|█████████████████▎            |  ETA: 1:55:26
Sampling (4 threads)  58%|█████████████████▍            |  ETA: 1:53:06
Sampling (4 threads)  58%|█████████████████▌            |  ETA: 1:52:13
Sampling (4 threads)  59%|█████████████████▊            |  ETA: 1:49:56
Sampling (4 threads)  60%|█████████████████▉            |  ETA: 1:47:41
Sampling (4 threads)  60%|██████████████████            |  ETA: 1:46:49
Sampling (4 threads)  60%|██████████████████▏           |  ETA: 1:44:36
Sampling (4 threads)  61%|██████████████████▎           |  ETA: 1:42:26
Sampling (4 threads)  62%|██████████████████▌           |  ETA: 1:41:28
Sampling (4 threads)  62%|██████████████████▋           |  ETA: 1:39:20
Sampling (4 threads)  62%|██████████████████▊           |  ETA: 1:37:15
Sampling (4 threads)  63%|██████████████████▉           |  ETA: 1:36:20
Sampling (4 threads)  64%|███████████████████           |  ETA: 1:34:17
Sampling (4 threads)  64%|███████████████████▎          |  ETA: 1:32:16
Sampling (4 threads)  64%|███████████████████▍          |  ETA: 1:31:28
Sampling (4 threads)  65%|███████████████████▌          |  ETA: 1:29:29
Sampling (4 threads)  66%|███████████████████▋          |  ETA: 1:27:32
Sampling (4 threads)  66%|███████████████████▊          |  ETA: 1:26:48
Sampling (4 threads)  66%|████████████████████          |  ETA: 1:24:53
Sampling (4 threads)  67%|████████████████████▏         |  ETA: 1:22:59
Sampling (4 threads)  68%|████████████████████▎         |  ETA: 1:22:05
Sampling (4 threads)  68%|████████████████████▍         |  ETA: 1:20:14
Sampling (4 threads)  68%|████████████████████▌         |  ETA: 1:18:24
Sampling (4 threads)  69%|████████████████████▊         |  ETA: 1:17:30
Sampling (4 threads)  70%|████████████████████▉         |  ETA: 1:15:42
Sampling (4 threads)  70%|█████████████████████         |  ETA: 1:14:41
Sampling (4 threads)  70%|█████████████████████▏        |  ETA: 1:12:56
Sampling (4 threads)  71%|█████████████████████▎        |  ETA: 1:11:11
Sampling (4 threads)  72%|█████████████████████▌        |  ETA: 1:10:14
Sampling (4 threads)  72%|█████████████████████▋        |  ETA: 1:08:32
Sampling (4 threads)  72%|█████████████████████▊        |  ETA: 1:06:50
Sampling (4 threads)  73%|█████████████████████▉        |  ETA: 1:05:48
Sampling (4 threads)  74%|██████████████████████        |  ETA: 1:04:08
Sampling (4 threads)  74%|██████████████████████▎       |  ETA: 1:03:19
Sampling (4 threads)  74%|██████████████████████▍       |  ETA: 1:01:41
Sampling (4 threads)  75%|██████████████████████▌       |  ETA: 1:00:04
Sampling (4 threads)  76%|██████████████████████▋       |  ETA: 0:59:05
Sampling (4 threads)  76%|██████████████████████▊       |  ETA: 0:57:30
Sampling (4 threads)  76%|███████████████████████       |  ETA: 0:55:56
Sampling (4 threads)  77%|███████████████████████▏      |  ETA: 0:55:00
Sampling (4 threads)  78%|███████████████████████▎      |  ETA: 0:53:27
Sampling (4 threads)  78%|███████████████████████▍      |  ETA: 0:51:56
Sampling (4 threads)  78%|███████████████████████▌      |  ETA: 0:50:56
Sampling (4 threads)  79%|███████████████████████▊      |  ETA: 0:49:26
Sampling (4 threads)  80%|███████████████████████▉      |  ETA: 0:47:57
Sampling (4 threads)  80%|████████████████████████      |  ETA: 0:46:57
Sampling (4 threads)  80%|████████████████████████▏     |  ETA: 0:45:29
Sampling (4 threads)  81%|████████████████████████▎     |  ETA: 0:44:03
Sampling (4 threads)  82%|████████████████████████▌     |  ETA: 0:42:53
Sampling (4 threads)  82%|████████████████████████▋     |  ETA: 0:41:28
Sampling (4 threads)  82%|████████████████████████▊     |  ETA: 0:40:19
Sampling (4 threads)  83%|████████████████████████▉     |  ETA: 0:38:56
Sampling (4 threads)  84%|█████████████████████████     |  ETA: 0:37:43
Sampling (4 threads)  84%|█████████████████████████▎    |  ETA: 0:36:26
Sampling (4 threads)  84%|█████████████████████████▍    |  ETA: 0:35:12
Sampling (4 threads)  85%|█████████████████████████▌    |  ETA: 0:34:02
Sampling (4 threads)  86%|█████████████████████████▋    |  ETA: 0:32:47
Sampling (4 threads)  86%|█████████████████████████▊    |  ETA: 0:31:34
Sampling (4 threads)  86%|██████████████████████████    |  ETA: 0:30:22
Sampling (4 threads)  87%|██████████████████████████▏   |  ETA: 0:29:11
Sampling (4 threads)  88%|██████████████████████████▎   |  ETA: 0:27:58
Sampling (4 threads)  88%|██████████████████████████▍   |  ETA: 0:26:48
Sampling (4 threads)  88%|██████████████████████████▌   |  ETA: 0:25:38
Sampling (4 threads)  89%|██████████████████████████▊   |  ETA: 0:24:25
Sampling (4 threads)  90%|██████████████████████████▉   |  ETA: 0:23:16
Sampling (4 threads)  90%|███████████████████████████   |  ETA: 0:22:08
Sampling (4 threads)  90%|███████████████████████████▏  |  ETA: 0:21:01
Sampling (4 threads)  91%|███████████████████████████▎  |  ETA: 0:19:48
Sampling (4 threads)  92%|███████████████████████████▌  |  ETA: 0:18:41
Sampling (4 threads)  92%|███████████████████████████▋  |  ETA: 0:17:34
Sampling (4 threads)  92%|███████████████████████████▊  |  ETA: 0:16:24
Sampling (4 threads)  93%|███████████████████████████▉  |  ETA: 0:15:18
Sampling (4 threads)  94%|████████████████████████████  |  ETA: 0:14:12
Sampling (4 threads)  94%|████████████████████████████▎ |  ETA: 0:13:03
Sampling (4 threads)  94%|████████████████████████████▍ |  ETA: 0:11:57
Sampling (4 threads)  95%|████████████████████████████▌ |  ETA: 0:10:51
Sampling (4 threads)  96%|████████████████████████████▋ |  ETA: 0:09:45
Sampling (4 threads)  96%|████████████████████████████▊ |  ETA: 0:08:40
Sampling (4 threads)  96%|█████████████████████████████ |  ETA: 0:07:35
Sampling (4 threads)  97%|█████████████████████████████▏|  ETA: 0:06:31
Sampling (4 threads)  98%|█████████████████████████████▎|  ETA: 0:05:26
Sampling (4 threads)  98%|█████████████████████████████▍|  ETA: 0:04:21
Sampling (4 threads)  98%|█████████████████████████████▌|  ETA: 0:03:16
Sampling (4 threads)  99%|█████████████████████████████▊|  ETA: 0:02:10
Sampling (4 threads) 100%|█████████████████████████████▉|  ETA: 0:01:05
Sampling (4 threads) 100%|██████████████████████████████| Time: 3:37:56
Sampling (4 threads) 100%|██████████████████████████████| Time: 3:37:57
Precompiling project...
    DistributionsADReverseDiffExt Being precompiled by another machine (hostname: bp1-compute012, pid: 3371081, pidfile: /user/home/em18564/.julia/compiled/v1.10/DistributionsADReverseDiffExt/hY00X_4RpdW.ji.pidfile)
  ✗ DistributionsAD → DistributionsADReverseDiffExt
  0 dependencies successfully precompiled in 69 seconds. 549 already precompiled.
Sampling (4 threads)   0%|                              |  ETA: N/A
┌ Info: Found initial step size
└   ϵ = 0.0001953125
┌ Info: Found initial step size
└   ϵ = 9.765625e-5
┌ Info: Found initial step size
└   ϵ = 0.0001953125
┌ Info: Found initial step size
└   ϵ = 0.00078125
Sampling (4 threads)   0%|▏                             |  ETA: 17:46:57
Sampling (4 threads)   1%|▎                             |  ETA: 8:50:56
Sampling (4 threads)   2%|▌                             |  ETA: 20:34:26
Sampling (4 threads)   2%|▋                             |  ETA: 15:21:08
Sampling (4 threads)   2%|▊                             |  ETA: 1 days, 4:23:13
Sampling (4 threads)   3%|▉                             |  ETA: 23:32:04
Sampling (4 threads)   4%|█                             |  ETA: 20:04:06
Sampling (4 threads)   4%|█▎                            |  ETA: 1 days, 1:52:32
Sampling (4 threads)   4%|█▍                            |  ETA: 22:52:50
Sampling (4 threads)   5%|█▌                            |  ETA: 20:29:05
Sampling (4 threads)   6%|█▋                            |  ETA: 19:33:07
Sampling (4 threads)   6%|█▊                            |  ETA: 17:49:40
Sampling (4 threads)   6%|██                            |  ETA: 17:06:53
Sampling (4 threads)   7%|██▏                           |  ETA: 15:48:26
Sampling (4 threads)   8%|██▎                           |  ETA: 14:53:57
Sampling (4 threads)   8%|██▍                           |  ETA: 13:53:33
Sampling (4 threads)   8%|██▌                           |  ETA: 13:30:00
Sampling (4 threads)   9%|██▊                           |  ETA: 12:40:49
Sampling (4 threads)  10%|██▉                           |  ETA: 12:18:14
Sampling (4 threads)  10%|███                           |  ETA: 11:37:26
Sampling (4 threads)  10%|███▏                          |  ETA: 11:22:10
Sampling (4 threads)  11%|███▎                          |  ETA: 10:47:32
Sampling (4 threads)  12%|███▌                          |  ETA: 10:29:10
Sampling (4 threads)  12%|███▋                          |  ETA: 9:59:33
Sampling (4 threads)  12%|███▊                          |  ETA: 9:44:54
Sampling (4 threads)  13%|███▉                          |  ETA: 9:19:11
Sampling (4 threads)  14%|████                          |  ETA: 9:01:48
Sampling (4 threads)  14%|████▎                         |  ETA: 8:39:26
Sampling (4 threads)  14%|████▍                         |  ETA: 8:25:57
Sampling (4 threads)  15%|████▌                         |  ETA: 8:06:14
Sampling (4 threads)  16%|████▋                         |  ETA: 7:47:47
Sampling (4 threads)  16%|████▊                         |  ETA: 7:36:55
Sampling (4 threads)  16%|█████                         |  ETA: 7:20:26
Sampling (4 threads)  17%|█████▏                        |  ETA: 7:04:55
Sampling (4 threads)  18%|█████▎                        |  ETA: 6:56:14
Sampling (4 threads)  18%|█████▍                        |  ETA: 6:42:13
Sampling (4 threads)  18%|█████▌                        |  ETA: 6:33:19
Sampling (4 threads)  19%|█████▊                        |  ETA: 6:20:37
Sampling (4 threads)  20%|█████▉                        |  ETA: 6:08:34
Sampling (4 threads)  20%|██████                        |  ETA: 6:02:21
Sampling (4 threads)  20%|██████▏                       |  ETA: 5:51:18
Sampling (4 threads)  21%|██████▎                       |  ETA: 5:44:51
Sampling (4 threads)  22%|██████▌                       |  ETA: 5:34:42
Sampling (4 threads)  22%|██████▋                       |  ETA: 5:25:00
Sampling (4 threads)  22%|██████▊                       |  ETA: 5:19:54
Sampling (4 threads)  23%|██████▉                       |  ETA: 5:10:56
Sampling (4 threads)  24%|███████                       |  ETA: 5:02:20
Sampling (4 threads)  24%|███████▎                      |  ETA: 4:57:52
Sampling (4 threads)  24%|███████▍                      |  ETA: 4:49:52
Sampling (4 threads)  25%|███████▌                      |  ETA: 4:42:11
Sampling (4 threads)  26%|███████▋                      |  ETA: 4:37:54
Sampling (4 threads)  26%|███████▊                      |  ETA: 4:30:44
Sampling (4 threads)  26%|████████                      |  ETA: 4:25:59
Sampling (4 threads)  27%|████████▏                     |  ETA: 4:19:17
Sampling (4 threads)  28%|████████▎                     |  ETA: 4:15:09
Sampling (4 threads)  28%|████████▍                     |  ETA: 4:08:52
Sampling (4 threads)  28%|████████▌                     |  ETA: 4:04:41
Sampling (4 threads)  29%|████████▊                     |  ETA: 3:58:47
Sampling (4 threads)  30%|████████▉                     |  ETA: 3:53:05
Sampling (4 threads)  30%|█████████                     |  ETA: 3:49:24
Sampling (4 threads)  30%|█████████▏                    |  ETA: 3:44:01
Sampling (4 threads)  31%|█████████▎                    |  ETA: 3:40:24
Sampling (4 threads)  32%|█████████▌                    |  ETA: 3:35:20
Sampling (4 threads)  32%|█████████▋                    |  ETA: 3:32:29
Sampling (4 threads)  32%|█████████▊                    |  ETA: 3:27:41
Sampling (4 threads)  33%|█████████▉                    |  ETA: 3:23:01
Sampling (4 threads)  34%|██████████                    |  ETA: 3:20:37
Sampling (4 threads)  34%|██████████▎                   |  ETA: 3:16:11
Sampling (4 threads)  34%|██████████▍                   |  ETA: 3:11:53
Sampling (4 threads)  35%|██████████▌                   |  ETA: 3:09:45
Sampling (4 threads)  36%|██████████▋                   |  ETA: 3:05:38
Sampling (4 threads)  36%|██████████▊                   |  ETA: 3:03:03
Sampling (4 threads)  36%|███████████                   |  ETA: 2:59:08
Sampling (4 threads)  37%|███████████▏                  |  ETA: 2:55:19
Sampling (4 threads)  38%|███████████▎                  |  ETA: 2:54:09
Sampling (4 threads)  38%|███████████▍                  |  ETA: 2:50:29
Sampling (4 threads)  38%|███████████▌                  |  ETA: 2:48:55
Sampling (4 threads)  39%|███████████▊                  |  ETA: 2:45:24
Sampling (4 threads)  40%|███████████▉                  |  ETA: 2:41:58
Sampling (4 threads)  40%|████████████                  |  ETA: 2:40:41
Sampling (4 threads)  40%|████████████▏                 |  ETA: 2:37:22
Sampling (4 threads)  41%|████████████▎                 |  ETA: 2:34:09
Sampling (4 threads)  42%|████████████▌                 |  ETA: 2:32:27
Sampling (4 threads)  42%|████████████▋                 |  ETA: 2:29:21
Sampling (4 threads)  42%|████████████▊                 |  ETA: 2:28:17
Sampling (4 threads)  43%|████████████▉                 |  ETA: 2:25:17
Sampling (4 threads)  44%|█████████████                 |  ETA: 2:22:21
Sampling (4 threads)  44%|█████████████▎                |  ETA: 2:21:07
Sampling (4 threads)  44%|█████████████▍                |  ETA: 2:18:17
Sampling (4 threads)  45%|█████████████▌                |  ETA: 2:17:28
Sampling (4 threads)  46%|█████████████▋                |  ETA: 2:14:43
Sampling (4 threads)  46%|█████████████▊                |  ETA: 2:12:02
Sampling (4 threads)  46%|██████████████                |  ETA: 2:10:37
Sampling (4 threads)  47%|██████████████▏               |  ETA: 2:08:01
Sampling (4 threads)  48%|██████████████▎               |  ETA: 2:06:23
Sampling (4 threads)  48%|██████████████▍               |  ETA: 2:03:52
Sampling (4 threads)  48%|██████████████▌               |  ETA: 2:03:21
Sampling (4 threads)  49%|██████████████▊               |  ETA: 2:00:54
Sampling (4 threads)  50%|██████████████▉               |  ETA: 1:58:30
Sampling (4 threads)  50%|███████████████               |  ETA: 1:56:54
Sampling (4 threads)  50%|███████████████▏              |  ETA: 1:54:35
Sampling (4 threads)  51%|███████████████▎              |  ETA: 1:53:42
Sampling (4 threads)  52%|███████████████▌              |  ETA: 1:51:27
Sampling (4 threads)  52%|███████████████▋              |  ETA: 1:49:14
Sampling (4 threads)  52%|███████████████▊              |  ETA: 1:48:41
Sampling (4 threads)  53%|███████████████▉              |  ETA: 1:46:31
Sampling (4 threads)  54%|████████████████              |  ETA: 1:44:24
Sampling (4 threads)  54%|████████████████▎             |  ETA: 1:43:34
Sampling (4 threads)  55%|████████████████▍             |  ETA: 1:41:30
Sampling (4 threads)  55%|████████████████▌             |  ETA: 1:39:28
Sampling (4 threads)  56%|████████████████▋             |  ETA: 1:38:57
Sampling (4 threads)  56%|████████████████▊             |  ETA: 1:36:58
Sampling (4 threads)  56%|█████████████████             |  ETA: 1:36:21
Sampling (4 threads)  57%|█████████████████▏            |  ETA: 1:34:25
Sampling (4 threads)  57%|█████████████████▎            |  ETA: 1:32:30
Sampling (4 threads)  58%|█████████████████▍            |  ETA: 1:30:49
Sampling (4 threads)  58%|█████████████████▌            |  ETA: 1:29:25
Sampling (4 threads)  59%|█████████████████▊            |  ETA: 1:28:03
Sampling (4 threads)  60%|█████████████████▉            |  ETA: 1:26:50
Sampling (4 threads)  60%|██████████████████            |  ETA: 1:25:14
Sampling (4 threads)  60%|██████████████████▏           |  ETA: 1:23:59
Sampling (4 threads)  61%|██████████████████▎           |  ETA: 1:22:36
Sampling (4 threads)  62%|██████████████████▌           |  ETA: 1:21:17
Sampling (4 threads)  62%|██████████████████▋           |  ETA: 1:19:49
Sampling (4 threads)  62%|██████████████████▊           |  ETA: 1:18:35
Sampling (4 threads)  63%|██████████████████▉           |  ETA: 1:17:18
Sampling (4 threads)  64%|███████████████████           |  ETA: 1:16:03
Sampling (4 threads)  64%|███████████████████▎          |  ETA: 1:14:42
Sampling (4 threads)  64%|███████████████████▍          |  ETA: 1:13:24
Sampling (4 threads)  65%|███████████████████▌          |  ETA: 1:12:11
Sampling (4 threads)  66%|███████████████████▋          |  ETA: 1:10:58
Sampling (4 threads)  66%|███████████████████▊          |  ETA: 1:09:49
Sampling (4 threads)  66%|████████████████████          |  ETA: 1:08:37
Sampling (4 threads)  67%|████████████████████▏         |  ETA: 1:07:29
Sampling (4 threads)  68%|████████████████████▎         |  ETA: 1:06:16
Sampling (4 threads)  68%|████████████████████▍         |  ETA: 1:05:03
Sampling (4 threads)  68%|████████████████████▌         |  ETA: 1:03:49
Sampling (4 threads)  69%|████████████████████▊         |  ETA: 1:02:33
Sampling (4 threads)  70%|████████████████████▉         |  ETA: 1:01:24
Sampling (4 threads)  70%|█████████████████████         |  ETA: 1:00:11
Sampling (4 threads)  70%|█████████████████████▏        |  ETA: 0:58:58
Sampling (4 threads)  71%|█████████████████████▎        |  ETA: 0:57:45
Sampling (4 threads)  72%|█████████████████████▌        |  ETA: 0:56:33
Sampling (4 threads)  72%|█████████████████████▋        |  ETA: 0:55:20
Sampling (4 threads)  72%|█████████████████████▊        |  ETA: 0:54:08
Sampling (4 threads)  73%|█████████████████████▉        |  ETA: 0:53:02
Sampling (4 threads)  74%|██████████████████████        |  ETA: 0:51:55
Sampling (4 threads)  74%|██████████████████████▎       |  ETA: 0:50:45
Sampling (4 threads)  74%|██████████████████████▍       |  ETA: 0:49:31
Sampling (4 threads)  75%|██████████████████████▌       |  ETA: 0:48:26
Sampling (4 threads)  76%|██████████████████████▋       |  ETA: 0:47:18
Sampling (4 threads)  76%|██████████████████████▊       |  ETA: 0:46:11
Sampling (4 threads)  76%|███████████████████████       |  ETA: 0:45:04
Sampling (4 threads)  77%|███████████████████████▏      |  ETA: 0:43:59
Sampling (4 threads)  78%|███████████████████████▎      |  ETA: 0:42:55
Sampling (4 threads)  78%|███████████████████████▍      |  ETA: 0:41:51
Sampling (4 threads)  78%|███████████████████████▌      |  ETA: 0:40:45
Sampling (4 threads)  79%|███████████████████████▊      |  ETA: 0:39:42
Sampling (4 threads)  80%|███████████████████████▉      |  ETA: 0:38:32
Sampling (4 threads)  80%|████████████████████████      |  ETA: 0:37:36
Sampling (4 threads)  80%|████████████████████████▏     |  ETA: 0:36:40
Sampling (4 threads)  81%|████████████████████████▎     |  ETA: 0:35:42
Sampling (4 threads)  82%|████████████████████████▌     |  ETA: 0:34:44
Sampling (4 threads)  82%|████████████████████████▋     |  ETA: 0:33:44
Sampling (4 threads)  82%|████████████████████████▊     |  ETA: 0:32:46
Sampling (4 threads)  83%|████████████████████████▉     |  ETA: 0:31:48
Sampling (4 threads)  84%|█████████████████████████     |  ETA: 0:30:50
Sampling (4 threads)  84%|█████████████████████████▎    |  ETA: 0:29:53
Sampling (4 threads)  84%|█████████████████████████▍    |  ETA: 0:28:56
Sampling (4 threads)  85%|█████████████████████████▌    |  ETA: 0:28:00
Sampling (4 threads)  86%|█████████████████████████▋    |  ETA: 0:27:05
Sampling (4 threads)  86%|█████████████████████████▊    |  ETA: 0:26:09
Sampling (4 threads)  86%|██████████████████████████    |  ETA: 0:25:13
Sampling (4 threads)  87%|██████████████████████████▏   |  ETA: 0:24:15
Sampling (4 threads)  88%|██████████████████████████▎   |  ETA: 0:23:19
Sampling (4 threads)  88%|██████████████████████████▍   |  ETA: 0:22:21
Sampling (4 threads)  88%|██████████████████████████▌   |  ETA: 0:21:24
Sampling (4 threads)  89%|██████████████████████████▊   |  ETA: 0:20:28
Sampling (4 threads)  90%|██████████████████████████▉   |  ETA: 0:19:31
Sampling (4 threads)  90%|███████████████████████████   |  ETA: 0:18:34
Sampling (4 threads)  90%|███████████████████████████▏  |  ETA: 0:17:38
Sampling (4 threads)  91%|███████████████████████████▎  |  ETA: 0:16:42
Sampling (4 threads)  92%|███████████████████████████▌  |  ETA: 0:15:46
Sampling (4 threads)  92%|███████████████████████████▋  |  ETA: 0:14:50
Sampling (4 threads)  92%|███████████████████████████▊  |  ETA: 0:13:56
Sampling (4 threads)  93%|███████████████████████████▉  |  ETA: 0:13:02
Sampling (4 threads)  94%|████████████████████████████  |  ETA: 0:12:08
Sampling (4 threads)  94%|████████████████████████████▎ |  ETA: 0:11:14
Sampling (4 threads)  94%|████████████████████████████▍ |  ETA: 0:10:19
Sampling (4 threads)  95%|████████████████████████████▌ |  ETA: 0:09:24
Sampling (4 threads)  96%|████████████████████████████▋ |  ETA: 0:08:29
Sampling (4 threads)  96%|████████████████████████████▊ |  ETA: 0:07:33
Sampling (4 threads)  96%|█████████████████████████████ |  ETA: 0:06:37
Sampling (4 threads)  97%|█████████████████████████████▏|  ETA: 0:05:41
Sampling (4 threads)  98%|█████████████████████████████▎|  ETA: 0:04:45
Sampling (4 threads)  98%|█████████████████████████████▍|  ETA: 0:03:49
Sampling (4 threads)  98%|█████████████████████████████▌|  ETA: 0:02:52
Sampling (4 threads)  99%|█████████████████████████████▊|  ETA: 0:01:55
Sampling (4 threads) 100%|█████████████████████████████▉|  ETA: 0:00:58
Sampling (4 threads) 100%|██████████████████████████████| Time: 3:12:46
Sampling (4 threads) 100%|██████████████████████████████| Time: 3:12:48
ERROR: LoadError: MethodError: no method matching plotGraphs(::String, ::Vector{String}, ::Vector{RGB{Float64}}, ::Int64)

Closest candidates are:
  plotGraphs(::Any, ::Any, ::Any, ::Any, !Matched::Any)
   @ Main ~/bayesian/BC4/Bayes/wordType_experiments/plottingFuncs.jl:261

Stacktrace:
 [1] concludeAndPlot(m::Chains{Float64, AxisArray{Float64, 3, Array{Float64, 3}, Tuple{Axis{:iter, StepRange{Int64, Int64}}, Axis{:var, Vector{Symbol}}, Axis{:chain, UnitRange{Int64}}}}, Missing, @NamedTuple{parameters::Vector{Symbol}, internals::Vector{Symbol}}, @NamedTuple{varname_to_symbol::OrderedDict{AbstractPPL.VarName, Symbol}, start_time::Vector{Float64}, stop_time::Vector{Float64}, samplerstate::Vector{Nothing}}}, output_loc::String, pc::Int64, wordTypes::Vector{String}, cols::Vector{RGB{Float64}}, noPCS::Int64)
   @ Main ~/bayesian/BC4/Bayes/wordType_experiments/plottingFuncs.jl:21
 [2] runModel(model::DynamicPPL.Model{typeof(model_exp), (:participant, :word, :surprisal, :tags, :PCA, :ExpMean, :cauchyMean, :NUM_TYPES, :NUM_PARTICIPANTS), (), (), Tuple{Vector{Int64}, Vector{Float64}, Vector{Float64}, Vector{Int64}, Vector{Float64}, Float64, Float64, Int64, Int64}, Tuple{}, DynamicPPL.DefaultContext}, df_modified::DataFrame, dfPCA::DataFrame, pc::Int64, NUM_PARTICIPANTS::Int64, NUM_WORDS::Int64, TYPE_STRUCTURE::String, NUM_TYPES::Int64, wordTypes::Vector{String}, cols::Vector{RGB{Float64}}, isPlotting::Int64, analyseEssRhat::Int64, output_loc::String, expMean::Float64, cauchyMean::Float64, noPCS::Int64, noInChain::Int64)
   @ Main ~/bayesian/BC4/Bayes/wordType_experiments/model_master.jl:134
 [3] top-level scope
   @ ~/bayesian/BC4/Bayes/wordType_experiments/models/_1_4/model.jl:15
in expression starting at /user/home/em18564/bayesian/BC4/Bayes/wordType_experiments/models/_1_4/model.jl:15
