cpu-bind=MASK - bp1-compute128, task  0  0 [1010410]: mask 0x110000110000 set
Running on host bp1-compute128
Running on host bp1-compute136
Time is Fri Sep 18 15:35:11 BST 2026
Time is Fri Sep 18 15:35:12 BST 2026
Directory is /user/home/em18564/bayesian/BC4/Bayes/wordType_experiments/models/___noOffsets
Directory is /user/home/em18564/bayesian/BC4/Bayes/wordType_experiments/models/___noOffsets
Slurm job ID is 18993539
Slurm job ID is 18993512
This job runs on the following machines:
This job runs on the following machines:
bp1-compute128
bp1-compute136
┌ Warning: Runtime invalidation was disabled, but the CPU info is out-of-date.
│ Will continue with incorrect CPU name (from build time).
└ @ HostCPUFeatures ~/.julia/packages/HostCPUFeatures/ZTXz4/src/cpu_info.jl:71
┌ Warning: Runtime invalidation was disabled, but the CPU info is out-of-date.
│ Will continue with incorrect CPU feature flag: +avx512vnni.
└ @ HostCPUFeatures ~/.julia/packages/HostCPUFeatures/ZTXz4/src/cpu_info.jl:56
┌ Warning: Runtime invalidation was disabled, but the CPU info is out-of-date.
│ Will continue with incorrect CPU feature flag: -rtm.
└ @ HostCPUFeatures ~/.julia/packages/HostCPUFeatures/ZTXz4/src/cpu_info.jl:56
Sampling (4 threads)   0%|                              |  ETA: N/A
┌ Info: Found initial step size
└   ϵ = 0.000390625
┌ Info: Found initial step size
└   ϵ = 0.000390625
┌ Info: Found initial step size
└   ϵ = 0.0015625
┌ Info: Found initial step size
└   ϵ = 0.000390625
Sampling (4 threads)   0%|▏                             |  ETA: 1 days, 4:12:11
Sampling (4 threads)   1%|▎                             |  ETA: 14:01:55
Sampling (4 threads)   2%|▌                             |  ETA: 1 days, 12:43:34
Sampling (4 threads)   2%|▋                             |  ETA: 1 days, 3:24:17
Sampling (4 threads)   2%|▊                             |  ETA: 21:48:43
Sampling (4 threads)   3%|▉                             |  ETA: 18:05:00
Sampling (4 threads)   4%|█                             |  ETA: 1 days, 3:02:05
Sampling (4 threads)   4%|█▎                            |  ETA: 23:31:58
Sampling (4 threads)   4%|█▍                            |  ETA: 20:48:33
Sampling (4 threads)   5%|█▌                            |  ETA: 23:00:06
Sampling (4 threads)   6%|█▋                            |  ETA: 20:48:02
Sampling (4 threads)   6%|█▊                            |  ETA: 18:57:59
Sampling (4 threads)   6%|██                            |  ETA: 18:39:05
Sampling (4 threads)   7%|██▏                           |  ETA: 17:13:35
Sampling (4 threads)   8%|██▎                           |  ETA: 16:34:29
Sampling (4 threads)   8%|██▍                           |  ETA: 15:27:17
Sampling (4 threads)   8%|██▌                           |  ETA: 14:52:55
Sampling (4 threads)   9%|██▊                           |  ETA: 13:58:42
Sampling (4 threads)  10%|██▉                           |  ETA: 13:10:11
Sampling (4 threads)  10%|███                           |  ETA: 12:44:06
Sampling (4 threads)  10%|███▏                          |  ETA: 12:03:40
Sampling (4 threads)  11%|███▎                          |  ETA: 11:26:55
Sampling (4 threads)  12%|███▌                          |  ETA: 11:08:57
Sampling (4 threads)  12%|███▋                          |  ETA: 10:37:27
Sampling (4 threads)  12%|███▊                          |  ETA: 10:18:20
Sampling (4 threads)  13%|███▉                          |  ETA: 9:51:09
Sampling (4 threads)  14%|████                          |  ETA: 9:25:59
Sampling (4 threads)  14%|████▎                         |  ETA: 9:12:01
Sampling (4 threads)  14%|████▍                         |  ETA: 8:49:53
Sampling (4 threads)  15%|████▌                         |  ETA: 8:39:59
Sampling (4 threads)  16%|████▋                         |  ETA: 8:20:15
Sampling (4 threads)  16%|████▊                         |  ETA: 8:06:49
Sampling (4 threads)  16%|█████                         |  ETA: 7:49:15
Sampling (4 threads)  17%|█████▏                        |  ETA: 7:40:09
Sampling (4 threads)  18%|█████▎                        |  ETA: 7:24:18
Sampling (4 threads)  18%|█████▍                        |  ETA: 7:15:55
Sampling (4 threads)  18%|█████▌                        |  ETA: 7:01:33
Sampling (4 threads)  19%|█████▊                        |  ETA: 6:47:56
Sampling (4 threads)  20%|█████▉                        |  ETA: 6:41:53
Sampling (4 threads)  20%|██████                        |  ETA: 6:29:24
Sampling (4 threads)  20%|██████▏                       |  ETA: 6:17:32
Sampling (4 threads)  21%|██████▎                       |  ETA: 6:06:13
Sampling (4 threads)  22%|██████▌                       |  ETA: 6:01:01
Sampling (4 threads)  22%|██████▋                       |  ETA: 5:50:34
Sampling (4 threads)  22%|██████▊                       |  ETA: 5:40:35
Sampling (4 threads)  23%|██████▉                       |  ETA: 5:36:18
Sampling (4 threads)  24%|███████                       |  ETA: 5:27:01
Sampling (4 threads)  24%|███████▎                      |  ETA: 5:18:06
Sampling (4 threads)  24%|███████▍                      |  ETA: 5:09:34
Sampling (4 threads)  25%|███████▌                      |  ETA: 5:06:25
Sampling (4 threads)  26%|███████▋                      |  ETA: 4:58:24
Sampling (4 threads)  26%|███████▊                      |  ETA: 4:50:42
Sampling (4 threads)  26%|████████                      |  ETA: 4:47:21
Sampling (4 threads)  27%|████████▏                     |  ETA: 4:40:06
Sampling (4 threads)  28%|████████▎                     |  ETA: 4:33:08
Sampling (4 threads)  28%|████████▍                     |  ETA: 4:28:49
Sampling (4 threads)  28%|████████▌                     |  ETA: 4:22:16
Sampling (4 threads)  29%|████████▊                     |  ETA: 4:18:37
Sampling (4 threads)  30%|████████▉                     |  ETA: 4:12:27
Sampling (4 threads)  30%|█████████                     |  ETA: 4:06:29
Sampling (4 threads)  30%|█████████▏                    |  ETA: 4:03:29
Sampling (4 threads)  31%|█████████▎                    |  ETA: 3:57:50
Sampling (4 threads)  32%|█████████▌                    |  ETA: 3:54:38
Sampling (4 threads)  32%|█████████▋                    |  ETA: 3:49:17
Sampling (4 threads)  32%|█████████▊                    |  ETA: 3:44:06
Sampling (4 threads)  33%|█████████▉                    |  ETA: 3:40:45
Sampling (4 threads)  34%|██████████                    |  ETA: 3:35:50
Sampling (4 threads)  34%|██████████▎                   |  ETA: 3:33:20
Sampling (4 threads)  34%|██████████▍                   |  ETA: 3:28:39
Sampling (4 threads)  35%|██████████▌                   |  ETA: 3:26:44
Sampling (4 threads)  36%|██████████▋                   |  ETA: 3:22:15
Sampling (4 threads)  36%|██████████▊                   |  ETA: 3:17:54
Sampling (4 threads)  36%|███████████                   |  ETA: 3:13:40
Sampling (4 threads)  37%|███████████▏                  |  ETA: 3:11:56
Sampling (4 threads)  38%|███████████▎                  |  ETA: 3:07:52
Sampling (4 threads)  38%|███████████▍                  |  ETA: 3:03:55
Sampling (4 threads)  38%|███████████▌                  |  ETA: 3:02:06
Sampling (4 threads)  39%|███████████▊                  |  ETA: 2:58:18
Sampling (4 threads)  40%|███████████▉                  |  ETA: 2:54:36
Sampling (4 threads)  40%|████████████                  |  ETA: 2:52:58
Sampling (4 threads)  40%|████████████▏                 |  ETA: 2:49:24
Sampling (4 threads)  41%|████████████▎                 |  ETA: 2:47:17
Sampling (4 threads)  42%|████████████▌                 |  ETA: 2:43:52
Sampling (4 threads)  42%|████████████▋                 |  ETA: 2:40:32
Sampling (4 threads)  42%|████████████▊                 |  ETA: 2:39:26
Sampling (4 threads)  43%|████████████▉                 |  ETA: 2:36:13
Sampling (4 threads)  44%|█████████████                 |  ETA: 2:33:04
Sampling (4 threads)  44%|█████████████▎                |  ETA: 2:31:36
Sampling (4 threads)  44%|█████████████▍                |  ETA: 2:28:34
Sampling (4 threads)  45%|█████████████▌                |  ETA: 2:25:35
Sampling (4 threads)  46%|█████████████▋                |  ETA: 2:23:51
Sampling (4 threads)  46%|█████████████▊                |  ETA: 2:20:59
Sampling (4 threads)  46%|██████████████                |  ETA: 2:19:04
Sampling (4 threads)  47%|██████████████▏               |  ETA: 2:16:18
Sampling (4 threads)  48%|██████████████▎               |  ETA: 2:14:33
Sampling (4 threads)  48%|██████████████▍               |  ETA: 2:11:53
Sampling (4 threads)  48%|██████████████▌               |  ETA: 2:10:24
Sampling (4 threads)  49%|██████████████▊               |  ETA: 2:07:49
Sampling (4 threads)  50%|██████████████▉               |  ETA: 2:06:18
Sampling (4 threads)  50%|███████████████               |  ETA: 2:03:48
Sampling (4 threads)  50%|███████████████▏              |  ETA: 2:02:25
Sampling (4 threads)  51%|███████████████▎              |  ETA: 1:59:59
Sampling (4 threads)  52%|███████████████▌              |  ETA: 1:57:37
Sampling (4 threads)  52%|███████████████▋              |  ETA: 1:56:18
Sampling (4 threads)  52%|███████████████▊              |  ETA: 1:53:59
Sampling (4 threads)  53%|███████████████▉              |  ETA: 1:51:43
Sampling (4 threads)  54%|████████████████              |  ETA: 1:50:14
Sampling (4 threads)  54%|████████████████▎             |  ETA: 1:48:02
Sampling (4 threads)  55%|████████████████▍             |  ETA: 1:46:33
Sampling (4 threads)  55%|████████████████▌             |  ETA: 1:44:25
Sampling (4 threads)  56%|████████████████▋             |  ETA: 1:43:05
Sampling (4 threads)  56%|████████████████▊             |  ETA: 1:41:01
Sampling (4 threads)  56%|█████████████████             |  ETA: 1:40:03
Sampling (4 threads)  57%|█████████████████▏            |  ETA: 1:38:02
Sampling (4 threads)  57%|█████████████████▎            |  ETA: 1:36:03
Sampling (4 threads)  58%|█████████████████▍            |  ETA: 1:34:06
Sampling (4 threads)  58%|█████████████████▌            |  ETA: 1:33:34
Sampling (4 threads)  59%|█████████████████▊            |  ETA: 1:31:39
Sampling (4 threads)  60%|█████████████████▉            |  ETA: 1:29:47
Sampling (4 threads)  60%|██████████████████            |  ETA: 1:29:13
Sampling (4 threads)  60%|██████████████████▏           |  ETA: 1:27:22
Sampling (4 threads)  61%|██████████████████▎           |  ETA: 1:25:34
Sampling (4 threads)  62%|██████████████████▌           |  ETA: 1:23:47
Sampling (4 threads)  62%|██████████████████▋           |  ETA: 1:22:44
Sampling (4 threads)  62%|██████████████████▊           |  ETA: 1:20:59
Sampling (4 threads)  63%|██████████████████▉           |  ETA: 1:19:49
Sampling (4 threads)  64%|███████████████████           |  ETA: 1:18:07
Sampling (4 threads)  64%|███████████████████▎          |  ETA: 1:17:05
Sampling (4 threads)  64%|███████████████████▍          |  ETA: 1:15:25
Sampling (4 threads)  65%|███████████████████▌          |  ETA: 1:13:47
Sampling (4 threads)  66%|███████████████████▋          |  ETA: 1:12:49
Sampling (4 threads)  66%|███████████████████▊          |  ETA: 1:11:13
Sampling (4 threads)  66%|████████████████████          |  ETA: 1:09:39
Sampling (4 threads)  67%|████████████████████▏         |  ETA: 1:08:35
Sampling (4 threads)  68%|████████████████████▎         |  ETA: 1:07:02
Sampling (4 threads)  68%|████████████████████▍         |  ETA: 1:06:06
Sampling (4 threads)  68%|████████████████████▌         |  ETA: 1:04:35
Sampling (4 threads)  69%|████████████████████▊         |  ETA: 1:03:06
Sampling (4 threads)  70%|████████████████████▉         |  ETA: 1:01:38
Sampling (4 threads)  70%|█████████████████████         |  ETA: 1:00:44
Sampling (4 threads)  70%|█████████████████████▏        |  ETA: 0:59:17
Sampling (4 threads)  71%|█████████████████████▎        |  ETA: 0:58:18
Sampling (4 threads)  72%|█████████████████████▌        |  ETA: 0:56:54
Sampling (4 threads)  72%|█████████████████████▋        |  ETA: 0:55:31
Sampling (4 threads)  72%|█████████████████████▊        |  ETA: 0:54:25
Sampling (4 threads)  73%|█████████████████████▉        |  ETA: 0:53:10
Sampling (4 threads)  74%|██████████████████████        |  ETA: 0:52:06
Sampling (4 threads)  74%|██████████████████████▎       |  ETA: 0:50:50
Sampling (4 threads)  74%|██████████████████████▍       |  ETA: 0:49:50
Sampling (4 threads)  75%|██████████████████████▌       |  ETA: 0:48:33
Sampling (4 threads)  76%|██████████████████████▋       |  ETA: 0:47:29
Sampling (4 threads)  76%|██████████████████████▊       |  ETA: 0:46:20
Sampling (4 threads)  76%|███████████████████████       |  ETA: 0:45:15
Sampling (4 threads)  77%|███████████████████████▏      |  ETA: 0:44:07
Sampling (4 threads)  78%|███████████████████████▎      |  ETA: 0:43:03
Sampling (4 threads)  78%|███████████████████████▍      |  ETA: 0:41:56
Sampling (4 threads)  78%|███████████████████████▌      |  ETA: 0:40:52
Sampling (4 threads)  79%|███████████████████████▊      |  ETA: 0:39:46
Sampling (4 threads)  80%|███████████████████████▉      |  ETA: 0:38:47
Sampling (4 threads)  80%|████████████████████████      |  ETA: 0:37:41
Sampling (4 threads)  80%|████████████████████████▏     |  ETA: 0:36:40
Sampling (4 threads)  81%|████████████████████████▎     |  ETA: 0:35:32
Sampling (4 threads)  82%|████████████████████████▌     |  ETA: 0:34:35
Sampling (4 threads)  82%|████████████████████████▋     |  ETA: 0:33:29
Sampling (4 threads)  82%|████████████████████████▊     |  ETA: 0:32:35
Sampling (4 threads)  83%|████████████████████████▉     |  ETA: 0:31:28
Sampling (4 threads)  84%|█████████████████████████     |  ETA: 0:30:30
Sampling (4 threads)  84%|█████████████████████████▎    |  ETA: 0:29:29
Sampling (4 threads)  84%|█████████████████████████▍    |  ETA: 0:28:31
Sampling (4 threads)  85%|█████████████████████████▌    |  ETA: 0:27:30
Sampling (4 threads)  86%|█████████████████████████▋    |  ETA: 0:26:31
Sampling (4 threads)  86%|█████████████████████████▊    |  ETA: 0:25:32
Sampling (4 threads)  86%|██████████████████████████    |  ETA: 0:24:38
Sampling (4 threads)  87%|██████████████████████████▏   |  ETA: 0:23:36
Sampling (4 threads)  88%|██████████████████████████▎   |  ETA: 0:22:41
Sampling (4 threads)  88%|██████████████████████████▍   |  ETA: 0:21:41
Sampling (4 threads)  88%|██████████████████████████▌   |  ETA: 0:20:46
Sampling (4 threads)  89%|██████████████████████████▊   |  ETA: 0:19:47
Sampling (4 threads)  90%|██████████████████████████▉   |  ETA: 0:18:52
Sampling (4 threads)  90%|███████████████████████████   |  ETA: 0:17:56
Sampling (4 threads)  90%|███████████████████████████▏  |  ETA: 0:17:00
Sampling (4 threads)  91%|███████████████████████████▎  |  ETA: 0:16:02
Sampling (4 threads)  92%|███████████████████████████▌  |  ETA: 0:15:08
Sampling (4 threads)  92%|███████████████████████████▋  |  ETA: 0:14:12
Sampling (4 threads)  92%|███████████████████████████▊  |  ETA: 0:13:17
Sampling (4 threads)  93%|███████████████████████████▉  |  ETA: 0:12:22
Sampling (4 threads)  94%|████████████████████████████  |  ETA: 0:11:27
Sampling (4 threads)  94%|████████████████████████████▎ |  ETA: 0:10:33
Sampling (4 threads)  94%|████████████████████████████▍ |  ETA: 0:09:39
Sampling (4 threads)  95%|████████████████████████████▌ |  ETA: 0:08:46
Sampling (4 threads)  96%|████████████████████████████▋ |  ETA: 0:07:52
Sampling (4 threads)  96%|████████████████████████████▊ |  ETA: 0:06:59
Sampling (4 threads)  96%|█████████████████████████████ |  ETA: 0:06:08
Sampling (4 threads)  97%|█████████████████████████████▏|  ETA: 0:05:17
Sampling (4 threads)  98%|█████████████████████████████▎|  ETA: 0:04:25
Sampling (4 threads)  98%|█████████████████████████████▍|  ETA: 0:03:33
Sampling (4 threads)  98%|█████████████████████████████▌|  ETA: 0:02:40
Sampling (4 threads)  99%|█████████████████████████████▊|  ETA: 0:01:47
Sampling (4 threads) 100%|█████████████████████████████▉|  ETA: 0:00:54
Sampling (4 threads) 100%|██████████████████████████████| Time: 2:59:27
Sampling (4 threads) 100%|██████████████████████████████| Time: 2:59:28
Precompiling project...
    DistributionsADReverseDiffExt Being precompiled by another machine (hostname: bp1-compute122, pid: 356549, pidfile: /user/home/em18564/.julia/compiled/v1.10/DistributionsADReverseDiffExt/hY00X_4RpdW.ji.pidfile)
  ✗ DistributionsAD → DistributionsADReverseDiffExt
  0 dependencies successfully precompiled in 185 seconds. 549 already precompiled.
┌ Warning: Runtime invalidation was disabled, but the CPU info is out-of-date.
│ Will continue with incorrect CPU name (from build time).
└ @ HostCPUFeatures ~/.julia/packages/HostCPUFeatures/ZTXz4/src/cpu_info.jl:71
┌ Warning: Runtime invalidation was disabled, but the CPU info is out-of-date.
│ Will continue with incorrect CPU feature flag: +avx512vnni.
└ @ HostCPUFeatures ~/.julia/packages/HostCPUFeatures/ZTXz4/src/cpu_info.jl:56
┌ Warning: Runtime invalidation was disabled, but the CPU info is out-of-date.
│ Will continue with incorrect CPU feature flag: -rtm.
└ @ HostCPUFeatures ~/.julia/packages/HostCPUFeatures/ZTXz4/src/cpu_info.jl:56
Sampling (4 threads)   0%|                              |  ETA: N/A
┌ Info: Found initial step size
└   ϵ = 0.0015625
┌ Info: Found initial step size
└   ϵ = 0.00625
┌ Info: Found initial step size
└   ϵ = 0.003125
┌ Info: Found initial step size
└   ϵ = 0.00625
Sampling (4 threads)   0%|▏                             |  ETA: 17:03:16
Sampling (4 threads)   1%|▎                             |  ETA: 8:29:09
Sampling (4 threads)   2%|▌                             |  ETA: 1 days, 1:14:04
Sampling (4 threads)   2%|▋                             |  ETA: 18:49:47
Sampling (4 threads)   2%|▊                             |  ETA: 14:59:13
Sampling (4 threads)   3%|▉                             |  ETA: 1 days, 2:26:18
Sampling (4 threads)   4%|█                             |  ETA: 22:32:41
Sampling (4 threads)   4%|█▎                            |  ETA: 19:37:28
Sampling (4 threads)   4%|█▍                            |  ETA: 1 days, 2:49:17
Sampling (4 threads)   5%|█▌                            |  ETA: 1 days, 0:00:46
Sampling (4 threads)   6%|█▋                            |  ETA: 21:42:54
Sampling (4 threads)   6%|█▊                            |  ETA: 20:52:40
Sampling (4 threads)   6%|██                            |  ETA: 19:10:10
Sampling (4 threads)   7%|██▏                           |  ETA: 18:18:28
Sampling (4 threads)   8%|██▎                           |  ETA: 16:59:43
Sampling (4 threads)   8%|██▍                           |  ETA: 15:50:49
Sampling (4 threads)   8%|██▌                           |  ETA: 15:25:36
Sampling (4 threads)   9%|██▊                           |  ETA: 14:29:24
Sampling (4 threads)  10%|██▉                           |  ETA: 14:00:15
Sampling (4 threads)  10%|███                           |  ETA: 13:13:49
Sampling (4 threads)  10%|███▏                          |  ETA: 12:50:31
Sampling (4 threads)  11%|███▎                          |  ETA: 12:11:23
Sampling (4 threads)  12%|███▌                          |  ETA: 11:52:21
Sampling (4 threads)  12%|███▋                          |  ETA: 11:18:48
Sampling (4 threads)  12%|███▊                          |  ETA: 10:47:57
Sampling (4 threads)  13%|███▉                          |  ETA: 10:35:26
Sampling (4 threads)  14%|████                          |  ETA: 10:08:23
Sampling (4 threads)  14%|████▎                         |  ETA: 9:56:01
Sampling (4 threads)  14%|████▍                         |  ETA: 9:32:07
Sampling (4 threads)  15%|████▌                         |  ETA: 9:09:49
Sampling (4 threads)  16%|████▋                         |  ETA: 8:58:36
Sampling (4 threads)  16%|████▊                         |  ETA: 8:38:40
Sampling (4 threads)  16%|█████                         |  ETA: 8:19:58
Sampling (4 threads)  17%|█████▏                        |  ETA: 8:11:40
Sampling (4 threads)  18%|█████▎                        |  ETA: 7:54:45
Sampling (4 threads)  18%|█████▍                        |  ETA: 7:46:38
Sampling (4 threads)  18%|█████▌                        |  ETA: 7:31:16
Sampling (4 threads)  19%|█████▊                        |  ETA: 7:16:41
Sampling (4 threads)  20%|█████▉                        |  ETA: 7:11:46
Sampling (4 threads)  20%|██████                        |  ETA: 6:58:21
Sampling (4 threads)  20%|██████▏                       |  ETA: 6:51:38
Sampling (4 threads)  21%|██████▎                       |  ETA: 6:39:18
Sampling (4 threads)  22%|██████▌                       |  ETA: 6:31:13
Sampling (4 threads)  22%|██████▋                       |  ETA: 6:19:53
Sampling (4 threads)  22%|██████▊                       |  ETA: 6:14:04
Sampling (4 threads)  23%|██████▉                       |  ETA: 6:03:35
Sampling (4 threads)  24%|███████                       |  ETA: 5:53:32
Sampling (4 threads)  24%|███████▎                      |  ETA: 5:49:45
Sampling (4 threads)  24%|███████▍                      |  ETA: 5:40:21
Sampling (4 threads)  25%|███████▌                      |  ETA: 5:31:20
Sampling (4 threads)  26%|███████▋                      |  ETA: 5:28:50
Sampling (4 threads)  26%|███████▊                      |  ETA: 5:20:20
Sampling (4 threads)  26%|████████                      |  ETA: 5:12:10
Sampling (4 threads)  27%|████████▏                     |  ETA: 5:07:17
Sampling (4 threads)  28%|████████▎                     |  ETA: 4:59:38
Sampling (4 threads)  28%|████████▍                     |  ETA: 4:55:07
Sampling (4 threads)  28%|████████▌                     |  ETA: 4:47:56
Sampling (4 threads)  29%|████████▊                     |  ETA: 4:44:16
Sampling (4 threads)  30%|████████▉                     |  ETA: 4:37:28
Sampling (4 threads)  30%|█████████                     |  ETA: 4:30:55
Sampling (4 threads)  30%|█████████▏                    |  ETA: 4:27:34
Sampling (4 threads)  31%|█████████▎                    |  ETA: 4:21:22
Sampling (4 threads)  32%|█████████▌                    |  ETA: 4:18:02
Sampling (4 threads)  32%|█████████▋                    |  ETA: 4:12:09
Sampling (4 threads)  32%|█████████▊                    |  ETA: 4:08:58
Sampling (4 threads)  33%|█████████▉                    |  ETA: 4:03:23
Sampling (4 threads)  34%|██████████                    |  ETA: 3:57:57
Sampling (4 threads)  34%|██████████▎                   |  ETA: 3:54:55
Sampling (4 threads)  34%|██████████▍                   |  ETA: 3:49:46
Sampling (4 threads)  35%|██████████▌                   |  ETA: 3:46:52
Sampling (4 threads)  36%|██████████▋                   |  ETA: 3:41:57
Sampling (4 threads)  36%|██████████▊                   |  ETA: 3:39:17
Sampling (4 threads)  36%|███████████                   |  ETA: 3:34:36
Sampling (4 threads)  37%|███████████▏                  |  ETA: 3:30:02
Sampling (4 threads)  38%|███████████▎                  |  ETA: 3:27:20
Sampling (4 threads)  38%|███████████▍                  |  ETA: 3:22:58
Sampling (4 threads)  38%|███████████▌                  |  ETA: 3:20:31
Sampling (4 threads)  39%|███████████▊                  |  ETA: 3:16:20
Sampling (4 threads)  40%|███████████▉                  |  ETA: 3:13:54
Sampling (4 threads)  40%|████████████                  |  ETA: 3:09:53
Sampling (4 threads)  40%|████████████▏                 |  ETA: 3:05:59
Sampling (4 threads)  41%|████████████▎                 |  ETA: 3:03:54
Sampling (4 threads)  42%|████████████▌                 |  ETA: 3:00:08
Sampling (4 threads)  42%|████████████▋                 |  ETA: 2:58:16
Sampling (4 threads)  42%|████████████▊                 |  ETA: 2:54:39
Sampling (4 threads)  43%|████████████▉                 |  ETA: 2:52:53
Sampling (4 threads)  44%|█████████████                 |  ETA: 2:49:24
Sampling (4 threads)  44%|█████████████▎                |  ETA: 2:47:33
Sampling (4 threads)  44%|█████████████▍                |  ETA: 2:44:12
Sampling (4 threads)  45%|█████████████▌                |  ETA: 2:40:54
Sampling (4 threads)  46%|█████████████▋                |  ETA: 2:39:06
Sampling (4 threads)  46%|█████████████▊                |  ETA: 2:35:55
Sampling (4 threads)  46%|██████████████                |  ETA: 2:34:10
Sampling (4 threads)  47%|██████████████▏               |  ETA: 2:31:06
Sampling (4 threads)  48%|██████████████▎               |  ETA: 2:28:06
Sampling (4 threads)  48%|██████████████▍               |  ETA: 2:26:18
Sampling (4 threads)  48%|██████████████▌               |  ETA: 2:23:24
Sampling (4 threads)  49%|██████████████▊               |  ETA: 2:21:45
Sampling (4 threads)  50%|██████████████▉               |  ETA: 2:18:56
Sampling (4 threads)  50%|███████████████               |  ETA: 2:17:37
Sampling (4 threads)  50%|███████████████▏              |  ETA: 2:14:53
Sampling (4 threads)  51%|███████████████▎              |  ETA: 2:12:13
Sampling (4 threads)  52%|███████████████▌              |  ETA: 2:10:45
Sampling (4 threads)  52%|███████████████▋              |  ETA: 2:08:09
Sampling (4 threads)  52%|███████████████▊              |  ETA: 2:05:37
Sampling (4 threads)  53%|███████████████▉              |  ETA: 2:04:17
Sampling (4 threads)  54%|████████████████              |  ETA: 2:01:49
Sampling (4 threads)  54%|████████████████▎             |  ETA: 2:00:25
Sampling (4 threads)  55%|████████████████▍             |  ETA: 1:58:01
Sampling (4 threads)  55%|████████████████▌             |  ETA: 1:56:39
Sampling (4 threads)  56%|████████████████▋             |  ETA: 1:54:18
Sampling (4 threads)  56%|████████████████▊             |  ETA: 1:52:01
Sampling (4 threads)  56%|█████████████████             |  ETA: 1:50:38
Sampling (4 threads)  57%|█████████████████▏            |  ETA: 1:48:24
Sampling (4 threads)  57%|█████████████████▎            |  ETA: 1:46:13
Sampling (4 threads)  58%|█████████████████▍            |  ETA: 1:45:02
Sampling (4 threads)  58%|█████████████████▌            |  ETA: 1:42:54
Sampling (4 threads)  59%|█████████████████▊            |  ETA: 1:41:48
Sampling (4 threads)  60%|█████████████████▉            |  ETA: 1:39:43
Sampling (4 threads)  60%|██████████████████            |  ETA: 1:38:28
Sampling (4 threads)  60%|██████████████████▏           |  ETA: 1:36:26
Sampling (4 threads)  61%|██████████████████▎           |  ETA: 1:34:25
Sampling (4 threads)  62%|██████████████████▌           |  ETA: 1:33:12
Sampling (4 threads)  62%|██████████████████▋           |  ETA: 1:31:14
Sampling (4 threads)  62%|██████████████████▊           |  ETA: 1:30:01
Sampling (4 threads)  63%|██████████████████▉           |  ETA: 1:28:07
Sampling (4 threads)  64%|███████████████████           |  ETA: 1:26:56
Sampling (4 threads)  64%|███████████████████▎          |  ETA: 1:25:05
Sampling (4 threads)  64%|███████████████████▍          |  ETA: 1:23:15
Sampling (4 threads)  65%|███████████████████▌          |  ETA: 1:22:07
Sampling (4 threads)  66%|███████████████████▋          |  ETA: 1:20:19
Sampling (4 threads)  66%|███████████████████▊          |  ETA: 1:19:09
Sampling (4 threads)  66%|████████████████████          |  ETA: 1:17:24
Sampling (4 threads)  67%|████████████████████▏         |  ETA: 1:16:12
Sampling (4 threads)  68%|████████████████████▎         |  ETA: 1:14:29
Sampling (4 threads)  68%|████████████████████▍         |  ETA: 1:12:48
Sampling (4 threads)  68%|████████████████████▌         |  ETA: 1:11:39
Sampling (4 threads)  69%|████████████████████▊         |  ETA: 1:10:01
Sampling (4 threads)  70%|████████████████████▉         |  ETA: 1:08:54
Sampling (4 threads)  70%|█████████████████████         |  ETA: 1:07:17
Sampling (4 threads)  70%|█████████████████████▏        |  ETA: 1:05:42
Sampling (4 threads)  71%|█████████████████████▎        |  ETA: 1:04:51
Sampling (4 threads)  72%|█████████████████████▌        |  ETA: 1:03:18
Sampling (4 threads)  72%|█████████████████████▋        |  ETA: 1:01:45
Sampling (4 threads)  72%|█████████████████████▊        |  ETA: 1:00:52
Sampling (4 threads)  73%|█████████████████████▉        |  ETA: 0:59:21
Sampling (4 threads)  74%|██████████████████████        |  ETA: 0:57:51
Sampling (4 threads)  74%|██████████████████████▎       |  ETA: 0:57:00
Sampling (4 threads)  74%|██████████████████████▍       |  ETA: 0:55:32
Sampling (4 threads)  75%|██████████████████████▌       |  ETA: 0:54:05
Sampling (4 threads)  76%|██████████████████████▋       |  ETA: 0:53:09
Sampling (4 threads)  76%|██████████████████████▊       |  ETA: 0:51:43
Sampling (4 threads)  76%|███████████████████████       |  ETA: 0:50:18
Sampling (4 threads)  77%|███████████████████████▏      |  ETA: 0:48:55
Sampling (4 threads)  78%|███████████████████████▎      |  ETA: 0:47:53
Sampling (4 threads)  78%|███████████████████████▍      |  ETA: 0:46:31
Sampling (4 threads)  78%|███████████████████████▌      |  ETA: 0:45:35
Sampling (4 threads)  79%|███████████████████████▊      |  ETA: 0:44:15
Sampling (4 threads)  80%|███████████████████████▉      |  ETA: 0:42:55
Sampling (4 threads)  80%|████████████████████████      |  ETA: 0:41:37
Sampling (4 threads)  80%|████████████████████████▏     |  ETA: 0:40:41
Sampling (4 threads)  81%|████████████████████████▎     |  ETA: 0:39:23
Sampling (4 threads)  82%|████████████████████████▌     |  ETA: 0:38:16
Sampling (4 threads)  82%|████████████████████████▋     |  ETA: 0:37:00
Sampling (4 threads)  82%|████████████████████████▊     |  ETA: 0:35:59
Sampling (4 threads)  83%|████████████████████████▉     |  ETA: 0:34:44
Sampling (4 threads)  84%|█████████████████████████     |  ETA: 0:33:42
Sampling (4 threads)  84%|█████████████████████████▎    |  ETA: 0:32:29
Sampling (4 threads)  84%|█████████████████████████▍    |  ETA: 0:31:25
Sampling (4 threads)  85%|█████████████████████████▌    |  ETA: 0:30:13
Sampling (4 threads)  86%|█████████████████████████▋    |  ETA: 0:29:17
Sampling (4 threads)  86%|█████████████████████████▊    |  ETA: 0:28:07
Sampling (4 threads)  86%|██████████████████████████    |  ETA: 0:27:12
Sampling (4 threads)  87%|██████████████████████████▏   |  ETA: 0:26:03
Sampling (4 threads)  88%|██████████████████████████▎   |  ETA: 0:24:54
Sampling (4 threads)  88%|██████████████████████████▍   |  ETA: 0:23:46
Sampling (4 threads)  88%|██████████████████████████▌   |  ETA: 0:22:49
Sampling (4 threads)  89%|██████████████████████████▊   |  ETA: 0:21:42
Sampling (4 threads)  90%|██████████████████████████▉   |  ETA: 0:20:41
Sampling (4 threads)  90%|███████████████████████████   |  ETA: 0:19:36
Sampling (4 threads)  90%|███████████████████████████▏  |  ETA: 0:18:39
Sampling (4 threads)  91%|███████████████████████████▎  |  ETA: 0:17:34
Sampling (4 threads)  92%|███████████████████████████▌  |  ETA: 0:16:36
Sampling (4 threads)  92%|███████████████████████████▋  |  ETA: 0:15:33
Sampling (4 threads)  92%|███████████████████████████▊  |  ETA: 0:14:30
Sampling (4 threads)  93%|███████████████████████████▉  |  ETA: 0:13:34
Sampling (4 threads)  94%|████████████████████████████  |  ETA: 0:12:31
Sampling (4 threads)  94%|████████████████████████████▎ |  ETA: 0:11:30
Sampling (4 threads)  94%|████████████████████████████▍ |  ETA: 0:10:36
Sampling (4 threads)  95%|████████████████████████████▌ |  ETA: 0:09:35
Sampling (4 threads)  96%|████████████████████████████▋ |  ETA: 0:08:35
Sampling (4 threads)  96%|████████████████████████████▊ |  ETA: 0:07:36
Sampling (4 threads)  96%|█████████████████████████████ |  ETA: 0:06:38
Sampling (4 threads)  97%|█████████████████████████████▏|  ETA: 0:05:41
Sampling (4 threads)  98%|█████████████████████████████▎|  ETA: 0:04:44
Sampling (4 threads)  98%|█████████████████████████████▍|  ETA: 0:03:47
Sampling (4 threads)  98%|█████████████████████████████▌|  ETA: 0:02:50
Sampling (4 threads)  99%|█████████████████████████████▊|  ETA: 0:01:53
Sampling (4 threads) 100%|█████████████████████████████▉|  ETA: 0:00:56
Sampling (4 threads) 100%|██████████████████████████████| Time: 3:07:52
Sampling (4 threads) 100%|██████████████████████████████| Time: 3:07:53
┌ Warning: Runtime invalidation was disabled, but the CPU info is out-of-date.
│ Will continue with incorrect CPU name (from build time).
└ @ HostCPUFeatures ~/.julia/packages/HostCPUFeatures/ZTXz4/src/cpu_info.jl:71
┌ Warning: Runtime invalidation was disabled, but the CPU info is out-of-date.
│ Will continue with incorrect CPU feature flag: +avx512vnni.
└ @ HostCPUFeatures ~/.julia/packages/HostCPUFeatures/ZTXz4/src/cpu_info.jl:56
┌ Warning: Runtime invalidation was disabled, but the CPU info is out-of-date.
│ Will continue with incorrect CPU feature flag: -rtm.
└ @ HostCPUFeatures ~/.julia/packages/HostCPUFeatures/ZTXz4/src/cpu_info.jl:56
Sampling (4 threads)   0%|                              |  ETA: N/A
┌ Info: Found initial step size
└   ϵ = 0.00078125
┌ Info: Found initial step size
└   ϵ = 0.00078125
┌ Info: Found initial step size
└   ϵ = 0.00078125
┌ Info: Found initial step size
└   ϵ = 0.000390625
Sampling (4 threads)   0%|▏                             |  ETA: 1 days, 20:47:19
Sampling (4 threads)   1%|▎                             |  ETA: 22:17:02
Sampling (4 threads)   2%|▌                             |  ETA: 1 days, 11:20:35
Sampling (4 threads)   2%|▋                             |  ETA: 1 days, 2:22:22
Sampling (4 threads)   2%|▊                             |  ETA: 1 days, 11:01:44
Sampling (4 threads)   3%|▉                             |  ETA: 1 days, 5:02:28
Sampling (4 threads)   4%|█                             |  ETA: 1 days, 0:45:51
Sampling (4 threads)   4%|█▎                            |  ETA: 1 days, 5:10:02
Sampling (4 threads)   4%|█▍                            |  ETA: 1 days, 1:47:29
Sampling (4 threads)   5%|█▌                            |  ETA: 1 days, 3:54:31
Sampling (4 threads)   6%|█▋                            |  ETA: 1 days, 1:14:16
Sampling (4 threads)   6%|█▊                            |  ETA: 1 days, 2:23:19
Sampling (4 threads)   6%|██                            |  ETA: 1 days, 0:13:45
Sampling (4 threads)   7%|██▏                           |  ETA: 22:22:41
Sampling (4 threads)   8%|██▎                           |  ETA: 21:07:36
Sampling (4 threads)   8%|██▍                           |  ETA: 19:41:57
Sampling (4 threads)   8%|██▌                           |  ETA: 18:39:11
Sampling (4 threads)   9%|██▊                           |  ETA: 17:31:14
Sampling (4 threads)  10%|██▉                           |  ETA: 16:41:28
Sampling (4 threads)  10%|███                           |  ETA: 15:46:08
Sampling (4 threads)  10%|███▏                          |  ETA: 15:05:26
Sampling (4 threads)  11%|███▎                          |  ETA: 14:19:26
Sampling (4 threads)  12%|███▌                          |  ETA: 13:37:27
Sampling (4 threads)  12%|███▋                          |  ETA: 13:12:15
Sampling (4 threads)  12%|███▊                          |  ETA: 12:36:14
Sampling (4 threads)  13%|███▉                          |  ETA: 12:03:00
Sampling (4 threads)  14%|████                          |  ETA: 11:39:11
Sampling (4 threads)  14%|████▎                         |  ETA: 11:10:19
Sampling (4 threads)  14%|████▍                         |  ETA: 10:50:44
Sampling (4 threads)  15%|████▌                         |  ETA: 10:25:22
Sampling (4 threads)  16%|████▋                         |  ETA: 10:01:38
Sampling (4 threads)  16%|████▊                         |  ETA: 9:46:31
Sampling (4 threads)  16%|█████                         |  ETA: 9:25:21
Sampling (4 threads)  17%|█████▏                        |  ETA: 9:05:27
Sampling (4 threads)  18%|█████▎                        |  ETA: 8:55:23
Sampling (4 threads)  18%|█████▍                        |  ETA: 8:37:21
Sampling (4 threads)  18%|█████▌                        |  ETA: 8:20:18
Sampling (4 threads)  19%|█████▊                        |  ETA: 8:09:49
Sampling (4 threads)  20%|█████▉                        |  ETA: 7:54:18
Sampling (4 threads)  20%|██████                        |  ETA: 7:44:17
Sampling (4 threads)  20%|██████▏                       |  ETA: 7:30:08
Sampling (4 threads)  21%|██████▎                       |  ETA: 7:20:47
Sampling (4 threads)  22%|██████▌                       |  ETA: 7:07:48
Sampling (4 threads)  22%|██████▋                       |  ETA: 6:58:09
Sampling (4 threads)  22%|██████▊                       |  ETA: 6:46:14
Sampling (4 threads)  23%|██████▉                       |  ETA: 6:34:50
Sampling (4 threads)  24%|███████                       |  ETA: 6:29:00
Sampling (4 threads)  24%|███████▎                      |  ETA: 6:18:24
Sampling (4 threads)  24%|███████▍                      |  ETA: 6:08:14
Sampling (4 threads)  25%|███████▌                      |  ETA: 6:00:58
Sampling (4 threads)  26%|███████▋                      |  ETA: 5:51:31
Sampling (4 threads)  26%|███████▊                      |  ETA: 5:46:27
Sampling (4 threads)  26%|████████                      |  ETA: 5:37:37
Sampling (4 threads)  27%|████████▏                     |  ETA: 5:29:07
Sampling (4 threads)  28%|████████▎                     |  ETA: 5:23:06
Sampling (4 threads)  28%|████████▍                     |  ETA: 5:15:08
Sampling (4 threads)  28%|████████▌                     |  ETA: 5:07:27
Sampling (4 threads)  29%|████████▊                     |  ETA: 5:03:31
Sampling (4 threads)  30%|████████▉                     |  ETA: 4:56:16
Sampling (4 threads)  30%|█████████                     |  ETA: 4:49:16
Sampling (4 threads)  30%|█████████▏                    |  ETA: 4:45:44
Sampling (4 threads)  31%|█████████▎                    |  ETA: 4:39:06
Sampling (4 threads)  32%|█████████▌                    |  ETA: 4:34:54
Sampling (4 threads)  32%|█████████▋                    |  ETA: 4:28:38
Sampling (4 threads)  32%|█████████▊                    |  ETA: 4:22:33
Sampling (4 threads)  33%|█████████▉                    |  ETA: 4:18:51
Sampling (4 threads)  34%|██████████                    |  ETA: 4:13:05
Sampling (4 threads)  34%|██████████▎                   |  ETA: 4:07:29
Sampling (4 threads)  34%|██████████▍                   |  ETA: 4:03:49
Sampling (4 threads)  35%|██████████▌                   |  ETA: 3:58:30
Sampling (4 threads)  36%|██████████▋                   |  ETA: 3:55:26
Sampling (4 threads)  36%|██████████▊                   |  ETA: 3:50:21
Sampling (4 threads)  36%|███████████                   |  ETA: 3:45:26
Sampling (4 threads)  37%|███████████▏                  |  ETA: 3:43:11
Sampling (4 threads)  38%|███████████▎                  |  ETA: 3:38:27
Sampling (4 threads)  38%|███████████▍                  |  ETA: 3:33:51
Sampling (4 threads)  38%|███████████▌                  |  ETA: 3:29:23
Sampling (4 threads)  39%|███████████▊                  |  ETA: 3:27:47
Sampling (4 threads)  40%|███████████▉                  |  ETA: 3:23:28
Sampling (4 threads)  40%|████████████                  |  ETA: 3:19:16
Sampling (4 threads)  40%|████████████▏                 |  ETA: 3:17:20
Sampling (4 threads)  41%|████████████▎                 |  ETA: 3:13:18
Sampling (4 threads)  42%|████████████▌                 |  ETA: 3:09:21
Sampling (4 threads)  42%|████████████▋                 |  ETA: 3:05:30
Sampling (4 threads)  42%|████████████▊                 |  ETA: 3:03:46
Sampling (4 threads)  43%|████████████▉                 |  ETA: 3:00:03
Sampling (4 threads)  44%|█████████████                 |  ETA: 2:56:25
Sampling (4 threads)  44%|█████████████▎                |  ETA: 2:54:16
Sampling (4 threads)  44%|█████████████▍                |  ETA: 2:50:47
Sampling (4 threads)  45%|█████████████▌                |  ETA: 2:49:05
Sampling (4 threads)  46%|█████████████▋                |  ETA: 2:45:42
Sampling (4 threads)  46%|█████████████▊                |  ETA: 2:42:24
Sampling (4 threads)  46%|██████████████                |  ETA: 2:39:10
Sampling (4 threads)  47%|██████████████▏               |  ETA: 2:37:38
Sampling (4 threads)  48%|██████████████▎               |  ETA: 2:34:30
Sampling (4 threads)  48%|██████████████▍               |  ETA: 2:31:26
Sampling (4 threads)  48%|██████████████▌               |  ETA: 2:29:58
Sampling (4 threads)  49%|██████████████▊               |  ETA: 2:27:00
Sampling (4 threads)  50%|██████████████▉               |  ETA: 2:24:05
Sampling (4 threads)  50%|███████████████               |  ETA: 2:22:46
Sampling (4 threads)  50%|███████████████▏              |  ETA: 2:19:57
Sampling (4 threads)  51%|███████████████▎              |  ETA: 2:17:10
Sampling (4 threads)  52%|███████████████▌              |  ETA: 2:15:31
Sampling (4 threads)  52%|███████████████▋              |  ETA: 2:12:50
Sampling (4 threads)  52%|███████████████▊              |  ETA: 2:10:12
Sampling (4 threads)  53%|███████████████▉              |  ETA: 2:08:34
Sampling (4 threads)  54%|████████████████              |  ETA: 2:06:01
Sampling (4 threads)  54%|████████████████▎             |  ETA: 2:04:07
Sampling (4 threads)  55%|████████████████▍             |  ETA: 2:01:39
Sampling (4 threads)  55%|████████████████▌             |  ETA: 1:59:45
Sampling (4 threads)  56%|████████████████▋             |  ETA: 1:57:21
Sampling (4 threads)  56%|████████████████▊             |  ETA: 1:55:39
Sampling (4 threads)  56%|█████████████████             |  ETA: 1:53:20
Sampling (4 threads)  57%|█████████████████▏            |  ETA: 1:51:03
Sampling (4 threads)  57%|█████████████████▎            |  ETA: 1:50:10
Sampling (4 threads)  58%|█████████████████▍            |  ETA: 1:47:56
Sampling (4 threads)  58%|█████████████████▌            |  ETA: 1:45:44
Sampling (4 threads)  59%|█████████████████▊            |  ETA: 1:44:20
Sampling (4 threads)  60%|█████████████████▉            |  ETA: 1:42:11
Sampling (4 threads)  60%|██████████████████            |  ETA: 1:40:44
Sampling (4 threads)  60%|██████████████████▏           |  ETA: 1:38:39
Sampling (4 threads)  61%|██████████████████▎           |  ETA: 1:37:17
Sampling (4 threads)  62%|██████████████████▌           |  ETA: 1:35:16
Sampling (4 threads)  62%|██████████████████▋           |  ETA: 1:33:36
Sampling (4 threads)  62%|██████████████████▊           |  ETA: 1:31:38
Sampling (4 threads)  63%|██████████████████▉           |  ETA: 1:30:16
Sampling (4 threads)  64%|███████████████████           |  ETA: 1:28:21
Sampling (4 threads)  64%|███████████████████▎          |  ETA: 1:26:27
Sampling (4 threads)  64%|███████████████████▍          |  ETA: 1:25:08
Sampling (4 threads)  65%|███████████████████▌          |  ETA: 1:23:17
Sampling (4 threads)  66%|███████████████████▋          |  ETA: 1:22:02
Sampling (4 threads)  66%|███████████████████▊          |  ETA: 1:20:14
Sampling (4 threads)  66%|████████████████████          |  ETA: 1:18:52
Sampling (4 threads)  67%|████████████████████▏         |  ETA: 1:17:07
Sampling (4 threads)  68%|████████████████████▎         |  ETA: 1:15:23
Sampling (4 threads)  68%|████████████████████▍         |  ETA: 1:14:06
Sampling (4 threads)  68%|████████████████████▌         |  ETA: 1:12:25
Sampling (4 threads)  69%|████████████████████▊         |  ETA: 1:11:07
Sampling (4 threads)  70%|████████████████████▉         |  ETA: 1:09:28
Sampling (4 threads)  70%|█████████████████████         |  ETA: 1:08:11
Sampling (4 threads)  70%|█████████████████████▏        |  ETA: 1:06:34
Sampling (4 threads)  71%|█████████████████████▎        |  ETA: 1:05:32
Sampling (4 threads)  72%|█████████████████████▌        |  ETA: 1:03:57
Sampling (4 threads)  72%|█████████████████████▋        |  ETA: 1:02:44
Sampling (4 threads)  72%|█████████████████████▊        |  ETA: 1:01:11
Sampling (4 threads)  73%|█████████████████████▉        |  ETA: 0:59:39
Sampling (4 threads)  74%|██████████████████████        |  ETA: 0:58:23
Sampling (4 threads)  74%|██████████████████████▎       |  ETA: 0:56:54
Sampling (4 threads)  74%|██████████████████████▍       |  ETA: 0:55:51
Sampling (4 threads)  75%|██████████████████████▌       |  ETA: 0:54:23
Sampling (4 threads)  76%|██████████████████████▋       |  ETA: 0:52:57
Sampling (4 threads)  76%|██████████████████████▊       |  ETA: 0:51:54
Sampling (4 threads)  76%|███████████████████████       |  ETA: 0:50:29
Sampling (4 threads)  77%|███████████████████████▏      |  ETA: 0:49:05
Sampling (4 threads)  78%|███████████████████████▎      |  ETA: 0:48:08
Sampling (4 threads)  78%|███████████████████████▍      |  ETA: 0:46:45
Sampling (4 threads)  78%|███████████████████████▌      |  ETA: 0:45:24
Sampling (4 threads)  79%|███████████████████████▊      |  ETA: 0:44:27
Sampling (4 threads)  80%|███████████████████████▉      |  ETA: 0:43:07
Sampling (4 threads)  80%|████████████████████████      |  ETA: 0:41:48
Sampling (4 threads)  80%|████████████████████████▏     |  ETA: 0:40:30
Sampling (4 threads)  81%|████████████████████████▎     |  ETA: 0:39:32
Sampling (4 threads)  82%|████████████████████████▌     |  ETA: 0:38:15
Sampling (4 threads)  82%|████████████████████████▋     |  ETA: 0:36:59
Sampling (4 threads)  82%|████████████████████████▊     |  ETA: 0:36:02
Sampling (4 threads)  83%|████████████████████████▉     |  ETA: 0:34:47
Sampling (4 threads)  84%|█████████████████████████     |  ETA: 0:33:49
Sampling (4 threads)  84%|█████████████████████████▎    |  ETA: 0:32:36
Sampling (4 threads)  84%|█████████████████████████▍    |  ETA: 0:31:24
Sampling (4 threads)  85%|█████████████████████████▌    |  ETA: 0:30:26
Sampling (4 threads)  86%|█████████████████████████▋    |  ETA: 0:29:15
Sampling (4 threads)  86%|█████████████████████████▊    |  ETA: 0:28:06
Sampling (4 threads)  86%|██████████████████████████    |  ETA: 0:27:01
Sampling (4 threads)  87%|██████████████████████████▏   |  ETA: 0:25:57
Sampling (4 threads)  88%|██████████████████████████▎   |  ETA: 0:24:52
Sampling (4 threads)  88%|██████████████████████████▍   |  ETA: 0:23:49
Sampling (4 threads)  88%|██████████████████████████▌   |  ETA: 0:22:46
Sampling (4 threads)  89%|██████████████████████████▊   |  ETA: 0:21:41
Sampling (4 threads)  90%|██████████████████████████▉   |  ETA: 0:20:39
Sampling (4 threads)  90%|███████████████████████████   |  ETA: 0:19:37
Sampling (4 threads)  90%|███████████████████████████▏  |  ETA: 0:18:36
Sampling (4 threads)  91%|███████████████████████████▎  |  ETA: 0:17:35
Sampling (4 threads)  92%|███████████████████████████▌  |  ETA: 0:16:34
Sampling (4 threads)  92%|███████████████████████████▋  |  ETA: 0:15:34
Sampling (4 threads)  92%|███████████████████████████▊  |  ETA: 0:14:36
Sampling (4 threads)  93%|███████████████████████████▉  |  ETA: 0:13:37
Sampling (4 threads)  94%|████████████████████████████  |  ETA: 0:12:38
Sampling (4 threads)  94%|████████████████████████████▎ |  ETA: 0:11:39
Sampling (4 threads)  94%|████████████████████████████▍ |  ETA: 0:10:41
Sampling (4 threads)  95%|████████████████████████████▌ |  ETA: 0:09:43
Sampling (4 threads)  96%|████████████████████████████▋ |  ETA: 0:08:45
Sampling (4 threads)  96%|████████████████████████████▊ |  ETA: 0:07:47
Sampling (4 threads)  96%|█████████████████████████████ |  ETA: 0:06:48
Sampling (4 threads)  97%|█████████████████████████████▏|  ETA: 0:05:50
Sampling (4 threads)  98%|█████████████████████████████▎|  ETA: 0:04:51
Sampling (4 threads)  98%|█████████████████████████████▍|  ETA: 0:03:53
Sampling (4 threads)  98%|█████████████████████████████▌|  ETA: 0:02:55
Sampling (4 threads)  99%|█████████████████████████████▊|  ETA: 0:01:57
Sampling (4 threads) 100%|█████████████████████████████▉|  ETA: 0:00:58
Sampling (4 threads) 100%|██████████████████████████████| Time: 3:14:48
Sampling (4 threads) 100%|██████████████████████████████| Time: 3:14:49
┌ Warning: Runtime invalidation was disabled, but the CPU info is out-of-date.
│ Will continue with incorrect CPU name (from build time).
└ @ HostCPUFeatures ~/.julia/packages/HostCPUFeatures/ZTXz4/src/cpu_info.jl:71
┌ Warning: Runtime invalidation was disabled, but the CPU info is out-of-date.
│ Will continue with incorrect CPU feature flag: +avx512vnni.
└ @ HostCPUFeatures ~/.julia/packages/HostCPUFeatures/ZTXz4/src/cpu_info.jl:56
┌ Warning: Runtime invalidation was disabled, but the CPU info is out-of-date.
│ Will continue with incorrect CPU feature flag: -rtm.
└ @ HostCPUFeatures ~/.julia/packages/HostCPUFeatures/ZTXz4/src/cpu_info.jl:56
Sampling (4 threads)   0%|                              |  ETA: N/A
┌ Info: Found initial step size
└   ϵ = 0.00625
┌ Info: Found initial step size
└   ϵ = 0.000390625
┌ Info: Found initial step size
└   ϵ = 0.0015625
┌ Info: Found initial step size
└   ϵ = 0.0015625
Sampling (4 threads)   0%|▏                             |  ETA: 1 days, 23:18:00
Sampling (4 threads)   1%|▎                             |  ETA: 23:31:59
Sampling (4 threads)   2%|▌                             |  ETA: 1 days, 19:33:40
Sampling (4 threads)   2%|▋                             |  ETA: 1 days, 8:30:18
Sampling (4 threads)   2%|▊                             |  ETA: 1 days, 1:52:17
Sampling (4 threads)   3%|▉                             |  ETA: 21:26:56
Sampling (4 threads)   4%|█                             |  ETA: 1 days, 6:27:16
Sampling (4 threads)   4%|█▎                            |  ETA: 1 days, 2:30:35
Sampling (4 threads)   4%|█▍                            |  ETA: 1 days, 3:47:14
Sampling (4 threads)   5%|█▌                            |  ETA: 1 days, 0:52:40
Sampling (4 threads)   6%|█▋                            |  ETA: 23:28:22
Sampling (4 threads)   6%|█▊                            |  ETA: 21:24:10
Sampling (4 threads)   6%|██                            |  ETA: 20:41:25
Sampling (4 threads)   7%|██▏                           |  ETA: 19:06:35
Sampling (4 threads)   8%|██▎                           |  ETA: 18:33:24
Sampling (4 threads)   8%|██▍                           |  ETA: 17:18:11
Sampling (4 threads)   8%|██▌                           |  ETA: 16:49:23
Sampling (4 threads)   9%|██▊                           |  ETA: 15:48:06
Sampling (4 threads)  10%|██▉                           |  ETA: 14:53:16
Sampling (4 threads)  10%|███                           |  ETA: 14:34:15
Sampling (4 threads)  10%|███▏                          |  ETA: 13:47:59
Sampling (4 threads)  11%|███▎                          |  ETA: 13:34:07
Sampling (4 threads)  12%|███▌                          |  ETA: 12:54:21
Sampling (4 threads)  12%|███▋                          |  ETA: 12:38:48
Sampling (4 threads)  12%|███▊                          |  ETA: 12:04:19
Sampling (4 threads)  13%|███▉                          |  ETA: 11:32:29
Sampling (4 threads)  14%|████                          |  ETA: 11:22:03
Sampling (4 threads)  14%|████▎                         |  ETA: 10:53:53
Sampling (4 threads)  14%|████▍                         |  ETA: 10:27:40
Sampling (4 threads)  15%|████▌                         |  ETA: 10:11:46
Sampling (4 threads)  16%|████▋                         |  ETA: 9:48:33
Sampling (4 threads)  16%|████▊                         |  ETA: 9:26:47
Sampling (4 threads)  16%|█████                         |  ETA: 9:14:57
Sampling (4 threads)  17%|█████▏                        |  ETA: 8:55:25
Sampling (4 threads)  18%|█████▎                        |  ETA: 8:36:59
Sampling (4 threads)  18%|█████▍                        |  ETA: 8:27:27
Sampling (4 threads)  18%|█████▌                        |  ETA: 8:10:43
Sampling (4 threads)  19%|█████▊                        |  ETA: 7:54:53
Sampling (4 threads)  20%|█████▉                        |  ETA: 7:45:35
Sampling (4 threads)  20%|██████                        |  ETA: 7:31:07
Sampling (4 threads)  20%|██████▏                       |  ETA: 7:17:22
Sampling (4 threads)  21%|██████▎                       |  ETA: 7:09:38
Sampling (4 threads)  22%|██████▌                       |  ETA: 6:56:59
Sampling (4 threads)  22%|██████▋                       |  ETA: 6:49:35
Sampling (4 threads)  22%|██████▊                       |  ETA: 6:37:55
Sampling (4 threads)  23%|██████▉                       |  ETA: 6:30:04
Sampling (4 threads)  24%|███████                       |  ETA: 6:19:17
Sampling (4 threads)  24%|███████▎                      |  ETA: 6:12:23
Sampling (4 threads)  24%|███████▍                      |  ETA: 6:02:23
Sampling (4 threads)  25%|███████▌                      |  ETA: 5:58:11
Sampling (4 threads)  26%|███████▋                      |  ETA: 5:48:49
Sampling (4 threads)  26%|███████▊                      |  ETA: 5:39:49
Sampling (4 threads)  26%|████████                      |  ETA: 5:35:27
Sampling (4 threads)  27%|████████▏                     |  ETA: 5:27:00
Sampling (4 threads)  28%|████████▎                     |  ETA: 5:18:51
Sampling (4 threads)  28%|████████▍                     |  ETA: 5:13:36
Sampling (4 threads)  28%|████████▌                     |  ETA: 5:05:57
Sampling (4 threads)  29%|████████▊                     |  ETA: 5:01:57
Sampling (4 threads)  30%|████████▉                     |  ETA: 4:54:45
Sampling (4 threads)  30%|█████████                     |  ETA: 4:47:47
Sampling (4 threads)  30%|█████████▏                    |  ETA: 4:44:11
Sampling (4 threads)  31%|█████████▎                    |  ETA: 4:37:35
Sampling (4 threads)  32%|█████████▌                    |  ETA: 4:32:50
Sampling (4 threads)  32%|█████████▋                    |  ETA: 4:26:37
Sampling (4 threads)  32%|█████████▊                    |  ETA: 4:22:49
Sampling (4 threads)  33%|█████████▉                    |  ETA: 4:16:56
Sampling (4 threads)  34%|██████████                    |  ETA: 4:13:04
Sampling (4 threads)  34%|██████████▎                   |  ETA: 4:07:29
Sampling (4 threads)  34%|██████████▍                   |  ETA: 4:04:35
Sampling (4 threads)  35%|██████████▌                   |  ETA: 3:59:15
Sampling (4 threads)  36%|██████████▋                   |  ETA: 3:55:49
Sampling (4 threads)  36%|██████████▊                   |  ETA: 3:50:44
Sampling (4 threads)  36%|███████████                   |  ETA: 3:47:27
Sampling (4 threads)  37%|███████████▏                  |  ETA: 3:42:37
Sampling (4 threads)  38%|███████████▎                  |  ETA: 3:40:54
Sampling (4 threads)  38%|███████████▍                  |  ETA: 3:36:15
Sampling (4 threads)  38%|███████████▌                  |  ETA: 3:31:43
Sampling (4 threads)  39%|███████████▊                  |  ETA: 3:29:07
Sampling (4 threads)  40%|███████████▉                  |  ETA: 3:24:47
Sampling (4 threads)  40%|████████████                  |  ETA: 3:22:18
Sampling (4 threads)  40%|████████████▏                 |  ETA: 3:18:09
Sampling (4 threads)  41%|████████████▎                 |  ETA: 3:16:31
Sampling (4 threads)  42%|████████████▌                 |  ETA: 3:12:31
Sampling (4 threads)  42%|████████████▋                 |  ETA: 3:08:36
Sampling (4 threads)  42%|████████████▊                 |  ETA: 3:04:46
Sampling (4 threads)  43%|████████████▉                 |  ETA: 3:03:54
Sampling (4 threads)  44%|█████████████                 |  ETA: 3:00:11
Sampling (4 threads)  44%|█████████████▎                |  ETA: 2:58:45
Sampling (4 threads)  44%|█████████████▍                |  ETA: 2:55:10
Sampling (4 threads)  45%|█████████████▌                |  ETA: 2:51:39
Sampling (4 threads)  46%|█████████████▋                |  ETA: 2:48:14
Sampling (4 threads)  46%|█████████████▊                |  ETA: 2:47:11
Sampling (4 threads)  46%|██████████████                |  ETA: 2:43:51
Sampling (4 threads)  47%|██████████████▏               |  ETA: 2:42:35
Sampling (4 threads)  48%|██████████████▎               |  ETA: 2:39:21
Sampling (4 threads)  48%|██████████████▍               |  ETA: 2:36:11
Sampling (4 threads)  48%|██████████████▌               |  ETA: 2:33:05
Sampling (4 threads)  49%|██████████████▊               |  ETA: 2:31:50
Sampling (4 threads)  50%|██████████████▉               |  ETA: 2:28:50
Sampling (4 threads)  50%|███████████████               |  ETA: 2:27:40
Sampling (4 threads)  50%|███████████████▏              |  ETA: 2:24:45
Sampling (4 threads)  51%|███████████████▎              |  ETA: 2:21:53
Sampling (4 threads)  52%|███████████████▌              |  ETA: 2:19:04
Sampling (4 threads)  52%|███████████████▋              |  ETA: 2:17:55
Sampling (4 threads)  52%|███████████████▊              |  ETA: 2:15:11
Sampling (4 threads)  53%|███████████████▉              |  ETA: 2:14:03
Sampling (4 threads)  54%|████████████████              |  ETA: 2:11:23
Sampling (4 threads)  54%|████████████████▎             |  ETA: 2:08:46
Sampling (4 threads)  55%|████████████████▍             |  ETA: 2:06:12
Sampling (4 threads)  55%|████████████████▌             |  ETA: 2:05:15
Sampling (4 threads)  56%|████████████████▋             |  ETA: 2:02:45
Sampling (4 threads)  56%|████████████████▊             |  ETA: 2:00:17
Sampling (4 threads)  56%|█████████████████             |  ETA: 1:59:12
Sampling (4 threads)  57%|█████████████████▏            |  ETA: 1:56:47
Sampling (4 threads)  57%|█████████████████▎            |  ETA: 1:54:26
Sampling (4 threads)  58%|█████████████████▍            |  ETA: 1:53:14
Sampling (4 threads)  58%|█████████████████▌            |  ETA: 1:50:56
Sampling (4 threads)  59%|█████████████████▊            |  ETA: 1:48:40
Sampling (4 threads)  60%|█████████████████▉            |  ETA: 1:47:15
Sampling (4 threads)  60%|██████████████████            |  ETA: 1:45:03
Sampling (4 threads)  60%|██████████████████▏           |  ETA: 1:44:05
Sampling (4 threads)  61%|██████████████████▎           |  ETA: 1:41:55
Sampling (4 threads)  62%|██████████████████▌           |  ETA: 1:39:48
Sampling (4 threads)  62%|██████████████████▋           |  ETA: 1:38:47
Sampling (4 threads)  62%|██████████████████▊           |  ETA: 1:36:43
Sampling (4 threads)  63%|██████████████████▉           |  ETA: 1:34:40
Sampling (4 threads)  64%|███████████████████           |  ETA: 1:33:39
Sampling (4 threads)  64%|███████████████████▎          |  ETA: 1:31:39
Sampling (4 threads)  64%|███████████████████▍          |  ETA: 1:29:40
Sampling (4 threads)  65%|███████████████████▌          |  ETA: 1:28:47
Sampling (4 threads)  66%|███████████████████▋          |  ETA: 1:26:50
Sampling (4 threads)  66%|███████████████████▊          |  ETA: 1:24:56
Sampling (4 threads)  66%|████████████████████          |  ETA: 1:24:01
Sampling (4 threads)  67%|████████████████████▏         |  ETA: 1:22:09
Sampling (4 threads)  68%|████████████████████▎         |  ETA: 1:20:19
Sampling (4 threads)  68%|████████████████████▍         |  ETA: 1:19:04
Sampling (4 threads)  68%|████████████████████▌         |  ETA: 1:17:16
Sampling (4 threads)  69%|████████████████████▊         |  ETA: 1:15:29
Sampling (4 threads)  70%|████████████████████▉         |  ETA: 1:14:30
Sampling (4 threads)  70%|█████████████████████         |  ETA: 1:12:45
Sampling (4 threads)  70%|█████████████████████▏        |  ETA: 1:11:02
Sampling (4 threads)  71%|█████████████████████▎        |  ETA: 1:10:09
Sampling (4 threads)  72%|█████████████████████▌        |  ETA: 1:08:28
Sampling (4 threads)  72%|█████████████████████▋        |  ETA: 1:06:47
Sampling (4 threads)  72%|█████████████████████▊        |  ETA: 1:05:09
Sampling (4 threads)  73%|█████████████████████▉        |  ETA: 1:04:12
Sampling (4 threads)  74%|██████████████████████        |  ETA: 1:02:35
Sampling (4 threads)  74%|██████████████████████▎       |  ETA: 1:01:00
Sampling (4 threads)  74%|██████████████████████▍       |  ETA: 1:00:02
Sampling (4 threads)  75%|██████████████████████▌       |  ETA: 0:58:28
Sampling (4 threads)  76%|██████████████████████▋       |  ETA: 0:56:55
Sampling (4 threads)  76%|██████████████████████▊       |  ETA: 0:56:00
Sampling (4 threads)  76%|███████████████████████       |  ETA: 0:54:29
Sampling (4 threads)  77%|███████████████████████▏      |  ETA: 0:52:59
Sampling (4 threads)  78%|███████████████████████▎      |  ETA: 0:51:56
Sampling (4 threads)  78%|███████████████████████▍      |  ETA: 0:50:27
Sampling (4 threads)  78%|███████████████████████▌      |  ETA: 0:48:59
Sampling (4 threads)  79%|███████████████████████▊      |  ETA: 0:47:59
Sampling (4 threads)  80%|███████████████████████▉      |  ETA: 0:46:33
Sampling (4 threads)  80%|████████████████████████      |  ETA: 0:45:08
Sampling (4 threads)  80%|████████████████████████▏     |  ETA: 0:43:43
Sampling (4 threads)  81%|████████████████████████▎     |  ETA: 0:42:47
Sampling (4 threads)  82%|████████████████████████▌     |  ETA: 0:41:24
Sampling (4 threads)  82%|████████████████████████▋     |  ETA: 0:40:02
Sampling (4 threads)  82%|████████████████████████▊     |  ETA: 0:39:03
Sampling (4 threads)  83%|████████████████████████▉     |  ETA: 0:37:42
Sampling (4 threads)  84%|█████████████████████████     |  ETA: 0:36:22
Sampling (4 threads)  84%|█████████████████████████▎    |  ETA: 0:35:24
Sampling (4 threads)  84%|█████████████████████████▍    |  ETA: 0:34:05
Sampling (4 threads)  85%|█████████████████████████▌    |  ETA: 0:32:48
Sampling (4 threads)  86%|█████████████████████████▋    |  ETA: 0:31:46
Sampling (4 threads)  86%|█████████████████████████▊    |  ETA: 0:30:30
Sampling (4 threads)  86%|██████████████████████████    |  ETA: 0:29:14
Sampling (4 threads)  87%|██████████████████████████▏   |  ETA: 0:28:16
Sampling (4 threads)  88%|██████████████████████████▎   |  ETA: 0:27:02
Sampling (4 threads)  88%|██████████████████████████▍   |  ETA: 0:25:48
Sampling (4 threads)  88%|██████████████████████████▌   |  ETA: 0:24:35
Sampling (4 threads)  89%|██████████████████████████▊   |  ETA: 0:23:33
Sampling (4 threads)  90%|██████████████████████████▉   |  ETA: 0:22:22
Sampling (4 threads)  90%|███████████████████████████   |  ETA: 0:21:15
Sampling (4 threads)  90%|███████████████████████████▏  |  ETA: 0:20:08
Sampling (4 threads)  91%|███████████████████████████▎  |  ETA: 0:19:02
Sampling (4 threads)  92%|███████████████████████████▌  |  ETA: 0:17:56
Sampling (4 threads)  92%|███████████████████████████▋  |  ETA: 0:16:51
Sampling (4 threads)  92%|███████████████████████████▊  |  ETA: 0:15:46
Sampling (4 threads)  93%|███████████████████████████▉  |  ETA: 0:14:41
Sampling (4 threads)  94%|████████████████████████████  |  ETA: 0:13:37
Sampling (4 threads)  94%|████████████████████████████▎ |  ETA: 0:12:32
Sampling (4 threads)  94%|████████████████████████████▍ |  ETA: 0:11:28
Sampling (4 threads)  95%|████████████████████████████▌ |  ETA: 0:10:24
Sampling (4 threads)  96%|████████████████████████████▋ |  ETA: 0:09:21
Sampling (4 threads)  96%|████████████████████████████▊ |  ETA: 0:08:18
Sampling (4 threads)  96%|█████████████████████████████ |  ETA: 0:07:15
Sampling (4 threads)  97%|█████████████████████████████▏|  ETA: 0:06:12
Sampling (4 threads)  98%|█████████████████████████████▎|  ETA: 0:05:09
Sampling (4 threads)  98%|█████████████████████████████▍|  ETA: 0:04:07
Sampling (4 threads)  98%|█████████████████████████████▌|  ETA: 0:03:05
Sampling (4 threads)  99%|█████████████████████████████▊|  ETA: 0:02:03
Sampling (4 threads) 100%|█████████████████████████████▉|  ETA: 0:01:02
Sampling (4 threads) 100%|██████████████████████████████| Time: 3:25:58
Sampling (4 threads) 100%|██████████████████████████████| Time: 3:25:59
Precompiling project...
    DistributionsADReverseDiffExt Being precompiled by another machine (hostname: bp1-compute122, pid: 356549, pidfile: /user/home/em18564/.julia/compiled/v1.10/DistributionsADReverseDiffExt/hY00X_4RpdW.ji.pidfile)
  ✗ DistributionsAD → DistributionsADReverseDiffExt
  0 dependencies successfully precompiled in 112 seconds. 549 already precompiled.
┌ Warning: Runtime invalidation was disabled, but the CPU info is out-of-date.
│ Will continue with incorrect CPU name (from build time).
└ @ HostCPUFeatures ~/.julia/packages/HostCPUFeatures/ZTXz4/src/cpu_info.jl:71
┌ Warning: Runtime invalidation was disabled, but the CPU info is out-of-date.
│ Will continue with incorrect CPU feature flag: +avx512vnni.
└ @ HostCPUFeatures ~/.julia/packages/HostCPUFeatures/ZTXz4/src/cpu_info.jl:56
┌ Warning: Runtime invalidation was disabled, but the CPU info is out-of-date.
│ Will continue with incorrect CPU feature flag: -rtm.
└ @ HostCPUFeatures ~/.julia/packages/HostCPUFeatures/ZTXz4/src/cpu_info.jl:56
Sampling (4 threads)   0%|                              |  ETA: N/A
┌ Info: Found initial step size
└   ϵ = 0.0015625
┌ Info: Found initial step size
└   ϵ = 0.003125
┌ Info: Found initial step size
└   ϵ = 0.0125
┌ Info: Found initial step size
└   ϵ = 0.003125
Sampling (4 threads)   0%|▏                             |  ETA: 3 days, 2:36:29
Sampling (4 threads)   1%|▎                             |  ETA: 1 days, 13:07:07
Sampling (4 threads)   2%|▌                             |  ETA: 1 days, 0:37:15
Sampling (4 threads)   2%|▋                             |  ETA: 1 days, 9:17:23
Sampling (4 threads)   2%|▊                             |  ETA: 1 days, 2:29:45
Sampling (4 threads)   3%|▉                             |  ETA: 1 days, 18:21:10
Sampling (4 threads)   4%|█                             |  ETA: 1 days, 12:06:55
Sampling (4 threads)   4%|█▎                            |  ETA: 1 days, 13:33:28
Sampling (4 threads)   4%|█▍                            |  ETA: 1 days, 9:12:39
Sampling (4 threads)   5%|█▌                            |  ETA: 1 days, 9:51:24
Sampling (4 threads)   6%|█▋                            |  ETA: 1 days, 6:37:00
Sampling (4 threads)   6%|█▊                            |  ETA: 1 days, 4:50:12
Sampling (4 threads)   6%|██                            |  ETA: 1 days, 2:28:36
Sampling (4 threads)   7%|██▏                           |  ETA: 1 days, 0:27:15
Sampling (4 threads)   8%|██▎                           |  ETA: 23:07:51
Sampling (4 threads)   8%|██▍                           |  ETA: 21:34:05
Sampling (4 threads)   8%|██▌                           |  ETA: 20:32:58
Sampling (4 threads)   9%|██▊                           |  ETA: 19:18:06
Sampling (4 threads)  10%|██▉                           |  ETA: 18:28:50
Sampling (4 threads)  10%|███                           |  ETA: 17:27:34
Sampling (4 threads)  10%|███▏                          |  ETA: 16:32:09
Sampling (4 threads)  11%|███▎                          |  ETA: 15:59:55
Sampling (4 threads)  12%|███▌                          |  ETA: 15:13:02
Sampling (4 threads)  12%|███▋                          |  ETA: 14:30:03
Sampling (4 threads)  12%|███▊                          |  ETA: 13:59:51
Sampling (4 threads)  13%|███▉                          |  ETA: 13:22:56
Sampling (4 threads)  14%|████                          |  ETA: 12:56:00
Sampling (4 threads)  14%|████▎                         |  ETA: 12:23:57
Sampling (4 threads)  14%|████▍                         |  ETA: 12:04:54
Sampling (4 threads)  15%|████▌                         |  ETA: 11:36:38
Sampling (4 threads)  16%|████▋                         |  ETA: 11:10:12
Sampling (4 threads)  16%|████▊                         |  ETA: 10:58:15
Sampling (4 threads)  16%|█████                         |  ETA: 10:34:31
Sampling (4 threads)  17%|█████▏                        |  ETA: 10:17:39
Sampling (4 threads)  18%|█████▎                        |  ETA: 9:56:23
Sampling (4 threads)  18%|█████▍                        |  ETA: 9:42:34
Sampling (4 threads)  18%|█████▌                        |  ETA: 9:23:22
Sampling (4 threads)  19%|█████▊                        |  ETA: 9:05:11
Sampling (4 threads)  20%|█████▉                        |  ETA: 8:52:18
Sampling (4 threads)  20%|██████                        |  ETA: 8:35:47
Sampling (4 threads)  20%|██████▏                       |  ETA: 8:22:56
Sampling (4 threads)  21%|██████▎                       |  ETA: 8:07:52
Sampling (4 threads)  22%|██████▌                       |  ETA: 7:56:55
Sampling (4 threads)  22%|██████▋                       |  ETA: 7:43:06
Sampling (4 threads)  22%|██████▊                       |  ETA: 7:32:10
Sampling (4 threads)  23%|██████▉                       |  ETA: 7:19:29
Sampling (4 threads)  24%|███████                       |  ETA: 7:12:08
Sampling (4 threads)  24%|███████▎                      |  ETA: 7:00:22
Sampling (4 threads)  24%|███████▍                      |  ETA: 6:52:18
Sampling (4 threads)  25%|███████▌                      |  ETA: 6:41:22
Sampling (4 threads)  26%|███████▋                      |  ETA: 6:34:19
Sampling (4 threads)  26%|███████▊                      |  ETA: 6:24:08
Sampling (4 threads)  26%|████████                      |  ETA: 6:18:56
Sampling (4 threads)  27%|████████▏                     |  ETA: 6:09:24
Sampling (4 threads)  28%|████████▎                     |  ETA: 6:00:12
Sampling (4 threads)  28%|████████▍                     |  ETA: 5:56:25
Sampling (4 threads)  28%|████████▌                     |  ETA: 5:47:44
Sampling (4 threads)  29%|████████▊                     |  ETA: 5:39:20
Sampling (4 threads)  30%|████████▉                     |  ETA: 5:35:02
Sampling (4 threads)  30%|█████████                     |  ETA: 5:27:06
Sampling (4 threads)  30%|█████████▏                    |  ETA: 5:21:26
Sampling (4 threads)  31%|█████████▎                    |  ETA: 5:13:58
Sampling (4 threads)  32%|█████████▌                    |  ETA: 5:10:31
Sampling (4 threads)  32%|█████████▋                    |  ETA: 5:03:26
Sampling (4 threads)  32%|█████████▊                    |  ETA: 4:58:53
Sampling (4 threads)  33%|█████████▉                    |  ETA: 4:52:10
Sampling (4 threads)  34%|██████████                    |  ETA: 4:48:49
Sampling (4 threads)  34%|██████████▎                   |  ETA: 4:42:26
Sampling (4 threads)  34%|██████████▍                   |  ETA: 4:38:00
Sampling (4 threads)  35%|██████████▌                   |  ETA: 4:31:56
Sampling (4 threads)  36%|██████████▋                   |  ETA: 4:26:03
Sampling (4 threads)  36%|██████████▊                   |  ETA: 4:23:23
Sampling (4 threads)  36%|███████████                   |  ETA: 4:17:45
Sampling (4 threads)  37%|███████████▏                  |  ETA: 4:12:16
Sampling (4 threads)  38%|███████████▎                  |  ETA: 4:10:11
Sampling (4 threads)  38%|███████████▍                  |  ETA: 4:04:55
Sampling (4 threads)  38%|███████████▌                  |  ETA: 3:59:47
Sampling (4 threads)  39%|███████████▊                  |  ETA: 3:57:12
Sampling (4 threads)  40%|███████████▉                  |  ETA: 3:52:17
Sampling (4 threads)  40%|████████████                  |  ETA: 3:47:29
Sampling (4 threads)  40%|████████████▏                 |  ETA: 3:45:52
Sampling (4 threads)  41%|████████████▎                 |  ETA: 3:41:14
Sampling (4 threads)  42%|████████████▌                 |  ETA: 3:36:43
Sampling (4 threads)  42%|████████████▋                 |  ETA: 3:35:20
Sampling (4 threads)  42%|████████████▊                 |  ETA: 3:30:58
Sampling (4 threads)  43%|████████████▉                 |  ETA: 3:26:42
Sampling (4 threads)  44%|█████████████                 |  ETA: 3:24:12
Sampling (4 threads)  44%|█████████████▎                |  ETA: 3:20:06
Sampling (4 threads)  44%|█████████████▍                |  ETA: 3:18:47
Sampling (4 threads)  45%|█████████████▌                |  ETA: 3:14:48
Sampling (4 threads)  46%|█████████████▋                |  ETA: 3:10:55
Sampling (4 threads)  46%|█████████████▊                |  ETA: 3:09:32
Sampling (4 threads)  46%|██████████████                |  ETA: 3:05:45
Sampling (4 threads)  47%|██████████████▏               |  ETA: 3:02:04
Sampling (4 threads)  48%|██████████████▎               |  ETA: 2:58:27
Sampling (4 threads)  48%|██████████████▍               |  ETA: 2:57:05
Sampling (4 threads)  48%|██████████████▌               |  ETA: 2:53:35
Sampling (4 threads)  49%|██████████████▊               |  ETA: 2:50:08
Sampling (4 threads)  50%|██████████████▉               |  ETA: 2:48:43
Sampling (4 threads)  50%|███████████████               |  ETA: 2:45:23
Sampling (4 threads)  50%|███████████████▏              |  ETA: 2:43:24
Sampling (4 threads)  51%|███████████████▎              |  ETA: 2:40:10
Sampling (4 threads)  52%|███████████████▌              |  ETA: 2:36:59
Sampling (4 threads)  52%|███████████████▋              |  ETA: 2:35:45
Sampling (4 threads)  52%|███████████████▊              |  ETA: 2:32:40
Sampling (4 threads)  53%|███████████████▉              |  ETA: 2:29:38
Sampling (4 threads)  54%|████████████████              |  ETA: 2:27:32
Sampling (4 threads)  54%|████████████████▎             |  ETA: 2:24:35
Sampling (4 threads)  55%|████████████████▍             |  ETA: 2:23:15
Sampling (4 threads)  55%|████████████████▌             |  ETA: 2:20:23
Sampling (4 threads)  56%|████████████████▋             |  ETA: 2:17:35
Sampling (4 threads)  56%|████████████████▊             |  ETA: 2:16:01
Sampling (4 threads)  56%|█████████████████             |  ETA: 2:13:17
Sampling (4 threads)  57%|█████████████████▏            |  ETA: 2:10:36
Sampling (4 threads)  57%|█████████████████▎            |  ETA: 2:08:43
Sampling (4 threads)  58%|█████████████████▍            |  ETA: 2:06:07
Sampling (4 threads)  58%|█████████████████▌            |  ETA: 2:03:33
Sampling (4 threads)  59%|█████████████████▊            |  ETA: 2:02:09
Sampling (4 threads)  60%|█████████████████▉            |  ETA: 1:59:39
Sampling (4 threads)  60%|██████████████████            |  ETA: 1:57:53
Sampling (4 threads)  60%|██████████████████▏           |  ETA: 1:55:27
Sampling (4 threads)  61%|██████████████████▎           |  ETA: 1:53:03
Sampling (4 threads)  62%|██████████████████▌           |  ETA: 1:51:23
Sampling (4 threads)  62%|██████████████████▋           |  ETA: 1:49:03
Sampling (4 threads)  62%|██████████████████▊           |  ETA: 1:46:46
Sampling (4 threads)  63%|██████████████████▉           |  ETA: 1:45:02
Sampling (4 threads)  64%|███████████████████           |  ETA: 1:42:48
Sampling (4 threads)  64%|███████████████████▎          |  ETA: 1:41:08
Sampling (4 threads)  64%|███████████████████▍          |  ETA: 1:38:57
Sampling (4 threads)  65%|███████████████████▌          |  ETA: 1:37:18
Sampling (4 threads)  66%|███████████████████▋          |  ETA: 1:35:11
Sampling (4 threads)  66%|███████████████████▊          |  ETA: 1:33:32
Sampling (4 threads)  66%|████████████████████          |  ETA: 1:31:27
Sampling (4 threads)  67%|████████████████████▏         |  ETA: 1:29:57
Sampling (4 threads)  68%|████████████████████▎         |  ETA: 1:27:56
Sampling (4 threads)  68%|████████████████████▍         |  ETA: 1:25:57
Sampling (4 threads)  68%|████████████████████▌         |  ETA: 1:24:32
Sampling (4 threads)  69%|████████████████████▊         |  ETA: 1:22:36
Sampling (4 threads)  70%|████████████████████▉         |  ETA: 1:20:41
Sampling (4 threads)  70%|█████████████████████         |  ETA: 1:19:30
Sampling (4 threads)  70%|█████████████████████▏        |  ETA: 1:17:38
Sampling (4 threads)  71%|█████████████████████▎        |  ETA: 1:15:46
Sampling (4 threads)  72%|█████████████████████▌        |  ETA: 1:14:32
Sampling (4 threads)  72%|█████████████████████▋        |  ETA: 1:12:43
Sampling (4 threads)  72%|█████████████████████▊        |  ETA: 1:10:56
Sampling (4 threads)  73%|█████████████████████▉        |  ETA: 1:09:50
Sampling (4 threads)  74%|██████████████████████        |  ETA: 1:08:05
Sampling (4 threads)  74%|██████████████████████▎       |  ETA: 1:06:20
Sampling (4 threads)  74%|██████████████████████▍       |  ETA: 1:05:03
Sampling (4 threads)  75%|██████████████████████▌       |  ETA: 1:03:21
Sampling (4 threads)  76%|██████████████████████▋       |  ETA: 1:02:15
Sampling (4 threads)  76%|██████████████████████▊       |  ETA: 1:00:35
Sampling (4 threads)  76%|███████████████████████       |  ETA: 0:58:56
Sampling (4 threads)  77%|███████████████████████▏      |  ETA: 0:57:38
Sampling (4 threads)  78%|███████████████████████▎      |  ETA: 0:56:01
Sampling (4 threads)  78%|███████████████████████▍      |  ETA: 0:54:26
Sampling (4 threads)  78%|███████████████████████▌      |  ETA: 0:53:14
Sampling (4 threads)  79%|███████████████████████▊      |  ETA: 0:51:40
Sampling (4 threads)  80%|███████████████████████▉      |  ETA: 0:50:24
Sampling (4 threads)  80%|████████████████████████      |  ETA: 0:48:52
Sampling (4 threads)  80%|████████████████████████▏     |  ETA: 0:47:35
Sampling (4 threads)  81%|████████████████████████▎     |  ETA: 0:46:05
Sampling (4 threads)  82%|████████████████████████▌     |  ETA: 0:44:50
Sampling (4 threads)  82%|████████████████████████▋     |  ETA: 0:43:22
Sampling (4 threads)  82%|████████████████████████▊     |  ETA: 0:42:06
Sampling (4 threads)  83%|████████████████████████▉     |  ETA: 0:40:39
Sampling (4 threads)  84%|█████████████████████████     |  ETA: 0:39:29
Sampling (4 threads)  84%|█████████████████████████▎    |  ETA: 0:38:03
Sampling (4 threads)  84%|█████████████████████████▍    |  ETA: 0:36:49
Sampling (4 threads)  85%|█████████████████████████▌    |  ETA: 0:35:25
Sampling (4 threads)  86%|█████████████████████████▋    |  ETA: 0:34:14
Sampling (4 threads)  86%|█████████████████████████▊    |  ETA: 0:32:52
Sampling (4 threads)  86%|██████████████████████████    |  ETA: 0:31:46
Sampling (4 threads)  87%|██████████████████████████▏   |  ETA: 0:30:25
Sampling (4 threads)  88%|██████████████████████████▎   |  ETA: 0:29:05
Sampling (4 threads)  88%|██████████████████████████▍   |  ETA: 0:27:54
Sampling (4 threads)  88%|██████████████████████████▌   |  ETA: 0:26:35
Sampling (4 threads)  89%|██████████████████████████▊   |  ETA: 0:25:17
Sampling (4 threads)  90%|██████████████████████████▉   |  ETA: 0:24:14
Sampling (4 threads)  90%|███████████████████████████   |  ETA: 0:22:57
Sampling (4 threads)  90%|███████████████████████████▏  |  ETA: 0:21:52
Sampling (4 threads)  91%|███████████████████████████▎  |  ETA: 0:20:36
Sampling (4 threads)  92%|███████████████████████████▌  |  ETA: 0:19:21
Sampling (4 threads)  92%|███████████████████████████▋  |  ETA: 0:18:17
Sampling (4 threads)  92%|███████████████████████████▊  |  ETA: 0:17:03
Sampling (4 threads)  93%|███████████████████████████▉  |  ETA: 0:15:49
Sampling (4 threads)  94%|████████████████████████████  |  ETA: 0:14:40
Sampling (4 threads)  94%|████████████████████████████▎ |  ETA: 0:13:30
Sampling (4 threads)  94%|████████████████████████████▍ |  ETA: 0:12:22
Sampling (4 threads)  95%|████████████████████████████▌ |  ETA: 0:11:14
Sampling (4 threads)  96%|████████████████████████████▋ |  ETA: 0:10:06
Sampling (4 threads)  96%|████████████████████████████▊ |  ETA: 0:08:58
Sampling (4 threads)  96%|█████████████████████████████ |  ETA: 0:07:51
Sampling (4 threads)  97%|█████████████████████████████▏|  ETA: 0:06:44
Sampling (4 threads)  98%|█████████████████████████████▎|  ETA: 0:05:36
Sampling (4 threads)  98%|█████████████████████████████▍|  ETA: 0:04:29
Sampling (4 threads)  98%|█████████████████████████████▌|  ETA: 0:03:21
Sampling (4 threads)  99%|█████████████████████████████▊|  ETA: 0:02:14
Sampling (4 threads) 100%|█████████████████████████████▉|  ETA: 0:01:07
Sampling (4 threads) 100%|██████████████████████████████| Time: 3:43:13
Sampling (4 threads) 100%|██████████████████████████████| Time: 3:43:13
┌ Warning: Runtime invalidation was disabled, but the CPU info is out-of-date.
│ Will continue with incorrect CPU name (from build time).
└ @ HostCPUFeatures ~/.julia/packages/HostCPUFeatures/ZTXz4/src/cpu_info.jl:71
┌ Warning: Runtime invalidation was disabled, but the CPU info is out-of-date.
│ Will continue with incorrect CPU feature flag: +avx512vnni.
└ @ HostCPUFeatures ~/.julia/packages/HostCPUFeatures/ZTXz4/src/cpu_info.jl:56
┌ Warning: Runtime invalidation was disabled, but the CPU info is out-of-date.
│ Will continue with incorrect CPU feature flag: -rtm.
└ @ HostCPUFeatures ~/.julia/packages/HostCPUFeatures/ZTXz4/src/cpu_info.jl:56
Sampling (4 threads)   0%|                              |  ETA: N/A
┌ Info: Found initial step size
└   ϵ = 0.0015625
┌ Info: Found initial step size
└   ϵ = 0.00625
┌ Info: Found initial step size
└   ϵ = 0.003125
┌ Info: Found initial step size
└   ϵ = 0.00078125
Sampling (4 threads)   0%|▏                             |  ETA: 1 days, 20:09:17
Sampling (4 threads)   1%|▎                             |  ETA: 21:58:06
Sampling (4 threads)   2%|▌                             |  ETA: 1 days, 6:09:14
Sampling (4 threads)   2%|▋                             |  ETA: 22:30:02
Sampling (4 threads)   2%|▊                             |  ETA: 1 days, 4:08:36
Sampling (4 threads)   3%|▉                             |  ETA: 23:19:57
Sampling (4 threads)   4%|█                             |  ETA: 1 days, 1:51:15
Sampling (4 threads)   4%|█▎                            |  ETA: 22:30:18
Sampling (4 threads)   4%|█▍                            |  ETA: 23:45:06
Sampling (4 threads)   5%|█▌                            |  ETA: 21:15:52
Sampling (4 threads)   6%|█▋                            |  ETA: 21:52:53
Sampling (4 threads)   6%|█▊                            |  ETA: 19:57:06
Sampling (4 threads)   6%|██                            |  ETA: 18:19:08
Sampling (4 threads)   7%|██▏                           |  ETA: 17:23:29
Sampling (4 threads)   8%|██▎                           |  ETA: 16:08:41
Sampling (4 threads)   8%|██▍                           |  ETA: 15:26:47
Sampling (4 threads)   8%|██▌                           |  ETA: 14:27:31
Sampling (4 threads)   9%|██▊                           |  ETA: 13:34:51
Sampling (4 threads)  10%|██▉                           |  ETA: 12:47:43
Sampling (4 threads)  10%|███                           |  ETA: 12:21:18
Sampling (4 threads)  10%|███▏                          |  ETA: 11:42:05
Sampling (4 threads)  11%|███▎                          |  ETA: 11:06:26
Sampling (4 threads)  12%|███▌                          |  ETA: 10:44:50
Sampling (4 threads)  12%|███▋                          |  ETA: 10:14:29
Sampling (4 threads)  12%|███▊                          |  ETA: 9:46:33
Sampling (4 threads)  13%|███▉                          |  ETA: 9:32:50
Sampling (4 threads)  14%|████                          |  ETA: 9:08:27
Sampling (4 threads)  14%|████▎                         |  ETA: 8:45:48
Sampling (4 threads)  14%|████▍                         |  ETA: 8:36:59
Sampling (4 threads)  15%|████▌                         |  ETA: 8:16:50
Sampling (4 threads)  16%|████▋                         |  ETA: 7:57:58
Sampling (4 threads)  16%|████▊                         |  ETA: 7:40:18
Sampling (4 threads)  16%|█████                         |  ETA: 7:28:56
Sampling (4 threads)  17%|█████▏                        |  ETA: 7:13:07
Sampling (4 threads)  18%|█████▎                        |  ETA: 7:03:30
Sampling (4 threads)  18%|█████▍                        |  ETA: 6:49:15
Sampling (4 threads)  18%|█████▌                        |  ETA: 6:42:22
Sampling (4 threads)  19%|█████▊                        |  ETA: 6:29:23
Sampling (4 threads)  20%|█████▉                        |  ETA: 6:17:03
Sampling (4 threads)  20%|██████                        |  ETA: 6:05:21
Sampling (4 threads)  20%|██████▏                       |  ETA: 5:59:33
Sampling (4 threads)  21%|██████▎                       |  ETA: 5:48:47
Sampling (4 threads)  22%|██████▌                       |  ETA: 5:38:31
Sampling (4 threads)  22%|██████▋                       |  ETA: 5:33:29
Sampling (4 threads)  22%|██████▊                       |  ETA: 5:23:59
Sampling (4 threads)  23%|██████▉                       |  ETA: 5:14:54
Sampling (4 threads)  24%|███████                       |  ETA: 5:11:14
Sampling (4 threads)  24%|███████▎                      |  ETA: 5:02:45
Sampling (4 threads)  24%|███████▍                      |  ETA: 4:54:37
Sampling (4 threads)  25%|███████▌                      |  ETA: 4:51:46
Sampling (4 threads)  26%|███████▋                      |  ETA: 4:44:08
Sampling (4 threads)  26%|███████▊                      |  ETA: 4:36:48
Sampling (4 threads)  26%|████████                      |  ETA: 4:34:18
Sampling (4 threads)  27%|████████▏                     |  ETA: 4:27:23
Sampling (4 threads)  28%|████████▎                     |  ETA: 4:20:43
Sampling (4 threads)  28%|████████▍                     |  ETA: 4:16:44
Sampling (4 threads)  28%|████████▌                     |  ETA: 4:10:28
Sampling (4 threads)  29%|████████▊                     |  ETA: 4:06:29
Sampling (4 threads)  30%|████████▉                     |  ETA: 4:00:36
Sampling (4 threads)  30%|█████████                     |  ETA: 3:56:53
Sampling (4 threads)  30%|█████████▏                    |  ETA: 3:51:21
Sampling (4 threads)  31%|█████████▎                    |  ETA: 3:49:04
Sampling (4 threads)  32%|█████████▌                    |  ETA: 3:43:48
Sampling (4 threads)  32%|█████████▋                    |  ETA: 3:38:41
Sampling (4 threads)  32%|█████████▊                    |  ETA: 3:36:45
Sampling (4 threads)  33%|█████████▉                    |  ETA: 3:31:53
Sampling (4 threads)  34%|██████████                    |  ETA: 3:27:10
Sampling (4 threads)  34%|██████████▎                   |  ETA: 3:22:35
Sampling (4 threads)  34%|██████████▍                   |  ETA: 3:21:01
Sampling (4 threads)  35%|██████████▌                   |  ETA: 3:16:38
Sampling (4 threads)  36%|██████████▋                   |  ETA: 3:14:02
Sampling (4 threads)  36%|██████████▊                   |  ETA: 3:09:51
Sampling (4 threads)  36%|███████████                   |  ETA: 3:05:47
Sampling (4 threads)  37%|███████████▏                  |  ETA: 3:03:54
Sampling (4 threads)  38%|███████████▎                  |  ETA: 3:00:00
Sampling (4 threads)  38%|███████████▍                  |  ETA: 2:58:10
Sampling (4 threads)  38%|███████████▌                  |  ETA: 2:54:26
Sampling (4 threads)  39%|███████████▊                  |  ETA: 2:50:48
Sampling (4 threads)  40%|███████████▉                  |  ETA: 2:48:57
Sampling (4 threads)  40%|████████████                  |  ETA: 2:45:27
Sampling (4 threads)  40%|████████████▏                 |  ETA: 2:42:03
Sampling (4 threads)  41%|████████████▎                 |  ETA: 2:40:25
Sampling (4 threads)  42%|████████████▌                 |  ETA: 2:37:09
Sampling (4 threads)  42%|████████████▋                 |  ETA: 2:33:57
Sampling (4 threads)  42%|████████████▊                 |  ETA: 2:30:50
Sampling (4 threads)  43%|████████████▉                 |  ETA: 2:29:19
Sampling (4 threads)  44%|█████████████                 |  ETA: 2:26:19
Sampling (4 threads)  44%|█████████████▎                |  ETA: 2:24:48
Sampling (4 threads)  44%|█████████████▍                |  ETA: 2:21:54
Sampling (4 threads)  45%|█████████████▌                |  ETA: 2:19:04
Sampling (4 threads)  46%|█████████████▋                |  ETA: 2:17:09
Sampling (4 threads)  46%|█████████████▊                |  ETA: 2:14:25
Sampling (4 threads)  46%|██████████████                |  ETA: 2:12:26
Sampling (4 threads)  47%|██████████████▏               |  ETA: 2:09:48
Sampling (4 threads)  48%|██████████████▎               |  ETA: 2:08:37
Sampling (4 threads)  48%|██████████████▍               |  ETA: 2:06:04
Sampling (4 threads)  48%|██████████████▌               |  ETA: 2:03:34
Sampling (4 threads)  49%|██████████████▊               |  ETA: 2:02:28
Sampling (4 threads)  50%|██████████████▉               |  ETA: 2:00:03
Sampling (4 threads)  50%|███████████████               |  ETA: 1:57:40
Sampling (4 threads)  50%|███████████████▏              |  ETA: 1:55:20
Sampling (4 threads)  51%|███████████████▎              |  ETA: 1:54:13
Sampling (4 threads)  52%|███████████████▌              |  ETA: 1:51:57
Sampling (4 threads)  52%|███████████████▋              |  ETA: 1:50:44
Sampling (4 threads)  52%|███████████████▊              |  ETA: 1:48:32
Sampling (4 threads)  53%|███████████████▉              |  ETA: 1:46:23
Sampling (4 threads)  54%|████████████████              |  ETA: 1:44:16
Sampling (4 threads)  54%|████████████████▎             |  ETA: 1:43:20
Sampling (4 threads)  55%|████████████████▍             |  ETA: 1:41:17
Sampling (4 threads)  55%|████████████████▌             |  ETA: 1:39:15
Sampling (4 threads)  56%|████████████████▋             |  ETA: 1:38:03
Sampling (4 threads)  56%|████████████████▊             |  ETA: 1:36:05
Sampling (4 threads)  56%|█████████████████             |  ETA: 1:34:50
Sampling (4 threads)  57%|█████████████████▏            |  ETA: 1:32:55
Sampling (4 threads)  57%|█████████████████▎            |  ETA: 1:31:02
Sampling (4 threads)  58%|█████████████████▍            |  ETA: 1:29:52
Sampling (4 threads)  58%|█████████████████▌            |  ETA: 1:28:03
Sampling (4 threads)  59%|█████████████████▊            |  ETA: 1:26:50
Sampling (4 threads)  60%|█████████████████▉            |  ETA: 1:25:03
Sampling (4 threads)  60%|██████████████████            |  ETA: 1:23:18
Sampling (4 threads)  60%|██████████████████▏           |  ETA: 1:22:19
Sampling (4 threads)  61%|██████████████████▎           |  ETA: 1:20:37
Sampling (4 threads)  62%|██████████████████▌           |  ETA: 1:18:56
Sampling (4 threads)  62%|██████████████████▋           |  ETA: 1:17:54
Sampling (4 threads)  62%|██████████████████▊           |  ETA: 1:16:15
Sampling (4 threads)  63%|██████████████████▉           |  ETA: 1:14:39
Sampling (4 threads)  64%|███████████████████           |  ETA: 1:13:42
Sampling (4 threads)  64%|███████████████████▎          |  ETA: 1:12:07
Sampling (4 threads)  64%|███████████████████▍          |  ETA: 1:11:11
Sampling (4 threads)  65%|███████████████████▌          |  ETA: 1:09:39
Sampling (4 threads)  66%|███████████████████▋          |  ETA: 1:08:07
Sampling (4 threads)  66%|███████████████████▊          |  ETA: 1:06:38
Sampling (4 threads)  66%|████████████████████          |  ETA: 1:05:41
Sampling (4 threads)  67%|████████████████████▏         |  ETA: 1:04:14
Sampling (4 threads)  68%|████████████████████▎         |  ETA: 1:03:16
Sampling (4 threads)  68%|████████████████████▍         |  ETA: 1:01:50
Sampling (4 threads)  68%|████████████████████▌         |  ETA: 1:00:25
Sampling (4 threads)  69%|████████████████████▊         |  ETA: 0:59:37
Sampling (4 threads)  70%|████████████████████▉         |  ETA: 0:58:14
Sampling (4 threads)  70%|█████████████████████         |  ETA: 0:56:52
Sampling (4 threads)  70%|█████████████████████▏        |  ETA: 0:55:31
Sampling (4 threads)  71%|█████████████████████▎        |  ETA: 0:54:43
Sampling (4 threads)  72%|█████████████████████▌        |  ETA: 0:53:24
Sampling (4 threads)  72%|█████████████████████▋        |  ETA: 0:52:05
Sampling (4 threads)  72%|█████████████████████▊        |  ETA: 0:51:18
Sampling (4 threads)  73%|█████████████████████▉        |  ETA: 0:50:01
Sampling (4 threads)  74%|██████████████████████        |  ETA: 0:48:46
Sampling (4 threads)  74%|██████████████████████▎       |  ETA: 0:47:31
Sampling (4 threads)  74%|██████████████████████▍       |  ETA: 0:46:37
Sampling (4 threads)  75%|██████████████████████▌       |  ETA: 0:45:24
Sampling (4 threads)  76%|██████████████████████▋       |  ETA: 0:44:26
Sampling (4 threads)  76%|██████████████████████▊       |  ETA: 0:43:14
Sampling (4 threads)  76%|███████████████████████       |  ETA: 0:42:04
Sampling (4 threads)  77%|███████████████████████▏      |  ETA: 0:41:07
Sampling (4 threads)  78%|███████████████████████▎      |  ETA: 0:39:58
Sampling (4 threads)  78%|███████████████████████▍      |  ETA: 0:39:09
Sampling (4 threads)  78%|███████████████████████▌      |  ETA: 0:38:01
Sampling (4 threads)  79%|███████████████████████▊      |  ETA: 0:36:54
Sampling (4 threads)  80%|███████████████████████▉      |  ETA: 0:36:07
Sampling (4 threads)  80%|████████████████████████      |  ETA: 0:35:01
Sampling (4 threads)  80%|████████████████████████▏     |  ETA: 0:33:56
Sampling (4 threads)  81%|████████████████████████▎     |  ETA: 0:32:52
Sampling (4 threads)  82%|████████████████████████▌     |  ETA: 0:32:03
Sampling (4 threads)  82%|████████████████████████▋     |  ETA: 0:31:00
Sampling (4 threads)  82%|████████████████████████▊     |  ETA: 0:29:57
Sampling (4 threads)  83%|████████████████████████▉     |  ETA: 0:29:05
Sampling (4 threads)  84%|█████████████████████████     |  ETA: 0:28:03
Sampling (4 threads)  84%|█████████████████████████▎    |  ETA: 0:27:09
Sampling (4 threads)  84%|█████████████████████████▍    |  ETA: 0:26:09
Sampling (4 threads)  85%|█████████████████████████▌    |  ETA: 0:25:17
Sampling (4 threads)  86%|█████████████████████████▋    |  ETA: 0:24:18
Sampling (4 threads)  86%|█████████████████████████▊    |  ETA: 0:23:32
Sampling (4 threads)  86%|██████████████████████████    |  ETA: 0:22:33
Sampling (4 threads)  87%|██████████████████████████▏   |  ETA: 0:21:36
Sampling (4 threads)  88%|██████████████████████████▎   |  ETA: 0:20:51
Sampling (4 threads)  88%|██████████████████████████▍   |  ETA: 0:19:54
Sampling (4 threads)  88%|██████████████████████████▌   |  ETA: 0:18:58
Sampling (4 threads)  89%|██████████████████████████▊   |  ETA: 0:18:02
Sampling (4 threads)  90%|██████████████████████████▉   |  ETA: 0:17:17
Sampling (4 threads)  90%|███████████████████████████   |  ETA: 0:16:22
Sampling (4 threads)  90%|███████████████████████████▏  |  ETA: 0:15:28
Sampling (4 threads)  91%|███████████████████████████▎  |  ETA: 0:14:42
Sampling (4 threads)  92%|███████████████████████████▌  |  ETA: 0:13:48
Sampling (4 threads)  92%|███████████████████████████▋  |  ETA: 0:12:55
Sampling (4 threads)  92%|███████████████████████████▊  |  ETA: 0:12:05
Sampling (4 threads)  93%|███████████████████████████▉  |  ETA: 0:11:15
Sampling (4 threads)  94%|████████████████████████████  |  ETA: 0:10:26
Sampling (4 threads)  94%|████████████████████████████▎ |  ETA: 0:09:36
Sampling (4 threads)  94%|████████████████████████████▍ |  ETA: 0:08:47
Sampling (4 threads)  95%|████████████████████████████▌ |  ETA: 0:07:59
Sampling (4 threads)  96%|████████████████████████████▋ |  ETA: 0:07:11
Sampling (4 threads)  96%|████████████████████████████▊ |  ETA: 0:06:23
Sampling (4 threads)  96%|█████████████████████████████ |  ETA: 0:05:36
Sampling (4 threads)  97%|█████████████████████████████▏|  ETA: 0:04:49
Sampling (4 threads)  98%|█████████████████████████████▎|  ETA: 0:04:02
Sampling (4 threads)  98%|█████████████████████████████▍|  ETA: 0:03:15
Sampling (4 threads)  98%|█████████████████████████████▌|  ETA: 0:02:26
Sampling (4 threads)  99%|█████████████████████████████▊|  ETA: 0:01:38
Sampling (4 threads) 100%|█████████████████████████████▉|  ETA: 0:00:49
Sampling (4 threads) 100%|██████████████████████████████| Time: 2:44:10
Sampling (4 threads) 100%|██████████████████████████████| Time: 2:44:11
ERROR: LoadError: MethodError: no method matching plotGraphs(::String, ::Vector{String}, ::Vector{RGB{Float64}}, ::Int64)

Closest candidates are:
  plotGraphs(::Any, ::Any, ::Any, ::Any, !Matched::Any)
   @ Main ~/bayesian/BC4/Bayes/wordType_experiments/plottingFuncs.jl:261

Stacktrace:
 [1] concludeAndPlot(m::Chains{Float64, AxisArray{Float64, 3, Array{Float64, 3}, Tuple{Axis{:iter, StepRange{Int64, Int64}}, Axis{:var, Vector{Symbol}}, Axis{:chain, UnitRange{Int64}}}}, Missing, @NamedTuple{parameters::Vector{Symbol}, internals::Vector{Symbol}}, @NamedTuple{varname_to_symbol::OrderedDict{AbstractPPL.VarName, Symbol}, start_time::Vector{Float64}, stop_time::Vector{Float64}, samplerstate::Vector{Nothing}}}, output_loc::String, pc::Int64, wordTypes::Vector{String}, cols::Vector{RGB{Float64}}, noPCS::Int64)
   @ Main ~/bayesian/BC4/Bayes/wordType_experiments/plottingFuncs.jl:21
 [2] runModel(model::DynamicPPL.Model{typeof(model_exp), (:participant, :word, :surprisal, :tags, :PCA, :ExpMean, :cauchyMean, :NUM_TYPES, :NUM_PARTICIPANTS), (), (), Tuple{Vector{Int64}, Vector{Float64}, Vector{Float64}, Vector{Int64}, Vector{Float64}, Float64, Float64, Int64, Int64}, Tuple{}, DynamicPPL.DefaultContext}, df_modified::DataFrame, dfPCA::DataFrame, pc::Int64, NUM_PARTICIPANTS::Int64, NUM_WORDS::Int64, TYPE_STRUCTURE::String, NUM_TYPES::Int64, wordTypes::Vector{String}, cols::Vector{RGB{Float64}}, isPlotting::Int64, analyseEssRhat::Int64, output_loc::String, expMean::Float64, cauchyMean::Float64, noPCS::Int64, noInChain::Int64)
   @ Main ~/bayesian/BC4/Bayes/wordType_experiments/model_master.jl:134
 [3] top-level scope
   @ ~/bayesian/BC4/Bayes/wordType_experiments/models/___noOffsets/model.jl:15
in expression starting at /user/home/em18564/bayesian/BC4/Bayes/wordType_experiments/models/___noOffsets/model.jl:15
