cpu-bind=MASK - bp1-compute130, task  0  0 [3582833]: mask 0x60000000600000 set
Running on host bp1-compute130
Time is Thu Sep 17 17:29:09 BST 2026
Directory is /user/home/em18564/bayesian/BC4/Bayes/wordType_experiments/models/horseShoe
Slurm job ID is 18987722
This job runs on the following machines:
bp1-compute130
Running on host bp1-compute130
Time is Thu Sep 17 17:29:09 BST 2026
Directory is /user/home/em18564/bayesian/BC4/Bayes/wordType_experiments/models/horseShoe
Slurm job ID is 18987787
This job runs on the following machines:
bp1-compute130
Running on host bp1-compute130
Time is Thu Sep 17 17:29:09 BST 2026
Directory is /user/home/em18564/bayesian/BC4/Bayes/wordType_experiments/models/horseShoe
Slurm job ID is 18987785
This job runs on the following machines:
bp1-compute130
Running on host bp1-compute130
Time is Thu Sep 17 17:29:09 BST 2026
Directory is /user/home/em18564/bayesian/BC4/Bayes/wordType_experiments/models/horseShoe
Slurm job ID is 18987783
This job runs on the following machines:
bp1-compute130
Running on host bp1-compute130
Time is Thu Sep 17 17:29:09 BST 2026
Directory is /user/home/em18564/bayesian/BC4/Bayes/wordType_experiments/models/horseShoe
Slurm job ID is 18987786
This job runs on the following machines:
bp1-compute130
Running on host bp1-compute130
Time is Thu Sep 17 17:29:09 BST 2026
Directory is /user/home/em18564/bayesian/BC4/Bayes/wordType_experiments/models/horseShoe
Slurm job ID is 18987784
This job runs on the following machines:
bp1-compute130
Precompiling project...
    DistributionsADReverseDiffExt Being precompiled by another process (pid: 3582913, pidfile: /user/home/em18564/.julia/compiled/v1.10/DistributionsADReverseDiffExt/hY00X_4RpdW.ji.pidfile)
  ✗ DistributionsAD → DistributionsADReverseDiffExt
  0 dependencies successfully precompiled in 44 seconds. 549 already precompiled.
┌ Warning: Runtime invalidation was disabled, but the CPU info is out-of-date.
│ Will continue with incorrect CPU name (from build time).
└ @ HostCPUFeatures ~/.julia/packages/HostCPUFeatures/ZTXz4/src/cpu_info.jl:71
┌ Warning: Runtime invalidation was disabled, but the CPU info is out-of-date.
│ Will continue with incorrect CPU feature flag: +avx512vnni.
└ @ HostCPUFeatures ~/.julia/packages/HostCPUFeatures/ZTXz4/src/cpu_info.jl:56
┌ Warning: Runtime invalidation was disabled, but the CPU info is out-of-date.
│ Will continue with incorrect CPU feature flag: -rtm.
└ @ HostCPUFeatures ~/.julia/packages/HostCPUFeatures/ZTXz4/src/cpu_info.jl:56
Sampling (4 threads)   0%|                              |  ETA: N/A
┌ Info: Found initial step size
└   ϵ = 0.0015625
┌ Info: Found initial step size
└   ϵ = 0.00078125
┌ Info: Found initial step size
└   ϵ = 0.0001953125
┌ Info: Found initial step size
└   ϵ = 0.0001953125
Sampling (4 threads)   0%|▏                             |  ETA: 2 days, 2:21:37
Sampling (4 threads)   1%|▎                             |  ETA: 1 days, 1:03:19
Sampling (4 threads)   2%|▌                             |  ETA: 2 days, 11:22:57
Sampling (4 threads)   2%|▋                             |  ETA: 1 days, 20:18:39
Sampling (4 threads)   2%|▊                             |  ETA: 1 days, 11:16:04
Sampling (4 threads)   3%|▉                             |  ETA: 1 days, 5:14:21
Sampling (4 threads)   4%|█                             |  ETA: 1 days, 13:54:52
Sampling (4 threads)   4%|█▎                            |  ETA: 1 days, 9:00:12
Sampling (4 threads)   4%|█▍                            |  ETA: 1 days, 13:44:54
Sampling (4 threads)   5%|█▌                            |  ETA: 1 days, 9:47:44
Sampling (4 threads)   6%|█▋                            |  ETA: 1 days, 12:49:42
Sampling (4 threads)   6%|█▊                            |  ETA: 1 days, 9:34:50
Sampling (4 threads)   6%|██                            |  ETA: 1 days, 7:58:14
Sampling (4 threads)   7%|██▏                           |  ETA: 1 days, 5:31:42
Sampling (4 threads)   8%|██▎                           |  ETA: 1 days, 4:24:36
Sampling (4 threads)   8%|██▍                           |  ETA: 1 days, 2:29:25
Sampling (4 threads)   8%|██▌                           |  ETA: 1 days, 1:29:35
Sampling (4 threads)   9%|██▊                           |  ETA: 23:56:43
Sampling (4 threads)  10%|██▉                           |  ETA: 23:51:42
Sampling (4 threads)  10%|███                           |  ETA: 22:32:36
Sampling (4 threads)  10%|███▏                          |  ETA: 21:21:02
Sampling (4 threads)  11%|███▎                          |  ETA: 21:13:10
Sampling (4 threads)  12%|███▌                          |  ETA: 20:10:58
Sampling (4 threads)  12%|███▋                          |  ETA: 19:13:58
Sampling (4 threads)  12%|███▊                          |  ETA: 19:34:02
Sampling (4 threads)  13%|███▉                          |  ETA: 18:42:25
Sampling (4 threads)  14%|████                          |  ETA: 17:54:38
Sampling (4 threads)  14%|████▎                         |  ETA: 18:18:31
Sampling (4 threads)  14%|████▍                         |  ETA: 17:34:28
Sampling (4 threads)  15%|████▌                         |  ETA: 17:42:36
Sampling (4 threads)  16%|████▋                         |  ETA: 17:02:17
Sampling (4 threads)  16%|████▊                         |  ETA: 16:24:28
Sampling (4 threads)  16%|█████                         |  ETA: 16:21:18
Sampling (4 threads)  17%|█████▏                        |  ETA: 15:46:44
Sampling (4 threads)  18%|█████▎                        |  ETA: 15:54:05
Sampling (4 threads)  18%|█████▍                        |  ETA: 15:21:57
Sampling (4 threads)  18%|█████▌                        |  ETA: 15:53:55
Sampling (4 threads)  19%|█████▊                        |  ETA: 15:23:06
Sampling (4 threads)  20%|█████▉                        |  ETA: 14:53:53
Sampling (4 threads)  20%|██████                        |  ETA: 14:26:08
Sampling (4 threads)  20%|██████▏                       |  ETA: 15:01:21
Sampling (4 threads)  21%|██████▎                       |  ETA: 14:34:22
Sampling (4 threads)  22%|██████▌                       |  ETA: 14:39:02
Sampling (4 threads)  22%|██████▋                       |  ETA: 14:13:35
Sampling (4 threads)  22%|██████▊                       |  ETA: 14:20:10
Sampling (4 threads)  23%|██████▉                       |  ETA: 13:56:02
Sampling (4 threads)  24%|███████                       |  ETA: 14:02:32
Sampling (4 threads)  24%|███████▎                      |  ETA: 13:39:35
Sampling (4 threads)  24%|███████▍                      |  ETA: 13:44:11
Sampling (4 threads)  25%|███████▌                      |  ETA: 13:22:21
Sampling (4 threads)  26%|███████▋                      |  ETA: 13:27:53
Sampling (4 threads)  26%|███████▊                      |  ETA: 13:07:02
Sampling (4 threads)  26%|████████                      |  ETA: 13:34:06
Sampling (4 threads)  27%|████████▏                     |  ETA: 13:13:36
Sampling (4 threads)  28%|████████▎                     |  ETA: 12:53:50
Sampling (4 threads)  28%|████████▍                     |  ETA: 12:57:37
Sampling (4 threads)  28%|████████▌                     |  ETA: 12:38:40
Sampling (4 threads)  29%|████████▊                     |  ETA: 12:58:50
Sampling (4 threads)  30%|████████▉                     |  ETA: 12:40:14
Sampling (4 threads)  30%|█████████                     |  ETA: 12:22:16
Sampling (4 threads)  30%|█████████▏                    |  ETA: 12:25:44
Sampling (4 threads)  31%|█████████▎                    |  ETA: 12:08:26
Sampling (4 threads)  32%|█████████▌                    |  ETA: 11:51:41
Sampling (4 threads)  32%|█████████▋                    |  ETA: 11:51:20
Sampling (4 threads)  32%|█████████▊                    |  ETA: 11:35:15
Sampling (4 threads)  33%|█████████▉                    |  ETA: 11:34:15
Sampling (4 threads)  34%|██████████                    |  ETA: 11:18:47
Sampling (4 threads)  34%|██████████▎                   |  ETA: 11:03:47
Sampling (4 threads)  34%|██████████▍                   |  ETA: 10:49:12
Sampling (4 threads)  35%|██████████▌                   |  ETA: 10:49:20
Sampling (4 threads)  36%|██████████▋                   |  ETA: 10:35:16
Sampling (4 threads)  36%|██████████▊                   |  ETA: 10:21:35
Sampling (4 threads)  36%|███████████                   |  ETA: 10:21:18
Sampling (4 threads)  37%|███████████▏                  |  ETA: 10:08:04
Sampling (4 threads)  38%|███████████▎                  |  ETA: 10:07:32
Sampling (4 threads)  38%|███████████▍                  |  ETA: 9:54:45
Sampling (4 threads)  38%|███████████▌                  |  ETA: 9:53:37
Sampling (4 threads)  39%|███████████▊                  |  ETA: 9:41:15
Sampling (4 threads)  40%|███████████▉                  |  ETA: 9:40:45
Sampling (4 threads)  40%|████████████                  |  ETA: 9:28:45
Sampling (4 threads)  40%|████████████▏                 |  ETA: 9:17:03
Sampling (4 threads)  41%|████████████▎                 |  ETA: 9:05:38
Sampling (4 threads)  42%|████████████▌                 |  ETA: 9:06:09
Sampling (4 threads)  42%|████████████▋                 |  ETA: 8:55:02
Sampling (4 threads)  42%|████████████▊                 |  ETA: 8:55:26
Sampling (4 threads)  43%|████████████▉                 |  ETA: 8:44:36
Sampling (4 threads)  44%|█████████████                 |  ETA: 8:44:50
Sampling (4 threads)  44%|█████████████▎                |  ETA: 8:34:17
Sampling (4 threads)  44%|█████████████▍                |  ETA: 8:23:57
Sampling (4 threads)  45%|█████████████▌                |  ETA: 8:23:29
Sampling (4 threads)  46%|█████████████▋                |  ETA: 8:13:25
Sampling (4 threads)  46%|█████████████▊                |  ETA: 8:08:51
Sampling (4 threads)  46%|██████████████                |  ETA: 7:59:07
Sampling (4 threads)  47%|██████████████▏               |  ETA: 7:59:36
Sampling (4 threads)  48%|██████████████▎               |  ETA: 7:50:04
Sampling (4 threads)  48%|██████████████▍               |  ETA: 7:40:45
Sampling (4 threads)  48%|██████████████▌               |  ETA: 7:41:49
Sampling (4 threads)  49%|██████████████▊               |  ETA: 7:32:40
Sampling (4 threads)  50%|██████████████▉               |  ETA: 7:23:42
Sampling (4 threads)  50%|███████████████               |  ETA: 7:14:55
Sampling (4 threads)  50%|███████████████▏              |  ETA: 7:11:37
Sampling (4 threads)  51%|███████████████▎              |  ETA: 7:03:04
Sampling (4 threads)  52%|███████████████▌              |  ETA: 6:54:41
Sampling (4 threads)  52%|███████████████▋              |  ETA: 6:53:44
Sampling (4 threads)  52%|███████████████▊              |  ETA: 6:45:32
Sampling (4 threads)  53%|███████████████▉              |  ETA: 6:43:40
Sampling (4 threads)  54%|████████████████              |  ETA: 6:35:39
Sampling (4 threads)  54%|████████████████▎             |  ETA: 6:27:46
Sampling (4 threads)  55%|████████████████▍             |  ETA: 6:26:19
Sampling (4 threads)  55%|████████████████▌             |  ETA: 6:18:36
Sampling (4 threads)  56%|████████████████▋             |  ETA: 6:11:01
Sampling (4 threads)  56%|████████████████▊             |  ETA: 6:09:40
Sampling (4 threads)  56%|█████████████████             |  ETA: 6:02:14
Sampling (4 threads)  57%|█████████████████▏            |  ETA: 5:54:55
Sampling (4 threads)  57%|█████████████████▎            |  ETA: 5:53:15
Sampling (4 threads)  58%|█████████████████▍            |  ETA: 5:46:05
Sampling (4 threads)  58%|█████████████████▌            |  ETA: 5:41:09
Sampling (4 threads)  59%|█████████████████▊            |  ETA: 5:34:11
Sampling (4 threads)  60%|█████████████████▉            |  ETA: 5:32:51
Sampling (4 threads)  60%|██████████████████            |  ETA: 5:26:01
Sampling (4 threads)  60%|██████████████████▏           |  ETA: 5:19:16
Sampling (4 threads)  61%|██████████████████▎           |  ETA: 5:21:19
Sampling (4 threads)  62%|██████████████████▌           |  ETA: 5:14:37
Sampling (4 threads)  62%|██████████████████▋           |  ETA: 5:08:02
Sampling (4 threads)  62%|██████████████████▊           |  ETA: 5:01:33
Sampling (4 threads)  63%|██████████████████▉           |  ETA: 5:05:49
Sampling (4 threads)  64%|███████████████████           |  ETA: 4:59:19
Sampling (4 threads)  64%|███████████████████▎          |  ETA: 4:52:54
Sampling (4 threads)  64%|███████████████████▍          |  ETA: 4:51:34
Sampling (4 threads)  65%|███████████████████▌          |  ETA: 4:45:15
Sampling (4 threads)  66%|███████████████████▋          |  ETA: 4:39:02
Sampling (4 threads)  66%|███████████████████▊          |  ETA: 4:38:31
Sampling (4 threads)  66%|████████████████████          |  ETA: 4:32:21
Sampling (4 threads)  67%|████████████████████▏         |  ETA: 4:26:17
Sampling (4 threads)  68%|████████████████████▎         |  ETA: 4:26:14
Sampling (4 threads)  68%|████████████████████▍         |  ETA: 4:20:13
Sampling (4 threads)  68%|████████████████████▌         |  ETA: 4:14:17
Sampling (4 threads)  69%|████████████████████▊         |  ETA: 4:12:20
Sampling (4 threads)  70%|████████████████████▉         |  ETA: 4:06:28
Sampling (4 threads)  70%|█████████████████████         |  ETA: 4:05:31
Sampling (4 threads)  70%|█████████████████████▏        |  ETA: 3:59:42
Sampling (4 threads)  71%|█████████████████████▎        |  ETA: 3:53:59
Sampling (4 threads)  72%|█████████████████████▌        |  ETA: 3:52:30
Sampling (4 threads)  72%|█████████████████████▋        |  ETA: 3:46:51
Sampling (4 threads)  72%|█████████████████████▊        |  ETA: 3:41:15
Sampling (4 threads)  73%|█████████████████████▉        |  ETA: 3:37:48
Sampling (4 threads)  74%|██████████████████████        |  ETA: 3:32:18
Sampling (4 threads)  74%|██████████████████████▎       |  ETA: 3:26:54
Sampling (4 threads)  74%|██████████████████████▍       |  ETA: 3:24:23
Sampling (4 threads)  75%|██████████████████████▌       |  ETA: 3:19:02
Sampling (4 threads)  76%|██████████████████████▋       |  ETA: 3:13:46
Sampling (4 threads)  76%|██████████████████████▊       |  ETA: 3:10:49
Sampling (4 threads)  76%|███████████████████████       |  ETA: 3:05:37
Sampling (4 threads)  77%|███████████████████████▏      |  ETA: 3:02:39
Sampling (4 threads)  78%|███████████████████████▎      |  ETA: 2:57:31
Sampling (4 threads)  78%|███████████████████████▍      |  ETA: 2:52:28
Sampling (4 threads)  78%|███████████████████████▌      |  ETA: 2:49:33
Sampling (4 threads)  79%|███████████████████████▊      |  ETA: 2:44:33
Sampling (4 threads)  80%|███████████████████████▉      |  ETA: 2:39:37
Sampling (4 threads)  80%|████████████████████████      |  ETA: 2:36:40
Sampling (4 threads)  80%|████████████████████████▏     |  ETA: 2:31:48
Sampling (4 threads)  81%|████████████████████████▎     |  ETA: 2:28:47
Sampling (4 threads)  82%|████████████████████████▌     |  ETA: 2:23:59
Sampling (4 threads)  82%|████████████████████████▋     |  ETA: 2:19:14
Sampling (4 threads)  82%|████████████████████████▊     |  ETA: 2:16:03
Sampling (4 threads)  83%|████████████████████████▉     |  ETA: 2:11:22
Sampling (4 threads)  84%|█████████████████████████     |  ETA: 2:08:18
Sampling (4 threads)  84%|█████████████████████████▎    |  ETA: 2:03:40
Sampling (4 threads)  84%|█████████████████████████▍    |  ETA: 1:59:06
Sampling (4 threads)  85%|█████████████████████████▌    |  ETA: 1:55:58
Sampling (4 threads)  86%|█████████████████████████▋    |  ETA: 1:51:27
Sampling (4 threads)  86%|█████████████████████████▊    |  ETA: 1:46:59
Sampling (4 threads)  86%|██████████████████████████    |  ETA: 1:43:40
Sampling (4 threads)  87%|██████████████████████████▏   |  ETA: 1:39:16
Sampling (4 threads)  88%|██████████████████████████▎   |  ETA: 1:34:54
Sampling (4 threads)  88%|██████████████████████████▍   |  ETA: 1:31:37
Sampling (4 threads)  88%|██████████████████████████▌   |  ETA: 1:27:18
Sampling (4 threads)  89%|██████████████████████████▊   |  ETA: 1:23:03
Sampling (4 threads)  90%|██████████████████████████▉   |  ETA: 1:19:35
Sampling (4 threads)  90%|███████████████████████████   |  ETA: 1:15:22
Sampling (4 threads)  90%|███████████████████████████▏  |  ETA: 1:12:01
Sampling (4 threads)  91%|███████████████████████████▎  |  ETA: 1:07:51
Sampling (4 threads)  92%|███████████████████████████▌  |  ETA: 1:03:44
Sampling (4 threads)  92%|███████████████████████████▋  |  ETA: 1:00:19
Sampling (4 threads)  92%|███████████████████████████▊  |  ETA: 0:56:14
Sampling (4 threads)  93%|███████████████████████████▉  |  ETA: 0:52:12
Sampling (4 threads)  94%|████████████████████████████  |  ETA: 0:48:22
Sampling (4 threads)  94%|████████████████████████████▎ |  ETA: 0:44:34
Sampling (4 threads)  94%|████████████████████████████▍ |  ETA: 0:40:51
Sampling (4 threads)  95%|████████████████████████████▌ |  ETA: 0:37:08
Sampling (4 threads)  96%|████████████████████████████▋ |  ETA: 0:33:26
Sampling (4 threads)  96%|████████████████████████████▊ |  ETA: 0:29:47
Sampling (4 threads)  96%|█████████████████████████████ |  ETA: 0:26:04
Sampling (4 threads)  97%|█████████████████████████████▏|  ETA: 0:22:19
Sampling (4 threads)  98%|█████████████████████████████▎|  ETA: 0:18:39
Sampling (4 threads)  98%|█████████████████████████████▍|  ETA: 0:14:57
Sampling (4 threads)  98%|█████████████████████████████▌|  ETA: 0:11:14
Sampling (4 threads)  99%|█████████████████████████████▊|  ETA: 0:07:30
Sampling (4 threads) 100%|█████████████████████████████▉|  ETA: 0:03:45
Sampling (4 threads) 100%|██████████████████████████████| Time: 12:38:09
Sampling (4 threads) 100%|██████████████████████████████| Time: 12:38:10
Precompiling project...
    DistributionsADReverseDiffExt Being precompiled by another process (pid: 3582913, pidfile: /user/home/em18564/.julia/compiled/v1.10/DistributionsADReverseDiffExt/hY00X_4RpdW.ji.pidfile)
  ✗ DistributionsAD → DistributionsADReverseDiffExt
  0 dependencies successfully precompiled in 62 seconds. 549 already precompiled.
┌ Warning: Runtime invalidation was disabled, but the CPU info is out-of-date.
│ Will continue with incorrect CPU name (from build time).
└ @ HostCPUFeatures ~/.julia/packages/HostCPUFeatures/ZTXz4/src/cpu_info.jl:71
┌ Warning: Runtime invalidation was disabled, but the CPU info is out-of-date.
│ Will continue with incorrect CPU feature flag: +avx512vnni.
└ @ HostCPUFeatures ~/.julia/packages/HostCPUFeatures/ZTXz4/src/cpu_info.jl:56
┌ Warning: Runtime invalidation was disabled, but the CPU info is out-of-date.
│ Will continue with incorrect CPU feature flag: -rtm.
└ @ HostCPUFeatures ~/.julia/packages/HostCPUFeatures/ZTXz4/src/cpu_info.jl:56
Sampling (4 threads)   0%|                              |  ETA: N/A
┌ Info: Found initial step size
└   ϵ = 0.003125
┌ Info: Found initial step size
└   ϵ = 0.00625
┌ Info: Found initial step size
└   ϵ = 0.000390625
┌ Info: Found initial step size
└   ϵ = 0.000390625
Sampling (4 threads)   0%|▏                             |  ETA: 2 days, 0:11:36
Sampling (4 threads)   1%|▎                             |  ETA: 23:58:41
Sampling (4 threads)   2%|▌                             |  ETA: 2 days, 9:42:19
Sampling (4 threads)   2%|▋                             |  ETA: 1 days, 19:03:33
Sampling (4 threads)   2%|▊                             |  ETA: 3 days, 1:31:38
Sampling (4 threads)   3%|▉                             |  ETA: 2 days, 12:57:31
Sampling (4 threads)   4%|█                             |  ETA: 2 days, 3:58:51
Sampling (4 threads)   4%|█▎                            |  ETA: 2 days, 23:04:47
Sampling (4 threads)   4%|█▍                            |  ETA: 2 days, 14:51:10
Sampling (4 threads)   5%|█▌                            |  ETA: 2 days, 8:16:17
Sampling (4 threads)   6%|█▋                            |  ETA: 2 days, 2:53:12
Sampling (4 threads)   6%|█▊                            |  ETA: 2 days, 6:12:21
Sampling (4 threads)   6%|██                            |  ETA: 2 days, 1:46:12
Sampling (4 threads)   7%|██▏                           |  ETA: 1 days, 21:58:04
Sampling (4 threads)   8%|██▎                           |  ETA: 1 days, 20:13:35
Sampling (4 threads)   8%|██▍                           |  ETA: 1 days, 17:14:18
Sampling (4 threads)   8%|██▌                           |  ETA: 1 days, 16:38:20
Sampling (4 threads)   9%|██▊                           |  ETA: 1 days, 14:10:17
Sampling (4 threads)  10%|██▉                           |  ETA: 1 days, 11:57:49
Sampling (4 threads)  10%|███                           |  ETA: 1 days, 11:57:39
Sampling (4 threads)  10%|███▏                          |  ETA: 1 days, 10:03:29
Sampling (4 threads)  11%|███▎                          |  ETA: 1 days, 8:19:42
Sampling (4 threads)  12%|███▌                          |  ETA: 1 days, 8:07:13
Sampling (4 threads)  12%|███▋                          |  ETA: 1 days, 6:36:28
Sampling (4 threads)  12%|███▊                          |  ETA: 1 days, 5:13:00
Sampling (4 threads)  13%|███▉                          |  ETA: 1 days, 5:00:00
Sampling (4 threads)  14%|████                          |  ETA: 1 days, 3:45:56
Sampling (4 threads)  14%|████▎                         |  ETA: 1 days, 2:37:09
Sampling (4 threads)  14%|████▍                         |  ETA: 1 days, 2:14:42
Sampling (4 threads)  15%|████▌                         |  ETA: 1 days, 1:13:18
Sampling (4 threads)  16%|████▋                         |  ETA: 1 days, 0:15:52
Sampling (4 threads)  16%|████▊                         |  ETA: 1 days, 0:15:40
Sampling (4 threads)  16%|█████                         |  ETA: 23:23:09
Sampling (4 threads)  17%|█████▏                        |  ETA: 22:33:44
Sampling (4 threads)  18%|█████▎                        |  ETA: 22:42:15
Sampling (4 threads)  18%|█████▍                        |  ETA: 21:56:23
Sampling (4 threads)  18%|█████▌                        |  ETA: 21:13:00
Sampling (4 threads)  19%|█████▊                        |  ETA: 20:59:27
Sampling (4 threads)  20%|█████▉                        |  ETA: 20:19:35
Sampling (4 threads)  20%|██████                        |  ETA: 20:20:26
Sampling (4 threads)  20%|██████▏                       |  ETA: 19:43:14
Sampling (4 threads)  21%|██████▎                       |  ETA: 19:07:48
Sampling (4 threads)  22%|██████▌                       |  ETA: 18:34:00
Sampling (4 threads)  22%|██████▋                       |  ETA: 18:38:48
Sampling (4 threads)  22%|██████▊                       |  ETA: 18:06:56
Sampling (4 threads)  23%|██████▉                       |  ETA: 17:36:27
Sampling (4 threads)  24%|███████                       |  ETA: 17:28:31
Sampling (4 threads)  24%|███████▎                      |  ETA: 16:59:57
Sampling (4 threads)  24%|███████▍                      |  ETA: 17:05:11
Sampling (4 threads)  25%|███████▌                      |  ETA: 16:38:02
Sampling (4 threads)  26%|███████▋                      |  ETA: 16:11:56
Sampling (4 threads)  26%|███████▊                      |  ETA: 16:20:24
Sampling (4 threads)  26%|████████                      |  ETA: 15:55:24
Sampling (4 threads)  27%|████████▏                     |  ETA: 15:31:20
Sampling (4 threads)  28%|████████▎                     |  ETA: 15:08:08
Sampling (4 threads)  28%|████████▍                     |  ETA: 15:03:53
Sampling (4 threads)  28%|████████▌                     |  ETA: 14:41:51
Sampling (4 threads)  29%|████████▊                     |  ETA: 14:37:13
Sampling (4 threads)  30%|████████▉                     |  ETA: 14:16:16
Sampling (4 threads)  30%|█████████                     |  ETA: 13:56:02
Sampling (4 threads)  30%|█████████▏                    |  ETA: 14:02:14
Sampling (4 threads)  31%|█████████▎                    |  ETA: 13:42:41
Sampling (4 threads)  32%|█████████▌                    |  ETA: 13:23:46
Sampling (4 threads)  32%|█████████▋                    |  ETA: 13:27:07
Sampling (4 threads)  32%|█████████▊                    |  ETA: 13:08:51
Sampling (4 threads)  33%|█████████▉                    |  ETA: 12:51:09
Sampling (4 threads)  34%|██████████                    |  ETA: 12:51:14
Sampling (4 threads)  34%|██████████▎                   |  ETA: 12:34:11
Sampling (4 threads)  34%|██████████▍                   |  ETA: 12:17:37
Sampling (4 threads)  35%|██████████▌                   |  ETA: 12:21:01
Sampling (4 threads)  36%|██████████▋                   |  ETA: 12:04:58
Sampling (4 threads)  36%|██████████▊                   |  ETA: 12:21:18
Sampling (4 threads)  36%|███████████                   |  ETA: 12:05:26
Sampling (4 threads)  37%|███████████▏                  |  ETA: 11:50:00
Sampling (4 threads)  38%|███████████▎                  |  ETA: 11:34:59
Sampling (4 threads)  38%|███████████▍                  |  ETA: 11:40:08
Sampling (4 threads)  38%|███████████▌                  |  ETA: 11:25:29
Sampling (4 threads)  39%|███████████▊                  |  ETA: 11:11:11
Sampling (4 threads)  40%|███████████▉                  |  ETA: 11:09:03
Sampling (4 threads)  40%|████████████                  |  ETA: 10:55:14
Sampling (4 threads)  40%|████████████▏                 |  ETA: 10:56:50
Sampling (4 threads)  41%|████████████▎                 |  ETA: 10:43:22
Sampling (4 threads)  42%|████████████▌                 |  ETA: 10:30:14
Sampling (4 threads)  42%|████████████▋                 |  ETA: 10:17:24
Sampling (4 threads)  42%|████████████▊                 |  ETA: 10:22:15
Sampling (4 threads)  43%|████████████▉                 |  ETA: 10:09:40
Sampling (4 threads)  44%|█████████████                 |  ETA: 9:57:22
Sampling (4 threads)  44%|█████████████▎                |  ETA: 10:00:52
Sampling (4 threads)  44%|█████████████▍                |  ETA: 9:48:49
Sampling (4 threads)  45%|█████████████▌                |  ETA: 9:37:02
Sampling (4 threads)  46%|█████████████▋                |  ETA: 9:25:30
Sampling (4 threads)  46%|█████████████▊                |  ETA: 9:27:44
Sampling (4 threads)  46%|██████████████                |  ETA: 9:16:25
Sampling (4 threads)  47%|██████████████▏               |  ETA: 9:18:16
Sampling (4 threads)  48%|██████████████▎               |  ETA: 9:07:11
Sampling (4 threads)  48%|██████████████▍               |  ETA: 8:56:20
Sampling (4 threads)  48%|██████████████▌               |  ETA: 9:02:07
Sampling (4 threads)  49%|██████████████▊               |  ETA: 8:51:23
Sampling (4 threads)  50%|██████████████▉               |  ETA: 8:40:51
Sampling (4 threads)  50%|███████████████               |  ETA: 8:39:27
Sampling (4 threads)  50%|███████████████▏              |  ETA: 8:29:10
Sampling (4 threads)  51%|███████████████▎              |  ETA: 8:29:54
Sampling (4 threads)  52%|███████████████▌              |  ETA: 8:19:48
Sampling (4 threads)  52%|███████████████▋              |  ETA: 8:17:53
Sampling (4 threads)  52%|███████████████▊              |  ETA: 8:08:00
Sampling (4 threads)  53%|███████████████▉              |  ETA: 7:58:19
Sampling (4 threads)  54%|████████████████              |  ETA: 7:59:09
Sampling (4 threads)  54%|████████████████▎             |  ETA: 7:49:37
Sampling (4 threads)  55%|████████████████▍             |  ETA: 7:40:15
Sampling (4 threads)  55%|████████████████▌             |  ETA: 7:39:26
Sampling (4 threads)  56%|████████████████▋             |  ETA: 7:30:14
Sampling (4 threads)  56%|████████████████▊             |  ETA: 7:27:36
Sampling (4 threads)  56%|█████████████████             |  ETA: 7:18:36
Sampling (4 threads)  57%|█████████████████▏            |  ETA: 7:09:45
Sampling (4 threads)  57%|█████████████████▎            |  ETA: 7:01:04
Sampling (4 threads)  58%|█████████████████▍            |  ETA: 6:57:36
Sampling (4 threads)  58%|█████████████████▌            |  ETA: 6:49:06
Sampling (4 threads)  59%|█████████████████▊            |  ETA: 6:40:45
Sampling (4 threads)  60%|█████████████████▉            |  ETA: 6:35:23
Sampling (4 threads)  60%|██████████████████            |  ETA: 6:27:15
Sampling (4 threads)  60%|██████████████████▏           |  ETA: 6:19:15
Sampling (4 threads)  61%|██████████████████▎           |  ETA: 6:14:53
Sampling (4 threads)  62%|██████████████████▌           |  ETA: 6:07:04
Sampling (4 threads)  62%|██████████████████▋           |  ETA: 5:59:23
Sampling (4 threads)  62%|██████████████████▊           |  ETA: 5:55:55
Sampling (4 threads)  63%|██████████████████▉           |  ETA: 5:48:23
Sampling (4 threads)  64%|███████████████████           |  ETA: 5:44:39
Sampling (4 threads)  64%|███████████████████▎          |  ETA: 5:37:16
Sampling (4 threads)  64%|███████████████████▍          |  ETA: 5:30:00
Sampling (4 threads)  65%|███████████████████▌          |  ETA: 5:26:00
Sampling (4 threads)  66%|███████████████████▋          |  ETA: 5:18:53
Sampling (4 threads)  66%|███████████████████▊          |  ETA: 5:11:53
Sampling (4 threads)  66%|████████████████████          |  ETA: 5:07:49
Sampling (4 threads)  67%|████████████████████▏         |  ETA: 5:00:58
Sampling (4 threads)  68%|████████████████████▎         |  ETA: 4:56:44
Sampling (4 threads)  68%|████████████████████▍         |  ETA: 4:50:01
Sampling (4 threads)  68%|████████████████████▌         |  ETA: 4:45:45
Sampling (4 threads)  69%|████████████████████▊         |  ETA: 4:39:11
Sampling (4 threads)  70%|████████████████████▉         |  ETA: 4:32:42
Sampling (4 threads)  70%|█████████████████████         |  ETA: 4:29:19
Sampling (4 threads)  70%|█████████████████████▏        |  ETA: 4:22:57
Sampling (4 threads)  71%|█████████████████████▎        |  ETA: 4:16:40
Sampling (4 threads)  72%|█████████████████████▌        |  ETA: 4:13:40
Sampling (4 threads)  72%|█████████████████████▋        |  ETA: 4:07:29
Sampling (4 threads)  72%|█████████████████████▊        |  ETA: 4:01:23
Sampling (4 threads)  73%|█████████████████████▉        |  ETA: 3:57:46
Sampling (4 threads)  74%|██████████████████████        |  ETA: 3:51:47
Sampling (4 threads)  74%|██████████████████████▎       |  ETA: 3:45:52
Sampling (4 threads)  74%|██████████████████████▍       |  ETA: 3:42:32
Sampling (4 threads)  75%|██████████████████████▌       |  ETA: 3:36:43
Sampling (4 threads)  76%|██████████████████████▋       |  ETA: 3:30:58
Sampling (4 threads)  76%|██████████████████████▊       |  ETA: 3:25:18
Sampling (4 threads)  76%|███████████████████████       |  ETA: 3:23:03
Sampling (4 threads)  77%|███████████████████████▏      |  ETA: 3:17:27
Sampling (4 threads)  78%|███████████████████████▎      |  ETA: 3:11:54
Sampling (4 threads)  78%|███████████████████████▍      |  ETA: 3:09:02
Sampling (4 threads)  78%|███████████████████████▌      |  ETA: 3:03:34
Sampling (4 threads)  79%|███████████████████████▊      |  ETA: 2:58:09
Sampling (4 threads)  80%|███████████████████████▉      |  ETA: 2:52:49
Sampling (4 threads)  80%|████████████████████████      |  ETA: 2:49:13
Sampling (4 threads)  80%|████████████████████████▏     |  ETA: 2:43:58
Sampling (4 threads)  81%|████████████████████████▎     |  ETA: 2:39:59
Sampling (4 threads)  82%|████████████████████████▌     |  ETA: 2:34:49
Sampling (4 threads)  82%|████████████████████████▋     |  ETA: 2:29:43
Sampling (4 threads)  82%|████████████████████████▊     |  ETA: 2:25:05
Sampling (4 threads)  83%|████████████████████████▉     |  ETA: 2:20:37
Sampling (4 threads)  84%|█████████████████████████     |  ETA: 2:16:17
Sampling (4 threads)  84%|█████████████████████████▎    |  ETA: 2:12:21
Sampling (4 threads)  84%|█████████████████████████▍    |  ETA: 2:08:04
Sampling (4 threads)  85%|█████████████████████████▌    |  ETA: 2:03:30
Sampling (4 threads)  86%|█████████████████████████▋    |  ETA: 1:59:29
Sampling (4 threads)  86%|█████████████████████████▊    |  ETA: 1:55:09
Sampling (4 threads)  86%|██████████████████████████    |  ETA: 1:50:48
Sampling (4 threads)  87%|██████████████████████████▏   |  ETA: 1:46:29
Sampling (4 threads)  88%|██████████████████████████▎   |  ETA: 1:42:20
Sampling (4 threads)  88%|██████████████████████████▍   |  ETA: 1:38:00
Sampling (4 threads)  88%|██████████████████████████▌   |  ETA: 1:33:41
Sampling (4 threads)  89%|██████████████████████████▊   |  ETA: 1:29:37
Sampling (4 threads)  90%|██████████████████████████▉   |  ETA: 1:25:47
Sampling (4 threads)  90%|███████████████████████████   |  ETA: 1:21:51
Sampling (4 threads)  90%|███████████████████████████▏  |  ETA: 1:17:47
Sampling (4 threads)  91%|███████████████████████████▎  |  ETA: 1:13:33
Sampling (4 threads)  92%|███████████████████████████▌  |  ETA: 1:09:28
Sampling (4 threads)  92%|███████████████████████████▋  |  ETA: 1:05:23
Sampling (4 threads)  92%|███████████████████████████▊  |  ETA: 1:01:20
Sampling (4 threads)  93%|███████████████████████████▉  |  ETA: 0:57:20
Sampling (4 threads)  94%|████████████████████████████  |  ETA: 0:53:10
Sampling (4 threads)  94%|████████████████████████████▎ |  ETA: 0:48:52
Sampling (4 threads)  94%|████████████████████████████▍ |  ETA: 0:44:37
Sampling (4 threads)  95%|████████████████████████████▌ |  ETA: 0:40:21
Sampling (4 threads)  96%|████████████████████████████▋ |  ETA: 0:36:11
Sampling (4 threads)  96%|████████████████████████████▊ |  ETA: 0:32:02
Sampling (4 threads)  96%|█████████████████████████████ |  ETA: 0:27:57
Sampling (4 threads)  97%|█████████████████████████████▏|  ETA: 0:23:57
Sampling (4 threads)  98%|█████████████████████████████▎|  ETA: 0:19:57
Sampling (4 threads)  98%|█████████████████████████████▍|  ETA: 0:16:03
Sampling (4 threads)  98%|█████████████████████████████▌|  ETA: 0:12:10
Sampling (4 threads)  99%|█████████████████████████████▊|  ETA: 0:08:12
Sampling (4 threads) 100%|█████████████████████████████▉|  ETA: 0:04:09
Sampling (4 threads) 100%|██████████████████████████████| Time: 13:55:29
Sampling (4 threads) 100%|██████████████████████████████| Time: 13:55:31
Precompiling project...
    DistributionsADReverseDiffExt Being precompiled by another process (pid: 3582913, pidfile: /user/home/em18564/.julia/compiled/v1.10/DistributionsADReverseDiffExt/hY00X_4RpdW.ji.pidfile)
  ✗ DistributionsAD → DistributionsADReverseDiffExt
  0 dependencies successfully precompiled in 55 seconds. 549 already precompiled.
┌ Warning: Runtime invalidation was disabled, but the CPU info is out-of-date.
│ Will continue with incorrect CPU name (from build time).
└ @ HostCPUFeatures ~/.julia/packages/HostCPUFeatures/ZTXz4/src/cpu_info.jl:71
┌ Warning: Runtime invalidation was disabled, but the CPU info is out-of-date.
│ Will continue with incorrect CPU feature flag: +avx512vnni.
└ @ HostCPUFeatures ~/.julia/packages/HostCPUFeatures/ZTXz4/src/cpu_info.jl:56
┌ Warning: Runtime invalidation was disabled, but the CPU info is out-of-date.
│ Will continue with incorrect CPU feature flag: -rtm.
└ @ HostCPUFeatures ~/.julia/packages/HostCPUFeatures/ZTXz4/src/cpu_info.jl:56
Sampling (4 threads)   0%|                              |  ETA: N/A
┌ Info: Found initial step size
└   ϵ = 0.00078125
┌ Info: Found initial step size
└   ϵ = 0.0015625
┌ Info: Found initial step size
└   ϵ = 2.44140625e-5
┌ Info: Found initial step size
└   ϵ = 0.00078125
Sampling (4 threads)   0%|▏                             |  ETA: 2 days, 7:29:11
Sampling (4 threads)   1%|▎                             |  ETA: 1 days, 3:36:20
Sampling (4 threads)   2%|▌                             |  ETA: 2 days, 12:20:04
Sampling (4 threads)   2%|▋                             |  ETA: 1 days, 21:01:16
Sampling (4 threads)   2%|▊                             |  ETA: 2 days, 17:56:32
Sampling (4 threads)   3%|▉                             |  ETA: 2 days, 6:40:12
Sampling (4 threads)   4%|█                             |  ETA: 1 days, 22:37:07
Sampling (4 threads)   4%|█▎                            |  ETA: 2 days, 7:29:34
Sampling (4 threads)   4%|█▍                            |  ETA: 2 days, 1:04:12
Sampling (4 threads)   5%|█▌                            |  ETA: 2 days, 8:19:54
Sampling (4 threads)   6%|█▋                            |  ETA: 2 days, 2:56:28
Sampling (4 threads)   6%|█▊                            |  ETA: 2 days, 5:31:07
Sampling (4 threads)   6%|██                            |  ETA: 2 days, 1:08:20
Sampling (4 threads)   7%|██▏                           |  ETA: 1 days, 22:32:20
Sampling (4 threads)   8%|██▎                           |  ETA: 1 days, 19:12:10
Sampling (4 threads)   8%|██▍                           |  ETA: 1 days, 17:59:09
Sampling (4 threads)   8%|██▌                           |  ETA: 1 days, 15:18:04
Sampling (4 threads)   9%|██▊                           |  ETA: 1 days, 12:54:54
Sampling (4 threads)  10%|██▉                           |  ETA: 1 days, 10:46:48
Sampling (4 threads)  10%|███                           |  ETA: 1 days, 10:46:06
Sampling (4 threads)  10%|███▏                          |  ETA: 1 days, 8:55:43
Sampling (4 threads)  11%|███▎                          |  ETA: 1 days, 7:15:23
Sampling (4 threads)  12%|███▌                          |  ETA: 1 days, 6:42:15
Sampling (4 threads)  12%|███▋                          |  ETA: 1 days, 5:15:31
Sampling (4 threads)  12%|███▊                          |  ETA: 1 days, 3:55:43
Sampling (4 threads)  13%|███▉                          |  ETA: 1 days, 3:52:57
Sampling (4 threads)  14%|████                          |  ETA: 1 days, 2:41:44
Sampling (4 threads)  14%|████▎                         |  ETA: 1 days, 1:35:36
Sampling (4 threads)  14%|████▍                         |  ETA: 1 days, 1:22:08
Sampling (4 threads)  15%|████▌                         |  ETA: 1 days, 0:22:47
Sampling (4 threads)  16%|████▋                         |  ETA: 1 days, 0:46:59
Sampling (4 threads)  16%|████▊                         |  ETA: 23:52:00
Sampling (4 threads)  16%|█████                         |  ETA: 23:00:20
Sampling (4 threads)  17%|█████▏                        |  ETA: 22:11:43
Sampling (4 threads)  18%|█████▎                        |  ETA: 22:44:09
Sampling (4 threads)  18%|█████▍                        |  ETA: 21:58:13
Sampling (4 threads)  18%|█████▌                        |  ETA: 21:14:46
Sampling (4 threads)  19%|█████▊                        |  ETA: 21:11:24
Sampling (4 threads)  20%|█████▉                        |  ETA: 20:31:09
Sampling (4 threads)  20%|██████                        |  ETA: 20:23:37
Sampling (4 threads)  20%|██████▏                       |  ETA: 19:46:19
Sampling (4 threads)  21%|██████▎                       |  ETA: 19:10:47
Sampling (4 threads)  22%|██████▌                       |  ETA: 19:42:09
Sampling (4 threads)  22%|██████▋                       |  ETA: 19:07:55
Sampling (4 threads)  22%|██████▊                       |  ETA: 18:35:13
Sampling (4 threads)  23%|██████▉                       |  ETA: 18:32:21
Sampling (4 threads)  24%|███████                       |  ETA: 18:01:37
Sampling (4 threads)  24%|███████▎                      |  ETA: 18:13:53
Sampling (4 threads)  24%|███████▍                      |  ETA: 17:44:30
Sampling (4 threads)  25%|███████▌                      |  ETA: 17:16:18
Sampling (4 threads)  26%|███████▋                      |  ETA: 17:18:12
Sampling (4 threads)  26%|███████▊                      |  ETA: 16:51:25
Sampling (4 threads)  26%|████████                      |  ETA: 16:38:48
Sampling (4 threads)  27%|████████▏                     |  ETA: 16:13:38
Sampling (4 threads)  28%|████████▎                     |  ETA: 16:09:18
Sampling (4 threads)  28%|████████▍                     |  ETA: 15:45:26
Sampling (4 threads)  28%|████████▌                     |  ETA: 15:22:23
Sampling (4 threads)  29%|████████▊                     |  ETA: 15:16:10
Sampling (4 threads)  30%|████████▉                     |  ETA: 14:54:18
Sampling (4 threads)  30%|█████████                     |  ETA: 14:33:10
Sampling (4 threads)  30%|█████████▏                    |  ETA: 14:26:57
Sampling (4 threads)  31%|█████████▎                    |  ETA: 14:06:49
Sampling (4 threads)  32%|█████████▌                    |  ETA: 14:01:35
Sampling (4 threads)  32%|█████████▋                    |  ETA: 13:42:23
Sampling (4 threads)  32%|█████████▊                    |  ETA: 13:23:47
Sampling (4 threads)  33%|█████████▉                    |  ETA: 13:18:50
Sampling (4 threads)  34%|██████████                    |  ETA: 13:01:03
Sampling (4 threads)  34%|██████████▎                   |  ETA: 12:57:40
Sampling (4 threads)  34%|██████████▍                   |  ETA: 12:40:35
Sampling (4 threads)  35%|██████████▌                   |  ETA: 12:24:00
Sampling (4 threads)  36%|██████████▋                   |  ETA: 12:19:50
Sampling (4 threads)  36%|██████████▊                   |  ETA: 12:03:54
Sampling (4 threads)  36%|███████████                   |  ETA: 12:04:39
Sampling (4 threads)  37%|███████████▏                  |  ETA: 11:49:14
Sampling (4 threads)  38%|███████████▎                  |  ETA: 11:34:13
Sampling (4 threads)  38%|███████████▍                  |  ETA: 11:19:36
Sampling (4 threads)  38%|███████████▌                  |  ETA: 11:19:53
Sampling (4 threads)  39%|███████████▊                  |  ETA: 11:05:42
Sampling (4 threads)  40%|███████████▉                  |  ETA: 10:51:53
Sampling (4 threads)  40%|████████████                  |  ETA: 10:49:21
Sampling (4 threads)  40%|████████████▏                 |  ETA: 10:36:00
Sampling (4 threads)  41%|████████████▎                 |  ETA: 10:22:58
Sampling (4 threads)  42%|████████████▌                 |  ETA: 10:12:16
Sampling (4 threads)  42%|████████████▋                 |  ETA: 9:59:48
Sampling (4 threads)  42%|████████████▊                 |  ETA: 9:50:17
Sampling (4 threads)  43%|████████████▉                 |  ETA: 9:38:20
Sampling (4 threads)  44%|█████████████                 |  ETA: 9:28:37
Sampling (4 threads)  44%|█████████████▎                |  ETA: 9:17:11
Sampling (4 threads)  44%|█████████████▍                |  ETA: 9:06:50
Sampling (4 threads)  45%|█████████████▌                |  ETA: 8:55:53
Sampling (4 threads)  46%|█████████████▋                |  ETA: 8:46:06
Sampling (4 threads)  46%|█████████████▊                |  ETA: 8:35:36
Sampling (4 threads)  46%|██████████████                |  ETA: 8:26:22
Sampling (4 threads)  47%|██████████████▏               |  ETA: 8:16:18
Sampling (4 threads)  48%|██████████████▎               |  ETA: 8:07:16
Sampling (4 threads)  48%|██████████████▍               |  ETA: 7:57:35
Sampling (4 threads)  48%|██████████████▌               |  ETA: 7:48:45
Sampling (4 threads)  49%|██████████████▊               |  ETA: 7:39:28
Sampling (4 threads)  50%|██████████████▉               |  ETA: 7:31:08
Sampling (4 threads)  50%|███████████████               |  ETA: 7:22:12
Sampling (4 threads)  50%|███████████████▏              |  ETA: 7:13:59
Sampling (4 threads)  51%|███████████████▎              |  ETA: 7:05:23
Sampling (4 threads)  52%|███████████████▌              |  ETA: 6:57:39
Sampling (4 threads)  52%|███████████████▋              |  ETA: 6:49:22
Sampling (4 threads)  52%|███████████████▊              |  ETA: 6:41:43
Sampling (4 threads)  53%|███████████████▉              |  ETA: 6:33:44
Sampling (4 threads)  54%|████████████████              |  ETA: 6:26:58
Sampling (4 threads)  54%|████████████████▎             |  ETA: 6:19:16
Sampling (4 threads)  55%|████████████████▍             |  ETA: 6:17:23
Sampling (4 threads)  55%|████████████████▌             |  ETA: 6:09:51
Sampling (4 threads)  56%|████████████████▋             |  ETA: 6:02:26
Sampling (4 threads)  56%|████████████████▊             |  ETA: 6:01:22
Sampling (4 threads)  56%|█████████████████             |  ETA: 5:54:06
Sampling (4 threads)  57%|█████████████████▏            |  ETA: 5:46:58
Sampling (4 threads)  57%|█████████████████▎            |  ETA: 5:46:27
Sampling (4 threads)  58%|█████████████████▍            |  ETA: 5:39:26
Sampling (4 threads)  58%|█████████████████▌            |  ETA: 5:32:31
Sampling (4 threads)  59%|█████████████████▊            |  ETA: 5:32:28
Sampling (4 threads)  60%|█████████████████▉            |  ETA: 5:25:39
Sampling (4 threads)  60%|██████████████████            |  ETA: 5:18:57
Sampling (4 threads)  60%|██████████████████▏           |  ETA: 5:18:37
Sampling (4 threads)  61%|██████████████████▎           |  ETA: 5:12:01
Sampling (4 threads)  62%|██████████████████▌           |  ETA: 5:05:30
Sampling (4 threads)  62%|██████████████████▋           |  ETA: 4:59:07
Sampling (4 threads)  62%|██████████████████▊           |  ETA: 4:56:24
Sampling (4 threads)  63%|██████████████████▉           |  ETA: 4:50:08
Sampling (4 threads)  64%|███████████████████           |  ETA: 4:47:21
Sampling (4 threads)  64%|███████████████████▎          |  ETA: 4:41:12
Sampling (4 threads)  64%|███████████████████▍          |  ETA: 4:37:48
Sampling (4 threads)  65%|███████████████████▌          |  ETA: 4:31:47
Sampling (4 threads)  66%|███████████████████▋          |  ETA: 4:29:15
Sampling (4 threads)  66%|███████████████████▊          |  ETA: 4:23:21
Sampling (4 threads)  66%|████████████████████          |  ETA: 4:21:50
Sampling (4 threads)  67%|████████████████████▏         |  ETA: 4:16:00
Sampling (4 threads)  68%|████████████████████▎         |  ETA: 4:10:15
Sampling (4 threads)  68%|████████████████████▍         |  ETA: 4:08:11
Sampling (4 threads)  68%|████████████████████▌         |  ETA: 4:02:31
Sampling (4 threads)  69%|████████████████████▊         |  ETA: 4:00:05
Sampling (4 threads)  70%|████████████████████▉         |  ETA: 3:54:31
Sampling (4 threads)  70%|█████████████████████         |  ETA: 3:49:01
Sampling (4 threads)  70%|█████████████████████▏        |  ETA: 3:46:15
Sampling (4 threads)  71%|█████████████████████▎        |  ETA: 3:40:51
Sampling (4 threads)  72%|█████████████████████▌        |  ETA: 3:39:27
Sampling (4 threads)  72%|█████████████████████▋        |  ETA: 3:34:06
Sampling (4 threads)  72%|█████████████████████▊        |  ETA: 3:28:50
Sampling (4 threads)  73%|█████████████████████▉        |  ETA: 3:26:02
Sampling (4 threads)  74%|██████████████████████        |  ETA: 3:20:50
Sampling (4 threads)  74%|██████████████████████▎       |  ETA: 3:15:43
Sampling (4 threads)  74%|██████████████████████▍       |  ETA: 3:12:38
Sampling (4 threads)  75%|██████████████████████▌       |  ETA: 3:09:27
Sampling (4 threads)  76%|██████████████████████▋       |  ETA: 3:05:46
Sampling (4 threads)  76%|██████████████████████▊       |  ETA: 3:02:35
Sampling (4 threads)  76%|███████████████████████       |  ETA: 2:59:29
Sampling (4 threads)  77%|███████████████████████▏      |  ETA: 2:55:45
Sampling (4 threads)  78%|███████████████████████▎      |  ETA: 2:52:00
Sampling (4 threads)  78%|███████████████████████▍      |  ETA: 2:47:24
Sampling (4 threads)  78%|███████████████████████▌      |  ETA: 2:42:41
Sampling (4 threads)  79%|███████████████████████▊      |  ETA: 2:38:00
Sampling (4 threads)  80%|███████████████████████▉      |  ETA: 2:33:22
Sampling (4 threads)  80%|████████████████████████      |  ETA: 2:28:47
Sampling (4 threads)  80%|████████████████████████▏     |  ETA: 2:24:14
Sampling (4 threads)  81%|████████████████████████▎     |  ETA: 2:19:46
Sampling (4 threads)  82%|████████████████████████▌     |  ETA: 2:15:18
Sampling (4 threads)  82%|████████████████████████▋     |  ETA: 2:10:53
Sampling (4 threads)  82%|████████████████████████▊     |  ETA: 2:06:33
Sampling (4 threads)  83%|████████████████████████▉     |  ETA: 2:02:15
Sampling (4 threads)  84%|█████████████████████████     |  ETA: 1:58:01
Sampling (4 threads)  84%|█████████████████████████▎    |  ETA: 1:53:49
Sampling (4 threads)  84%|█████████████████████████▍    |  ETA: 1:50:44
Sampling (4 threads)  85%|█████████████████████████▌    |  ETA: 1:49:17
Sampling (4 threads)  86%|█████████████████████████▋    |  ETA: 1:47:30
Sampling (4 threads)  86%|█████████████████████████▊    |  ETA: 1:45:36
Sampling (4 threads)  86%|██████████████████████████    |  ETA: 1:43:22
Sampling (4 threads)  87%|██████████████████████████▏   |  ETA: 1:41:18
Sampling (4 threads)  88%|██████████████████████████▎   |  ETA: 1:39:28
Sampling (4 threads)  88%|██████████████████████████▍   |  ETA: 1:37:14
Sampling (4 threads)  88%|██████████████████████████▌   |  ETA: 1:34:27
Sampling (4 threads)  89%|██████████████████████████▊   |  ETA: 1:31:29
Sampling (4 threads)  90%|██████████████████████████▉   |  ETA: 1:28:33
Sampling (4 threads)  90%|███████████████████████████   |  ETA: 1:25:29
Sampling (4 threads)  90%|███████████████████████████▏  |  ETA: 1:22:11
Sampling (4 threads)  91%|███████████████████████████▎  |  ETA: 1:18:49
Sampling (4 threads)  92%|███████████████████████████▌  |  ETA: 1:15:42
Sampling (4 threads)  92%|███████████████████████████▋  |  ETA: 1:12:03
Sampling (4 threads)  92%|███████████████████████████▊  |  ETA: 1:08:15
Sampling (4 threads)  93%|███████████████████████████▉  |  ETA: 1:04:19
Sampling (4 threads)  94%|████████████████████████████  |  ETA: 1:00:16
Sampling (4 threads)  94%|████████████████████████████▎ |  ETA: 0:56:07
Sampling (4 threads)  94%|████████████████████████████▍ |  ETA: 0:52:00
Sampling (4 threads)  95%|████████████████████████████▌ |  ETA: 0:47:46
Sampling (4 threads)  96%|████████████████████████████▋ |  ETA: 0:43:23
Sampling (4 threads)  96%|████████████████████████████▊ |  ETA: 0:38:56
Sampling (4 threads)  96%|█████████████████████████████ |  ETA: 0:34:24
Sampling (4 threads)  97%|█████████████████████████████▏|  ETA: 0:29:47
Sampling (4 threads)  98%|█████████████████████████████▎|  ETA: 0:25:03
Sampling (4 threads)  98%|█████████████████████████████▍|  ETA: 0:20:14
Sampling (4 threads)  98%|█████████████████████████████▌|  ETA: 0:15:20
Sampling (4 threads)  99%|█████████████████████████████▊|  ETA: 0:10:19
Sampling (4 threads) 100%|█████████████████████████████▉|  ETA: 0:05:12
Sampling (4 threads) 100%|██████████████████████████████| Time: 17:29:59
Sampling (4 threads) 100%|██████████████████████████████| Time: 17:30:00
