cpu-bind=MASK - bp1-compute015, task  0  0 [1491387]: mask 0x180000018 set
Running on host bp1-compute015
Time is Mon Sep 14 18:36:53 BST 2026
Directory is /user/home/em18564/bayesian/BC4/Bayes/wordType_experiments/models/_2_3
Slurm job ID is 18956006
This job runs on the following machines:
bp1-compute015
Sampling (4 threads)   0%|                              |  ETA: N/A
┌ Info: Found initial step size
└   ϵ = 0.0015625
┌ Info: Found initial step size
└   ϵ = 0.000390625
┌ Info: Found initial step size
└   ϵ = 0.0125
┌ Info: Found initial step size
└   ϵ = 0.00625
Sampling (4 threads)   0%|▏                             |  ETA: 4:26:43
Sampling (4 threads)   1%|▎                             |  ETA: 2:12:51
Sampling (4 threads)   2%|▌                             |  ETA: 23:22:06
Sampling (4 threads)   2%|▋                             |  ETA: 17:26:14
Sampling (4 threads)   2%|▊                             |  ETA: 13:52:43
Sampling (4 threads)   3%|▉                             |  ETA: 20:32:44
Sampling (4 threads)   4%|█                             |  ETA: 17:31:11
Sampling (4 threads)   4%|█▎                            |  ETA: 15:15:01
Sampling (4 threads)   4%|█▍                            |  ETA: 15:51:00
Sampling (4 threads)   5%|█▌                            |  ETA: 14:11:25
Sampling (4 threads)   6%|█▋                            |  ETA: 13:26:27
Sampling (4 threads)   6%|█▊                            |  ETA: 12:15:20
Sampling (4 threads)   6%|██                            |  ETA: 11:37:12
Sampling (4 threads)   7%|██▏                           |  ETA: 10:43:57
Sampling (4 threads)   8%|██▎                           |  ETA: 10:14:35
Sampling (4 threads)   8%|██▍                           |  ETA: 9:33:04
Sampling (4 threads)   8%|██▌                           |  ETA: 9:09:01
Sampling (4 threads)   9%|██▊                           |  ETA: 8:35:41
Sampling (4 threads)  10%|██▉                           |  ETA: 8:19:22
Sampling (4 threads)  10%|███                           |  ETA: 7:51:46
Sampling (4 threads)  10%|███▏                          |  ETA: 7:40:21
Sampling (4 threads)  11%|███▎                          |  ETA: 7:16:58
Sampling (4 threads)  12%|███▌                          |  ETA: 7:07:47
Sampling (4 threads)  12%|███▋                          |  ETA: 6:47:39
Sampling (4 threads)  12%|███▊                          |  ETA: 6:35:30
Sampling (4 threads)  13%|███▉                          |  ETA: 6:18:06
Sampling (4 threads)  14%|████                          |  ETA: 6:06:00
Sampling (4 threads)  14%|████▎                         |  ETA: 5:50:53
Sampling (4 threads)  14%|████▍                         |  ETA: 5:40:48
Sampling (4 threads)  15%|████▌                         |  ETA: 5:27:31
Sampling (4 threads)  16%|████▋                         |  ETA: 5:20:07
Sampling (4 threads)  16%|████▊                         |  ETA: 5:08:17
Sampling (4 threads)  16%|█████                         |  ETA: 4:57:09
Sampling (4 threads)  17%|█████▏                        |  ETA: 4:51:32
Sampling (4 threads)  18%|█████▎                        |  ETA: 4:41:30
Sampling (4 threads)  18%|█████▍                        |  ETA: 4:32:02
Sampling (4 threads)  18%|█████▌                        |  ETA: 4:27:02
Sampling (4 threads)  19%|█████▊                        |  ETA: 4:18:25
Sampling (4 threads)  20%|█████▉                        |  ETA: 4:14:21
Sampling (4 threads)  20%|██████                        |  ETA: 4:06:27
Sampling (4 threads)  20%|██████▏                       |  ETA: 4:01:10
Sampling (4 threads)  21%|██████▎                       |  ETA: 3:53:56
Sampling (4 threads)  22%|██████▌                       |  ETA: 3:50:25
Sampling (4 threads)  22%|██████▋                       |  ETA: 3:43:45
Sampling (4 threads)  22%|██████▊                       |  ETA: 3:37:23
Sampling (4 threads)  23%|██████▉                       |  ETA: 3:34:20
Sampling (4 threads)  24%|███████                       |  ETA: 3:28:24
Sampling (4 threads)  24%|███████▎                      |  ETA: 3:24:37
Sampling (4 threads)  24%|███████▍                      |  ETA: 3:19:07
Sampling (4 threads)  25%|███████▌                      |  ETA: 3:15:34
Sampling (4 threads)  26%|███████▋                      |  ETA: 3:10:28
Sampling (4 threads)  26%|███████▊                      |  ETA: 3:05:33
Sampling (4 threads)  26%|████████                      |  ETA: 3:02:33
Sampling (4 threads)  27%|████████▏                     |  ETA: 2:57:57
Sampling (4 threads)  28%|████████▎                     |  ETA: 2:55:08
Sampling (4 threads)  28%|████████▍                     |  ETA: 2:50:49
Sampling (4 threads)  28%|████████▌                     |  ETA: 2:48:11
Sampling (4 threads)  29%|████████▊                     |  ETA: 2:44:08
Sampling (4 threads)  30%|████████▉                     |  ETA: 2:41:21
Sampling (4 threads)  30%|█████████                     |  ETA: 2:37:32
Sampling (4 threads)  30%|█████████▏                    |  ETA: 2:34:43
Sampling (4 threads)  31%|█████████▎                    |  ETA: 2:31:07
Sampling (4 threads)  32%|█████████▌                    |  ETA: 2:29:00
Sampling (4 threads)  32%|█████████▋                    |  ETA: 2:25:36
Sampling (4 threads)  32%|█████████▊                    |  ETA: 2:22:19
Sampling (4 threads)  33%|█████████▉                    |  ETA: 2:19:07
Sampling (4 threads)  34%|██████████                    |  ETA: 2:17:12
Sampling (4 threads)  34%|██████████▎                   |  ETA: 2:14:10
Sampling (4 threads)  34%|██████████▍                   |  ETA: 2:11:14
Sampling (4 threads)  35%|██████████▌                   |  ETA: 2:09:26
Sampling (4 threads)  36%|██████████▋                   |  ETA: 2:06:38
Sampling (4 threads)  36%|██████████▊                   |  ETA: 2:04:56
Sampling (4 threads)  36%|███████████                   |  ETA: 2:02:16
Sampling (4 threads)  37%|███████████▏                  |  ETA: 1:59:40
Sampling (4 threads)  38%|███████████▎                  |  ETA: 1:57:08
Sampling (4 threads)  38%|███████████▍                  |  ETA: 1:55:37
Sampling (4 threads)  38%|███████████▌                  |  ETA: 1:53:12
Sampling (4 threads)  39%|███████████▊                  |  ETA: 1:50:50
Sampling (4 threads)  40%|███████████▉                  |  ETA: 1:49:27
Sampling (4 threads)  40%|████████████                  |  ETA: 1:47:11
Sampling (4 threads)  40%|████████████▏                 |  ETA: 1:44:59
Sampling (4 threads)  41%|████████████▎                 |  ETA: 1:43:36
Sampling (4 threads)  42%|████████████▌                 |  ETA: 1:41:29
Sampling (4 threads)  42%|████████████▋                 |  ETA: 1:39:25
Sampling (4 threads)  42%|████████████▊                 |  ETA: 1:38:12
Sampling (4 threads)  43%|████████████▉                 |  ETA: 1:36:13
Sampling (4 threads)  44%|█████████████                 |  ETA: 1:34:17
Sampling (4 threads)  44%|█████████████▎                |  ETA: 1:33:09
Sampling (4 threads)  44%|█████████████▍                |  ETA: 1:31:17
Sampling (4 threads)  45%|█████████████▌                |  ETA: 1:29:50
Sampling (4 threads)  46%|█████████████▋                |  ETA: 1:28:03
Sampling (4 threads)  46%|█████████████▊                |  ETA: 1:26:38
Sampling (4 threads)  46%|██████████████                |  ETA: 1:24:54
Sampling (4 threads)  47%|██████████████▏               |  ETA: 1:23:48
Sampling (4 threads)  48%|██████████████▎               |  ETA: 1:22:08
Sampling (4 threads)  48%|██████████████▍               |  ETA: 1:20:30
Sampling (4 threads)  48%|██████████████▌               |  ETA: 1:19:31
Sampling (4 threads)  49%|██████████████▊               |  ETA: 1:17:56
Sampling (4 threads)  50%|██████████████▉               |  ETA: 1:16:24
Sampling (4 threads)  50%|███████████████               |  ETA: 1:15:26
Sampling (4 threads)  50%|███████████████▏              |  ETA: 1:13:57
Sampling (4 threads)  51%|███████████████▎              |  ETA: 1:12:29
Sampling (4 threads)  52%|███████████████▌              |  ETA: 1:11:36
Sampling (4 threads)  52%|███████████████▋              |  ETA: 1:10:11
Sampling (4 threads)  52%|███████████████▊              |  ETA: 1:08:47
Sampling (4 threads)  53%|███████████████▉              |  ETA: 1:07:54
Sampling (4 threads)  54%|████████████████              |  ETA: 1:06:33
Sampling (4 threads)  54%|████████████████▎             |  ETA: 1:05:14
Sampling (4 threads)  55%|████████████████▍             |  ETA: 1:04:18
Sampling (4 threads)  55%|████████████████▌             |  ETA: 1:03:01
Sampling (4 threads)  56%|████████████████▋             |  ETA: 1:02:14
Sampling (4 threads)  56%|████████████████▊             |  ETA: 1:00:59
Sampling (4 threads)  56%|█████████████████             |  ETA: 0:59:46
Sampling (4 threads)  57%|█████████████████▏            |  ETA: 0:58:34
Sampling (4 threads)  57%|█████████████████▎            |  ETA: 0:57:54
Sampling (4 threads)  58%|█████████████████▍            |  ETA: 0:56:43
Sampling (4 threads)  58%|█████████████████▌            |  ETA: 0:55:34
Sampling (4 threads)  59%|█████████████████▊            |  ETA: 0:54:34
Sampling (4 threads)  60%|█████████████████▉            |  ETA: 0:53:34
Sampling (4 threads)  60%|██████████████████            |  ETA: 0:52:35
Sampling (4 threads)  60%|██████████████████▏           |  ETA: 0:51:36
Sampling (4 threads)  61%|██████████████████▎           |  ETA: 0:50:37
Sampling (4 threads)  62%|██████████████████▌           |  ETA: 0:49:40
Sampling (4 threads)  62%|██████████████████▋           |  ETA: 0:48:45
Sampling (4 threads)  62%|██████████████████▊           |  ETA: 0:47:52
Sampling (4 threads)  63%|██████████████████▉           |  ETA: 0:46:53
Sampling (4 threads)  64%|███████████████████           |  ETA: 0:46:02
Sampling (4 threads)  64%|███████████████████▎          |  ETA: 0:45:08
Sampling (4 threads)  64%|███████████████████▍          |  ETA: 0:44:16
Sampling (4 threads)  65%|███████████████████▌          |  ETA: 0:43:25
Sampling (4 threads)  66%|███████████████████▋          |  ETA: 0:42:31
Sampling (4 threads)  66%|███████████████████▊          |  ETA: 0:41:41
Sampling (4 threads)  66%|████████████████████          |  ETA: 0:40:51
Sampling (4 threads)  67%|████████████████████▏         |  ETA: 0:40:00
Sampling (4 threads)  68%|████████████████████▎         |  ETA: 0:39:11
Sampling (4 threads)  68%|████████████████████▍         |  ETA: 0:38:24
Sampling (4 threads)  68%|████████████████████▌         |  ETA: 0:37:34
Sampling (4 threads)  69%|████████████████████▊         |  ETA: 0:36:47
Sampling (4 threads)  70%|████████████████████▉         |  ETA: 0:36:02
Sampling (4 threads)  70%|█████████████████████         |  ETA: 0:35:16
Sampling (4 threads)  70%|█████████████████████▏        |  ETA: 0:34:29
Sampling (4 threads)  71%|█████████████████████▎        |  ETA: 0:33:45
Sampling (4 threads)  72%|█████████████████████▌        |  ETA: 0:32:59
Sampling (4 threads)  72%|█████████████████████▋        |  ETA: 0:32:14
Sampling (4 threads)  72%|█████████████████████▊        |  ETA: 0:31:31
Sampling (4 threads)  73%|█████████████████████▉        |  ETA: 0:30:46
Sampling (4 threads)  74%|██████████████████████        |  ETA: 0:30:04
Sampling (4 threads)  74%|██████████████████████▎       |  ETA: 0:29:22
Sampling (4 threads)  74%|██████████████████████▍       |  ETA: 0:28:41
Sampling (4 threads)  75%|██████████████████████▌       |  ETA: 0:27:57
Sampling (4 threads)  76%|██████████████████████▋       |  ETA: 0:27:16
Sampling (4 threads)  76%|██████████████████████▊       |  ETA: 0:26:36
Sampling (4 threads)  76%|███████████████████████       |  ETA: 0:25:55
Sampling (4 threads)  77%|███████████████████████▏      |  ETA: 0:25:15
Sampling (4 threads)  78%|███████████████████████▎      |  ETA: 0:24:36
Sampling (4 threads)  78%|███████████████████████▍      |  ETA: 0:23:58
Sampling (4 threads)  78%|███████████████████████▌      |  ETA: 0:23:17
Sampling (4 threads)  79%|███████████████████████▊      |  ETA: 0:22:39
Sampling (4 threads)  80%|███████████████████████▉      |  ETA: 0:22:02
Sampling (4 threads)  80%|████████████████████████      |  ETA: 0:21:23
Sampling (4 threads)  80%|████████████████████████▏     |  ETA: 0:20:46
Sampling (4 threads)  81%|████████████████████████▎     |  ETA: 0:20:09
Sampling (4 threads)  82%|████████████████████████▌     |  ETA: 0:19:33
Sampling (4 threads)  82%|████████████████████████▋     |  ETA: 0:18:56
Sampling (4 threads)  82%|████████████████████████▊     |  ETA: 0:18:21
Sampling (4 threads)  83%|████████████████████████▉     |  ETA: 0:17:45
Sampling (4 threads)  84%|█████████████████████████     |  ETA: 0:17:10
Sampling (4 threads)  84%|█████████████████████████▎    |  ETA: 0:16:35
Sampling (4 threads)  84%|█████████████████████████▍    |  ETA: 0:16:00
Sampling (4 threads)  85%|█████████████████████████▌    |  ETA: 0:15:25
Sampling (4 threads)  86%|█████████████████████████▋    |  ETA: 0:14:51
Sampling (4 threads)  86%|█████████████████████████▊    |  ETA: 0:14:17
Sampling (4 threads)  86%|██████████████████████████    |  ETA: 0:13:44
Sampling (4 threads)  87%|██████████████████████████▏   |  ETA: 0:13:10
Sampling (4 threads)  88%|██████████████████████████▎   |  ETA: 0:12:38
Sampling (4 threads)  88%|██████████████████████████▍   |  ETA: 0:12:05
Sampling (4 threads)  88%|██████████████████████████▌   |  ETA: 0:11:32
Sampling (4 threads)  89%|██████████████████████████▊   |  ETA: 0:11:00
Sampling (4 threads)  90%|██████████████████████████▉   |  ETA: 0:10:28
Sampling (4 threads)  90%|███████████████████████████   |  ETA: 0:09:56
Sampling (4 threads)  90%|███████████████████████████▏  |  ETA: 0:09:25
Sampling (4 threads)  91%|███████████████████████████▎  |  ETA: 0:08:53
Sampling (4 threads)  92%|███████████████████████████▌  |  ETA: 0:08:22
Sampling (4 threads)  92%|███████████████████████████▋  |  ETA: 0:07:51
Sampling (4 threads)  92%|███████████████████████████▊  |  ETA: 0:07:20
Sampling (4 threads)  93%|███████████████████████████▉  |  ETA: 0:06:49
Sampling (4 threads)  94%|████████████████████████████  |  ETA: 0:06:19
Sampling (4 threads)  94%|████████████████████████████▎ |  ETA: 0:05:48
Sampling (4 threads)  94%|████████████████████████████▍ |  ETA: 0:05:18
Sampling (4 threads)  95%|████████████████████████████▌ |  ETA: 0:04:48
Sampling (4 threads)  96%|████████████████████████████▋ |  ETA: 0:04:19
Sampling (4 threads)  96%|████████████████████████████▊ |  ETA: 0:03:49
Sampling (4 threads)  96%|█████████████████████████████ |  ETA: 0:03:20
Sampling (4 threads)  97%|█████████████████████████████▏|  ETA: 0:02:51
Sampling (4 threads)  98%|█████████████████████████████▎|  ETA: 0:02:22
Sampling (4 threads)  98%|█████████████████████████████▍|  ETA: 0:01:54
Sampling (4 threads)  98%|█████████████████████████████▌|  ETA: 0:01:25
Sampling (4 threads)  99%|█████████████████████████████▊|  ETA: 0:00:57
Sampling (4 threads) 100%|█████████████████████████████▉|  ETA: 0:00:28
Sampling (4 threads) 100%|██████████████████████████████| Time: 1:34:11
Sampling (4 threads) 100%|██████████████████████████████| Time: 1:34:12
Sampling (4 threads)   0%|                              |  ETA: N/A
┌ Info: Found initial step size
└   ϵ = 0.000390625
┌ Info: Found initial step size
└   ϵ = 0.0015625
┌ Info: Found initial step size
└   ϵ = 0.0015625
┌ Info: Found initial step size
└   ϵ = 0.003125
Sampling (4 threads)   0%|▏                             |  ETA: 1 days, 14:17:59
Sampling (4 threads)   1%|▎                             |  ETA: 19:03:19
Sampling (4 threads)   2%|▌                             |  ETA: 12:38:22
Sampling (4 threads)   2%|▋                             |  ETA: 1 days, 1:51:39
Sampling (4 threads)   2%|▊                             |  ETA: 20:34:59
Sampling (4 threads)   3%|▉                             |  ETA: 17:03:53
Sampling (4 threads)   4%|█                             |  ETA: 20:18:31
Sampling (4 threads)   4%|█▎                            |  ETA: 17:40:40
Sampling (4 threads)   4%|█▍                            |  ETA: 19:10:56
Sampling (4 threads)   5%|█▌                            |  ETA: 17:10:25
Sampling (4 threads)   6%|█▋                            |  ETA: 18:10:32
Sampling (4 threads)   6%|█▊                            |  ETA: 16:34:22
Sampling (4 threads)   6%|██                            |  ETA: 15:12:59
Sampling (4 threads)   7%|██▏                           |  ETA: 14:18:57
Sampling (4 threads)   8%|██▎                           |  ETA: 13:17:23
Sampling (4 threads)   8%|██▍                           |  ETA: 12:23:30
Sampling (4 threads)   8%|██▌                           |  ETA: 11:49:20
Sampling (4 threads)   9%|██▊                           |  ETA: 11:06:16
Sampling (4 threads)  10%|██▉                           |  ETA: 10:35:59
Sampling (4 threads)  10%|███                           |  ETA: 10:00:51
Sampling (4 threads)  10%|███▏                          |  ETA: 9:29:03
Sampling (4 threads)  11%|███▎                          |  ETA: 9:06:54
Sampling (4 threads)  12%|███▌                          |  ETA: 8:40:11
Sampling (4 threads)  12%|███▋                          |  ETA: 8:22:34
Sampling (4 threads)  12%|███▊                          |  ETA: 7:59:44
Sampling (4 threads)  13%|███▉                          |  ETA: 7:45:44
Sampling (4 threads)  14%|████                          |  ETA: 7:25:55
Sampling (4 threads)  14%|████▎                         |  ETA: 7:07:30
Sampling (4 threads)  14%|████▍                         |  ETA: 6:55:11
Sampling (4 threads)  15%|████▌                         |  ETA: 6:39:00
Sampling (4 threads)  16%|████▋                         |  ETA: 6:28:43
Sampling (4 threads)  16%|████▊                         |  ETA: 6:14:20
Sampling (4 threads)  16%|█████                         |  ETA: 6:00:50
Sampling (4 threads)  17%|█████▏                        |  ETA: 5:51:43
Sampling (4 threads)  18%|█████▎                        |  ETA: 5:39:37
Sampling (4 threads)  18%|█████▍                        |  ETA: 5:28:11
Sampling (4 threads)  18%|█████▌                        |  ETA: 5:20:36
Sampling (4 threads)  19%|█████▊                        |  ETA: 5:10:15
Sampling (4 threads)  20%|█████▉                        |  ETA: 5:02:26
Sampling (4 threads)  20%|██████                        |  ETA: 4:53:03
Sampling (4 threads)  20%|██████▏                       |  ETA: 4:45:19
Sampling (4 threads)  21%|██████▎                       |  ETA: 4:36:46
Sampling (4 threads)  22%|██████▌                       |  ETA: 4:32:05
Sampling (4 threads)  22%|██████▋                       |  ETA: 4:24:12
Sampling (4 threads)  22%|██████▊                       |  ETA: 4:16:40
Sampling (4 threads)  23%|██████▉                       |  ETA: 4:09:28
Sampling (4 threads)  24%|███████                       |  ETA: 4:05:17
Sampling (4 threads)  24%|███████▎                      |  ETA: 3:58:36
Sampling (4 threads)  24%|███████▍                      |  ETA: 3:52:11
Sampling (4 threads)  25%|███████▌                      |  ETA: 3:48:14
Sampling (4 threads)  26%|███████▋                      |  ETA: 3:42:16
Sampling (4 threads)  26%|███████▊                      |  ETA: 3:36:32
Sampling (4 threads)  26%|████████                      |  ETA: 3:32:09
Sampling (4 threads)  27%|████████▏                     |  ETA: 3:26:48
Sampling (4 threads)  28%|████████▎                     |  ETA: 3:22:38
Sampling (4 threads)  28%|████████▍                     |  ETA: 3:17:39
Sampling (4 threads)  28%|████████▌                     |  ETA: 3:15:04
Sampling (4 threads)  29%|████████▊                     |  ETA: 3:10:21
Sampling (4 threads)  30%|████████▉                     |  ETA: 3:05:49
Sampling (4 threads)  30%|█████████                     |  ETA: 3:03:55
Sampling (4 threads)  30%|█████████▏                    |  ETA: 2:59:36
Sampling (4 threads)  31%|█████████▎                    |  ETA: 2:55:26
Sampling (4 threads)  32%|█████████▌                    |  ETA: 2:51:24
Sampling (4 threads)  32%|█████████▋                    |  ETA: 2:49:04
Sampling (4 threads)  32%|█████████▊                    |  ETA: 2:45:14
Sampling (4 threads)  33%|█████████▉                    |  ETA: 2:41:32
Sampling (4 threads)  34%|██████████                    |  ETA: 2:39:24
Sampling (4 threads)  34%|██████████▎                   |  ETA: 2:35:52
Sampling (4 threads)  34%|██████████▍                   |  ETA: 2:32:27
Sampling (4 threads)  35%|██████████▌                   |  ETA: 2:30:18
Sampling (4 threads)  36%|██████████▋                   |  ETA: 2:27:02
Sampling (4 threads)  36%|██████████▊                   |  ETA: 2:23:52
Sampling (4 threads)  36%|███████████                   |  ETA: 2:21:57
Sampling (4 threads)  37%|███████████▏                  |  ETA: 2:18:55
Sampling (4 threads)  38%|███████████▎                  |  ETA: 2:15:59
Sampling (4 threads)  38%|███████████▍                  |  ETA: 2:14:10
Sampling (4 threads)  38%|███████████▌                  |  ETA: 2:11:21
Sampling (4 threads)  39%|███████████▊                  |  ETA: 2:08:37
Sampling (4 threads)  40%|███████████▉                  |  ETA: 2:06:59
Sampling (4 threads)  40%|████████████                  |  ETA: 2:04:21
Sampling (4 threads)  40%|████████████▏                 |  ETA: 2:01:48
Sampling (4 threads)  41%|████████████▎                 |  ETA: 2:00:12
Sampling (4 threads)  42%|████████████▌                 |  ETA: 1:57:45
Sampling (4 threads)  42%|████████████▋                 |  ETA: 1:55:21
Sampling (4 threads)  42%|████████████▊                 |  ETA: 1:53:27
Sampling (4 threads)  43%|████████████▉                 |  ETA: 1:51:09
Sampling (4 threads)  44%|█████████████                 |  ETA: 1:49:24
Sampling (4 threads)  44%|█████████████▎                |  ETA: 1:47:12
Sampling (4 threads)  44%|█████████████▍                |  ETA: 1:45:48
Sampling (4 threads)  45%|█████████████▌                |  ETA: 1:43:41
Sampling (4 threads)  46%|█████████████▋                |  ETA: 1:41:37
Sampling (4 threads)  46%|█████████████▊                |  ETA: 1:40:20
Sampling (4 threads)  46%|██████████████                |  ETA: 1:38:20
Sampling (4 threads)  47%|██████████████▏               |  ETA: 1:37:06
Sampling (4 threads)  48%|██████████████▎               |  ETA: 1:35:10
Sampling (4 threads)  48%|██████████████▍               |  ETA: 1:33:17
Sampling (4 threads)  48%|██████████████▌               |  ETA: 1:31:26
Sampling (4 threads)  49%|██████████████▊               |  ETA: 1:30:20
Sampling (4 threads)  50%|██████████████▉               |  ETA: 1:28:33
Sampling (4 threads)  50%|███████████████               |  ETA: 1:26:48
Sampling (4 threads)  50%|███████████████▏              |  ETA: 1:25:42
Sampling (4 threads)  51%|███████████████▎              |  ETA: 1:24:00
Sampling (4 threads)  52%|███████████████▌              |  ETA: 1:22:20
Sampling (4 threads)  52%|███████████████▋              |  ETA: 1:21:19
Sampling (4 threads)  52%|███████████████▊              |  ETA: 1:19:42
Sampling (4 threads)  53%|███████████████▉              |  ETA: 1:18:07
Sampling (4 threads)  54%|████████████████              |  ETA: 1:17:09
Sampling (4 threads)  54%|████████████████▎             |  ETA: 1:15:37
Sampling (4 threads)  55%|████████████████▍             |  ETA: 1:14:07
Sampling (4 threads)  55%|████████████████▌             |  ETA: 1:13:09
Sampling (4 threads)  56%|████████████████▋             |  ETA: 1:11:41
Sampling (4 threads)  56%|████████████████▊             |  ETA: 1:10:15
Sampling (4 threads)  56%|█████████████████             |  ETA: 1:08:50
Sampling (4 threads)  57%|█████████████████▏            |  ETA: 1:07:53
Sampling (4 threads)  57%|█████████████████▎            |  ETA: 1:06:30
Sampling (4 threads)  58%|█████████████████▍            |  ETA: 1:05:39
Sampling (4 threads)  58%|█████████████████▌            |  ETA: 1:04:19
Sampling (4 threads)  59%|█████████████████▊            |  ETA: 1:03:00
Sampling (4 threads)  60%|█████████████████▉            |  ETA: 1:02:09
Sampling (4 threads)  60%|██████████████████            |  ETA: 1:00:52
Sampling (4 threads)  60%|██████████████████▏           |  ETA: 0:59:37
Sampling (4 threads)  61%|██████████████████▎           |  ETA: 0:58:38
Sampling (4 threads)  62%|██████████████████▌           |  ETA: 0:57:24
Sampling (4 threads)  62%|██████████████████▋           |  ETA: 0:56:35
Sampling (4 threads)  62%|██████████████████▊           |  ETA: 0:55:24
Sampling (4 threads)  63%|██████████████████▉           |  ETA: 0:54:13
Sampling (4 threads)  64%|███████████████████           |  ETA: 0:53:18
Sampling (4 threads)  64%|███████████████████▎          |  ETA: 0:52:09
Sampling (4 threads)  64%|███████████████████▍          |  ETA: 0:51:22
Sampling (4 threads)  65%|███████████████████▌          |  ETA: 0:50:15
Sampling (4 threads)  66%|███████████████████▋          |  ETA: 0:49:10
Sampling (4 threads)  66%|███████████████████▊          |  ETA: 0:48:05
Sampling (4 threads)  66%|████████████████████          |  ETA: 0:47:22
Sampling (4 threads)  67%|████████████████████▏         |  ETA: 0:46:18
Sampling (4 threads)  68%|████████████████████▎         |  ETA: 0:45:16
Sampling (4 threads)  68%|████████████████████▍         |  ETA: 0:44:30
Sampling (4 threads)  68%|████████████████████▌         |  ETA: 0:43:29
Sampling (4 threads)  69%|████████████████████▊         |  ETA: 0:42:40
Sampling (4 threads)  70%|████████████████████▉         |  ETA: 0:41:41
Sampling (4 threads)  70%|█████████████████████         |  ETA: 0:40:51
Sampling (4 threads)  70%|█████████████████████▏        |  ETA: 0:39:54
Sampling (4 threads)  71%|█████████████████████▎        |  ETA: 0:39:04
Sampling (4 threads)  72%|█████████████████████▌        |  ETA: 0:38:07
Sampling (4 threads)  72%|█████████████████████▋        |  ETA: 0:37:24
Sampling (4 threads)  72%|█████████████████████▊        |  ETA: 0:36:29
Sampling (4 threads)  73%|█████████████████████▉        |  ETA: 0:35:34
Sampling (4 threads)  74%|██████████████████████        |  ETA: 0:34:41
Sampling (4 threads)  74%|██████████████████████▎       |  ETA: 0:34:00
Sampling (4 threads)  74%|██████████████████████▍       |  ETA: 0:33:07
Sampling (4 threads)  75%|██████████████████████▌       |  ETA: 0:32:15
Sampling (4 threads)  76%|██████████████████████▋       |  ETA: 0:31:35
Sampling (4 threads)  76%|██████████████████████▊       |  ETA: 0:30:45
Sampling (4 threads)  76%|███████████████████████       |  ETA: 0:29:54
Sampling (4 threads)  77%|███████████████████████▏      |  ETA: 0:29:15
Sampling (4 threads)  78%|███████████████████████▎      |  ETA: 0:28:26
Sampling (4 threads)  78%|███████████████████████▍      |  ETA: 0:27:38
Sampling (4 threads)  78%|███████████████████████▌      |  ETA: 0:26:59
Sampling (4 threads)  79%|███████████████████████▊      |  ETA: 0:26:11
Sampling (4 threads)  80%|███████████████████████▉      |  ETA: 0:25:24
Sampling (4 threads)  80%|████████████████████████      |  ETA: 0:24:47
Sampling (4 threads)  80%|████████████████████████▏     |  ETA: 0:24:01
Sampling (4 threads)  81%|████████████████████████▎     |  ETA: 0:23:15
Sampling (4 threads)  82%|████████████████████████▌     |  ETA: 0:22:33
Sampling (4 threads)  82%|████████████████████████▋     |  ETA: 0:21:51
Sampling (4 threads)  82%|████████████████████████▊     |  ETA: 0:21:09
Sampling (4 threads)  83%|████████████████████████▉     |  ETA: 0:20:29
Sampling (4 threads)  84%|█████████████████████████     |  ETA: 0:19:48
Sampling (4 threads)  84%|█████████████████████████▎    |  ETA: 0:19:06
Sampling (4 threads)  84%|█████████████████████████▍    |  ETA: 0:18:27
Sampling (4 threads)  85%|█████████████████████████▌    |  ETA: 0:17:47
Sampling (4 threads)  86%|█████████████████████████▋    |  ETA: 0:17:08
Sampling (4 threads)  86%|█████████████████████████▊    |  ETA: 0:16:29
Sampling (4 threads)  86%|██████████████████████████    |  ETA: 0:15:49
Sampling (4 threads)  87%|██████████████████████████▏   |  ETA: 0:15:11
Sampling (4 threads)  88%|██████████████████████████▎   |  ETA: 0:14:34
Sampling (4 threads)  88%|██████████████████████████▍   |  ETA: 0:13:54
Sampling (4 threads)  88%|██████████████████████████▌   |  ETA: 0:13:17
Sampling (4 threads)  89%|██████████████████████████▊   |  ETA: 0:12:40
Sampling (4 threads)  90%|██████████████████████████▉   |  ETA: 0:12:04
Sampling (4 threads)  90%|███████████████████████████   |  ETA: 0:11:28
Sampling (4 threads)  90%|███████████████████████████▏  |  ETA: 0:10:51
Sampling (4 threads)  91%|███████████████████████████▎  |  ETA: 0:10:15
Sampling (4 threads)  92%|███████████████████████████▌  |  ETA: 0:09:39
Sampling (4 threads)  92%|███████████████████████████▋  |  ETA: 0:09:03
Sampling (4 threads)  92%|███████████████████████████▊  |  ETA: 0:08:28
Sampling (4 threads)  93%|███████████████████████████▉  |  ETA: 0:07:53
Sampling (4 threads)  94%|████████████████████████████  |  ETA: 0:07:18
Sampling (4 threads)  94%|████████████████████████████▎ |  ETA: 0:06:43
Sampling (4 threads)  94%|████████████████████████████▍ |  ETA: 0:06:09
Sampling (4 threads)  95%|████████████████████████████▌ |  ETA: 0:05:35
Sampling (4 threads)  96%|████████████████████████████▋ |  ETA: 0:05:01
Sampling (4 threads)  96%|████████████████████████████▊ |  ETA: 0:04:27
Sampling (4 threads)  96%|█████████████████████████████ |  ETA: 0:03:53
Sampling (4 threads)  97%|█████████████████████████████▏|  ETA: 0:03:20
Sampling (4 threads)  98%|█████████████████████████████▎|  ETA: 0:02:46
Sampling (4 threads)  98%|█████████████████████████████▍|  ETA: 0:02:13
Sampling (4 threads)  98%|█████████████████████████████▌|  ETA: 0:01:40
Sampling (4 threads)  99%|█████████████████████████████▊|  ETA: 0:01:07
Sampling (4 threads) 100%|█████████████████████████████▉|  ETA: 0:00:34
Sampling (4 threads) 100%|██████████████████████████████| Time: 1:51:56
Sampling (4 threads) 100%|██████████████████████████████| Time: 1:51:57
Sampling (4 threads)   0%|                              |  ETA: N/A
┌ Info: Found initial step size
└   ϵ = 0.000390625
┌ Info: Found initial step size
└   ϵ = 0.0015625
┌ Info: Found initial step size
└   ϵ = 0.00078125
┌ Info: Found initial step size
└   ϵ = 0.000390625
Sampling (4 threads)   0%|▏                             |  ETA: 1 days, 16:18:04
Sampling (4 threads)   1%|▎                             |  ETA: 20:03:06
Sampling (4 threads)   2%|▌                             |  ETA: 13:18:01
Sampling (4 threads)   2%|▋                             |  ETA: 1 days, 3:24:01
Sampling (4 threads)   2%|▊                             |  ETA: 21:48:30
Sampling (4 threads)   3%|▉                             |  ETA: 18:04:49
Sampling (4 threads)   4%|█                             |  ETA: 15:25:03
Sampling (4 threads)   4%|█▎                            |  ETA: 20:22:50
Sampling (4 threads)   4%|█▍                            |  ETA: 18:01:18
Sampling (4 threads)   5%|█▌                            |  ETA: 16:08:05
Sampling (4 threads)   6%|█▋                            |  ETA: 17:07:34
Sampling (4 threads)   6%|█▊                            |  ETA: 15:36:57
Sampling (4 threads)   6%|██                            |  ETA: 14:43:45
Sampling (4 threads)   7%|██▏                           |  ETA: 13:36:15
Sampling (4 threads)   8%|██▎                           |  ETA: 12:55:17
Sampling (4 threads)   8%|██▍                           |  ETA: 12:02:54
Sampling (4 threads)   8%|██▌                           |  ETA: 11:16:41
Sampling (4 threads)   9%|██▊                           |  ETA: 10:47:41
Sampling (4 threads)  10%|██▉                           |  ETA: 10:10:13
Sampling (4 threads)  10%|███                           |  ETA: 9:49:16
Sampling (4 threads)  10%|███▏                          |  ETA: 9:18:05
Sampling (4 threads)  11%|███▎                          |  ETA: 8:49:44
Sampling (4 threads)  12%|███▌                          |  ETA: 8:34:35
Sampling (4 threads)  12%|███▋                          |  ETA: 8:10:21
Sampling (4 threads)  12%|███▊                          |  ETA: 7:55:06
Sampling (4 threads)  13%|███▉                          |  ETA: 7:34:13
Sampling (4 threads)  14%|████                          |  ETA: 7:20:56
Sampling (4 threads)  14%|████▎                         |  ETA: 7:02:44
Sampling (4 threads)  14%|████▍                         |  ETA: 6:45:47
Sampling (4 threads)  15%|████▌                         |  ETA: 6:35:20
Sampling (4 threads)  16%|████▋                         |  ETA: 6:20:20
Sampling (4 threads)  16%|████▊                         |  ETA: 6:06:16
Sampling (4 threads)  16%|█████                         |  ETA: 5:57:45
Sampling (4 threads)  17%|█████▏                        |  ETA: 5:45:09
Sampling (4 threads)  18%|█████▎                        |  ETA: 5:33:16
Sampling (4 threads)  18%|█████▍                        |  ETA: 5:26:23
Sampling (4 threads)  18%|█████▌                        |  ETA: 5:15:37
Sampling (4 threads)  19%|█████▊                        |  ETA: 5:05:26
Sampling (4 threads)  20%|█████▉                        |  ETA: 4:59:52
Sampling (4 threads)  20%|██████                        |  ETA: 4:50:34
Sampling (4 threads)  20%|██████▏                       |  ETA: 4:41:42
Sampling (4 threads)  21%|██████▎                       |  ETA: 4:35:30
Sampling (4 threads)  22%|██████▌                       |  ETA: 4:27:24
Sampling (4 threads)  22%|██████▋                       |  ETA: 4:21:11
Sampling (4 threads)  22%|██████▊                       |  ETA: 4:13:45
Sampling (4 threads)  23%|██████▉                       |  ETA: 4:08:22
Sampling (4 threads)  24%|███████                       |  ETA: 4:01:30
Sampling (4 threads)  24%|███████▎                      |  ETA: 3:54:56
Sampling (4 threads)  24%|███████▍                      |  ETA: 3:50:24
Sampling (4 threads)  25%|███████▌                      |  ETA: 3:44:17
Sampling (4 threads)  26%|███████▋                      |  ETA: 3:40:10
Sampling (4 threads)  26%|███████▊                      |  ETA: 3:34:29
Sampling (4 threads)  26%|████████                      |  ETA: 3:29:01
Sampling (4 threads)  27%|████████▏                     |  ETA: 3:26:10
Sampling (4 threads)  28%|████████▎                     |  ETA: 3:21:02
Sampling (4 threads)  28%|████████▍                     |  ETA: 3:16:05
Sampling (4 threads)  28%|████████▌                     |  ETA: 3:11:18
Sampling (4 threads)  29%|████████▊                     |  ETA: 3:09:20
Sampling (4 threads)  30%|████████▉                     |  ETA: 3:04:49
Sampling (4 threads)  30%|█████████                     |  ETA: 3:00:27
Sampling (4 threads)  30%|█████████▏                    |  ETA: 2:58:09
Sampling (4 threads)  31%|█████████▎                    |  ETA: 2:54:01
Sampling (4 threads)  32%|█████████▌                    |  ETA: 2:50:01
Sampling (4 threads)  32%|█████████▋                    |  ETA: 2:47:47
Sampling (4 threads)  32%|█████████▊                    |  ETA: 2:43:59
Sampling (4 threads)  33%|█████████▉                    |  ETA: 2:40:18
Sampling (4 threads)  34%|██████████                    |  ETA: 2:36:44
Sampling (4 threads)  34%|██████████▎                   |  ETA: 2:35:09
Sampling (4 threads)  34%|██████████▍                   |  ETA: 2:31:45
Sampling (4 threads)  35%|██████████▌                   |  ETA: 2:28:26
Sampling (4 threads)  36%|██████████▋                   |  ETA: 2:26:42
Sampling (4 threads)  36%|██████████▊                   |  ETA: 2:23:33
Sampling (4 threads)  36%|███████████                   |  ETA: 2:20:28
Sampling (4 threads)  37%|███████████▏                  |  ETA: 2:18:22
Sampling (4 threads)  38%|███████████▎                  |  ETA: 2:15:27
Sampling (4 threads)  38%|███████████▍                  |  ETA: 2:13:12
Sampling (4 threads)  38%|███████████▌                  |  ETA: 2:10:25
Sampling (4 threads)  39%|███████████▊                  |  ETA: 2:08:45
Sampling (4 threads)  40%|███████████▉                  |  ETA: 2:06:04
Sampling (4 threads)  40%|████████████                  |  ETA: 2:03:28
Sampling (4 threads)  40%|████████████▏                 |  ETA: 2:00:56
Sampling (4 threads)  41%|████████████▎                 |  ETA: 1:59:33
Sampling (4 threads)  42%|████████████▌                 |  ETA: 1:57:06
Sampling (4 threads)  42%|████████████▋                 |  ETA: 1:54:43
Sampling (4 threads)  42%|████████████▊                 |  ETA: 1:53:17
Sampling (4 threads)  43%|████████████▉                 |  ETA: 1:50:59
Sampling (4 threads)  44%|█████████████                 |  ETA: 1:48:45
Sampling (4 threads)  44%|█████████████▎                |  ETA: 1:47:25
Sampling (4 threads)  44%|█████████████▍                |  ETA: 1:45:16
Sampling (4 threads)  45%|█████████████▌                |  ETA: 1:43:09
Sampling (4 threads)  46%|█████████████▋                |  ETA: 1:41:53
Sampling (4 threads)  46%|█████████████▊                |  ETA: 1:39:51
Sampling (4 threads)  46%|██████████████                |  ETA: 1:37:52
Sampling (4 threads)  47%|██████████████▏               |  ETA: 1:36:39
Sampling (4 threads)  48%|██████████████▎               |  ETA: 1:34:44
Sampling (4 threads)  48%|██████████████▍               |  ETA: 1:32:51
Sampling (4 threads)  48%|██████████████▌               |  ETA: 1:31:42
Sampling (4 threads)  49%|██████████████▊               |  ETA: 1:29:53
Sampling (4 threads)  50%|██████████████▉               |  ETA: 1:28:06
Sampling (4 threads)  50%|███████████████               |  ETA: 1:26:55
Sampling (4 threads)  50%|███████████████▏              |  ETA: 1:25:12
Sampling (4 threads)  51%|███████████████▎              |  ETA: 1:23:31
Sampling (4 threads)  52%|███████████████▌              |  ETA: 1:22:27
Sampling (4 threads)  52%|███████████████▋              |  ETA: 1:20:49
Sampling (4 threads)  52%|███████████████▊              |  ETA: 1:19:12
Sampling (4 threads)  53%|███████████████▉              |  ETA: 1:18:12
Sampling (4 threads)  54%|████████████████              |  ETA: 1:16:39
Sampling (4 threads)  54%|████████████████▎             |  ETA: 1:15:07
Sampling (4 threads)  55%|████████████████▍             |  ETA: 1:14:08
Sampling (4 threads)  55%|████████████████▌             |  ETA: 1:12:39
Sampling (4 threads)  56%|████████████████▋             |  ETA: 1:11:12
Sampling (4 threads)  56%|████████████████▊             |  ETA: 1:09:46
Sampling (4 threads)  56%|█████████████████             |  ETA: 1:08:55
Sampling (4 threads)  57%|█████████████████▏            |  ETA: 1:07:32
Sampling (4 threads)  57%|█████████████████▎            |  ETA: 1:06:10
Sampling (4 threads)  58%|█████████████████▍            |  ETA: 1:05:16
Sampling (4 threads)  58%|█████████████████▌            |  ETA: 1:03:56
Sampling (4 threads)  59%|█████████████████▊            |  ETA: 1:02:38
Sampling (4 threads)  60%|█████████████████▉            |  ETA: 1:01:49
Sampling (4 threads)  60%|██████████████████            |  ETA: 1:00:32
Sampling (4 threads)  60%|██████████████████▏           |  ETA: 0:59:17
Sampling (4 threads)  61%|██████████████████▎           |  ETA: 0:58:29
Sampling (4 threads)  62%|██████████████████▌           |  ETA: 0:57:16
Sampling (4 threads)  62%|██████████████████▋           |  ETA: 0:56:04
Sampling (4 threads)  62%|██████████████████▊           |  ETA: 0:54:53
Sampling (4 threads)  63%|██████████████████▉           |  ETA: 0:54:06
Sampling (4 threads)  64%|███████████████████           |  ETA: 0:52:57
Sampling (4 threads)  64%|███████████████████▎          |  ETA: 0:51:49
Sampling (4 threads)  64%|███████████████████▍          |  ETA: 0:51:04
Sampling (4 threads)  65%|███████████████████▌          |  ETA: 0:49:58
Sampling (4 threads)  66%|███████████████████▋          |  ETA: 0:48:52
Sampling (4 threads)  66%|███████████████████▊          |  ETA: 0:47:48
Sampling (4 threads)  66%|████████████████████          |  ETA: 0:47:04
Sampling (4 threads)  67%|████████████████████▏         |  ETA: 0:46:01
Sampling (4 threads)  68%|████████████████████▎         |  ETA: 0:44:59
Sampling (4 threads)  68%|████████████████████▍         |  ETA: 0:44:17
Sampling (4 threads)  68%|████████████████████▌         |  ETA: 0:43:16
Sampling (4 threads)  69%|████████████████████▊         |  ETA: 0:42:16
Sampling (4 threads)  70%|████████████████████▉         |  ETA: 0:41:18
Sampling (4 threads)  70%|█████████████████████         |  ETA: 0:40:35
Sampling (4 threads)  70%|█████████████████████▏        |  ETA: 0:39:37
Sampling (4 threads)  71%|█████████████████████▎        |  ETA: 0:38:40
Sampling (4 threads)  72%|█████████████████████▌        |  ETA: 0:37:53
Sampling (4 threads)  72%|█████████████████████▋        |  ETA: 0:36:58
Sampling (4 threads)  72%|█████████████████████▊        |  ETA: 0:36:11
Sampling (4 threads)  73%|█████████████████████▉        |  ETA: 0:35:17
Sampling (4 threads)  74%|██████████████████████        |  ETA: 0:34:36
Sampling (4 threads)  74%|██████████████████████▎       |  ETA: 0:33:43
Sampling (4 threads)  74%|██████████████████████▍       |  ETA: 0:32:51
Sampling (4 threads)  75%|██████████████████████▌       |  ETA: 0:32:12
Sampling (4 threads)  76%|██████████████████████▋       |  ETA: 0:31:21
Sampling (4 threads)  76%|██████████████████████▊       |  ETA: 0:30:30
Sampling (4 threads)  76%|███████████████████████       |  ETA: 0:29:54
Sampling (4 threads)  77%|███████████████████████▏      |  ETA: 0:29:04
Sampling (4 threads)  78%|███████████████████████▎      |  ETA: 0:28:15
Sampling (4 threads)  78%|███████████████████████▍      |  ETA: 0:27:28
Sampling (4 threads)  78%|███████████████████████▌      |  ETA: 0:26:45
Sampling (4 threads)  79%|███████████████████████▊      |  ETA: 0:26:01
Sampling (4 threads)  80%|███████████████████████▉      |  ETA: 0:25:18
Sampling (4 threads)  80%|████████████████████████      |  ETA: 0:24:36
Sampling (4 threads)  80%|████████████████████████▏     |  ETA: 0:23:54
Sampling (4 threads)  81%|████████████████████████▎     |  ETA: 0:23:10
Sampling (4 threads)  82%|████████████████████████▌     |  ETA: 0:22:29
Sampling (4 threads)  82%|████████████████████████▋     |  ETA: 0:21:46
Sampling (4 threads)  82%|████████████████████████▊     |  ETA: 0:21:06
Sampling (4 threads)  83%|████████████████████████▉     |  ETA: 0:20:25
Sampling (4 threads)  84%|█████████████████████████     |  ETA: 0:19:45
Sampling (4 threads)  84%|█████████████████████████▎    |  ETA: 0:19:04
Sampling (4 threads)  84%|█████████████████████████▍    |  ETA: 0:18:26
Sampling (4 threads)  85%|█████████████████████████▌    |  ETA: 0:17:44
Sampling (4 threads)  86%|█████████████████████████▋    |  ETA: 0:17:07
Sampling (4 threads)  86%|█████████████████████████▊    |  ETA: 0:16:26
Sampling (4 threads)  86%|██████████████████████████    |  ETA: 0:15:49
Sampling (4 threads)  87%|██████████████████████████▏   |  ETA: 0:15:11
Sampling (4 threads)  88%|██████████████████████████▎   |  ETA: 0:14:33
Sampling (4 threads)  88%|██████████████████████████▍   |  ETA: 0:13:54
Sampling (4 threads)  88%|██████████████████████████▌   |  ETA: 0:13:18
Sampling (4 threads)  89%|██████████████████████████▊   |  ETA: 0:12:40
Sampling (4 threads)  90%|██████████████████████████▉   |  ETA: 0:12:04
Sampling (4 threads)  90%|███████████████████████████   |  ETA: 0:11:26
Sampling (4 threads)  90%|███████████████████████████▏  |  ETA: 0:10:51
Sampling (4 threads)  91%|███████████████████████████▎  |  ETA: 0:10:15
Sampling (4 threads)  92%|███████████████████████████▌  |  ETA: 0:09:40
Sampling (4 threads)  92%|███████████████████████████▋  |  ETA: 0:09:05
Sampling (4 threads)  92%|███████████████████████████▊  |  ETA: 0:08:29
Sampling (4 threads)  93%|███████████████████████████▉  |  ETA: 0:07:54
Sampling (4 threads)  94%|████████████████████████████  |  ETA: 0:07:20
Sampling (4 threads)  94%|████████████████████████████▎ |  ETA: 0:06:45
Sampling (4 threads)  94%|████████████████████████████▍ |  ETA: 0:06:11
Sampling (4 threads)  95%|████████████████████████████▌ |  ETA: 0:05:37
Sampling (4 threads)  96%|████████████████████████████▋ |  ETA: 0:05:02
Sampling (4 threads)  96%|████████████████████████████▊ |  ETA: 0:04:28
Sampling (4 threads)  96%|█████████████████████████████ |  ETA: 0:03:54
Sampling (4 threads)  97%|█████████████████████████████▏|  ETA: 0:03:21
Sampling (4 threads)  98%|█████████████████████████████▎|  ETA: 0:02:47
Sampling (4 threads)  98%|█████████████████████████████▍|  ETA: 0:02:13
Sampling (4 threads)  98%|█████████████████████████████▌|  ETA: 0:01:40
Sampling (4 threads)  99%|█████████████████████████████▊|  ETA: 0:01:07
Sampling (4 threads) 100%|█████████████████████████████▉|  ETA: 0:00:33
Sampling (4 threads) 100%|██████████████████████████████| Time: 1:51:54
Sampling (4 threads) 100%|██████████████████████████████| Time: 1:51:55
Precompiling project...
    DistributionsADReverseDiffExt Being precompiled by another process (pid: 337758, pidfile: /user/home/em18564/.julia/compiled/v1.10/DistributionsADReverseDiffExt/hY00X_4RpdW.ji.pidfile)
  ✗ DistributionsAD → DistributionsADReverseDiffExt
  0 dependencies successfully precompiled in 59 seconds. 549 already precompiled.
Sampling (4 threads)   0%|                              |  ETA: N/A
┌ Info: Found initial step size
└   ϵ = 0.00078125
┌ Info: Found initial step size
└   ϵ = 0.003125
┌ Info: Found initial step size
└   ϵ = 0.00078125
┌ Info: Found initial step size
└   ϵ = 0.00078125
Sampling (4 threads)   0%|▏                             |  ETA: 1 days, 22:41:59
Sampling (4 threads)   1%|▎                             |  ETA: 23:14:04
Sampling (4 threads)   2%|▌                             |  ETA: 15:24:41
Sampling (4 threads)   2%|▋                             |  ETA: 1 days, 5:46:23
Sampling (4 threads)   2%|▊                             |  ETA: 23:41:49
Sampling (4 threads)   3%|▉                             |  ETA: 19:38:46
Sampling (4 threads)   4%|█                             |  ETA: 1 days, 2:46:05
Sampling (4 threads)   4%|█▎                            |  ETA: 23:18:02
Sampling (4 threads)   4%|█▍                            |  ETA: 20:36:14
Sampling (4 threads)   5%|█▌                            |  ETA: 18:26:47
Sampling (4 threads)   6%|█▋                            |  ETA: 19:26:37
Sampling (4 threads)   6%|█▊                            |  ETA: 17:43:44
Sampling (4 threads)   6%|██                            |  ETA: 16:16:41
Sampling (4 threads)   7%|██▏                           |  ETA: 15:21:59
Sampling (4 threads)   8%|██▎                           |  ETA: 14:15:54
Sampling (4 threads)   8%|██▍                           |  ETA: 13:35:39
Sampling (4 threads)   8%|██▌                           |  ETA: 12:43:30
Sampling (4 threads)   9%|██▊                           |  ETA: 11:57:08
Sampling (4 threads)  10%|██▉                           |  ETA: 11:25:35
Sampling (4 threads)  10%|███                           |  ETA: 10:47:42
Sampling (4 threads)  10%|███▏                          |  ETA: 10:21:23
Sampling (4 threads)  11%|███▎                          |  ETA: 9:49:50
Sampling (4 threads)  12%|███▌                          |  ETA: 9:28:48
Sampling (4 threads)  12%|███▋                          |  ETA: 9:02:01
Sampling (4 threads)  12%|███▊                          |  ETA: 8:44:47
Sampling (4 threads)  13%|███▉                          |  ETA: 8:21:43
Sampling (4 threads)  14%|████                          |  ETA: 8:00:21
Sampling (4 threads)  14%|████▎                         |  ETA: 7:45:37
Sampling (4 threads)  14%|████▍                         |  ETA: 7:26:57
Sampling (4 threads)  15%|████▌                         |  ETA: 7:12:14
Sampling (4 threads)  16%|████▋                         |  ETA: 6:55:50
Sampling (4 threads)  16%|████▊                         |  ETA: 6:44:42
Sampling (4 threads)  16%|█████                         |  ETA: 6:30:06
Sampling (4 threads)  17%|█████▏                        |  ETA: 6:16:21
Sampling (4 threads)  18%|█████▎                        |  ETA: 6:07:18
Sampling (4 threads)  18%|█████▍                        |  ETA: 5:54:56
Sampling (4 threads)  18%|█████▌                        |  ETA: 5:46:22
Sampling (4 threads)  19%|█████▊                        |  ETA: 5:35:11
Sampling (4 threads)  20%|█████▉                        |  ETA: 5:24:34
Sampling (4 threads)  20%|██████                        |  ETA: 5:14:29
Sampling (4 threads)  20%|██████▏                       |  ETA: 5:07:51
Sampling (4 threads)  21%|██████▎                       |  ETA: 4:58:38
Sampling (4 threads)  22%|██████▌                       |  ETA: 4:52:16
Sampling (4 threads)  22%|██████▋                       |  ETA: 4:43:48
Sampling (4 threads)  22%|██████▊                       |  ETA: 4:35:43
Sampling (4 threads)  23%|██████▉                       |  ETA: 4:30:08
Sampling (4 threads)  24%|███████                       |  ETA: 4:22:40
Sampling (4 threads)  24%|███████▎                      |  ETA: 4:15:31
Sampling (4 threads)  24%|███████▍                      |  ETA: 4:10:25
Sampling (4 threads)  25%|███████▌                      |  ETA: 4:03:47
Sampling (4 threads)  26%|███████▋                      |  ETA: 3:59:00
Sampling (4 threads)  26%|███████▊                      |  ETA: 3:52:50
Sampling (4 threads)  26%|████████                      |  ETA: 3:46:53
Sampling (4 threads)  27%|████████▏                     |  ETA: 3:42:44
Sampling (4 threads)  28%|████████▎                     |  ETA: 3:37:11
Sampling (4 threads)  28%|████████▍                     |  ETA: 3:33:16
Sampling (4 threads)  28%|████████▌                     |  ETA: 3:28:04
Sampling (4 threads)  29%|████████▊                     |  ETA: 3:24:28
Sampling (4 threads)  30%|████████▉                     |  ETA: 3:19:35
Sampling (4 threads)  30%|█████████                     |  ETA: 3:14:52
Sampling (4 threads)  30%|█████████▏                    |  ETA: 3:11:29
Sampling (4 threads)  31%|█████████▎                    |  ETA: 3:07:02
Sampling (4 threads)  32%|█████████▌                    |  ETA: 3:04:01
Sampling (4 threads)  32%|█████████▋                    |  ETA: 2:59:49
Sampling (4 threads)  32%|█████████▊                    |  ETA: 2:55:45
Sampling (4 threads)  33%|█████████▉                    |  ETA: 2:53:07
Sampling (4 threads)  34%|██████████                    |  ETA: 2:49:16
Sampling (4 threads)  34%|██████████▎                   |  ETA: 2:45:31
Sampling (4 threads)  34%|██████████▍                   |  ETA: 2:43:08
Sampling (4 threads)  35%|██████████▌                   |  ETA: 2:39:35
Sampling (4 threads)  36%|██████████▋                   |  ETA: 2:36:07
Sampling (4 threads)  36%|██████████▊                   |  ETA: 2:32:46
Sampling (4 threads)  36%|███████████                   |  ETA: 2:30:50
Sampling (4 threads)  37%|███████████▏                  |  ETA: 2:27:37
Sampling (4 threads)  38%|███████████▎                  |  ETA: 2:24:30
Sampling (4 threads)  38%|███████████▍                  |  ETA: 2:22:39
Sampling (4 threads)  38%|███████████▌                  |  ETA: 2:19:40
Sampling (4 threads)  39%|███████████▊                  |  ETA: 2:16:45
Sampling (4 threads)  40%|███████████▉                  |  ETA: 2:13:55
Sampling (4 threads)  40%|████████████                  |  ETA: 2:12:03
Sampling (4 threads)  40%|████████████▏                 |  ETA: 2:09:20
Sampling (4 threads)  41%|████████████▎                 |  ETA: 2:06:41
Sampling (4 threads)  42%|████████████▌                 |  ETA: 2:04:54
Sampling (4 threads)  42%|████████████▋                 |  ETA: 2:02:22
Sampling (4 threads)  42%|████████████▊                 |  ETA: 1:59:53
Sampling (4 threads)  43%|████████████▉                 |  ETA: 1:58:09
Sampling (4 threads)  44%|█████████████                 |  ETA: 1:55:46
Sampling (4 threads)  44%|█████████████▎                |  ETA: 1:53:27
Sampling (4 threads)  44%|█████████████▍                |  ETA: 1:51:53
Sampling (4 threads)  45%|█████████████▌                |  ETA: 1:49:39
Sampling (4 threads)  46%|█████████████▋                |  ETA: 1:47:27
Sampling (4 threads)  46%|█████████████▊                |  ETA: 1:45:42
Sampling (4 threads)  46%|██████████████                |  ETA: 1:43:36
Sampling (4 threads)  47%|██████████████▏               |  ETA: 1:42:06
Sampling (4 threads)  48%|██████████████▎               |  ETA: 1:40:05
Sampling (4 threads)  48%|██████████████▍               |  ETA: 1:38:06
Sampling (4 threads)  48%|██████████████▌               |  ETA: 1:36:45
Sampling (4 threads)  49%|██████████████▊               |  ETA: 1:34:50
Sampling (4 threads)  50%|██████████████▉               |  ETA: 1:32:57
Sampling (4 threads)  50%|███████████████               |  ETA: 1:31:38
Sampling (4 threads)  50%|███████████████▏              |  ETA: 1:29:49
Sampling (4 threads)  51%|███████████████▎              |  ETA: 1:28:03
Sampling (4 threads)  52%|███████████████▌              |  ETA: 1:26:48
Sampling (4 threads)  52%|███████████████▋              |  ETA: 1:25:05
Sampling (4 threads)  52%|███████████████▊              |  ETA: 1:23:24
Sampling (4 threads)  53%|███████████████▉              |  ETA: 1:22:13
Sampling (4 threads)  54%|████████████████              |  ETA: 1:20:35
Sampling (4 threads)  54%|████████████████▎             |  ETA: 1:18:59
Sampling (4 threads)  55%|████████████████▍             |  ETA: 1:17:50
Sampling (4 threads)  55%|████████████████▌             |  ETA: 1:16:17
Sampling (4 threads)  56%|████████████████▋             |  ETA: 1:14:45
Sampling (4 threads)  56%|████████████████▊             |  ETA: 1:13:42
Sampling (4 threads)  56%|█████████████████             |  ETA: 1:12:13
Sampling (4 threads)  57%|█████████████████▏            |  ETA: 1:10:45
Sampling (4 threads)  57%|█████████████████▎            |  ETA: 1:09:20
Sampling (4 threads)  58%|█████████████████▍            |  ETA: 1:08:18
Sampling (4 threads)  58%|█████████████████▌            |  ETA: 1:06:54
Sampling (4 threads)  59%|█████████████████▊            |  ETA: 1:05:54
Sampling (4 threads)  60%|█████████████████▉            |  ETA: 1:04:33
Sampling (4 threads)  60%|██████████████████            |  ETA: 1:03:13
Sampling (4 threads)  60%|██████████████████▏           |  ETA: 1:01:55
Sampling (4 threads)  61%|██████████████████▎           |  ETA: 1:00:58
Sampling (4 threads)  62%|██████████████████▌           |  ETA: 0:59:42
Sampling (4 threads)  62%|██████████████████▋           |  ETA: 0:58:46
Sampling (4 threads)  62%|██████████████████▊           |  ETA: 0:57:32
Sampling (4 threads)  63%|██████████████████▉           |  ETA: 0:56:19
Sampling (4 threads)  64%|███████████████████           |  ETA: 0:55:07
Sampling (4 threads)  64%|███████████████████▎          |  ETA: 0:54:15
Sampling (4 threads)  64%|███████████████████▍          |  ETA: 0:53:04
Sampling (4 threads)  65%|███████████████████▌          |  ETA: 0:51:55
Sampling (4 threads)  66%|███████████████████▋          |  ETA: 0:51:04
Sampling (4 threads)  66%|███████████████████▊          |  ETA: 0:49:57
Sampling (4 threads)  66%|████████████████████          |  ETA: 0:48:50
Sampling (4 threads)  67%|████████████████████▏         |  ETA: 0:47:59
Sampling (4 threads)  68%|████████████████████▎         |  ETA: 0:46:55
Sampling (4 threads)  68%|████████████████████▍         |  ETA: 0:45:51
Sampling (4 threads)  68%|████████████████████▌         |  ETA: 0:45:02
Sampling (4 threads)  69%|████████████████████▊         |  ETA: 0:44:00
Sampling (4 threads)  70%|████████████████████▉         |  ETA: 0:42:59
Sampling (4 threads)  70%|█████████████████████         |  ETA: 0:42:12
Sampling (4 threads)  70%|█████████████████████▏        |  ETA: 0:41:12
Sampling (4 threads)  71%|█████████████████████▎        |  ETA: 0:40:13
Sampling (4 threads)  72%|█████████████████████▌        |  ETA: 0:39:26
Sampling (4 threads)  72%|█████████████████████▋        |  ETA: 0:38:29
Sampling (4 threads)  72%|█████████████████████▊        |  ETA: 0:37:32
Sampling (4 threads)  73%|█████████████████████▉        |  ETA: 0:36:48
Sampling (4 threads)  74%|██████████████████████        |  ETA: 0:35:52
Sampling (4 threads)  74%|██████████████████████▎       |  ETA: 0:34:57
Sampling (4 threads)  74%|██████████████████████▍       |  ETA: 0:34:13
Sampling (4 threads)  75%|██████████████████████▌       |  ETA: 0:33:20
Sampling (4 threads)  76%|██████████████████████▋       |  ETA: 0:32:27
Sampling (4 threads)  76%|██████████████████████▊       |  ETA: 0:31:44
Sampling (4 threads)  76%|███████████████████████       |  ETA: 0:30:52
Sampling (4 threads)  77%|███████████████████████▏      |  ETA: 0:30:01
Sampling (4 threads)  78%|███████████████████████▎      |  ETA: 0:29:19
Sampling (4 threads)  78%|███████████████████████▍      |  ETA: 0:28:29
Sampling (4 threads)  78%|███████████████████████▌      |  ETA: 0:27:40
Sampling (4 threads)  79%|███████████████████████▊      |  ETA: 0:26:59
Sampling (4 threads)  80%|███████████████████████▉      |  ETA: 0:26:11
Sampling (4 threads)  80%|████████████████████████      |  ETA: 0:25:23
Sampling (4 threads)  80%|████████████████████████▏     |  ETA: 0:24:43
Sampling (4 threads)  81%|████████████████████████▎     |  ETA: 0:23:56
Sampling (4 threads)  82%|████████████████████████▌     |  ETA: 0:23:09
Sampling (4 threads)  82%|████████████████████████▋     |  ETA: 0:22:26
Sampling (4 threads)  82%|████████████████████████▊     |  ETA: 0:21:45
Sampling (4 threads)  83%|████████████████████████▉     |  ETA: 0:21:02
Sampling (4 threads)  84%|█████████████████████████     |  ETA: 0:20:21
Sampling (4 threads)  84%|█████████████████████████▎    |  ETA: 0:19:39
Sampling (4 threads)  84%|█████████████████████████▍    |  ETA: 0:18:58
Sampling (4 threads)  85%|█████████████████████████▌    |  ETA: 0:18:17
Sampling (4 threads)  86%|█████████████████████████▋    |  ETA: 0:17:37
Sampling (4 threads)  86%|█████████████████████████▊    |  ETA: 0:16:56
Sampling (4 threads)  86%|██████████████████████████    |  ETA: 0:16:16
Sampling (4 threads)  87%|██████████████████████████▏   |  ETA: 0:15:37
Sampling (4 threads)  88%|██████████████████████████▎   |  ETA: 0:14:57
Sampling (4 threads)  88%|██████████████████████████▍   |  ETA: 0:14:20
Sampling (4 threads)  88%|██████████████████████████▌   |  ETA: 0:13:43
Sampling (4 threads)  89%|██████████████████████████▊   |  ETA: 0:13:06
Sampling (4 threads)  90%|██████████████████████████▉   |  ETA: 0:12:29
Sampling (4 threads)  90%|███████████████████████████   |  ETA: 0:11:52
Sampling (4 threads)  90%|███████████████████████████▏  |  ETA: 0:11:16
Sampling (4 threads)  91%|███████████████████████████▎  |  ETA: 0:10:39
Sampling (4 threads)  92%|███████████████████████████▌  |  ETA: 0:10:03
Sampling (4 threads)  92%|███████████████████████████▋  |  ETA: 0:09:27
Sampling (4 threads)  92%|███████████████████████████▊  |  ETA: 0:08:51
Sampling (4 threads)  93%|███████████████████████████▉  |  ETA: 0:08:15
Sampling (4 threads)  94%|████████████████████████████  |  ETA: 0:07:39
Sampling (4 threads)  94%|████████████████████████████▎ |  ETA: 0:07:03
Sampling (4 threads)  94%|████████████████████████████▍ |  ETA: 0:06:27
Sampling (4 threads)  95%|████████████████████████████▌ |  ETA: 0:05:52
Sampling (4 threads)  96%|████████████████████████████▋ |  ETA: 0:05:16
Sampling (4 threads)  96%|████████████████████████████▊ |  ETA: 0:04:41
Sampling (4 threads)  96%|█████████████████████████████ |  ETA: 0:04:06
Sampling (4 threads)  97%|█████████████████████████████▏|  ETA: 0:03:30
Sampling (4 threads)  98%|█████████████████████████████▎|  ETA: 0:02:55
Sampling (4 threads)  98%|█████████████████████████████▍|  ETA: 0:02:20
Sampling (4 threads)  98%|█████████████████████████████▌|  ETA: 0:01:45
Sampling (4 threads)  99%|█████████████████████████████▊|  ETA: 0:01:10
Sampling (4 threads) 100%|█████████████████████████████▉|  ETA: 0:00:35
Sampling (4 threads) 100%|██████████████████████████████| Time: 1:56:13
Sampling (4 threads) 100%|██████████████████████████████| Time: 1:56:14
Sampling (4 threads)   0%|                              |  ETA: N/A
┌ Info: Found initial step size
└   ϵ = 0.00625
┌ Info: Found initial step size
└   ϵ = 0.00078125
┌ Info: Found initial step size
└   ϵ = 0.0001953125
┌ Info: Found initial step size
└   ϵ = 0.00078125
Sampling (4 threads)   0%|▏                             |  ETA: 1 days, 23:44:00
Sampling (4 threads)   1%|▎                             |  ETA: 23:44:56
Sampling (4 threads)   2%|▌                             |  ETA: 1 days, 15:32:22
Sampling (4 threads)   2%|▋                             |  ETA: 1 days, 5:30:15
Sampling (4 threads)   2%|▊                             |  ETA: 23:28:58
Sampling (4 threads)   3%|▉                             |  ETA: 19:28:07
Sampling (4 threads)   4%|█                             |  ETA: 22:35:32
Sampling (4 threads)   4%|█▎                            |  ETA: 19:39:57
Sampling (4 threads)   4%|█▍                            |  ETA: 1 days, 0:08:35
Sampling (4 threads)   5%|█▌                            |  ETA: 21:36:54
Sampling (4 threads)   6%|█▋                            |  ETA: 20:15:09
Sampling (4 threads)   6%|█▊                            |  ETA: 18:28:00
Sampling (4 threads)   6%|██                            |  ETA: 17:34:24
Sampling (4 threads)   7%|██▏                           |  ETA: 16:13:51
Sampling (4 threads)   8%|██▎                           |  ETA: 15:04:02
Sampling (4 threads)   8%|██▍                           |  ETA: 14:26:34
Sampling (4 threads)   8%|██▌                           |  ETA: 13:31:10
Sampling (4 threads)   9%|██▊                           |  ETA: 13:00:04
Sampling (4 threads)  10%|██▉                           |  ETA: 12:14:57
Sampling (4 threads)  10%|███                           |  ETA: 11:49:43
Sampling (4 threads)  10%|███▏                          |  ETA: 11:12:10
Sampling (4 threads)  11%|███▎                          |  ETA: 10:46:55
Sampling (4 threads)  12%|███▌                          |  ETA: 10:15:18
Sampling (4 threads)  12%|███▋                          |  ETA: 9:53:46
Sampling (4 threads)  12%|███▊                          |  ETA: 9:26:47
Sampling (4 threads)  13%|███▉                          |  ETA: 9:08:15
Sampling (4 threads)  14%|████                          |  ETA: 8:44:55
Sampling (4 threads)  14%|████▎                         |  ETA: 8:28:54
Sampling (4 threads)  14%|████▍                         |  ETA: 8:08:29
Sampling (4 threads)  15%|████▌                         |  ETA: 7:52:50
Sampling (4 threads)  16%|████▋                         |  ETA: 7:34:53
Sampling (4 threads)  16%|████▊                         |  ETA: 7:18:04
Sampling (4 threads)  16%|█████                         |  ETA: 7:05:25
Sampling (4 threads)  17%|█████▏                        |  ETA: 6:50:25
Sampling (4 threads)  18%|█████▎                        |  ETA: 6:39:10
Sampling (4 threads)  18%|█████▍                        |  ETA: 6:25:43
Sampling (4 threads)  18%|█████▌                        |  ETA: 6:13:01
Sampling (4 threads)  19%|█████▊                        |  ETA: 6:03:43
Sampling (4 threads)  20%|█████▉                        |  ETA: 5:52:12
Sampling (4 threads)  20%|██████                        |  ETA: 5:43:42
Sampling (4 threads)  20%|██████▏                       |  ETA: 5:33:13
Sampling (4 threads)  21%|██████▎                       |  ETA: 5:25:37
Sampling (4 threads)  22%|██████▌                       |  ETA: 5:16:02
Sampling (4 threads)  22%|██████▋                       |  ETA: 5:08:50
Sampling (4 threads)  22%|██████▊                       |  ETA: 5:00:02
Sampling (4 threads)  23%|██████▉                       |  ETA: 4:51:37
Sampling (4 threads)  24%|███████                       |  ETA: 4:45:37
Sampling (4 threads)  24%|███████▎                      |  ETA: 4:37:50
Sampling (4 threads)  24%|███████▍                      |  ETA: 4:30:23
Sampling (4 threads)  25%|███████▌                      |  ETA: 4:24:56
Sampling (4 threads)  26%|███████▋                      |  ETA: 4:18:00
Sampling (4 threads)  26%|███████▊                      |  ETA: 4:12:56
Sampling (4 threads)  26%|████████                      |  ETA: 4:06:29
Sampling (4 threads)  27%|████████▏                     |  ETA: 4:00:17
Sampling (4 threads)  28%|████████▎                     |  ETA: 3:55:20
Sampling (4 threads)  28%|████████▍                     |  ETA: 3:49:32
Sampling (4 threads)  28%|████████▌                     |  ETA: 3:45:03
Sampling (4 threads)  29%|████████▊                     |  ETA: 3:39:37
Sampling (4 threads)  30%|████████▉                     |  ETA: 3:35:43
Sampling (4 threads)  30%|█████████                     |  ETA: 3:30:37
Sampling (4 threads)  30%|█████████▏                    |  ETA: 3:25:41
Sampling (4 threads)  31%|█████████▎                    |  ETA: 3:22:28
Sampling (4 threads)  32%|█████████▌                    |  ETA: 3:17:49
Sampling (4 threads)  32%|█████████▋                    |  ETA: 3:13:18
Sampling (4 threads)  32%|█████████▊                    |  ETA: 3:10:05
Sampling (4 threads)  33%|█████████▉                    |  ETA: 3:05:49
Sampling (4 threads)  34%|██████████                    |  ETA: 3:01:40
Sampling (4 threads)  34%|██████████▎                   |  ETA: 2:58:38
Sampling (4 threads)  34%|██████████▍                   |  ETA: 2:54:43
Sampling (4 threads)  35%|██████████▌                   |  ETA: 2:50:54
Sampling (4 threads)  36%|██████████▋                   |  ETA: 2:48:15
Sampling (4 threads)  36%|██████████▊                   |  ETA: 2:44:38
Sampling (4 threads)  36%|███████████                   |  ETA: 2:41:07
Sampling (4 threads)  37%|███████████▏                  |  ETA: 2:38:35
Sampling (4 threads)  38%|███████████▎                  |  ETA: 2:35:13
Sampling (4 threads)  38%|███████████▍                  |  ETA: 2:31:57
Sampling (4 threads)  38%|███████████▌                  |  ETA: 2:29:41
Sampling (4 threads)  39%|███████████▊                  |  ETA: 2:26:34
Sampling (4 threads)  40%|███████████▉                  |  ETA: 2:24:19
Sampling (4 threads)  40%|████████████                  |  ETA: 2:21:20
Sampling (4 threads)  40%|████████████▏                 |  ETA: 2:18:25
Sampling (4 threads)  41%|████████████▎                 |  ETA: 2:15:35
Sampling (4 threads)  42%|████████████▌                 |  ETA: 2:13:32
Sampling (4 threads)  42%|████████████▋                 |  ETA: 2:10:49
Sampling (4 threads)  42%|████████████▊                 |  ETA: 2:08:52
Sampling (4 threads)  43%|████████████▉                 |  ETA: 2:06:16
Sampling (4 threads)  44%|█████████████                 |  ETA: 2:03:43
Sampling (4 threads)  44%|█████████████▎                |  ETA: 2:01:14
Sampling (4 threads)  44%|█████████████▍                |  ETA: 1:59:31
Sampling (4 threads)  45%|█████████████▌                |  ETA: 1:57:07
Sampling (4 threads)  46%|█████████████▋                |  ETA: 1:54:47
Sampling (4 threads)  46%|█████████████▊                |  ETA: 1:53:09
Sampling (4 threads)  46%|██████████████                |  ETA: 1:50:54
Sampling (4 threads)  47%|██████████████▏               |  ETA: 1:48:41
Sampling (4 threads)  48%|██████████████▎               |  ETA: 1:47:14
Sampling (4 threads)  48%|██████████████▍               |  ETA: 1:45:06
Sampling (4 threads)  48%|██████████████▌               |  ETA: 1:43:01
Sampling (4 threads)  49%|██████████████▊               |  ETA: 1:41:21
Sampling (4 threads)  50%|██████████████▉               |  ETA: 1:39:21
Sampling (4 threads)  50%|███████████████               |  ETA: 1:37:23
Sampling (4 threads)  50%|███████████████▏              |  ETA: 1:36:01
Sampling (4 threads)  51%|███████████████▎              |  ETA: 1:34:07
Sampling (4 threads)  52%|███████████████▌              |  ETA: 1:32:41
Sampling (4 threads)  52%|███████████████▋              |  ETA: 1:30:50
Sampling (4 threads)  52%|███████████████▊              |  ETA: 1:29:02
Sampling (4 threads)  53%|███████████████▉              |  ETA: 1:27:39
Sampling (4 threads)  54%|████████████████              |  ETA: 1:25:54
Sampling (4 threads)  54%|████████████████▎             |  ETA: 1:24:39
Sampling (4 threads)  55%|████████████████▍             |  ETA: 1:22:57
Sampling (4 threads)  55%|████████████████▌             |  ETA: 1:21:18
Sampling (4 threads)  56%|████████████████▋             |  ETA: 1:20:03
Sampling (4 threads)  56%|████████████████▊             |  ETA: 1:18:27
Sampling (4 threads)  56%|█████████████████             |  ETA: 1:17:14
Sampling (4 threads)  57%|█████████████████▏            |  ETA: 1:15:40
Sampling (4 threads)  57%|█████████████████▎            |  ETA: 1:14:08
Sampling (4 threads)  58%|█████████████████▍            |  ETA: 1:12:53
Sampling (4 threads)  58%|█████████████████▌            |  ETA: 1:11:24
Sampling (4 threads)  59%|█████████████████▊            |  ETA: 1:10:10
Sampling (4 threads)  60%|█████████████████▉            |  ETA: 1:08:44
Sampling (4 threads)  60%|██████████████████            |  ETA: 1:07:32
Sampling (4 threads)  60%|██████████████████▏           |  ETA: 1:06:09
Sampling (4 threads)  61%|██████████████████▎           |  ETA: 1:04:59
Sampling (4 threads)  62%|██████████████████▌           |  ETA: 1:03:38
Sampling (4 threads)  62%|██████████████████▋           |  ETA: 1:02:32
Sampling (4 threads)  62%|██████████████████▊           |  ETA: 1:01:13
Sampling (4 threads)  63%|██████████████████▉           |  ETA: 1:00:10
Sampling (4 threads)  64%|███████████████████           |  ETA: 0:58:53
Sampling (4 threads)  64%|███████████████████▎          |  ETA: 0:57:53
Sampling (4 threads)  64%|███████████████████▍          |  ETA: 0:56:38
Sampling (4 threads)  65%|███████████████████▌          |  ETA: 0:55:25
Sampling (4 threads)  66%|███████████████████▋          |  ETA: 0:54:23
Sampling (4 threads)  66%|███████████████████▊          |  ETA: 0:53:14
Sampling (4 threads)  66%|████████████████████          |  ETA: 0:52:13
Sampling (4 threads)  67%|████████████████████▏         |  ETA: 0:51:14
Sampling (4 threads)  68%|████████████████████▎         |  ETA: 0:50:05
Sampling (4 threads)  68%|████████████████████▍         |  ETA: 0:49:07
Sampling (4 threads)  68%|████████████████████▌         |  ETA: 0:48:09
Sampling (4 threads)  69%|████████████████████▊         |  ETA: 0:47:05
Sampling (4 threads)  70%|████████████████████▉         |  ETA: 0:46:07
Sampling (4 threads)  70%|█████████████████████         |  ETA: 0:45:11
Sampling (4 threads)  70%|█████████████████████▏        |  ETA: 0:44:08
Sampling (4 threads)  71%|█████████████████████▎        |  ETA: 0:43:13
Sampling (4 threads)  72%|█████████████████████▌        |  ETA: 0:42:17
Sampling (4 threads)  72%|█████████████████████▋        |  ETA: 0:41:18
Sampling (4 threads)  72%|█████████████████████▊        |  ETA: 0:40:24
Sampling (4 threads)  73%|█████████████████████▉        |  ETA: 0:39:30
Sampling (4 threads)  74%|██████████████████████        |  ETA: 0:38:34
Sampling (4 threads)  74%|██████████████████████▎       |  ETA: 0:37:42
Sampling (4 threads)  74%|██████████████████████▍       |  ETA: 0:36:46
Sampling (4 threads)  75%|██████████████████████▌       |  ETA: 0:35:54
Sampling (4 threads)  76%|██████████████████████▋       |  ETA: 0:35:04
Sampling (4 threads)  76%|██████████████████████▊       |  ETA: 0:34:10
Sampling (4 threads)  76%|███████████████████████       |  ETA: 0:33:18
Sampling (4 threads)  77%|███████████████████████▏      |  ETA: 0:32:28
Sampling (4 threads)  78%|███████████████████████▎      |  ETA: 0:31:37
Sampling (4 threads)  78%|███████████████████████▍      |  ETA: 0:30:49
Sampling (4 threads)  78%|███████████████████████▌      |  ETA: 0:29:57
Sampling (4 threads)  79%|███████████████████████▊      |  ETA: 0:29:08
Sampling (4 threads)  80%|███████████████████████▉      |  ETA: 0:28:21
Sampling (4 threads)  80%|████████████████████████      |  ETA: 0:27:30
Sampling (4 threads)  80%|████████████████████████▏     |  ETA: 0:26:44
Sampling (4 threads)  81%|████████████████████████▎     |  ETA: 0:25:57
Sampling (4 threads)  82%|████████████████████████▌     |  ETA: 0:25:08
Sampling (4 threads)  82%|████████████████████████▋     |  ETA: 0:24:22
Sampling (4 threads)  82%|████████████████████████▊     |  ETA: 0:23:36
Sampling (4 threads)  83%|████████████████████████▉     |  ETA: 0:22:50
Sampling (4 threads)  84%|█████████████████████████     |  ETA: 0:22:04
Sampling (4 threads)  84%|█████████████████████████▎    |  ETA: 0:21:19
Sampling (4 threads)  84%|█████████████████████████▍    |  ETA: 0:20:34
Sampling (4 threads)  85%|█████████████████████████▌    |  ETA: 0:19:50
Sampling (4 threads)  86%|█████████████████████████▋    |  ETA: 0:19:05
Sampling (4 threads)  86%|█████████████████████████▊    |  ETA: 0:18:21
Sampling (4 threads)  86%|██████████████████████████    |  ETA: 0:17:38
Sampling (4 threads)  87%|██████████████████████████▏   |  ETA: 0:16:56
Sampling (4 threads)  88%|██████████████████████████▎   |  ETA: 0:16:12
Sampling (4 threads)  88%|██████████████████████████▍   |  ETA: 0:15:30
Sampling (4 threads)  88%|██████████████████████████▌   |  ETA: 0:14:48
Sampling (4 threads)  89%|██████████████████████████▊   |  ETA: 0:14:06
Sampling (4 threads)  90%|██████████████████████████▉   |  ETA: 0:13:25
Sampling (4 threads)  90%|███████████████████████████   |  ETA: 0:12:44
Sampling (4 threads)  90%|███████████████████████████▏  |  ETA: 0:12:03
Sampling (4 threads)  91%|███████████████████████████▎  |  ETA: 0:11:23
Sampling (4 threads)  92%|███████████████████████████▌  |  ETA: 0:10:42
Sampling (4 threads)  92%|███████████████████████████▋  |  ETA: 0:10:02
Sampling (4 threads)  92%|███████████████████████████▊  |  ETA: 0:09:23
Sampling (4 threads)  93%|███████████████████████████▉  |  ETA: 0:08:44
Sampling (4 threads)  94%|████████████████████████████  |  ETA: 0:08:05
Sampling (4 threads)  94%|████████████████████████████▎ |  ETA: 0:07:26
Sampling (4 threads)  94%|████████████████████████████▍ |  ETA: 0:06:48
Sampling (4 threads)  95%|████████████████████████████▌ |  ETA: 0:06:10
Sampling (4 threads)  96%|████████████████████████████▋ |  ETA: 0:05:32
Sampling (4 threads)  96%|████████████████████████████▊ |  ETA: 0:04:54
Sampling (4 threads)  96%|█████████████████████████████ |  ETA: 0:04:17
Sampling (4 threads)  97%|█████████████████████████████▏|  ETA: 0:03:40
Sampling (4 threads)  98%|█████████████████████████████▎|  ETA: 0:03:03
Sampling (4 threads)  98%|█████████████████████████████▍|  ETA: 0:02:26
Sampling (4 threads)  98%|█████████████████████████████▌|  ETA: 0:01:50
Sampling (4 threads)  99%|█████████████████████████████▊|  ETA: 0:01:13
Sampling (4 threads) 100%|█████████████████████████████▉|  ETA: 0:00:36
Sampling (4 threads) 100%|██████████████████████████████| Time: 2:01:23
Sampling (4 threads) 100%|██████████████████████████████| Time: 2:01:24
Precompiling project...
  ✗ DistributionsAD → DistributionsADReverseDiffExt
  0 dependencies successfully precompiled in 50 seconds. 549 already precompiled.
Sampling (4 threads)   0%|                              |  ETA: N/A
┌ Info: Found initial step size
└   ϵ = 0.0001953125
┌ Info: Found initial step size
└   ϵ = 0.00078125
┌ Info: Found initial step size
└   ϵ = 0.003125
┌ Info: Found initial step size
└   ϵ = 0.00078125
Sampling (4 threads)   0%|▏                             |  ETA: 2 days, 2:52:48
Sampling (4 threads)   1%|▎                             |  ETA: 1 days, 1:18:49
Sampling (4 threads)   2%|▌                             |  ETA: 16:47:26
Sampling (4 threads)   2%|▋                             |  ETA: 20:55:13
Sampling (4 threads)   2%|▊                             |  ETA: 16:39:03
Sampling (4 threads)   3%|▉                             |  ETA: 22:13:45
Sampling (4 threads)   4%|█                             |  ETA: 18:57:19
Sampling (4 threads)   4%|█▎                            |  ETA: 16:30:00
Sampling (4 threads)   4%|█▍                            |  ETA: 17:00:31
Sampling (4 threads)   5%|█▌                            |  ETA: 15:13:40
Sampling (4 threads)   6%|█▋                            |  ETA: 14:15:57
Sampling (4 threads)   6%|█▊                            |  ETA: 13:00:28
Sampling (4 threads)   6%|██                            |  ETA: 11:56:36
Sampling (4 threads)   7%|██▏                           |  ETA: 11:26:18
Sampling (4 threads)   8%|██▎                           |  ETA: 10:37:06
Sampling (4 threads)   8%|██▍                           |  ETA: 10:21:44
Sampling (4 threads)   8%|██▌                           |  ETA: 9:41:59
Sampling (4 threads)   9%|██▊                           |  ETA: 9:26:19
Sampling (4 threads)  10%|██▉                           |  ETA: 8:53:33
Sampling (4 threads)  10%|███                           |  ETA: 8:37:36
Sampling (4 threads)  10%|███▏                          |  ETA: 8:10:13
Sampling (4 threads)  11%|███▎                          |  ETA: 7:45:19
Sampling (4 threads)  12%|███▌                          |  ETA: 7:32:56
Sampling (4 threads)  12%|███▋                          |  ETA: 7:11:36
Sampling (4 threads)  12%|███▊                          |  ETA: 7:00:13
Sampling (4 threads)  13%|███▉                          |  ETA: 6:41:45
Sampling (4 threads)  14%|████                          |  ETA: 6:30:56
Sampling (4 threads)  14%|████▎                         |  ETA: 6:14:47
Sampling (4 threads)  14%|████▍                         |  ETA: 5:59:46
Sampling (4 threads)  15%|████▌                         |  ETA: 5:51:35
Sampling (4 threads)  16%|████▋                         |  ETA: 5:38:15
Sampling (4 threads)  16%|████▊                         |  ETA: 5:32:54
Sampling (4 threads)  16%|█████                         |  ETA: 5:20:54
Sampling (4 threads)  17%|█████▏                        |  ETA: 5:15:06
Sampling (4 threads)  18%|█████▎                        |  ETA: 5:04:15
Sampling (4 threads)  18%|█████▍                        |  ETA: 4:54:00
Sampling (4 threads)  18%|█████▌                        |  ETA: 4:49:14
Sampling (4 threads)  19%|█████▊                        |  ETA: 4:39:53
Sampling (4 threads)  20%|█████▉                        |  ETA: 4:36:01
Sampling (4 threads)  20%|██████                        |  ETA: 4:27:26
Sampling (4 threads)  20%|██████▏                       |  ETA: 4:23:17
Sampling (4 threads)  21%|██████▎                       |  ETA: 4:15:24
Sampling (4 threads)  22%|██████▌                       |  ETA: 4:07:53
Sampling (4 threads)  22%|██████▋                       |  ETA: 4:04:11
Sampling (4 threads)  22%|██████▊                       |  ETA: 3:57:14
Sampling (4 threads)  23%|██████▉                       |  ETA: 3:50:34
Sampling (4 threads)  24%|███████                       |  ETA: 3:47:41
Sampling (4 threads)  24%|███████▎                      |  ETA: 3:41:29
Sampling (4 threads)  24%|███████▍                      |  ETA: 3:35:32
Sampling (4 threads)  25%|███████▌                      |  ETA: 3:33:01
Sampling (4 threads)  26%|███████▋                      |  ETA: 3:27:27
Sampling (4 threads)  26%|███████▊                      |  ETA: 3:25:10
Sampling (4 threads)  26%|████████                      |  ETA: 3:19:56
Sampling (4 threads)  27%|████████▏                     |  ETA: 3:14:54
Sampling (4 threads)  28%|████████▎                     |  ETA: 3:12:31
Sampling (4 threads)  28%|████████▍                     |  ETA: 3:07:47
Sampling (4 threads)  28%|████████▌                     |  ETA: 3:05:51
Sampling (4 threads)  29%|████████▊                     |  ETA: 3:01:22
Sampling (4 threads)  30%|████████▉                     |  ETA: 2:57:03
Sampling (4 threads)  30%|█████████                     |  ETA: 2:55:10
Sampling (4 threads)  30%|█████████▏                    |  ETA: 2:51:04
Sampling (4 threads)  31%|█████████▎                    |  ETA: 2:47:06
Sampling (4 threads)  32%|█████████▌                    |  ETA: 2:45:12
Sampling (4 threads)  32%|█████████▋                    |  ETA: 2:41:26
Sampling (4 threads)  32%|█████████▊                    |  ETA: 2:39:45
Sampling (4 threads)  33%|█████████▉                    |  ETA: 2:36:10
Sampling (4 threads)  34%|██████████                    |  ETA: 2:32:41
Sampling (4 threads)  34%|██████████▎                   |  ETA: 2:31:11
Sampling (4 threads)  34%|██████████▍                   |  ETA: 2:27:52
Sampling (4 threads)  35%|██████████▌                   |  ETA: 2:24:39
Sampling (4 threads)  36%|██████████▋                   |  ETA: 2:21:31
Sampling (4 threads)  36%|██████████▊                   |  ETA: 2:19:29
Sampling (4 threads)  36%|███████████                   |  ETA: 2:16:30
Sampling (4 threads)  37%|███████████▏                  |  ETA: 2:14:39
Sampling (4 threads)  38%|███████████▎                  |  ETA: 2:11:48
Sampling (4 threads)  38%|███████████▍                  |  ETA: 2:10:24
Sampling (4 threads)  38%|███████████▌                  |  ETA: 2:07:40
Sampling (4 threads)  39%|███████████▊                  |  ETA: 2:05:00
Sampling (4 threads)  40%|███████████▉                  |  ETA: 2:03:44
Sampling (4 threads)  40%|████████████                  |  ETA: 2:01:11
Sampling (4 threads)  40%|████████████▏                 |  ETA: 1:58:41
Sampling (4 threads)  41%|████████████▎                 |  ETA: 1:57:31
Sampling (4 threads)  42%|████████████▌                 |  ETA: 1:55:07
Sampling (4 threads)  42%|████████████▋                 |  ETA: 1:52:47
Sampling (4 threads)  42%|████████████▊                 |  ETA: 1:50:29
Sampling (4 threads)  43%|████████████▉                 |  ETA: 1:49:28
Sampling (4 threads)  44%|█████████████                 |  ETA: 1:47:15
Sampling (4 threads)  44%|█████████████▎                |  ETA: 1:45:06
Sampling (4 threads)  44%|█████████████▍                |  ETA: 1:43:41
Sampling (4 threads)  45%|█████████████▌                |  ETA: 1:41:36
Sampling (4 threads)  46%|█████████████▋                |  ETA: 1:40:14
Sampling (4 threads)  46%|█████████████▊                |  ETA: 1:38:14
Sampling (4 threads)  46%|██████████████                |  ETA: 1:36:51
Sampling (4 threads)  47%|██████████████▏               |  ETA: 1:34:55
Sampling (4 threads)  48%|██████████████▎               |  ETA: 1:33:42
Sampling (4 threads)  48%|██████████████▍               |  ETA: 1:31:51
Sampling (4 threads)  48%|██████████████▌               |  ETA: 1:30:34
Sampling (4 threads)  49%|██████████████▊               |  ETA: 1:28:46
Sampling (4 threads)  50%|██████████████▉               |  ETA: 1:27:32
Sampling (4 threads)  50%|███████████████               |  ETA: 1:25:48
Sampling (4 threads)  50%|███████████████▏              |  ETA: 1:24:44
Sampling (4 threads)  51%|███████████████▎              |  ETA: 1:23:04
Sampling (4 threads)  52%|███████████████▌              |  ETA: 1:21:25
Sampling (4 threads)  52%|███████████████▋              |  ETA: 1:20:30
Sampling (4 threads)  52%|███████████████▊              |  ETA: 1:18:54
Sampling (4 threads)  53%|███████████████▉              |  ETA: 1:17:20
Sampling (4 threads)  54%|████████████████              |  ETA: 1:16:26
Sampling (4 threads)  54%|████████████████▎             |  ETA: 1:14:55
Sampling (4 threads)  55%|████████████████▍             |  ETA: 1:13:25
Sampling (4 threads)  55%|████████████████▌             |  ETA: 1:12:31
Sampling (4 threads)  56%|████████████████▋             |  ETA: 1:11:04
Sampling (4 threads)  56%|████████████████▊             |  ETA: 1:09:39
Sampling (4 threads)  56%|█████████████████             |  ETA: 1:08:54
Sampling (4 threads)  57%|█████████████████▏            |  ETA: 1:07:30
Sampling (4 threads)  57%|█████████████████▎            |  ETA: 1:06:09
Sampling (4 threads)  58%|█████████████████▍            |  ETA: 1:05:22
Sampling (4 threads)  58%|█████████████████▌            |  ETA: 1:04:03
Sampling (4 threads)  59%|█████████████████▊            |  ETA: 1:02:44
Sampling (4 threads)  60%|█████████████████▉            |  ETA: 1:02:05
Sampling (4 threads)  60%|██████████████████            |  ETA: 1:00:48
Sampling (4 threads)  60%|██████████████████▏           |  ETA: 0:59:33
Sampling (4 threads)  61%|██████████████████▎           |  ETA: 0:58:19
Sampling (4 threads)  62%|██████████████████▌           |  ETA: 0:57:39
Sampling (4 threads)  62%|██████████████████▋           |  ETA: 0:56:26
Sampling (4 threads)  62%|██████████████████▊           |  ETA: 0:55:15
Sampling (4 threads)  63%|██████████████████▉           |  ETA: 0:54:36
Sampling (4 threads)  64%|███████████████████           |  ETA: 0:53:26
Sampling (4 threads)  64%|███████████████████▎          |  ETA: 0:52:18
Sampling (4 threads)  64%|███████████████████▍          |  ETA: 0:51:38
Sampling (4 threads)  65%|███████████████████▌          |  ETA: 0:50:31
Sampling (4 threads)  66%|███████████████████▋          |  ETA: 0:49:25
Sampling (4 threads)  66%|███████████████████▊          |  ETA: 0:48:45
Sampling (4 threads)  66%|████████████████████          |  ETA: 0:47:41
Sampling (4 threads)  67%|████████████████████▏         |  ETA: 0:46:37
Sampling (4 threads)  68%|████████████████████▎         |  ETA: 0:46:00
Sampling (4 threads)  68%|████████████████████▍         |  ETA: 0:44:58
Sampling (4 threads)  68%|████████████████████▌         |  ETA: 0:43:56
Sampling (4 threads)  69%|████████████████████▊         |  ETA: 0:43:01
Sampling (4 threads)  70%|████████████████████▉         |  ETA: 0:42:09
Sampling (4 threads)  70%|█████████████████████         |  ETA: 0:41:22
Sampling (4 threads)  70%|█████████████████████▏        |  ETA: 0:40:28
Sampling (4 threads)  71%|█████████████████████▎        |  ETA: 0:39:38
Sampling (4 threads)  72%|█████████████████████▌        |  ETA: 0:38:49
Sampling (4 threads)  72%|█████████████████████▋        |  ETA: 0:37:55
Sampling (4 threads)  72%|█████████████████████▊        |  ETA: 0:37:08
Sampling (4 threads)  73%|█████████████████████▉        |  ETA: 0:36:18
Sampling (4 threads)  74%|██████████████████████        |  ETA: 0:35:32
Sampling (4 threads)  74%|██████████████████████▎       |  ETA: 0:34:42
Sampling (4 threads)  74%|██████████████████████▍       |  ETA: 0:33:55
Sampling (4 threads)  75%|██████████████████████▌       |  ETA: 0:33:08
Sampling (4 threads)  76%|██████████████████████▋       |  ETA: 0:32:19
Sampling (4 threads)  76%|██████████████████████▊       |  ETA: 0:31:32
Sampling (4 threads)  76%|███████████████████████       |  ETA: 0:30:46
Sampling (4 threads)  77%|███████████████████████▏      |  ETA: 0:30:02
Sampling (4 threads)  78%|███████████████████████▎      |  ETA: 0:29:13
Sampling (4 threads)  78%|███████████████████████▍      |  ETA: 0:28:29
Sampling (4 threads)  78%|███████████████████████▌      |  ETA: 0:27:45
Sampling (4 threads)  79%|███████████████████████▊      |  ETA: 0:27:01
Sampling (4 threads)  80%|███████████████████████▉      |  ETA: 0:26:17
Sampling (4 threads)  80%|████████████████████████      |  ETA: 0:25:36
Sampling (4 threads)  80%|████████████████████████▏     |  ETA: 0:24:49
Sampling (4 threads)  81%|████████████████████████▎     |  ETA: 0:24:11
Sampling (4 threads)  82%|████████████████████████▌     |  ETA: 0:23:28
Sampling (4 threads)  82%|████████████████████████▋     |  ETA: 0:22:48
Sampling (4 threads)  82%|████████████████████████▊     |  ETA: 0:22:10
Sampling (4 threads)  83%|████████████████████████▉     |  ETA: 0:21:25
Sampling (4 threads)  84%|█████████████████████████     |  ETA: 0:20:47
Sampling (4 threads)  84%|█████████████████████████▎    |  ETA: 0:20:06
Sampling (4 threads)  84%|█████████████████████████▍    |  ETA: 0:19:28
Sampling (4 threads)  85%|█████████████████████████▌    |  ETA: 0:18:50
Sampling (4 threads)  86%|█████████████████████████▋    |  ETA: 0:18:12
Sampling (4 threads)  86%|█████████████████████████▊    |  ETA: 0:17:33
Sampling (4 threads)  86%|██████████████████████████    |  ETA: 0:16:54
Sampling (4 threads)  87%|██████████████████████████▏   |  ETA: 0:16:15
Sampling (4 threads)  88%|██████████████████████████▎   |  ETA: 0:15:37
Sampling (4 threads)  88%|██████████████████████████▍   |  ETA: 0:14:59
Sampling (4 threads)  88%|██████████████████████████▌   |  ETA: 0:14:21
Sampling (4 threads)  89%|██████████████████████████▊   |  ETA: 0:13:42
Sampling (4 threads)  90%|██████████████████████████▉   |  ETA: 0:13:04
Sampling (4 threads)  90%|███████████████████████████   |  ETA: 0:12:27
Sampling (4 threads)  90%|███████████████████████████▏  |  ETA: 0:11:48
Sampling (4 threads)  91%|███████████████████████████▎  |  ETA: 0:11:11
Sampling (4 threads)  92%|███████████████████████████▌  |  ETA: 0:10:33
Sampling (4 threads)  92%|███████████████████████████▋  |  ETA: 0:09:56
Sampling (4 threads)  92%|███████████████████████████▊  |  ETA: 0:09:18
Sampling (4 threads)  93%|███████████████████████████▉  |  ETA: 0:08:40
Sampling (4 threads)  94%|████████████████████████████  |  ETA: 0:08:02
Sampling (4 threads)  94%|████████████████████████████▎ |  ETA: 0:07:25
Sampling (4 threads)  94%|████████████████████████████▍ |  ETA: 0:06:47
Sampling (4 threads)  95%|████████████████████████████▌ |  ETA: 0:06:10
Sampling (4 threads)  96%|████████████████████████████▋ |  ETA: 0:05:33
Sampling (4 threads)  96%|████████████████████████████▊ |  ETA: 0:04:56
Sampling (4 threads)  96%|█████████████████████████████ |  ETA: 0:04:19
Sampling (4 threads)  97%|█████████████████████████████▏|  ETA: 0:03:42
Sampling (4 threads)  98%|█████████████████████████████▎|  ETA: 0:03:05
Sampling (4 threads)  98%|█████████████████████████████▍|  ETA: 0:02:28
Sampling (4 threads)  98%|█████████████████████████████▌|  ETA: 0:01:51
Sampling (4 threads)  99%|█████████████████████████████▊|  ETA: 0:01:14
Sampling (4 threads) 100%|█████████████████████████████▉|  ETA: 0:00:37
Sampling (4 threads) 100%|██████████████████████████████| Time: 2:03:56
Sampling (4 threads) 100%|██████████████████████████████| Time: 2:03:57
ERROR: LoadError: MethodError: no method matching plotGraphs(::String, ::Vector{String}, ::Vector{RGB{Float64}}, ::Int64)

Closest candidates are:
  plotGraphs(::Any, ::Any, ::Any, ::Any, !Matched::Any)
   @ Main ~/bayesian/BC4/Bayes/wordType_experiments/plottingFuncs.jl:261

Stacktrace:
 [1] concludeAndPlot(m::Chains{Float64, AxisArray{Float64, 3, Array{Float64, 3}, Tuple{Axis{:iter, StepRange{Int64, Int64}}, Axis{:var, Vector{Symbol}}, Axis{:chain, UnitRange{Int64}}}}, Missing, @NamedTuple{parameters::Vector{Symbol}, internals::Vector{Symbol}}, @NamedTuple{varname_to_symbol::OrderedDict{AbstractPPL.VarName, Symbol}, start_time::Vector{Float64}, stop_time::Vector{Float64}, samplerstate::Vector{Nothing}}}, output_loc::String, pc::Int64, wordTypes::Vector{String}, cols::Vector{RGB{Float64}}, noPCS::Int64)
   @ Main ~/bayesian/BC4/Bayes/wordType_experiments/plottingFuncs.jl:21
 [2] runModel(model::DynamicPPL.Model{typeof(model_exp), (:participant, :word, :surprisal, :tags, :PCA, :ExpMean, :cauchyMean, :NUM_TYPES, :NUM_PARTICIPANTS), (), (), Tuple{Vector{Int64}, Vector{Float64}, Vector{Float64}, Vector{Int64}, Vector{Float64}, Float64, Float64, Int64, Int64}, Tuple{}, DynamicPPL.DefaultContext}, df_modified::DataFrame, dfPCA::DataFrame, pc::Int64, NUM_PARTICIPANTS::Int64, NUM_WORDS::Int64, TYPE_STRUCTURE::String, NUM_TYPES::Int64, wordTypes::Vector{String}, cols::Vector{RGB{Float64}}, isPlotting::Int64, analyseEssRhat::Int64, output_loc::String, expMean::Float64, cauchyMean::Float64, noPCS::Int64, noInChain::Int64)
   @ Main ~/bayesian/BC4/Bayes/wordType_experiments/model_master.jl:134
 [3] top-level scope
   @ ~/bayesian/BC4/Bayes/wordType_experiments/models/_2_3/model.jl:15
in expression starting at /user/home/em18564/bayesian/BC4/Bayes/wordType_experiments/models/_2_3/model.jl:15
