cpu-bind=MASK - bp1-compute034, task  0  0 [1758294]: mask 0x300000300000 set
Running on host bp1-compute034
Time is Mon Sep 14 18:29:04 BST 2026
Directory is /user/home/em18564/bayesian/BC4/Bayes/wordType_experiments/models/__3
Slurm job ID is 18955924
This job runs on the following machines:
bp1-compute034
Precompiling project...
    DistributionsADReverseDiffExt Being precompiled by another machine (hostname: bp1-compute032, pid: 1025607, pidfile: /user/home/em18564/.julia/compiled/v1.10/DistributionsADReverseDiffExt/hY00X_4RpdW.ji.pidfile)
  ✗ DistributionsAD → DistributionsADReverseDiffExt
  0 dependencies successfully precompiled in 235 seconds. 549 already precompiled.
Sampling (4 threads)   0%|                              |  ETA: N/A
┌ Info: Found initial step size
└   ϵ = 0.0015625
┌ Info: Found initial step size
└   ϵ = 0.0001953125
┌ Info: Found initial step size
└   ϵ = 0.00625
┌ Info: Found initial step size
└   ϵ = 0.003125
Sampling (4 threads)   0%|▏                             |  ETA: 13:38:44
Sampling (4 threads)   1%|▎                             |  ETA: 6:47:24
Sampling (4 threads)   2%|▌                             |  ETA: 13:28:40
Sampling (4 threads)   2%|▋                             |  ETA: 10:03:25
Sampling (4 threads)   2%|▊                             |  ETA: 13:25:56
Sampling (4 threads)   3%|▉                             |  ETA: 11:08:10
Sampling (4 threads)   4%|█                             |  ETA: 13:07:07
Sampling (4 threads)   4%|█▎                            |  ETA: 11:25:10
Sampling (4 threads)   4%|█▍                            |  ETA: 14:12:09
Sampling (4 threads)   5%|█▌                            |  ETA: 12:42:55
Sampling (4 threads)   6%|█▋                            |  ETA: 11:29:55
Sampling (4 threads)   6%|█▊                            |  ETA: 10:57:35
Sampling (4 threads)   6%|██                            |  ETA: 10:03:47
Sampling (4 threads)   7%|██▏                           |  ETA: 9:39:20
Sampling (4 threads)   8%|██▎                           |  ETA: 8:57:48
Sampling (4 threads)   8%|██▍                           |  ETA: 8:37:35
Sampling (4 threads)   8%|██▌                           |  ETA: 8:04:29
Sampling (4 threads)   9%|██▊                           |  ETA: 7:45:37
Sampling (4 threads)  10%|██▉                           |  ETA: 7:18:41
Sampling (4 threads)  10%|███                           |  ETA: 7:03:27
Sampling (4 threads)  10%|███▏                          |  ETA: 6:41:03
Sampling (4 threads)  11%|███▎                          |  ETA: 6:20:41
Sampling (4 threads)  12%|███▌                          |  ETA: 6:07:06
Sampling (4 threads)  12%|███▋                          |  ETA: 5:49:49
Sampling (4 threads)  12%|███▊                          |  ETA: 5:33:55
Sampling (4 threads)  13%|███▉                          |  ETA: 5:24:33
Sampling (4 threads)  14%|████                          |  ETA: 5:10:44
Sampling (4 threads)  14%|████▎                         |  ETA: 4:57:54
Sampling (4 threads)  14%|████▍                         |  ETA: 4:49:40
Sampling (4 threads)  15%|████▌                         |  ETA: 4:38:22
Sampling (4 threads)  16%|████▋                         |  ETA: 4:31:31
Sampling (4 threads)  16%|████▊                         |  ETA: 4:21:29
Sampling (4 threads)  16%|█████                         |  ETA: 4:12:03
Sampling (4 threads)  17%|█████▏                        |  ETA: 4:05:58
Sampling (4 threads)  18%|█████▎                        |  ETA: 3:57:30
Sampling (4 threads)  18%|█████▍                        |  ETA: 3:51:40
Sampling (4 threads)  18%|█████▌                        |  ETA: 3:44:02
Sampling (4 threads)  19%|█████▊                        |  ETA: 3:38:44
Sampling (4 threads)  20%|█████▉                        |  ETA: 3:31:49
Sampling (4 threads)  20%|██████                        |  ETA: 3:25:14
Sampling (4 threads)  20%|██████▏                       |  ETA: 3:21:30
Sampling (4 threads)  21%|██████▎                       |  ETA: 3:15:28
Sampling (4 threads)  22%|██████▌                       |  ETA: 3:09:43
Sampling (4 threads)  22%|██████▋                       |  ETA: 3:06:24
Sampling (4 threads)  22%|██████▊                       |  ETA: 3:01:05
Sampling (4 threads)  23%|██████▉                       |  ETA: 2:58:27
Sampling (4 threads)  24%|███████                       |  ETA: 2:53:31
Sampling (4 threads)  24%|███████▎                      |  ETA: 2:48:48
Sampling (4 threads)  24%|███████▍                      |  ETA: 2:45:52
Sampling (4 threads)  25%|███████▌                      |  ETA: 2:41:29
Sampling (4 threads)  26%|███████▋                      |  ETA: 2:37:15
Sampling (4 threads)  26%|███████▊                      |  ETA: 2:33:12
Sampling (4 threads)  26%|████████                      |  ETA: 2:30:38
Sampling (4 threads)  27%|████████▏                     |  ETA: 2:26:50
Sampling (4 threads)  28%|████████▎                     |  ETA: 2:24:12
Sampling (4 threads)  28%|████████▍                     |  ETA: 2:20:39
Sampling (4 threads)  28%|████████▌                     |  ETA: 2:18:33
Sampling (4 threads)  29%|████████▊                     |  ETA: 2:15:12
Sampling (4 threads)  30%|████████▉                     |  ETA: 2:11:58
Sampling (4 threads)  30%|█████████                     |  ETA: 2:08:51
Sampling (4 threads)  30%|█████████▏                    |  ETA: 2:06:58
Sampling (4 threads)  31%|█████████▎                    |  ETA: 2:04:01
Sampling (4 threads)  32%|█████████▌                    |  ETA: 2:01:10
Sampling (4 threads)  32%|█████████▋                    |  ETA: 1:59:35
Sampling (4 threads)  32%|█████████▊                    |  ETA: 1:56:53
Sampling (4 threads)  33%|█████████▉                    |  ETA: 1:54:15
Sampling (4 threads)  34%|██████████                    |  ETA: 1:52:40
Sampling (4 threads)  34%|██████████▎                   |  ETA: 1:50:10
Sampling (4 threads)  34%|██████████▍                   |  ETA: 1:47:45
Sampling (4 threads)  35%|██████████▌                   |  ETA: 1:45:53
Sampling (4 threads)  36%|██████████▋                   |  ETA: 1:43:35
Sampling (4 threads)  36%|██████████▊                   |  ETA: 1:42:14
Sampling (4 threads)  36%|███████████                   |  ETA: 1:40:02
Sampling (4 threads)  37%|███████████▏                  |  ETA: 1:37:55
Sampling (4 threads)  38%|███████████▎                  |  ETA: 1:36:48
Sampling (4 threads)  38%|███████████▍                  |  ETA: 1:34:46
Sampling (4 threads)  38%|███████████▌                  |  ETA: 1:32:47
Sampling (4 threads)  39%|███████████▊                  |  ETA: 1:31:36
Sampling (4 threads)  40%|███████████▉                  |  ETA: 1:29:42
Sampling (4 threads)  40%|████████████                  |  ETA: 1:27:51
Sampling (4 threads)  40%|████████████▏                 |  ETA: 1:26:03
Sampling (4 threads)  41%|████████████▎                 |  ETA: 1:25:06
Sampling (4 threads)  42%|████████████▌                 |  ETA: 1:23:22
Sampling (4 threads)  42%|████████████▋                 |  ETA: 1:21:40
Sampling (4 threads)  42%|████████████▊                 |  ETA: 1:20:41
Sampling (4 threads)  43%|████████████▉                 |  ETA: 1:19:03
Sampling (4 threads)  44%|█████████████                 |  ETA: 1:17:28
Sampling (4 threads)  44%|█████████████▎                |  ETA: 1:16:30
Sampling (4 threads)  44%|█████████████▍                |  ETA: 1:14:57
Sampling (4 threads)  45%|█████████████▌                |  ETA: 1:13:27
Sampling (4 threads)  46%|█████████████▋                |  ETA: 1:12:33
Sampling (4 threads)  46%|█████████████▊                |  ETA: 1:11:06
Sampling (4 threads)  46%|██████████████                |  ETA: 1:09:41
Sampling (4 threads)  47%|██████████████▏               |  ETA: 1:08:49
Sampling (4 threads)  48%|██████████████▎               |  ETA: 1:07:27
Sampling (4 threads)  48%|██████████████▍               |  ETA: 1:06:07
Sampling (4 threads)  48%|██████████████▌               |  ETA: 1:05:09
Sampling (4 threads)  49%|██████████████▊               |  ETA: 1:03:51
Sampling (4 threads)  50%|██████████████▉               |  ETA: 1:02:53
Sampling (4 threads)  50%|███████████████               |  ETA: 1:01:38
Sampling (4 threads)  50%|███████████████▏              |  ETA: 1:00:43
Sampling (4 threads)  51%|███████████████▎              |  ETA: 0:59:31
Sampling (4 threads)  52%|███████████████▌              |  ETA: 0:58:39
Sampling (4 threads)  52%|███████████████▋              |  ETA: 0:57:29
Sampling (4 threads)  52%|███████████████▊              |  ETA: 0:56:21
Sampling (4 threads)  53%|███████████████▉              |  ETA: 0:55:28
Sampling (4 threads)  54%|████████████████              |  ETA: 0:54:21
Sampling (4 threads)  54%|████████████████▎             |  ETA: 0:53:45
Sampling (4 threads)  55%|████████████████▍             |  ETA: 0:52:41
Sampling (4 threads)  55%|████████████████▌             |  ETA: 0:51:38
Sampling (4 threads)  56%|████████████████▋             |  ETA: 0:51:00
Sampling (4 threads)  56%|████████████████▊             |  ETA: 0:49:59
Sampling (4 threads)  56%|█████████████████             |  ETA: 0:48:58
Sampling (4 threads)  57%|█████████████████▏            |  ETA: 0:48:20
Sampling (4 threads)  57%|█████████████████▎            |  ETA: 0:47:22
Sampling (4 threads)  58%|█████████████████▍            |  ETA: 0:46:24
Sampling (4 threads)  58%|█████████████████▌            |  ETA: 0:45:49
Sampling (4 threads)  59%|█████████████████▊            |  ETA: 0:44:52
Sampling (4 threads)  60%|█████████████████▉            |  ETA: 0:43:57
Sampling (4 threads)  60%|██████████████████            |  ETA: 0:43:21
Sampling (4 threads)  60%|██████████████████▏           |  ETA: 0:42:27
Sampling (4 threads)  61%|██████████████████▎           |  ETA: 0:41:34
Sampling (4 threads)  62%|██████████████████▌           |  ETA: 0:41:00
Sampling (4 threads)  62%|██████████████████▋           |  ETA: 0:40:09
Sampling (4 threads)  62%|██████████████████▊           |  ETA: 0:39:18
Sampling (4 threads)  63%|██████████████████▉           |  ETA: 0:38:44
Sampling (4 threads)  64%|███████████████████           |  ETA: 0:37:55
Sampling (4 threads)  64%|███████████████████▎          |  ETA: 0:37:06
Sampling (4 threads)  64%|███████████████████▍          |  ETA: 0:36:34
Sampling (4 threads)  65%|███████████████████▌          |  ETA: 0:35:46
Sampling (4 threads)  66%|███████████████████▋          |  ETA: 0:34:59
Sampling (4 threads)  66%|███████████████████▊          |  ETA: 0:34:13
Sampling (4 threads)  66%|████████████████████          |  ETA: 0:33:43
Sampling (4 threads)  67%|████████████████████▏         |  ETA: 0:32:58
Sampling (4 threads)  68%|████████████████████▎         |  ETA: 0:32:13
Sampling (4 threads)  68%|████████████████████▍         |  ETA: 0:31:43
Sampling (4 threads)  68%|████████████████████▌         |  ETA: 0:31:00
Sampling (4 threads)  69%|████████████████████▊         |  ETA: 0:30:17
Sampling (4 threads)  70%|████████████████████▉         |  ETA: 0:29:46
Sampling (4 threads)  70%|█████████████████████         |  ETA: 0:29:04
Sampling (4 threads)  70%|█████████████████████▏        |  ETA: 0:28:23
Sampling (4 threads)  71%|█████████████████████▎        |  ETA: 0:27:53
Sampling (4 threads)  72%|█████████████████████▌        |  ETA: 0:27:13
Sampling (4 threads)  72%|█████████████████████▋        |  ETA: 0:26:33
Sampling (4 threads)  72%|█████████████████████▊        |  ETA: 0:26:04
Sampling (4 threads)  73%|█████████████████████▉        |  ETA: 0:25:25
Sampling (4 threads)  74%|██████████████████████        |  ETA: 0:24:47
Sampling (4 threads)  74%|██████████████████████▎       |  ETA: 0:24:20
Sampling (4 threads)  74%|██████████████████████▍       |  ETA: 0:23:42
Sampling (4 threads)  75%|██████████████████████▌       |  ETA: 0:23:05
Sampling (4 threads)  76%|██████████████████████▋       |  ETA: 0:22:31
Sampling (4 threads)  76%|██████████████████████▊       |  ETA: 0:21:58
Sampling (4 threads)  76%|███████████████████████       |  ETA: 0:21:25
Sampling (4 threads)  77%|███████████████████████▏      |  ETA: 0:20:53
Sampling (4 threads)  78%|███████████████████████▎      |  ETA: 0:20:20
Sampling (4 threads)  78%|███████████████████████▍      |  ETA: 0:19:49
Sampling (4 threads)  78%|███████████████████████▌      |  ETA: 0:19:17
Sampling (4 threads)  79%|███████████████████████▊      |  ETA: 0:18:46
Sampling (4 threads)  80%|███████████████████████▉      |  ETA: 0:18:15
Sampling (4 threads)  80%|████████████████████████      |  ETA: 0:17:44
Sampling (4 threads)  80%|████████████████████████▏     |  ETA: 0:17:13
Sampling (4 threads)  81%|████████████████████████▎     |  ETA: 0:16:43
Sampling (4 threads)  82%|████████████████████████▌     |  ETA: 0:16:13
Sampling (4 threads)  82%|████████████████████████▋     |  ETA: 0:15:43
Sampling (4 threads)  82%|████████████████████████▊     |  ETA: 0:15:14
Sampling (4 threads)  83%|████████████████████████▉     |  ETA: 0:14:44
Sampling (4 threads)  84%|█████████████████████████     |  ETA: 0:14:16
Sampling (4 threads)  84%|█████████████████████████▎    |  ETA: 0:13:47
Sampling (4 threads)  84%|█████████████████████████▍    |  ETA: 0:13:18
Sampling (4 threads)  85%|█████████████████████████▌    |  ETA: 0:12:49
Sampling (4 threads)  86%|█████████████████████████▋    |  ETA: 0:12:21
Sampling (4 threads)  86%|█████████████████████████▊    |  ETA: 0:11:53
Sampling (4 threads)  86%|██████████████████████████    |  ETA: 0:11:25
Sampling (4 threads)  87%|██████████████████████████▏   |  ETA: 0:10:58
Sampling (4 threads)  88%|██████████████████████████▎   |  ETA: 0:10:30
Sampling (4 threads)  88%|██████████████████████████▍   |  ETA: 0:10:03
Sampling (4 threads)  88%|██████████████████████████▌   |  ETA: 0:09:35
Sampling (4 threads)  89%|██████████████████████████▊   |  ETA: 0:09:09
Sampling (4 threads)  90%|██████████████████████████▉   |  ETA: 0:08:43
Sampling (4 threads)  90%|███████████████████████████   |  ETA: 0:08:17
Sampling (4 threads)  90%|███████████████████████████▏  |  ETA: 0:07:50
Sampling (4 threads)  91%|███████████████████████████▎  |  ETA: 0:07:26
Sampling (4 threads)  92%|███████████████████████████▌  |  ETA: 0:07:02
Sampling (4 threads)  92%|███████████████████████████▋  |  ETA: 0:06:38
Sampling (4 threads)  92%|███████████████████████████▊  |  ETA: 0:06:14
Sampling (4 threads)  93%|███████████████████████████▉  |  ETA: 0:05:49
Sampling (4 threads)  94%|████████████████████████████  |  ETA: 0:05:24
Sampling (4 threads)  94%|████████████████████████████▎ |  ETA: 0:04:59
Sampling (4 threads)  94%|████████████████████████████▍ |  ETA: 0:04:34
Sampling (4 threads)  95%|████████████████████████████▌ |  ETA: 0:04:09
Sampling (4 threads)  96%|████████████████████████████▋ |  ETA: 0:03:45
Sampling (4 threads)  96%|████████████████████████████▊ |  ETA: 0:03:20
Sampling (4 threads)  96%|█████████████████████████████ |  ETA: 0:02:55
Sampling (4 threads)  97%|█████████████████████████████▏|  ETA: 0:02:30
Sampling (4 threads)  98%|█████████████████████████████▎|  ETA: 0:02:05
Sampling (4 threads)  98%|█████████████████████████████▍|  ETA: 0:01:40
Sampling (4 threads)  98%|█████████████████████████████▌|  ETA: 0:01:15
Sampling (4 threads)  99%|█████████████████████████████▊|  ETA: 0:00:50
Sampling (4 threads) 100%|█████████████████████████████▉|  ETA: 0:00:25
Sampling (4 threads) 100%|██████████████████████████████| Time: 1:23:33
Sampling (4 threads) 100%|██████████████████████████████| Time: 1:23:34
Precompiling project...
    DistributionsADReverseDiffExt Being precompiled by another process (pid: 1266873, pidfile: /user/home/em18564/.julia/compiled/v1.10/DistributionsADReverseDiffExt/hY00X_4RpdW.ji.pidfile)
  ✗ DistributionsAD → DistributionsADReverseDiffExt
  0 dependencies successfully precompiled in 48 seconds. 549 already precompiled.
Sampling (4 threads)   0%|                              |  ETA: N/A
┌ Info: Found initial step size
└   ϵ = 0.00078125
┌ Info: Found initial step size
└   ϵ = 0.00078125
┌ Info: Found initial step size
└   ϵ = 0.00625
┌ Info: Found initial step size
└   ϵ = 0.00625
Sampling (4 threads)   0%|▏                             |  ETA: 11:24:30
Sampling (4 threads)   1%|▎                             |  ETA: 5:40:37
Sampling (4 threads)   2%|▌                             |  ETA: 17:18:55
Sampling (4 threads)   2%|▋                             |  ETA: 12:55:15
Sampling (4 threads)   2%|▊                             |  ETA: 17:51:56
Sampling (4 threads)   3%|▉                             |  ETA: 14:48:42
Sampling (4 threads)   4%|█                             |  ETA: 17:14:07
Sampling (4 threads)   4%|█▎                            |  ETA: 15:00:10
Sampling (4 threads)   4%|█▍                            |  ETA: 17:03:40
Sampling (4 threads)   5%|█▌                            |  ETA: 15:16:29
Sampling (4 threads)   6%|█▋                            |  ETA: 16:10:36
Sampling (4 threads)   6%|█▊                            |  ETA: 14:45:00
Sampling (4 threads)   6%|██                            |  ETA: 13:32:35
Sampling (4 threads)   7%|██▏                           |  ETA: 12:48:31
Sampling (4 threads)   8%|██▎                           |  ETA: 11:53:26
Sampling (4 threads)   8%|██▍                           |  ETA: 11:05:13
Sampling (4 threads)   8%|██▌                           |  ETA: 11:32:45
Sampling (4 threads)   9%|██▊                           |  ETA: 10:50:42
Sampling (4 threads)  10%|██▉                           |  ETA: 10:13:04
Sampling (4 threads)  10%|███                           |  ETA: 9:39:11
Sampling (4 threads)  10%|███▏                          |  ETA: 9:14:51
Sampling (4 threads)  11%|███▎                          |  ETA: 8:46:40
Sampling (4 threads)  12%|███▌                          |  ETA: 8:24:23
Sampling (4 threads)  12%|███▋                          |  ETA: 8:00:38
Sampling (4 threads)  12%|███▊                          |  ETA: 7:38:48
Sampling (4 threads)  13%|███▉                          |  ETA: 7:22:18
Sampling (4 threads)  14%|████                          |  ETA: 7:03:28
Sampling (4 threads)  14%|████▎                         |  ETA: 6:51:06
Sampling (4 threads)  14%|████▍                         |  ETA: 6:34:37
Sampling (4 threads)  15%|████▌                         |  ETA: 6:19:14
Sampling (4 threads)  16%|████▋                         |  ETA: 6:09:32
Sampling (4 threads)  16%|████▊                         |  ETA: 5:55:52
Sampling (4 threads)  16%|█████                         |  ETA: 5:43:01
Sampling (4 threads)  17%|█████▏                        |  ETA: 5:32:54
Sampling (4 threads)  18%|█████▎                        |  ETA: 5:21:27
Sampling (4 threads)  18%|█████▍                        |  ETA: 5:13:37
Sampling (4 threads)  18%|█████▌                        |  ETA: 5:03:16
Sampling (4 threads)  19%|█████▊                        |  ETA: 4:53:29
Sampling (4 threads)  20%|█████▉                        |  ETA: 4:46:51
Sampling (4 threads)  20%|██████                        |  ETA: 4:37:57
Sampling (4 threads)  20%|██████▏                       |  ETA: 4:29:28
Sampling (4 threads)  21%|██████▎                       |  ETA: 4:23:54
Sampling (4 threads)  22%|██████▌                       |  ETA: 4:16:08
Sampling (4 threads)  22%|██████▋                       |  ETA: 4:08:43
Sampling (4 threads)  22%|██████▊                       |  ETA: 4:04:02
Sampling (4 threads)  23%|██████▉                       |  ETA: 3:57:12
Sampling (4 threads)  24%|███████                       |  ETA: 3:50:39
Sampling (4 threads)  24%|███████▎                      |  ETA: 3:44:22
Sampling (4 threads)  24%|███████▍                      |  ETA: 3:39:42
Sampling (4 threads)  25%|███████▌                      |  ETA: 3:33:53
Sampling (4 threads)  26%|███████▋                      |  ETA: 3:29:26
Sampling (4 threads)  26%|███████▊                      |  ETA: 3:24:01
Sampling (4 threads)  26%|████████                      |  ETA: 3:20:11
Sampling (4 threads)  27%|████████▏                     |  ETA: 3:15:08
Sampling (4 threads)  28%|████████▎                     |  ETA: 3:12:13
Sampling (4 threads)  28%|████████▍                     |  ETA: 3:07:29
Sampling (4 threads)  28%|████████▌                     |  ETA: 3:02:55
Sampling (4 threads)  29%|████████▊                     |  ETA: 2:59:43
Sampling (4 threads)  30%|████████▉                     |  ETA: 2:55:26
Sampling (4 threads)  30%|█████████                     |  ETA: 2:52:05
Sampling (4 threads)  30%|█████████▏                    |  ETA: 2:48:03
Sampling (4 threads)  31%|█████████▎                    |  ETA: 2:45:12
Sampling (4 threads)  32%|█████████▌                    |  ETA: 2:41:24
Sampling (4 threads)  32%|█████████▋                    |  ETA: 2:38:47
Sampling (4 threads)  32%|█████████▊                    |  ETA: 2:35:11
Sampling (4 threads)  33%|█████████▉                    |  ETA: 2:31:42
Sampling (4 threads)  34%|██████████                    |  ETA: 2:29:08
Sampling (4 threads)  34%|██████████▎                   |  ETA: 2:25:50
Sampling (4 threads)  34%|██████████▍                   |  ETA: 2:23:24
Sampling (4 threads)  35%|██████████▌                   |  ETA: 2:20:16
Sampling (4 threads)  36%|██████████▋                   |  ETA: 2:17:49
Sampling (4 threads)  36%|██████████▊                   |  ETA: 2:14:51
Sampling (4 threads)  36%|███████████                   |  ETA: 2:12:30
Sampling (4 threads)  37%|███████████▏                  |  ETA: 2:09:41
Sampling (4 threads)  38%|███████████▎                  |  ETA: 2:07:54
Sampling (4 threads)  38%|███████████▍                  |  ETA: 2:05:12
Sampling (4 threads)  38%|███████████▌                  |  ETA: 2:02:35
Sampling (4 threads)  39%|███████████▊                  |  ETA: 2:00:56
Sampling (4 threads)  40%|███████████▉                  |  ETA: 1:58:26
Sampling (4 threads)  40%|████████████                  |  ETA: 1:55:59
Sampling (4 threads)  40%|████████████▏                 |  ETA: 1:54:24
Sampling (4 threads)  41%|████████████▎                 |  ETA: 1:52:04
Sampling (4 threads)  42%|████████████▌                 |  ETA: 1:49:46
Sampling (4 threads)  42%|████████████▋                 |  ETA: 1:48:19
Sampling (4 threads)  42%|████████████▊                 |  ETA: 1:46:07
Sampling (4 threads)  43%|████████████▉                 |  ETA: 1:43:58
Sampling (4 threads)  44%|█████████████                 |  ETA: 1:42:37
Sampling (4 threads)  44%|█████████████▎                |  ETA: 1:40:34
Sampling (4 threads)  44%|█████████████▍                |  ETA: 1:38:33
Sampling (4 threads)  45%|█████████████▌                |  ETA: 1:37:16
Sampling (4 threads)  46%|█████████████▋                |  ETA: 1:35:20
Sampling (4 threads)  46%|█████████████▊                |  ETA: 1:33:26
Sampling (4 threads)  46%|██████████████                |  ETA: 1:32:14
Sampling (4 threads)  47%|██████████████▏               |  ETA: 1:30:24
Sampling (4 threads)  48%|██████████████▎               |  ETA: 1:28:36
Sampling (4 threads)  48%|██████████████▍               |  ETA: 1:27:27
Sampling (4 threads)  48%|██████████████▌               |  ETA: 1:25:43
Sampling (4 threads)  49%|██████████████▊               |  ETA: 1:24:01
Sampling (4 threads)  50%|██████████████▉               |  ETA: 1:22:55
Sampling (4 threads)  50%|███████████████               |  ETA: 1:21:17
Sampling (4 threads)  50%|███████████████▏              |  ETA: 1:19:40
Sampling (4 threads)  51%|███████████████▎              |  ETA: 1:18:39
Sampling (4 threads)  52%|███████████████▌              |  ETA: 1:17:06
Sampling (4 threads)  52%|███████████████▋              |  ETA: 1:15:34
Sampling (4 threads)  52%|███████████████▊              |  ETA: 1:14:33
Sampling (4 threads)  53%|███████████████▉              |  ETA: 1:13:04
Sampling (4 threads)  54%|████████████████              |  ETA: 1:11:37
Sampling (4 threads)  54%|████████████████▎             |  ETA: 1:10:39
Sampling (4 threads)  55%|████████████████▍             |  ETA: 1:09:15
Sampling (4 threads)  55%|████████████████▌             |  ETA: 1:08:07
Sampling (4 threads)  56%|████████████████▋             |  ETA: 1:06:45
Sampling (4 threads)  56%|████████████████▊             |  ETA: 1:05:38
Sampling (4 threads)  56%|█████████████████             |  ETA: 1:04:19
Sampling (4 threads)  57%|█████████████████▏            |  ETA: 1:03:15
Sampling (4 threads)  57%|█████████████████▎            |  ETA: 1:01:59
Sampling (4 threads)  58%|█████████████████▍            |  ETA: 1:00:57
Sampling (4 threads)  58%|█████████████████▌            |  ETA: 0:59:43
Sampling (4 threads)  59%|█████████████████▊            |  ETA: 0:58:43
Sampling (4 threads)  60%|█████████████████▉            |  ETA: 0:57:31
Sampling (4 threads)  60%|██████████████████            |  ETA: 0:56:33
Sampling (4 threads)  60%|██████████████████▏           |  ETA: 0:55:23
Sampling (4 threads)  61%|██████████████████▎           |  ETA: 0:54:25
Sampling (4 threads)  62%|██████████████████▌           |  ETA: 0:53:17
Sampling (4 threads)  62%|██████████████████▋           |  ETA: 0:52:22
Sampling (4 threads)  62%|██████████████████▊           |  ETA: 0:51:16
Sampling (4 threads)  63%|██████████████████▉           |  ETA: 0:50:22
Sampling (4 threads)  64%|███████████████████           |  ETA: 0:49:18
Sampling (4 threads)  64%|███████████████████▎          |  ETA: 0:48:26
Sampling (4 threads)  64%|███████████████████▍          |  ETA: 0:47:23
Sampling (4 threads)  65%|███████████████████▌          |  ETA: 0:46:32
Sampling (4 threads)  66%|███████████████████▋          |  ETA: 0:45:31
Sampling (4 threads)  66%|███████████████████▊          |  ETA: 0:44:49
Sampling (4 threads)  66%|████████████████████          |  ETA: 0:43:50
Sampling (4 threads)  67%|████████████████████▏         |  ETA: 0:42:51
Sampling (4 threads)  68%|████████████████████▎         |  ETA: 0:42:10
Sampling (4 threads)  68%|████████████████████▍         |  ETA: 0:41:12
Sampling (4 threads)  68%|████████████████████▌         |  ETA: 0:40:16
Sampling (4 threads)  69%|████████████████████▊         |  ETA: 0:39:35
Sampling (4 threads)  70%|████████████████████▉         |  ETA: 0:38:40
Sampling (4 threads)  70%|█████████████████████         |  ETA: 0:37:45
Sampling (4 threads)  70%|█████████████████████▏        |  ETA: 0:37:07
Sampling (4 threads)  71%|█████████████████████▎        |  ETA: 0:36:14
Sampling (4 threads)  72%|█████████████████████▌        |  ETA: 0:35:22
Sampling (4 threads)  72%|█████████████████████▋        |  ETA: 0:34:43
Sampling (4 threads)  72%|█████████████████████▊        |  ETA: 0:33:52
Sampling (4 threads)  73%|█████████████████████▉        |  ETA: 0:33:01
Sampling (4 threads)  74%|██████████████████████        |  ETA: 0:32:24
Sampling (4 threads)  74%|██████████████████████▎       |  ETA: 0:31:34
Sampling (4 threads)  74%|██████████████████████▍       |  ETA: 0:30:45
Sampling (4 threads)  75%|██████████████████████▌       |  ETA: 0:30:04
Sampling (4 threads)  76%|██████████████████████▋       |  ETA: 0:29:16
Sampling (4 threads)  76%|██████████████████████▊       |  ETA: 0:28:40
Sampling (4 threads)  76%|███████████████████████       |  ETA: 0:27:53
Sampling (4 threads)  77%|███████████████████████▏      |  ETA: 0:27:07
Sampling (4 threads)  78%|███████████████████████▎      |  ETA: 0:26:21
Sampling (4 threads)  78%|███████████████████████▍      |  ETA: 0:25:46
Sampling (4 threads)  78%|███████████████████████▌      |  ETA: 0:25:01
Sampling (4 threads)  79%|███████████████████████▊      |  ETA: 0:24:26
Sampling (4 threads)  80%|███████████████████████▉      |  ETA: 0:23:42
Sampling (4 threads)  80%|████████████████████████      |  ETA: 0:22:59
Sampling (4 threads)  80%|████████████████████████▏     |  ETA: 0:22:16
Sampling (4 threads)  81%|████████████████████████▎     |  ETA: 0:21:42
Sampling (4 threads)  82%|████████████████████████▌     |  ETA: 0:21:00
Sampling (4 threads)  82%|████████████████████████▋     |  ETA: 0:20:19
Sampling (4 threads)  82%|████████████████████████▊     |  ETA: 0:19:45
Sampling (4 threads)  83%|████████████████████████▉     |  ETA: 0:19:04
Sampling (4 threads)  84%|█████████████████████████     |  ETA: 0:18:24
Sampling (4 threads)  84%|█████████████████████████▎    |  ETA: 0:17:51
Sampling (4 threads)  84%|█████████████████████████▍    |  ETA: 0:17:11
Sampling (4 threads)  85%|█████████████████████████▌    |  ETA: 0:16:32
Sampling (4 threads)  86%|█████████████████████████▋    |  ETA: 0:15:57
Sampling (4 threads)  86%|█████████████████████████▊    |  ETA: 0:15:19
Sampling (4 threads)  86%|██████████████████████████    |  ETA: 0:14:45
Sampling (4 threads)  87%|██████████████████████████▏   |  ETA: 0:14:07
Sampling (4 threads)  88%|██████████████████████████▎   |  ETA: 0:13:33
Sampling (4 threads)  88%|██████████████████████████▍   |  ETA: 0:12:56
Sampling (4 threads)  88%|██████████████████████████▌   |  ETA: 0:12:22
Sampling (4 threads)  89%|██████████████████████████▊   |  ETA: 0:11:45
Sampling (4 threads)  90%|██████████████████████████▉   |  ETA: 0:11:12
Sampling (4 threads)  90%|███████████████████████████   |  ETA: 0:10:36
Sampling (4 threads)  90%|███████████████████████████▏  |  ETA: 0:10:03
Sampling (4 threads)  91%|███████████████████████████▎  |  ETA: 0:09:28
Sampling (4 threads)  92%|███████████████████████████▌  |  ETA: 0:08:57
Sampling (4 threads)  92%|███████████████████████████▋  |  ETA: 0:08:23
Sampling (4 threads)  92%|███████████████████████████▊  |  ETA: 0:07:49
Sampling (4 threads)  93%|███████████████████████████▉  |  ETA: 0:07:17
Sampling (4 threads)  94%|████████████████████████████  |  ETA: 0:06:44
Sampling (4 threads)  94%|████████████████████████████▎ |  ETA: 0:06:11
Sampling (4 threads)  94%|████████████████████████████▍ |  ETA: 0:05:39
Sampling (4 threads)  95%|████████████████████████████▌ |  ETA: 0:05:08
Sampling (4 threads)  96%|████████████████████████████▋ |  ETA: 0:04:36
Sampling (4 threads)  96%|████████████████████████████▊ |  ETA: 0:04:05
Sampling (4 threads)  96%|█████████████████████████████ |  ETA: 0:03:33
Sampling (4 threads)  97%|█████████████████████████████▏|  ETA: 0:03:02
Sampling (4 threads)  98%|█████████████████████████████▎|  ETA: 0:02:32
Sampling (4 threads)  98%|█████████████████████████████▍|  ETA: 0:02:01
Sampling (4 threads)  98%|█████████████████████████████▌|  ETA: 0:01:30
Sampling (4 threads)  99%|█████████████████████████████▊|  ETA: 0:01:00
Sampling (4 threads) 100%|█████████████████████████████▉|  ETA: 0:00:30
Sampling (4 threads) 100%|██████████████████████████████| Time: 1:40:01
Sampling (4 threads) 100%|██████████████████████████████| Time: 1:40:01
Precompiling project...
    DistributionsADReverseDiffExt Being precompiled by another process (pid: 1266873, pidfile: /user/home/em18564/.julia/compiled/v1.10/DistributionsADReverseDiffExt/hY00X_4RpdW.ji.pidfile)
  ✗ DistributionsAD → DistributionsADReverseDiffExt
  0 dependencies successfully precompiled in 54 seconds. 549 already precompiled.
Sampling (4 threads)   0%|                              |  ETA: N/A
┌ Info: Found initial step size
└   ϵ = 0.0015625
┌ Info: Found initial step size
└   ϵ = 0.00078125
┌ Info: Found initial step size
└   ϵ = 0.00625
┌ Info: Found initial step size
└   ϵ = 0.00625
Sampling (4 threads)   0%|▏                             |  ETA: 1 days, 22:04:44
Sampling (4 threads)   1%|▎                             |  ETA: 22:55:31
Sampling (4 threads)   2%|▌                             |  ETA: 15:12:23
Sampling (4 threads)   2%|▋                             |  ETA: 22:33:46
Sampling (4 threads)   2%|▊                             |  ETA: 17:57:30
Sampling (4 threads)   3%|▉                             |  ETA: 20:36:18
Sampling (4 threads)   4%|█                             |  ETA: 17:34:14
Sampling (4 threads)   4%|█▎                            |  ETA: 20:09:37
Sampling (4 threads)   4%|█▍                            |  ETA: 17:49:37
Sampling (4 threads)   5%|█▌                            |  ETA: 20:53:50
Sampling (4 threads)   6%|█▋                            |  ETA: 18:53:51
Sampling (4 threads)   6%|█▊                            |  ETA: 17:13:52
Sampling (4 threads)   6%|██                            |  ETA: 15:49:15
Sampling (4 threads)   7%|██▏                           |  ETA: 14:52:08
Sampling (4 threads)   8%|██▎                           |  ETA: 13:48:11
Sampling (4 threads)   8%|██▍                           |  ETA: 13:01:48
Sampling (4 threads)   8%|██▌                           |  ETA: 12:11:49
Sampling (4 threads)   9%|██▊                           |  ETA: 11:35:22
Sampling (4 threads)  10%|██▉                           |  ETA: 10:55:09
Sampling (4 threads)  10%|███                           |  ETA: 10:18:58
Sampling (4 threads)  10%|███▏                          |  ETA: 9:53:24
Sampling (4 threads)  11%|███▎                          |  ETA: 9:23:16
Sampling (4 threads)  12%|███▌                          |  ETA: 9:01:34
Sampling (4 threads)  12%|███▋                          |  ETA: 8:36:04
Sampling (4 threads)  12%|███▊                          |  ETA: 8:16:21
Sampling (4 threads)  13%|███▉                          |  ETA: 7:54:32
Sampling (4 threads)  14%|████                          |  ETA: 7:38:57
Sampling (4 threads)  14%|████▎                         |  ETA: 7:20:00
Sampling (4 threads)  14%|████▍                         |  ETA: 7:02:22
Sampling (4 threads)  15%|████▌                         |  ETA: 6:50:02
Sampling (4 threads)  16%|████▋                         |  ETA: 6:34:28
Sampling (4 threads)  16%|████▊                         |  ETA: 6:23:49
Sampling (4 threads)  16%|█████                         |  ETA: 6:09:59
Sampling (4 threads)  17%|█████▏                        |  ETA: 6:00:15
Sampling (4 threads)  18%|█████▎                        |  ETA: 5:47:51
Sampling (4 threads)  18%|█████▍                        |  ETA: 5:36:09
Sampling (4 threads)  18%|█████▌                        |  ETA: 5:28:50
Sampling (4 threads)  19%|█████▊                        |  ETA: 5:18:13
Sampling (4 threads)  20%|█████▉                        |  ETA: 5:08:08
Sampling (4 threads)  20%|██████                        |  ETA: 5:01:24
Sampling (4 threads)  20%|██████▏                       |  ETA: 4:52:13
Sampling (4 threads)  21%|██████▎                       |  ETA: 4:43:28
Sampling (4 threads)  22%|██████▌                       |  ETA: 4:37:53
Sampling (4 threads)  22%|██████▋                       |  ETA: 4:29:50
Sampling (4 threads)  22%|██████▊                       |  ETA: 4:22:09
Sampling (4 threads)  23%|██████▉                       |  ETA: 4:17:15
Sampling (4 threads)  24%|███████                       |  ETA: 4:10:08
Sampling (4 threads)  24%|███████▎                      |  ETA: 4:03:19
Sampling (4 threads)  24%|███████▍                      |  ETA: 3:58:46
Sampling (4 threads)  25%|███████▌                      |  ETA: 3:52:26
Sampling (4 threads)  26%|███████▋                      |  ETA: 3:46:22
Sampling (4 threads)  26%|███████▊                      |  ETA: 3:41:48
Sampling (4 threads)  26%|████████                      |  ETA: 3:36:08
Sampling (4 threads)  27%|████████▏                     |  ETA: 3:32:06
Sampling (4 threads)  28%|████████▎                     |  ETA: 3:26:49
Sampling (4 threads)  28%|████████▍                     |  ETA: 3:22:55
Sampling (4 threads)  28%|████████▌                     |  ETA: 3:17:58
Sampling (4 threads)  29%|████████▊                     |  ETA: 3:13:12
Sampling (4 threads)  30%|████████▉                     |  ETA: 3:09:37
Sampling (4 threads)  30%|█████████                     |  ETA: 3:05:08
Sampling (4 threads)  30%|█████████▏                    |  ETA: 3:01:44
Sampling (4 threads)  31%|█████████▎                    |  ETA: 2:57:31
Sampling (4 threads)  32%|█████████▌                    |  ETA: 2:54:36
Sampling (4 threads)  32%|█████████▋                    |  ETA: 2:50:37
Sampling (4 threads)  32%|█████████▊                    |  ETA: 2:46:45
Sampling (4 threads)  33%|█████████▉                    |  ETA: 2:44:02
Sampling (4 threads)  34%|██████████                    |  ETA: 2:40:23
Sampling (4 threads)  34%|██████████▎                   |  ETA: 2:36:50
Sampling (4 threads)  34%|██████████▍                   |  ETA: 2:34:17
Sampling (4 threads)  35%|██████████▌                   |  ETA: 2:30:55
Sampling (4 threads)  36%|██████████▋                   |  ETA: 2:28:45
Sampling (4 threads)  36%|██████████▊                   |  ETA: 2:25:32
Sampling (4 threads)  36%|███████████                   |  ETA: 2:22:25
Sampling (4 threads)  37%|███████████▏                  |  ETA: 2:19:24
Sampling (4 threads)  38%|███████████▎                  |  ETA: 2:17:11
Sampling (4 threads)  38%|███████████▍                  |  ETA: 2:14:18
Sampling (4 threads)  38%|███████████▌                  |  ETA: 2:12:14
Sampling (4 threads)  39%|███████████▊                  |  ETA: 2:09:28
Sampling (4 threads)  40%|███████████▉                  |  ETA: 2:07:17
Sampling (4 threads)  40%|████████████                  |  ETA: 2:04:39
Sampling (4 threads)  40%|████████████▏                 |  ETA: 2:02:35
Sampling (4 threads)  41%|████████████▎                 |  ETA: 2:00:04
Sampling (4 threads)  42%|████████████▌                 |  ETA: 1:58:18
Sampling (4 threads)  42%|████████████▋                 |  ETA: 1:55:53
Sampling (4 threads)  42%|████████████▊                 |  ETA: 1:54:24
Sampling (4 threads)  43%|████████████▉                 |  ETA: 1:52:05
Sampling (4 threads)  44%|█████████████                 |  ETA: 1:49:49
Sampling (4 threads)  44%|█████████████▎                |  ETA: 1:47:37
Sampling (4 threads)  44%|█████████████▍                |  ETA: 1:46:17
Sampling (4 threads)  45%|█████████████▌                |  ETA: 1:44:10
Sampling (4 threads)  46%|█████████████▋                |  ETA: 1:42:05
Sampling (4 threads)  46%|█████████████▊                |  ETA: 1:40:35
Sampling (4 threads)  46%|██████████████                |  ETA: 1:38:35
Sampling (4 threads)  47%|██████████████▏               |  ETA: 1:37:11
Sampling (4 threads)  48%|██████████████▎               |  ETA: 1:35:15
Sampling (4 threads)  48%|██████████████▍               |  ETA: 1:33:50
Sampling (4 threads)  48%|██████████████▌               |  ETA: 1:31:59
Sampling (4 threads)  49%|██████████████▊               |  ETA: 1:30:09
Sampling (4 threads)  50%|██████████████▉               |  ETA: 1:28:54
Sampling (4 threads)  50%|███████████████               |  ETA: 1:27:08
Sampling (4 threads)  50%|███████████████▏              |  ETA: 1:25:25
Sampling (4 threads)  51%|███████████████▎              |  ETA: 1:24:19
Sampling (4 threads)  52%|███████████████▌              |  ETA: 1:22:39
Sampling (4 threads)  52%|███████████████▋              |  ETA: 1:21:01
Sampling (4 threads)  52%|███████████████▊              |  ETA: 1:19:53
Sampling (4 threads)  53%|███████████████▉              |  ETA: 1:18:17
Sampling (4 threads)  54%|████████████████              |  ETA: 1:16:44
Sampling (4 threads)  54%|████████████████▎             |  ETA: 1:15:41
Sampling (4 threads)  55%|████████████████▍             |  ETA: 1:14:11
Sampling (4 threads)  55%|████████████████▌             |  ETA: 1:12:42
Sampling (4 threads)  56%|████████████████▋             |  ETA: 1:11:42
Sampling (4 threads)  56%|████████████████▊             |  ETA: 1:10:16
Sampling (4 threads)  56%|█████████████████             |  ETA: 1:08:51
Sampling (4 threads)  57%|█████████████████▏            |  ETA: 1:07:54
Sampling (4 threads)  57%|█████████████████▎            |  ETA: 1:06:32
Sampling (4 threads)  58%|█████████████████▍            |  ETA: 1:05:11
Sampling (4 threads)  58%|█████████████████▌            |  ETA: 1:04:14
Sampling (4 threads)  59%|█████████████████▊            |  ETA: 1:02:56
Sampling (4 threads)  60%|█████████████████▉            |  ETA: 1:01:38
Sampling (4 threads)  60%|██████████████████            |  ETA: 1:00:45
Sampling (4 threads)  60%|██████████████████▏           |  ETA: 0:59:30
Sampling (4 threads)  61%|██████████████████▎           |  ETA: 0:58:16
Sampling (4 threads)  62%|██████████████████▌           |  ETA: 0:57:24
Sampling (4 threads)  62%|██████████████████▋           |  ETA: 0:56:12
Sampling (4 threads)  62%|██████████████████▊           |  ETA: 0:55:01
Sampling (4 threads)  63%|██████████████████▉           |  ETA: 0:54:14
Sampling (4 threads)  64%|███████████████████           |  ETA: 0:53:05
Sampling (4 threads)  64%|███████████████████▎          |  ETA: 0:51:57
Sampling (4 threads)  64%|███████████████████▍          |  ETA: 0:50:50
Sampling (4 threads)  65%|███████████████████▌          |  ETA: 0:50:04
Sampling (4 threads)  66%|███████████████████▋          |  ETA: 0:48:58
Sampling (4 threads)  66%|███████████████████▊          |  ETA: 0:47:54
Sampling (4 threads)  66%|████████████████████          |  ETA: 0:47:07
Sampling (4 threads)  67%|████████████████████▏         |  ETA: 0:46:04
Sampling (4 threads)  68%|████████████████████▎         |  ETA: 0:45:02
Sampling (4 threads)  68%|████████████████████▍         |  ETA: 0:44:16
Sampling (4 threads)  68%|████████████████████▌         |  ETA: 0:43:15
Sampling (4 threads)  69%|████████████████████▊         |  ETA: 0:42:16
Sampling (4 threads)  70%|████████████████████▉         |  ETA: 0:41:32
Sampling (4 threads)  70%|█████████████████████         |  ETA: 0:40:33
Sampling (4 threads)  70%|█████████████████████▏        |  ETA: 0:39:36
Sampling (4 threads)  71%|█████████████████████▎        |  ETA: 0:38:54
Sampling (4 threads)  72%|█████████████████████▌        |  ETA: 0:37:57
Sampling (4 threads)  72%|█████████████████████▋        |  ETA: 0:37:02
Sampling (4 threads)  72%|█████████████████████▊        |  ETA: 0:36:20
Sampling (4 threads)  73%|█████████████████████▉        |  ETA: 0:35:25
Sampling (4 threads)  74%|██████████████████████        |  ETA: 0:34:32
Sampling (4 threads)  74%|██████████████████████▎       |  ETA: 0:33:51
Sampling (4 threads)  74%|██████████████████████▍       |  ETA: 0:32:59
Sampling (4 threads)  75%|██████████████████████▌       |  ETA: 0:32:07
Sampling (4 threads)  76%|██████████████████████▋       |  ETA: 0:31:26
Sampling (4 threads)  76%|██████████████████████▊       |  ETA: 0:30:36
Sampling (4 threads)  76%|███████████████████████       |  ETA: 0:29:46
Sampling (4 threads)  77%|███████████████████████▏      |  ETA: 0:29:07
Sampling (4 threads)  78%|███████████████████████▎      |  ETA: 0:28:18
Sampling (4 threads)  78%|███████████████████████▍      |  ETA: 0:27:30
Sampling (4 threads)  78%|███████████████████████▌      |  ETA: 0:26:42
Sampling (4 threads)  79%|███████████████████████▊      |  ETA: 0:26:05
Sampling (4 threads)  80%|███████████████████████▉      |  ETA: 0:25:18
Sampling (4 threads)  80%|████████████████████████      |  ETA: 0:24:32
Sampling (4 threads)  80%|████████████████████████▏     |  ETA: 0:23:53
Sampling (4 threads)  81%|████████████████████████▎     |  ETA: 0:23:07
Sampling (4 threads)  82%|████████████████████████▌     |  ETA: 0:22:22
Sampling (4 threads)  82%|████████████████████████▋     |  ETA: 0:21:41
Sampling (4 threads)  82%|████████████████████████▊     |  ETA: 0:20:59
Sampling (4 threads)  83%|████████████████████████▉     |  ETA: 0:20:19
Sampling (4 threads)  84%|█████████████████████████     |  ETA: 0:19:39
Sampling (4 threads)  84%|█████████████████████████▎    |  ETA: 0:18:57
Sampling (4 threads)  84%|█████████████████████████▍    |  ETA: 0:18:18
Sampling (4 threads)  85%|█████████████████████████▌    |  ETA: 0:17:38
Sampling (4 threads)  86%|█████████████████████████▋    |  ETA: 0:16:58
Sampling (4 threads)  86%|█████████████████████████▊    |  ETA: 0:16:19
Sampling (4 threads)  86%|██████████████████████████    |  ETA: 0:15:41
Sampling (4 threads)  87%|██████████████████████████▏   |  ETA: 0:15:02
Sampling (4 threads)  88%|██████████████████████████▎   |  ETA: 0:14:24
Sampling (4 threads)  88%|██████████████████████████▍   |  ETA: 0:13:46
Sampling (4 threads)  88%|██████████████████████████▌   |  ETA: 0:13:08
Sampling (4 threads)  89%|██████████████████████████▊   |  ETA: 0:12:31
Sampling (4 threads)  90%|██████████████████████████▉   |  ETA: 0:11:53
Sampling (4 threads)  90%|███████████████████████████   |  ETA: 0:11:17
Sampling (4 threads)  90%|███████████████████████████▏  |  ETA: 0:10:41
Sampling (4 threads)  91%|███████████████████████████▎  |  ETA: 0:10:05
Sampling (4 threads)  92%|███████████████████████████▌  |  ETA: 0:09:29
Sampling (4 threads)  92%|███████████████████████████▋  |  ETA: 0:08:54
Sampling (4 threads)  92%|███████████████████████████▊  |  ETA: 0:08:18
Sampling (4 threads)  93%|███████████████████████████▉  |  ETA: 0:07:43
Sampling (4 threads)  94%|████████████████████████████  |  ETA: 0:07:09
Sampling (4 threads)  94%|████████████████████████████▎ |  ETA: 0:06:34
Sampling (4 threads)  94%|████████████████████████████▍ |  ETA: 0:06:00
Sampling (4 threads)  95%|████████████████████████████▌ |  ETA: 0:05:26
Sampling (4 threads)  96%|████████████████████████████▋ |  ETA: 0:04:52
Sampling (4 threads)  96%|████████████████████████████▊ |  ETA: 0:04:19
Sampling (4 threads)  96%|█████████████████████████████ |  ETA: 0:03:46
Sampling (4 threads)  97%|█████████████████████████████▏|  ETA: 0:03:13
Sampling (4 threads)  98%|█████████████████████████████▎|  ETA: 0:02:41
Sampling (4 threads)  98%|█████████████████████████████▍|  ETA: 0:02:09
Sampling (4 threads)  98%|█████████████████████████████▌|  ETA: 0:01:36
Sampling (4 threads)  99%|█████████████████████████████▊|  ETA: 0:01:04
Sampling (4 threads) 100%|█████████████████████████████▉|  ETA: 0:00:32
Sampling (4 threads) 100%|██████████████████████████████| Time: 1:46:35
Sampling (4 threads) 100%|██████████████████████████████| Time: 1:46:35
Precompiling project...
  ✗ DistributionsAD → DistributionsADReverseDiffExt
  0 dependencies successfully precompiled in 46 seconds. 549 already precompiled.
Sampling (4 threads)   0%|                              |  ETA: N/A
┌ Info: Found initial step size
└   ϵ = 0.00078125
┌ Info: Found initial step size
└   ϵ = 0.000390625
┌ Info: Found initial step size
└   ϵ = 0.0015625
┌ Info: Found initial step size
└   ϵ = 0.00078125
Sampling (4 threads)   0%|▏                             |  ETA: 1 days, 2:37:18
Sampling (4 threads)   1%|▎                             |  ETA: 13:14:44
Sampling (4 threads)   2%|▌                             |  ETA: 8:47:08
Sampling (4 threads)   2%|▋                             |  ETA: 15:06:04
Sampling (4 threads)   2%|▊                             |  ETA: 12:01:10
Sampling (4 threads)   3%|▉                             |  ETA: 15:45:11
Sampling (4 threads)   4%|█                             |  ETA: 13:25:59
Sampling (4 threads)   4%|█▎                            |  ETA: 15:55:15
Sampling (4 threads)   4%|█▍                            |  ETA: 14:04:41
Sampling (4 threads)   5%|█▌                            |  ETA: 15:49:04
Sampling (4 threads)   6%|█▋                            |  ETA: 14:18:15
Sampling (4 threads)   6%|█▊                            |  ETA: 15:23:48
Sampling (4 threads)   6%|██                            |  ETA: 14:08:12
Sampling (4 threads)   7%|██▏                           |  ETA: 13:03:24
Sampling (4 threads)   8%|██▎                           |  ETA: 12:07:14
Sampling (4 threads)   8%|██▍                           |  ETA: 11:27:44
Sampling (4 threads)   8%|██▌                           |  ETA: 10:43:46
Sampling (4 threads)   9%|██▊                           |  ETA: 10:13:14
Sampling (4 threads)  10%|██▉                           |  ETA: 9:37:46
Sampling (4 threads)  10%|███                           |  ETA: 9:11:14
Sampling (4 threads)  10%|███▏                          |  ETA: 8:42:04
Sampling (4 threads)  11%|███▎                          |  ETA: 8:20:18
Sampling (4 threads)  12%|███▌                          |  ETA: 7:55:52
Sampling (4 threads)  12%|███▋                          |  ETA: 7:38:45
Sampling (4 threads)  12%|███▊                          |  ETA: 7:17:54
Sampling (4 threads)  13%|███▉                          |  ETA: 6:58:39
Sampling (4 threads)  14%|████                          |  ETA: 6:44:31
Sampling (4 threads)  14%|████▎                         |  ETA: 6:27:49
Sampling (4 threads)  14%|████▍                         |  ETA: 6:15:53
Sampling (4 threads)  15%|████▌                         |  ETA: 6:01:14
Sampling (4 threads)  16%|████▋                         |  ETA: 5:50:18
Sampling (4 threads)  16%|████▊                         |  ETA: 5:37:21
Sampling (4 threads)  16%|█████                         |  ETA: 5:28:11
Sampling (4 threads)  17%|█████▏                        |  ETA: 5:16:38
Sampling (4 threads)  18%|█████▎                        |  ETA: 5:08:27
Sampling (4 threads)  18%|█████▍                        |  ETA: 4:58:04
Sampling (4 threads)  18%|█████▌                        |  ETA: 4:52:40
Sampling (4 threads)  19%|█████▊                        |  ETA: 4:43:13
Sampling (4 threads)  20%|█████▉                        |  ETA: 4:34:15
Sampling (4 threads)  20%|██████                        |  ETA: 4:25:44
Sampling (4 threads)  20%|██████▏                       |  ETA: 4:21:00
Sampling (4 threads)  21%|██████▎                       |  ETA: 4:13:11
Sampling (4 threads)  22%|██████▌                       |  ETA: 4:05:44
Sampling (4 threads)  22%|██████▋                       |  ETA: 4:01:39
Sampling (4 threads)  22%|██████▊                       |  ETA: 3:54:46
Sampling (4 threads)  23%|██████▉                       |  ETA: 3:48:10
Sampling (4 threads)  24%|███████                       |  ETA: 3:43:36
Sampling (4 threads)  24%|███████▎                      |  ETA: 3:37:30
Sampling (4 threads)  24%|███████▍                      |  ETA: 3:33:58
Sampling (4 threads)  25%|███████▌                      |  ETA: 3:28:18
Sampling (4 threads)  26%|███████▋                      |  ETA: 3:22:51
Sampling (4 threads)  26%|███████▊                      |  ETA: 3:19:51
Sampling (4 threads)  26%|████████                      |  ETA: 3:14:45
Sampling (4 threads)  27%|████████▏                     |  ETA: 3:09:51
Sampling (4 threads)  28%|████████▎                     |  ETA: 3:07:10
Sampling (4 threads)  28%|████████▍                     |  ETA: 3:02:34
Sampling (4 threads)  28%|████████▌                     |  ETA: 2:58:07
Sampling (4 threads)  29%|████████▊                     |  ETA: 2:55:44
Sampling (4 threads)  30%|████████▉                     |  ETA: 2:51:33
Sampling (4 threads)  30%|█████████                     |  ETA: 2:47:29
Sampling (4 threads)  30%|█████████▏                    |  ETA: 2:45:46
Sampling (4 threads)  31%|█████████▎                    |  ETA: 2:41:55
Sampling (4 threads)  32%|█████████▌                    |  ETA: 2:38:12
Sampling (4 threads)  32%|█████████▋                    |  ETA: 2:36:15
Sampling (4 threads)  32%|█████████▊                    |  ETA: 2:32:43
Sampling (4 threads)  33%|█████████▉                    |  ETA: 2:29:17
Sampling (4 threads)  34%|██████████                    |  ETA: 2:27:11
Sampling (4 threads)  34%|██████████▎                   |  ETA: 2:23:56
Sampling (4 threads)  34%|██████████▍                   |  ETA: 2:21:59
Sampling (4 threads)  35%|██████████▌                   |  ETA: 2:18:53
Sampling (4 threads)  36%|██████████▋                   |  ETA: 2:17:00
Sampling (4 threads)  36%|██████████▊                   |  ETA: 2:14:03
Sampling (4 threads)  36%|███████████                   |  ETA: 2:11:11
Sampling (4 threads)  37%|███████████▏                  |  ETA: 2:09:43
Sampling (4 threads)  38%|███████████▎                  |  ETA: 2:06:59
Sampling (4 threads)  38%|███████████▍                  |  ETA: 2:04:18
Sampling (4 threads)  38%|███████████▌                  |  ETA: 2:01:42
Sampling (4 threads)  39%|███████████▊                  |  ETA: 2:00:11
Sampling (4 threads)  40%|███████████▉                  |  ETA: 1:57:42
Sampling (4 threads)  40%|████████████                  |  ETA: 1:56:15
Sampling (4 threads)  40%|████████████▏                 |  ETA: 1:53:51
Sampling (4 threads)  41%|████████████▎                 |  ETA: 1:51:31
Sampling (4 threads)  42%|████████████▌                 |  ETA: 1:50:22
Sampling (4 threads)  42%|████████████▋                 |  ETA: 1:48:07
Sampling (4 threads)  42%|████████████▊                 |  ETA: 1:46:48
Sampling (4 threads)  43%|████████████▉                 |  ETA: 1:44:39
Sampling (4 threads)  44%|█████████████                 |  ETA: 1:42:32
Sampling (4 threads)  44%|█████████████▎                |  ETA: 1:41:42
Sampling (4 threads)  44%|█████████████▍                |  ETA: 1:39:40
Sampling (4 threads)  45%|█████████████▌                |  ETA: 1:37:40
Sampling (4 threads)  46%|█████████████▋                |  ETA: 1:35:43
Sampling (4 threads)  46%|█████████████▊                |  ETA: 1:34:36
Sampling (4 threads)  46%|██████████████                |  ETA: 1:32:43
Sampling (4 threads)  47%|██████████████▏               |  ETA: 1:31:29
Sampling (4 threads)  48%|██████████████▎               |  ETA: 1:29:40
Sampling (4 threads)  48%|██████████████▍               |  ETA: 1:27:53
Sampling (4 threads)  48%|██████████████▌               |  ETA: 1:26:48
Sampling (4 threads)  49%|██████████████▊               |  ETA: 1:25:04
Sampling (4 threads)  50%|██████████████▉               |  ETA: 1:24:08
Sampling (4 threads)  50%|███████████████               |  ETA: 1:22:28
Sampling (4 threads)  50%|███████████████▏              |  ETA: 1:20:50
Sampling (4 threads)  51%|███████████████▎              |  ETA: 1:19:49
Sampling (4 threads)  52%|███████████████▌              |  ETA: 1:18:14
Sampling (4 threads)  52%|███████████████▋              |  ETA: 1:17:20
Sampling (4 threads)  52%|███████████████▊              |  ETA: 1:15:48
Sampling (4 threads)  53%|███████████████▉              |  ETA: 1:14:18
Sampling (4 threads)  54%|████████████████              |  ETA: 1:13:45
Sampling (4 threads)  54%|████████████████▎             |  ETA: 1:12:17
Sampling (4 threads)  55%|████████████████▍             |  ETA: 1:10:50
Sampling (4 threads)  55%|████████████████▌             |  ETA: 1:09:26
Sampling (4 threads)  56%|████████████████▋             |  ETA: 1:08:33
Sampling (4 threads)  56%|████████████████▊             |  ETA: 1:07:10
Sampling (4 threads)  56%|█████████████████             |  ETA: 1:06:20
Sampling (4 threads)  57%|█████████████████▏            |  ETA: 1:05:00
Sampling (4 threads)  57%|█████████████████▎            |  ETA: 1:03:41
Sampling (4 threads)  58%|█████████████████▍            |  ETA: 1:03:09
Sampling (4 threads)  58%|█████████████████▌            |  ETA: 1:01:52
Sampling (4 threads)  59%|█████████████████▊            |  ETA: 1:00:36
Sampling (4 threads)  60%|█████████████████▉            |  ETA: 1:00:01
Sampling (4 threads)  60%|██████████████████            |  ETA: 0:58:47
Sampling (4 threads)  60%|██████████████████▏           |  ETA: 0:57:34
Sampling (4 threads)  61%|██████████████████▎           |  ETA: 0:56:22
Sampling (4 threads)  62%|██████████████████▌           |  ETA: 0:55:35
Sampling (4 threads)  62%|██████████████████▋           |  ETA: 0:54:25
Sampling (4 threads)  62%|██████████████████▊           |  ETA: 0:53:34
Sampling (4 threads)  63%|██████████████████▉           |  ETA: 0:52:26
Sampling (4 threads)  64%|███████████████████           |  ETA: 0:51:41
Sampling (4 threads)  64%|███████████████████▎          |  ETA: 0:50:35
Sampling (4 threads)  64%|███████████████████▍          |  ETA: 0:49:29
Sampling (4 threads)  65%|███████████████████▌          |  ETA: 0:48:45
Sampling (4 threads)  66%|███████████████████▋          |  ETA: 0:47:42
Sampling (4 threads)  66%|███████████████████▊          |  ETA: 0:46:59
Sampling (4 threads)  66%|████████████████████          |  ETA: 0:45:56
Sampling (4 threads)  67%|████████████████████▏         |  ETA: 0:45:11
Sampling (4 threads)  68%|████████████████████▎         |  ETA: 0:44:10
Sampling (4 threads)  68%|████████████████████▍         |  ETA: 0:43:10
Sampling (4 threads)  68%|████████████████████▌         |  ETA: 0:42:27
Sampling (4 threads)  69%|████████████████████▊         |  ETA: 0:41:28
Sampling (4 threads)  70%|████████████████████▉         |  ETA: 0:40:47
Sampling (4 threads)  70%|█████████████████████         |  ETA: 0:39:50
Sampling (4 threads)  70%|█████████████████████▏        |  ETA: 0:39:10
Sampling (4 threads)  71%|█████████████████████▎        |  ETA: 0:38:14
Sampling (4 threads)  72%|█████████████████████▌        |  ETA: 0:37:19
Sampling (4 threads)  72%|█████████████████████▋        |  ETA: 0:36:40
Sampling (4 threads)  72%|█████████████████████▊        |  ETA: 0:35:46
Sampling (4 threads)  73%|█████████████████████▉        |  ETA: 0:35:05
Sampling (4 threads)  74%|██████████████████████        |  ETA: 0:34:12
Sampling (4 threads)  74%|██████████████████████▎       |  ETA: 0:33:20
Sampling (4 threads)  74%|██████████████████████▍       |  ETA: 0:32:42
Sampling (4 threads)  75%|██████████████████████▌       |  ETA: 0:31:50
Sampling (4 threads)  76%|██████████████████████▋       |  ETA: 0:31:10
Sampling (4 threads)  76%|██████████████████████▊       |  ETA: 0:30:20
Sampling (4 threads)  76%|███████████████████████       |  ETA: 0:29:31
Sampling (4 threads)  77%|███████████████████████▏      |  ETA: 0:28:58
Sampling (4 threads)  78%|███████████████████████▎      |  ETA: 0:28:09
Sampling (4 threads)  78%|███████████████████████▍      |  ETA: 0:27:21
Sampling (4 threads)  78%|███████████████████████▌      |  ETA: 0:26:43
Sampling (4 threads)  79%|███████████████████████▊      |  ETA: 0:25:56
Sampling (4 threads)  80%|███████████████████████▉      |  ETA: 0:25:18
Sampling (4 threads)  80%|████████████████████████      |  ETA: 0:24:32
Sampling (4 threads)  80%|████████████████████████▏     |  ETA: 0:23:46
Sampling (4 threads)  81%|████████████████████████▎     |  ETA: 0:23:10
Sampling (4 threads)  82%|████████████████████████▌     |  ETA: 0:22:25
Sampling (4 threads)  82%|████████████████████████▋     |  ETA: 0:21:40
Sampling (4 threads)  82%|████████████████████████▊     |  ETA: 0:21:05
Sampling (4 threads)  83%|████████████████████████▉     |  ETA: 0:20:21
Sampling (4 threads)  84%|█████████████████████████     |  ETA: 0:19:38
Sampling (4 threads)  84%|█████████████████████████▎    |  ETA: 0:19:03
Sampling (4 threads)  84%|█████████████████████████▍    |  ETA: 0:18:20
Sampling (4 threads)  85%|█████████████████████████▌    |  ETA: 0:17:45
Sampling (4 threads)  86%|█████████████████████████▋    |  ETA: 0:17:03
Sampling (4 threads)  86%|█████████████████████████▊    |  ETA: 0:16:22
Sampling (4 threads)  86%|██████████████████████████    |  ETA: 0:15:48
Sampling (4 threads)  87%|██████████████████████████▏   |  ETA: 0:15:08
Sampling (4 threads)  88%|██████████████████████████▎   |  ETA: 0:14:28
Sampling (4 threads)  88%|██████████████████████████▍   |  ETA: 0:13:51
Sampling (4 threads)  88%|██████████████████████████▌   |  ETA: 0:13:15
Sampling (4 threads)  89%|██████████████████████████▊   |  ETA: 0:12:37
Sampling (4 threads)  90%|██████████████████████████▉   |  ETA: 0:12:01
Sampling (4 threads)  90%|███████████████████████████   |  ETA: 0:11:25
Sampling (4 threads)  90%|███████████████████████████▏  |  ETA: 0:10:49
Sampling (4 threads)  91%|███████████████████████████▎  |  ETA: 0:10:14
Sampling (4 threads)  92%|███████████████████████████▌  |  ETA: 0:09:39
Sampling (4 threads)  92%|███████████████████████████▋  |  ETA: 0:09:03
Sampling (4 threads)  92%|███████████████████████████▊  |  ETA: 0:08:28
Sampling (4 threads)  93%|███████████████████████████▉  |  ETA: 0:07:53
Sampling (4 threads)  94%|████████████████████████████  |  ETA: 0:07:19
Sampling (4 threads)  94%|████████████████████████████▎ |  ETA: 0:06:44
Sampling (4 threads)  94%|████████████████████████████▍ |  ETA: 0:06:10
Sampling (4 threads)  95%|████████████████████████████▌ |  ETA: 0:05:35
Sampling (4 threads)  96%|████████████████████████████▋ |  ETA: 0:05:01
Sampling (4 threads)  96%|████████████████████████████▊ |  ETA: 0:04:27
Sampling (4 threads)  96%|█████████████████████████████ |  ETA: 0:03:53
Sampling (4 threads)  97%|█████████████████████████████▏|  ETA: 0:03:19
Sampling (4 threads)  98%|█████████████████████████████▎|  ETA: 0:02:46
Sampling (4 threads)  98%|█████████████████████████████▍|  ETA: 0:02:12
Sampling (4 threads)  98%|█████████████████████████████▌|  ETA: 0:01:39
Sampling (4 threads)  99%|█████████████████████████████▊|  ETA: 0:01:06
Sampling (4 threads) 100%|█████████████████████████████▉|  ETA: 0:00:33
Sampling (4 threads) 100%|██████████████████████████████| Time: 1:49:28
Sampling (4 threads) 100%|██████████████████████████████| Time: 1:49:28
Sampling (4 threads)   0%|                              |  ETA: N/A
┌ Info: Found initial step size
└   ϵ = 0.0015625
┌ Info: Found initial step size
└   ϵ = 0.003125
┌ Info: Found initial step size
└   ϵ = 0.0015625
┌ Info: Found initial step size
└   ϵ = 0.003125
Sampling (4 threads)   0%|▏                             |  ETA: 19:11:18
Sampling (4 threads)   1%|▎                             |  ETA: 9:32:51
Sampling (4 threads)   2%|▌                             |  ETA: 1 days, 2:43:18
Sampling (4 threads)   2%|▋                             |  ETA: 19:56:22
Sampling (4 threads)   2%|▊                             |  ETA: 15:52:13
Sampling (4 threads)   3%|▉                             |  ETA: 1 days, 0:25:02
Sampling (4 threads)   4%|█                             |  ETA: 20:49:16
Sampling (4 threads)   4%|█▎                            |  ETA: 18:07:27
Sampling (4 threads)   4%|█▍                            |  ETA: 20:03:03
Sampling (4 threads)   5%|█▌                            |  ETA: 17:57:05
Sampling (4 threads)   6%|█▋                            |  ETA: 16:14:01
Sampling (4 threads)   6%|█▊                            |  ETA: 16:50:35
Sampling (4 threads)   6%|██                            |  ETA: 15:27:53
Sampling (4 threads)   7%|██▏                           |  ETA: 14:17:00
Sampling (4 threads)   8%|██▎                           |  ETA: 14:18:09
Sampling (4 threads)   8%|██▍                           |  ETA: 13:20:10
Sampling (4 threads)   8%|██▌                           |  ETA: 12:29:00
Sampling (4 threads)   9%|██▊                           |  ETA: 11:57:13
Sampling (4 threads)  10%|██▉                           |  ETA: 11:15:44
Sampling (4 threads)  10%|███                           |  ETA: 10:38:24
Sampling (4 threads)  10%|███▏                          |  ETA: 10:15:59
Sampling (4 threads)  11%|███▎                          |  ETA: 9:44:42
Sampling (4 threads)  12%|███▌                          |  ETA: 9:24:12
Sampling (4 threads)  12%|███▋                          |  ETA: 8:57:38
Sampling (4 threads)  12%|███▊                          |  ETA: 8:33:12
Sampling (4 threads)  13%|███▉                          |  ETA: 8:17:15
Sampling (4 threads)  14%|████                          |  ETA: 7:56:05
Sampling (4 threads)  14%|████▎                         |  ETA: 7:36:25
Sampling (4 threads)  14%|████▍                         |  ETA: 7:23:41
Sampling (4 threads)  15%|████▌                         |  ETA: 7:06:23
Sampling (4 threads)  16%|████▋                         |  ETA: 6:56:09
Sampling (4 threads)  16%|████▊                         |  ETA: 6:40:46
Sampling (4 threads)  16%|█████                         |  ETA: 6:26:19
Sampling (4 threads)  17%|█████▏                        |  ETA: 6:18:18
Sampling (4 threads)  18%|█████▎                        |  ETA: 6:05:17
Sampling (4 threads)  18%|█████▍                        |  ETA: 5:52:59
Sampling (4 threads)  18%|█████▌                        |  ETA: 5:41:21
Sampling (4 threads)  19%|█████▊                        |  ETA: 5:34:25
Sampling (4 threads)  20%|█████▉                        |  ETA: 5:23:50
Sampling (4 threads)  20%|██████                        |  ETA: 5:13:47
Sampling (4 threads)  20%|██████▏                       |  ETA: 5:07:49
Sampling (4 threads)  21%|██████▎                       |  ETA: 4:58:36
Sampling (4 threads)  22%|██████▌                       |  ETA: 4:49:49
Sampling (4 threads)  22%|██████▋                       |  ETA: 4:44:34
Sampling (4 threads)  22%|██████▊                       |  ETA: 4:36:28
Sampling (4 threads)  23%|██████▉                       |  ETA: 4:28:42
Sampling (4 threads)  24%|███████                       |  ETA: 4:21:17
Sampling (4 threads)  24%|███████▎                      |  ETA: 4:16:54
Sampling (4 threads)  24%|███████▍                      |  ETA: 4:10:00
Sampling (4 threads)  25%|███████▌                      |  ETA: 4:05:29
Sampling (4 threads)  26%|███████▋                      |  ETA: 3:59:04
Sampling (4 threads)  26%|███████▊                      |  ETA: 3:52:54
Sampling (4 threads)  26%|████████                      |  ETA: 3:46:58
Sampling (4 threads)  27%|████████▏                     |  ETA: 3:43:47
Sampling (4 threads)  28%|████████▎                     |  ETA: 3:38:13
Sampling (4 threads)  28%|████████▍                     |  ETA: 3:34:50
Sampling (4 threads)  28%|████████▌                     |  ETA: 3:29:36
Sampling (4 threads)  29%|████████▊                     |  ETA: 3:24:32
Sampling (4 threads)  30%|████████▉                     |  ETA: 3:19:40
Sampling (4 threads)  30%|█████████                     |  ETA: 3:16:42
Sampling (4 threads)  30%|█████████▏                    |  ETA: 3:12:06
Sampling (4 threads)  31%|█████████▎                    |  ETA: 3:07:38
Sampling (4 threads)  32%|█████████▌                    |  ETA: 3:04:54
Sampling (4 threads)  32%|█████████▋                    |  ETA: 3:00:41
Sampling (4 threads)  32%|█████████▊                    |  ETA: 2:56:36
Sampling (4 threads)  33%|█████████▉                    |  ETA: 2:53:58
Sampling (4 threads)  34%|██████████                    |  ETA: 2:50:05
Sampling (4 threads)  34%|██████████▎                   |  ETA: 2:46:20
Sampling (4 threads)  34%|██████████▍                   |  ETA: 2:43:49
Sampling (4 threads)  35%|██████████▌                   |  ETA: 2:40:15
Sampling (4 threads)  36%|██████████▋                   |  ETA: 2:36:46
Sampling (4 threads)  36%|██████████▊                   |  ETA: 2:34:28
Sampling (4 threads)  36%|███████████                   |  ETA: 2:31:10
Sampling (4 threads)  37%|███████████▏                  |  ETA: 2:27:57
Sampling (4 threads)  38%|███████████▎                  |  ETA: 2:25:48
Sampling (4 threads)  38%|███████████▍                  |  ETA: 2:22:44
Sampling (4 threads)  38%|███████████▌                  |  ETA: 2:19:45
Sampling (4 threads)  39%|███████████▊                  |  ETA: 2:17:45
Sampling (4 threads)  40%|███████████▉                  |  ETA: 2:14:54
Sampling (4 threads)  40%|████████████                  |  ETA: 2:12:07
Sampling (4 threads)  40%|████████████▏                 |  ETA: 2:10:16
Sampling (4 threads)  41%|████████████▎                 |  ETA: 2:07:36
Sampling (4 threads)  42%|████████████▌                 |  ETA: 2:05:49
Sampling (4 threads)  42%|████████████▋                 |  ETA: 2:03:15
Sampling (4 threads)  42%|████████████▊                 |  ETA: 2:00:45
Sampling (4 threads)  43%|████████████▉                 |  ETA: 1:58:19
Sampling (4 threads)  44%|█████████████                 |  ETA: 1:56:47
Sampling (4 threads)  44%|█████████████▎                |  ETA: 1:54:26
Sampling (4 threads)  44%|█████████████▍                |  ETA: 1:52:56
Sampling (4 threads)  45%|█████████████▌                |  ETA: 1:50:40
Sampling (4 threads)  46%|█████████████▋                |  ETA: 1:48:28
Sampling (4 threads)  46%|█████████████▊                |  ETA: 1:46:57
Sampling (4 threads)  46%|██████████████                |  ETA: 1:44:49
Sampling (4 threads)  47%|██████████████▏               |  ETA: 1:42:44
Sampling (4 threads)  48%|██████████████▎               |  ETA: 1:41:25
Sampling (4 threads)  48%|██████████████▍               |  ETA: 1:39:25
Sampling (4 threads)  48%|██████████████▌               |  ETA: 1:37:26
Sampling (4 threads)  49%|██████████████▊               |  ETA: 1:36:12
Sampling (4 threads)  50%|██████████████▉               |  ETA: 1:34:18
Sampling (4 threads)  50%|███████████████               |  ETA: 1:32:26
Sampling (4 threads)  50%|███████████████▏              |  ETA: 1:31:12
Sampling (4 threads)  51%|███████████████▎              |  ETA: 1:29:23
Sampling (4 threads)  52%|███████████████▌              |  ETA: 1:27:37
Sampling (4 threads)  52%|███████████████▋              |  ETA: 1:26:26
Sampling (4 threads)  52%|███████████████▊              |  ETA: 1:24:43
Sampling (4 threads)  53%|███████████████▉              |  ETA: 1:23:03
Sampling (4 threads)  54%|████████████████              |  ETA: 1:21:59
Sampling (4 threads)  54%|████████████████▎             |  ETA: 1:20:21
Sampling (4 threads)  55%|████████████████▍             |  ETA: 1:18:45
Sampling (4 threads)  55%|████████████████▌             |  ETA: 1:17:46
Sampling (4 threads)  56%|████████████████▋             |  ETA: 1:16:12
Sampling (4 threads)  56%|████████████████▊             |  ETA: 1:14:41
Sampling (4 threads)  56%|█████████████████             |  ETA: 1:13:38
Sampling (4 threads)  57%|█████████████████▏            |  ETA: 1:12:09
Sampling (4 threads)  57%|█████████████████▎            |  ETA: 1:10:41
Sampling (4 threads)  58%|█████████████████▍            |  ETA: 1:09:43
Sampling (4 threads)  58%|█████████████████▌            |  ETA: 1:08:17
Sampling (4 threads)  59%|█████████████████▊            |  ETA: 1:06:54
Sampling (4 threads)  60%|█████████████████▉            |  ETA: 1:05:55
Sampling (4 threads)  60%|██████████████████            |  ETA: 1:04:34
Sampling (4 threads)  60%|██████████████████▏           |  ETA: 1:03:14
Sampling (4 threads)  61%|██████████████████▎           |  ETA: 1:02:20
Sampling (4 threads)  62%|██████████████████▌           |  ETA: 1:01:02
Sampling (4 threads)  62%|██████████████████▋           |  ETA: 0:59:46
Sampling (4 threads)  62%|██████████████████▊           |  ETA: 0:58:54
Sampling (4 threads)  63%|██████████████████▉           |  ETA: 0:57:39
Sampling (4 threads)  64%|███████████████████           |  ETA: 0:56:25
Sampling (4 threads)  64%|███████████████████▎          |  ETA: 0:55:32
Sampling (4 threads)  64%|███████████████████▍          |  ETA: 0:54:21
Sampling (4 threads)  65%|███████████████████▌          |  ETA: 0:53:10
Sampling (4 threads)  66%|███████████████████▋          |  ETA: 0:52:20
Sampling (4 threads)  66%|███████████████████▊          |  ETA: 0:51:11
Sampling (4 threads)  66%|████████████████████          |  ETA: 0:50:03
Sampling (4 threads)  67%|████████████████████▏         |  ETA: 0:49:13
Sampling (4 threads)  68%|████████████████████▎         |  ETA: 0:48:07
Sampling (4 threads)  68%|████████████████████▍         |  ETA: 0:47:01
Sampling (4 threads)  68%|████████████████████▌         |  ETA: 0:46:12
Sampling (4 threads)  69%|████████████████████▊         |  ETA: 0:45:09
Sampling (4 threads)  70%|████████████████████▉         |  ETA: 0:44:19
Sampling (4 threads)  70%|█████████████████████         |  ETA: 0:43:17
Sampling (4 threads)  70%|█████████████████████▏        |  ETA: 0:42:16
Sampling (4 threads)  71%|█████████████████████▎        |  ETA: 0:41:28
Sampling (4 threads)  72%|█████████████████████▌        |  ETA: 0:40:28
Sampling (4 threads)  72%|█████████████████████▋        |  ETA: 0:39:29
Sampling (4 threads)  72%|█████████████████████▊        |  ETA: 0:38:43
Sampling (4 threads)  73%|█████████████████████▉        |  ETA: 0:37:45
Sampling (4 threads)  74%|██████████████████████        |  ETA: 0:36:48
Sampling (4 threads)  74%|██████████████████████▎       |  ETA: 0:35:59
Sampling (4 threads)  74%|██████████████████████▍       |  ETA: 0:35:03
Sampling (4 threads)  75%|██████████████████████▌       |  ETA: 0:34:16
Sampling (4 threads)  76%|██████████████████████▋       |  ETA: 0:33:21
Sampling (4 threads)  76%|██████████████████████▊       |  ETA: 0:32:35
Sampling (4 threads)  76%|███████████████████████       |  ETA: 0:31:42
Sampling (4 threads)  77%|███████████████████████▏      |  ETA: 0:30:56
Sampling (4 threads)  78%|███████████████████████▎      |  ETA: 0:30:04
Sampling (4 threads)  78%|███████████████████████▍      |  ETA: 0:29:13
Sampling (4 threads)  78%|███████████████████████▌      |  ETA: 0:28:28
Sampling (4 threads)  79%|███████████████████████▊      |  ETA: 0:27:38
Sampling (4 threads)  80%|███████████████████████▉      |  ETA: 0:26:53
Sampling (4 threads)  80%|████████████████████████      |  ETA: 0:26:04
Sampling (4 threads)  80%|████████████████████████▏     |  ETA: 0:25:21
Sampling (4 threads)  81%|████████████████████████▎     |  ETA: 0:24:33
Sampling (4 threads)  82%|████████████████████████▌     |  ETA: 0:23:45
Sampling (4 threads)  82%|████████████████████████▋     |  ETA: 0:23:02
Sampling (4 threads)  82%|████████████████████████▊     |  ETA: 0:22:19
Sampling (4 threads)  83%|████████████████████████▉     |  ETA: 0:21:34
Sampling (4 threads)  84%|█████████████████████████     |  ETA: 0:20:51
Sampling (4 threads)  84%|█████████████████████████▎    |  ETA: 0:20:08
Sampling (4 threads)  84%|█████████████████████████▍    |  ETA: 0:19:26
Sampling (4 threads)  85%|█████████████████████████▌    |  ETA: 0:18:43
Sampling (4 threads)  86%|█████████████████████████▋    |  ETA: 0:18:01
Sampling (4 threads)  86%|█████████████████████████▊    |  ETA: 0:17:21
Sampling (4 threads)  86%|██████████████████████████    |  ETA: 0:16:39
Sampling (4 threads)  87%|██████████████████████████▏   |  ETA: 0:15:59
Sampling (4 threads)  88%|██████████████████████████▎   |  ETA: 0:15:17
Sampling (4 threads)  88%|██████████████████████████▍   |  ETA: 0:14:38
Sampling (4 threads)  88%|██████████████████████████▌   |  ETA: 0:13:58
Sampling (4 threads)  89%|██████████████████████████▊   |  ETA: 0:13:19
Sampling (4 threads)  90%|██████████████████████████▉   |  ETA: 0:12:39
Sampling (4 threads)  90%|███████████████████████████   |  ETA: 0:12:00
Sampling (4 threads)  90%|███████████████████████████▏  |  ETA: 0:11:22
Sampling (4 threads)  91%|███████████████████████████▎  |  ETA: 0:10:43
Sampling (4 threads)  92%|███████████████████████████▌  |  ETA: 0:10:05
Sampling (4 threads)  92%|███████████████████████████▋  |  ETA: 0:09:27
Sampling (4 threads)  92%|███████████████████████████▊  |  ETA: 0:08:50
Sampling (4 threads)  93%|███████████████████████████▉  |  ETA: 0:08:13
Sampling (4 threads)  94%|████████████████████████████  |  ETA: 0:07:36
Sampling (4 threads)  94%|████████████████████████████▎ |  ETA: 0:06:59
Sampling (4 threads)  94%|████████████████████████████▍ |  ETA: 0:06:23
Sampling (4 threads)  95%|████████████████████████████▌ |  ETA: 0:05:47
Sampling (4 threads)  96%|████████████████████████████▋ |  ETA: 0:05:12
Sampling (4 threads)  96%|████████████████████████████▊ |  ETA: 0:04:36
Sampling (4 threads)  96%|█████████████████████████████ |  ETA: 0:04:01
Sampling (4 threads)  97%|█████████████████████████████▏|  ETA: 0:03:26
Sampling (4 threads)  98%|█████████████████████████████▎|  ETA: 0:02:51
Sampling (4 threads)  98%|█████████████████████████████▍|  ETA: 0:02:16
Sampling (4 threads)  98%|█████████████████████████████▌|  ETA: 0:01:42
Sampling (4 threads)  99%|█████████████████████████████▊|  ETA: 0:01:08
Sampling (4 threads) 100%|█████████████████████████████▉|  ETA: 0:00:34
Sampling (4 threads) 100%|██████████████████████████████| Time: 1:52:19
Sampling (4 threads) 100%|██████████████████████████████| Time: 1:52:20
Precompiling project...
  ✗ DistributionsAD → DistributionsADReverseDiffExt
  0 dependencies successfully precompiled in 70 seconds. 549 already precompiled.
Sampling (4 threads)   0%|                              |  ETA: N/A
┌ Info: Found initial step size
└   ϵ = 0.000390625
┌ Info: Found initial step size
└   ϵ = 0.0001953125
┌ Info: Found initial step size
└   ϵ = 0.000390625
┌ Info: Found initial step size
└   ϵ = 0.00078125
Sampling (4 threads)   0%|▏                             |  ETA: 1 days, 4:57:53
Sampling (4 threads)   1%|▎                             |  ETA: 14:24:41
Sampling (4 threads)   2%|▌                             |  ETA: 9:33:33
Sampling (4 threads)   2%|▋                             |  ETA: 18:31:51
Sampling (4 threads)   2%|▊                             |  ETA: 14:44:56
Sampling (4 threads)   3%|▉                             |  ETA: 12:13:40
Sampling (4 threads)   4%|█                             |  ETA: 16:50:32
Sampling (4 threads)   4%|█▎                            |  ETA: 14:39:38
Sampling (4 threads)   4%|█▍                            |  ETA: 12:57:49
Sampling (4 threads)   5%|█▌                            |  ETA: 13:54:49
Sampling (4 threads)   6%|█▋                            |  ETA: 12:34:55
Sampling (4 threads)   6%|█▊                            |  ETA: 11:52:05
Sampling (4 threads)   6%|██                            |  ETA: 10:53:49
Sampling (4 threads)   7%|██▏                           |  ETA: 10:13:12
Sampling (4 threads)   8%|██▎                           |  ETA: 9:29:15
Sampling (4 threads)   8%|██▍                           |  ETA: 9:05:31
Sampling (4 threads)   8%|██▌                           |  ETA: 8:30:38
Sampling (4 threads)   9%|██▊                           |  ETA: 7:59:38
Sampling (4 threads)  10%|██▉                           |  ETA: 7:41:38
Sampling (4 threads)  10%|███                           |  ETA: 7:16:08
Sampling (4 threads)  10%|███▏                          |  ETA: 7:02:05
Sampling (4 threads)  11%|███▎                          |  ETA: 6:40:39
Sampling (4 threads)  12%|███▌                          |  ETA: 6:32:05
Sampling (4 threads)  12%|███▋                          |  ETA: 6:13:37
Sampling (4 threads)  12%|███▊                          |  ETA: 6:05:16
Sampling (4 threads)  13%|███▉                          |  ETA: 5:49:13
Sampling (4 threads)  14%|████                          |  ETA: 5:34:21
Sampling (4 threads)  14%|████▎                         |  ETA: 5:26:33
Sampling (4 threads)  14%|████▍                         |  ETA: 5:13:27
Sampling (4 threads)  15%|████▌                         |  ETA: 5:07:05
Sampling (4 threads)  16%|████▋                         |  ETA: 4:55:26
Sampling (4 threads)  16%|████▊                         |  ETA: 4:44:31
Sampling (4 threads)  16%|█████                         |  ETA: 4:39:03
Sampling (4 threads)  17%|█████▏                        |  ETA: 4:29:13
Sampling (4 threads)  18%|█████▎                        |  ETA: 4:26:18
Sampling (4 threads)  18%|█████▍                        |  ETA: 4:17:20
Sampling (4 threads)  18%|█████▌                        |  ETA: 4:08:51
Sampling (4 threads)  19%|█████▊                        |  ETA: 4:05:36
Sampling (4 threads)  20%|█████▉                        |  ETA: 3:57:50
Sampling (4 threads)  20%|██████                        |  ETA: 3:54:09
Sampling (4 threads)  20%|██████▏                       |  ETA: 3:47:01
Sampling (4 threads)  21%|██████▎                       |  ETA: 3:43:43
Sampling (4 threads)  22%|██████▌                       |  ETA: 3:37:08
Sampling (4 threads)  22%|██████▋                       |  ETA: 3:30:51
Sampling (4 threads)  22%|██████▊                       |  ETA: 3:27:38
Sampling (4 threads)  23%|██████▉                       |  ETA: 3:21:49
Sampling (4 threads)  24%|███████                       |  ETA: 3:19:21
Sampling (4 threads)  24%|███████▎                      |  ETA: 3:13:55
Sampling (4 threads)  24%|███████▍                      |  ETA: 3:08:42
Sampling (4 threads)  25%|███████▌                      |  ETA: 3:03:43
Sampling (4 threads)  26%|███████▋                      |  ETA: 3:01:57
Sampling (4 threads)  26%|███████▊                      |  ETA: 2:57:16
Sampling (4 threads)  26%|████████                      |  ETA: 2:52:44
Sampling (4 threads)  27%|████████▏                     |  ETA: 2:50:45
Sampling (4 threads)  28%|████████▎                     |  ETA: 2:46:29
Sampling (4 threads)  28%|████████▍                     |  ETA: 2:42:23
Sampling (4 threads)  28%|████████▌                     |  ETA: 2:40:26
Sampling (4 threads)  29%|████████▊                     |  ETA: 2:36:34
Sampling (4 threads)  30%|████████▉                     |  ETA: 2:32:50
Sampling (4 threads)  30%|█████████                     |  ETA: 2:31:07
Sampling (4 threads)  30%|█████████▏                    |  ETA: 2:27:34
Sampling (4 threads)  31%|█████████▎                    |  ETA: 2:24:09
Sampling (4 threads)  32%|█████████▌                    |  ETA: 2:22:53
Sampling (4 threads)  32%|█████████▋                    |  ETA: 2:19:38
Sampling (4 threads)  32%|█████████▊                    |  ETA: 2:16:28
Sampling (4 threads)  33%|█████████▉                    |  ETA: 2:15:11
Sampling (4 threads)  34%|██████████                    |  ETA: 2:12:10
Sampling (4 threads)  34%|██████████▎                   |  ETA: 2:09:15
Sampling (4 threads)  34%|██████████▍                   |  ETA: 2:08:03
Sampling (4 threads)  35%|██████████▌                   |  ETA: 2:05:15
Sampling (4 threads)  36%|██████████▋                   |  ETA: 2:02:32
Sampling (4 threads)  36%|██████████▊                   |  ETA: 2:01:34
Sampling (4 threads)  36%|███████████                   |  ETA: 1:58:58
Sampling (4 threads)  37%|███████████▏                  |  ETA: 1:56:26
Sampling (4 threads)  38%|███████████▎                  |  ETA: 1:55:20
Sampling (4 threads)  38%|███████████▍                  |  ETA: 1:52:55
Sampling (4 threads)  38%|███████████▌                  |  ETA: 1:50:33
Sampling (4 threads)  39%|███████████▊                  |  ETA: 1:49:40
Sampling (4 threads)  40%|███████████▉                  |  ETA: 1:47:23
Sampling (4 threads)  40%|████████████                  |  ETA: 1:45:10
Sampling (4 threads)  40%|████████████▏                 |  ETA: 1:44:07
Sampling (4 threads)  41%|████████████▎                 |  ETA: 1:41:59
Sampling (4 threads)  42%|████████████▌                 |  ETA: 1:39:54
Sampling (4 threads)  42%|████████████▋                 |  ETA: 1:39:19
Sampling (4 threads)  42%|████████████▊                 |  ETA: 1:37:18
Sampling (4 threads)  43%|████████████▉                 |  ETA: 1:35:20
Sampling (4 threads)  44%|█████████████                 |  ETA: 1:33:25
Sampling (4 threads)  44%|█████████████▎                |  ETA: 1:32:42
Sampling (4 threads)  44%|█████████████▍                |  ETA: 1:30:51
Sampling (4 threads)  45%|█████████████▌                |  ETA: 1:29:37
Sampling (4 threads)  46%|█████████████▋                |  ETA: 1:27:50
Sampling (4 threads)  46%|█████████████▊                |  ETA: 1:26:34
Sampling (4 threads)  46%|██████████████                |  ETA: 1:24:50
Sampling (4 threads)  47%|██████████████▏               |  ETA: 1:23:09
Sampling (4 threads)  48%|██████████████▎               |  ETA: 1:22:07
Sampling (4 threads)  48%|██████████████▍               |  ETA: 1:20:30
Sampling (4 threads)  48%|██████████████▌               |  ETA: 1:19:37
Sampling (4 threads)  49%|██████████████▊               |  ETA: 1:18:03
Sampling (4 threads)  50%|██████████████▉               |  ETA: 1:16:30
Sampling (4 threads)  50%|███████████████               |  ETA: 1:15:28
Sampling (4 threads)  50%|███████████████▏              |  ETA: 1:13:58
Sampling (4 threads)  51%|███████████████▎              |  ETA: 1:12:59
Sampling (4 threads)  52%|███████████████▌              |  ETA: 1:11:32
Sampling (4 threads)  52%|███████████████▋              |  ETA: 1:10:44
Sampling (4 threads)  52%|███████████████▊              |  ETA: 1:09:20
Sampling (4 threads)  53%|███████████████▉              |  ETA: 1:08:36
Sampling (4 threads)  54%|████████████████              |  ETA: 1:07:14
Sampling (4 threads)  54%|████████████████▎             |  ETA: 1:05:54
Sampling (4 threads)  55%|████████████████▍             |  ETA: 1:04:35
Sampling (4 threads)  55%|████████████████▌             |  ETA: 1:04:03
Sampling (4 threads)  56%|████████████████▋             |  ETA: 1:02:46
Sampling (4 threads)  56%|████████████████▊             |  ETA: 1:01:30
Sampling (4 threads)  56%|█████████████████             |  ETA: 1:00:58
Sampling (4 threads)  57%|█████████████████▏            |  ETA: 0:59:44
Sampling (4 threads)  57%|█████████████████▎            |  ETA: 0:58:32
Sampling (4 threads)  58%|█████████████████▍            |  ETA: 0:57:52
Sampling (4 threads)  58%|█████████████████▌            |  ETA: 0:56:41
Sampling (4 threads)  59%|█████████████████▊            |  ETA: 0:55:32
Sampling (4 threads)  60%|█████████████████▉            |  ETA: 0:54:51
Sampling (4 threads)  60%|██████████████████            |  ETA: 0:53:44
Sampling (4 threads)  60%|██████████████████▏           |  ETA: 0:52:37
Sampling (4 threads)  61%|██████████████████▎           |  ETA: 0:52:00
Sampling (4 threads)  62%|██████████████████▌           |  ETA: 0:50:55
Sampling (4 threads)  62%|██████████████████▋           |  ETA: 0:49:51
Sampling (4 threads)  62%|██████████████████▊           |  ETA: 0:49:14
Sampling (4 threads)  63%|██████████████████▉           |  ETA: 0:48:12
Sampling (4 threads)  64%|███████████████████           |  ETA: 0:47:10
Sampling (4 threads)  64%|███████████████████▎          |  ETA: 0:46:34
Sampling (4 threads)  64%|███████████████████▍          |  ETA: 0:45:34
Sampling (4 threads)  65%|███████████████████▌          |  ETA: 0:44:34
Sampling (4 threads)  66%|███████████████████▋          |  ETA: 0:43:54
Sampling (4 threads)  66%|███████████████████▊          |  ETA: 0:42:56
Sampling (4 threads)  66%|████████████████████          |  ETA: 0:42:21
Sampling (4 threads)  67%|████████████████████▏         |  ETA: 0:41:25
Sampling (4 threads)  68%|████████████████████▎         |  ETA: 0:40:29
Sampling (4 threads)  68%|████████████████████▍         |  ETA: 0:39:54
Sampling (4 threads)  68%|████████████████████▌         |  ETA: 0:39:00
Sampling (4 threads)  69%|████████████████████▊         |  ETA: 0:38:06
Sampling (4 threads)  70%|████████████████████▉         |  ETA: 0:37:27
Sampling (4 threads)  70%|█████████████████████         |  ETA: 0:36:35
Sampling (4 threads)  70%|█████████████████████▏        |  ETA: 0:35:55
Sampling (4 threads)  71%|█████████████████████▎        |  ETA: 0:35:03
Sampling (4 threads)  72%|█████████████████████▌        |  ETA: 0:34:25
Sampling (4 threads)  72%|█████████████████████▋        |  ETA: 0:33:35
Sampling (4 threads)  72%|█████████████████████▊        |  ETA: 0:32:56
Sampling (4 threads)  73%|█████████████████████▉        |  ETA: 0:32:07
Sampling (4 threads)  74%|██████████████████████        |  ETA: 0:31:35
Sampling (4 threads)  74%|██████████████████████▎       |  ETA: 0:30:47
Sampling (4 threads)  74%|██████████████████████▍       |  ETA: 0:29:59
Sampling (4 threads)  75%|██████████████████████▌       |  ETA: 0:29:29
Sampling (4 threads)  76%|██████████████████████▋       |  ETA: 0:28:42
Sampling (4 threads)  76%|██████████████████████▊       |  ETA: 0:27:56
Sampling (4 threads)  76%|███████████████████████       |  ETA: 0:27:19
Sampling (4 threads)  77%|███████████████████████▏      |  ETA: 0:26:34
Sampling (4 threads)  78%|███████████████████████▎      |  ETA: 0:25:49
Sampling (4 threads)  78%|███████████████████████▍      |  ETA: 0:25:12
Sampling (4 threads)  78%|███████████████████████▌      |  ETA: 0:24:32
Sampling (4 threads)  79%|███████████████████████▊      |  ETA: 0:23:54
Sampling (4 threads)  80%|███████████████████████▉      |  ETA: 0:23:16
Sampling (4 threads)  80%|████████████████████████      |  ETA: 0:22:36
Sampling (4 threads)  80%|████████████████████████▏     |  ETA: 0:21:59
Sampling (4 threads)  81%|████████████████████████▎     |  ETA: 0:21:20
Sampling (4 threads)  82%|████████████████████████▌     |  ETA: 0:20:44
Sampling (4 threads)  82%|████████████████████████▋     |  ETA: 0:20:06
Sampling (4 threads)  82%|████████████████████████▊     |  ETA: 0:19:28
Sampling (4 threads)  83%|████████████████████████▉     |  ETA: 0:18:52
Sampling (4 threads)  84%|█████████████████████████     |  ETA: 0:18:16
Sampling (4 threads)  84%|█████████████████████████▎    |  ETA: 0:17:39
Sampling (4 threads)  84%|█████████████████████████▍    |  ETA: 0:17:03
Sampling (4 threads)  85%|█████████████████████████▌    |  ETA: 0:16:27
Sampling (4 threads)  86%|█████████████████████████▋    |  ETA: 0:15:52
Sampling (4 threads)  86%|█████████████████████████▊    |  ETA: 0:15:16
Sampling (4 threads)  86%|██████████████████████████    |  ETA: 0:14:41
Sampling (4 threads)  87%|██████████████████████████▏   |  ETA: 0:14:07
Sampling (4 threads)  88%|██████████████████████████▎   |  ETA: 0:13:31
Sampling (4 threads)  88%|██████████████████████████▍   |  ETA: 0:12:57
Sampling (4 threads)  88%|██████████████████████████▌   |  ETA: 0:12:23
Sampling (4 threads)  89%|██████████████████████████▊   |  ETA: 0:11:48
Sampling (4 threads)  90%|██████████████████████████▉   |  ETA: 0:11:14
Sampling (4 threads)  90%|███████████████████████████   |  ETA: 0:10:40
Sampling (4 threads)  90%|███████████████████████████▏  |  ETA: 0:10:07
Sampling (4 threads)  91%|███████████████████████████▎  |  ETA: 0:09:34
Sampling (4 threads)  92%|███████████████████████████▌  |  ETA: 0:09:01
Sampling (4 threads)  92%|███████████████████████████▋  |  ETA: 0:08:28
Sampling (4 threads)  92%|███████████████████████████▊  |  ETA: 0:07:55
Sampling (4 threads)  93%|███████████████████████████▉  |  ETA: 0:07:22
Sampling (4 threads)  94%|████████████████████████████  |  ETA: 0:06:50
Sampling (4 threads)  94%|████████████████████████████▎ |  ETA: 0:06:18
Sampling (4 threads)  94%|████████████████████████████▍ |  ETA: 0:05:46
Sampling (4 threads)  95%|████████████████████████████▌ |  ETA: 0:05:14
Sampling (4 threads)  96%|████████████████████████████▋ |  ETA: 0:04:42
Sampling (4 threads)  96%|████████████████████████████▊ |  ETA: 0:04:10
Sampling (4 threads)  96%|█████████████████████████████ |  ETA: 0:03:38
Sampling (4 threads)  97%|█████████████████████████████▏|  ETA: 0:03:06
Sampling (4 threads)  98%|█████████████████████████████▎|  ETA: 0:02:35
Sampling (4 threads)  98%|█████████████████████████████▍|  ETA: 0:02:04
Sampling (4 threads)  98%|█████████████████████████████▌|  ETA: 0:01:33
Sampling (4 threads)  99%|█████████████████████████████▊|  ETA: 0:01:02
Sampling (4 threads) 100%|█████████████████████████████▉|  ETA: 0:00:31
Sampling (4 threads) 100%|██████████████████████████████| Time: 1:42:48
Sampling (4 threads) 100%|██████████████████████████████| Time: 1:42:48
ERROR: LoadError: MethodError: no method matching plotGraphs(::String, ::Vector{String}, ::Vector{RGB{Float64}}, ::Int64)

Closest candidates are:
  plotGraphs(::Any, ::Any, ::Any, ::Any, !Matched::Any)
   @ Main ~/bayesian/BC4/Bayes/wordType_experiments/plottingFuncs.jl:261

Stacktrace:
 [1] concludeAndPlot(m::Chains{Float64, AxisArray{Float64, 3, Array{Float64, 3}, Tuple{Axis{:iter, StepRange{Int64, Int64}}, Axis{:var, Vector{Symbol}}, Axis{:chain, UnitRange{Int64}}}}, Missing, @NamedTuple{parameters::Vector{Symbol}, internals::Vector{Symbol}}, @NamedTuple{varname_to_symbol::OrderedDict{AbstractPPL.VarName, Symbol}, start_time::Vector{Float64}, stop_time::Vector{Float64}, samplerstate::Vector{Nothing}}}, output_loc::String, pc::Int64, wordTypes::Vector{String}, cols::Vector{RGB{Float64}}, noPCS::Int64)
   @ Main ~/bayesian/BC4/Bayes/wordType_experiments/plottingFuncs.jl:21
 [2] runModel(model::DynamicPPL.Model{typeof(model_exp), (:participant, :word, :surprisal, :tags, :PCA, :ExpMean, :cauchyMean, :NUM_TYPES, :NUM_PARTICIPANTS), (), (), Tuple{Vector{Int64}, Vector{Float64}, Vector{Float64}, Vector{Int64}, Vector{Float64}, Float64, Float64, Int64, Int64}, Tuple{}, DynamicPPL.DefaultContext}, df_modified::DataFrame, dfPCA::DataFrame, pc::Int64, NUM_PARTICIPANTS::Int64, NUM_WORDS::Int64, TYPE_STRUCTURE::String, NUM_TYPES::Int64, wordTypes::Vector{String}, cols::Vector{RGB{Float64}}, isPlotting::Int64, analyseEssRhat::Int64, output_loc::String, expMean::Float64, cauchyMean::Float64, noPCS::Int64, noInChain::Int64)
   @ Main ~/bayesian/BC4/Bayes/wordType_experiments/model_master.jl:134
 [3] top-level scope
   @ ~/bayesian/BC4/Bayes/wordType_experiments/models/__3/model.jl:15
in expression starting at /user/home/em18564/bayesian/BC4/Bayes/wordType_experiments/models/__3/model.jl:15
