Running on host bp1-compute145
Time is Fri Sep 18 15:35:11 BST 2026
Directory is /user/home/em18564/bayesian/BC4/Bayes/wordType_experiments/models/___reducedWidthSigs
Slurm job ID is 18993541
This job runs on the following machines:
bp1-compute145
cpu-bind=MASK - bp1-compute136, task  0  0 [3648318]: mask 0x1800000018000000 set
Running on host bp1-compute136
Time is Fri Sep 18 15:35:11 BST 2026
Directory is /user/home/em18564/bayesian/BC4/Bayes/wordType_experiments/models/___reducedWidthSigs
Slurm job ID is 18993540
This job runs on the following machines:
bp1-compute136
Running on host bp1-compute148
Time is Fri Sep 18 15:35:13 BST 2026
Directory is /user/home/em18564/bayesian/BC4/Bayes/wordType_experiments/models/___reducedWidthSigs
Slurm job ID is 18993542
This job runs on the following machines:
bp1-compute148
Precompiling project...
    DistributionsADReverseDiffExt Being precompiled by another machine (hostname: bp1-compute122, pid: 356549, pidfile: /user/home/em18564/.julia/compiled/v1.10/DistributionsADReverseDiffExt/hY00X_4RpdW.ji.pidfile)
  ✗ DistributionsAD → DistributionsADReverseDiffExt
  0 dependencies successfully precompiled in 110 seconds. 549 already precompiled.
┌ Warning: Runtime invalidation was disabled, but the CPU info is out-of-date.
│ Will continue with incorrect CPU name (from build time).
└ @ HostCPUFeatures ~/.julia/packages/HostCPUFeatures/ZTXz4/src/cpu_info.jl:71
┌ Warning: Runtime invalidation was disabled, but the CPU info is out-of-date.
│ Will continue with incorrect CPU feature flag: +avx512vnni.
└ @ HostCPUFeatures ~/.julia/packages/HostCPUFeatures/ZTXz4/src/cpu_info.jl:56
┌ Warning: Runtime invalidation was disabled, but the CPU info is out-of-date.
│ Will continue with incorrect CPU feature flag: -rtm.
└ @ HostCPUFeatures ~/.julia/packages/HostCPUFeatures/ZTXz4/src/cpu_info.jl:56
Sampling (4 threads)   0%|                              |  ETA: N/A
┌ Info: Found initial step size
└   ϵ = 0.0015625
┌ Info: Found initial step size
└   ϵ = 0.0015625
┌ Info: Found initial step size
└   ϵ = 0.000390625
┌ Info: Found initial step size
└   ϵ = 0.0015625
Sampling (4 threads)   0%|▏                             |  ETA: 1 days, 9:29:36
Sampling (4 threads)   1%|▎                             |  ETA: 16:39:49
Sampling (4 threads)   2%|▌                             |  ETA: 11:03:11
Sampling (4 threads)   2%|▋                             |  ETA: 1 days, 1:06:29
Sampling (4 threads)   2%|▊                             |  ETA: 19:59:02
Sampling (4 threads)   3%|▉                             |  ETA: 16:34:05
Sampling (4 threads)   4%|█                             |  ETA: 23:27:47
Sampling (4 threads)   4%|█▎                            |  ETA: 20:25:26
Sampling (4 threads)   4%|█▍                            |  ETA: 18:03:36
Sampling (4 threads)   5%|█▌                            |  ETA: 19:57:38
Sampling (4 threads)   6%|█▋                            |  ETA: 18:03:02
Sampling (4 threads)   6%|█▊                            |  ETA: 16:27:31
Sampling (4 threads)   6%|██                            |  ETA: 16:01:31
Sampling (4 threads)   7%|██▏                           |  ETA: 14:48:04
Sampling (4 threads)   8%|██▎                           |  ETA: 14:39:37
Sampling (4 threads)   8%|██▍                           |  ETA: 13:40:11
Sampling (4 threads)   8%|██▌                           |  ETA: 13:11:02
Sampling (4 threads)   9%|██▊                           |  ETA: 12:23:01
Sampling (4 threads)  10%|██▉                           |  ETA: 11:40:02
Sampling (4 threads)  10%|███                           |  ETA: 11:19:49
Sampling (4 threads)  10%|███▏                          |  ETA: 10:43:51
Sampling (4 threads)  11%|███▎                          |  ETA: 10:25:34
Sampling (4 threads)  12%|███▌                          |  ETA: 9:55:01
Sampling (4 threads)  12%|███▋                          |  ETA: 9:41:20
Sampling (4 threads)  12%|███▊                          |  ETA: 9:14:54
Sampling (4 threads)  13%|███▉                          |  ETA: 8:50:31
Sampling (4 threads)  14%|████                          |  ETA: 8:39:47
Sampling (4 threads)  14%|████▎                         |  ETA: 8:18:19
Sampling (4 threads)  14%|████▍                         |  ETA: 7:58:20
Sampling (4 threads)  15%|████▌                         |  ETA: 7:47:25
Sampling (4 threads)  16%|████▋                         |  ETA: 7:29:41
Sampling (4 threads)  16%|████▊                         |  ETA: 7:20:09
Sampling (4 threads)  16%|█████                         |  ETA: 7:04:16
Sampling (4 threads)  17%|█████▏                        |  ETA: 6:49:19
Sampling (4 threads)  18%|█████▎                        |  ETA: 6:45:40
Sampling (4 threads)  18%|█████▍                        |  ETA: 6:32:00
Sampling (4 threads)  18%|█████▌                        |  ETA: 6:19:05
Sampling (4 threads)  19%|█████▊                        |  ETA: 6:11:47
Sampling (4 threads)  20%|█████▉                        |  ETA: 6:00:01
Sampling (4 threads)  20%|██████                        |  ETA: 5:53:09
Sampling (4 threads)  20%|██████▏                       |  ETA: 5:42:23
Sampling (4 threads)  21%|██████▎                       |  ETA: 5:36:30
Sampling (4 threads)  22%|██████▌                       |  ETA: 5:26:36
Sampling (4 threads)  22%|██████▋                       |  ETA: 5:21:56
Sampling (4 threads)  22%|██████▊                       |  ETA: 5:12:46
Sampling (4 threads)  23%|██████▉                       |  ETA: 5:08:10
Sampling (4 threads)  24%|███████                       |  ETA: 4:59:39
Sampling (4 threads)  24%|███████▎                      |  ETA: 4:55:20
Sampling (4 threads)  24%|███████▍                      |  ETA: 4:47:24
Sampling (4 threads)  25%|███████▌                      |  ETA: 4:39:47
Sampling (4 threads)  26%|███████▋                      |  ETA: 4:35:19
Sampling (4 threads)  26%|███████▊                      |  ETA: 4:28:13
Sampling (4 threads)  26%|████████                      |  ETA: 4:26:26
Sampling (4 threads)  27%|████████▏                     |  ETA: 4:19:43
Sampling (4 threads)  28%|████████▎                     |  ETA: 4:13:15
Sampling (4 threads)  28%|████████▍                     |  ETA: 4:07:01
Sampling (4 threads)  28%|████████▌                     |  ETA: 4:06:18
Sampling (4 threads)  29%|████████▊                     |  ETA: 4:00:21
Sampling (4 threads)  30%|████████▉                     |  ETA: 3:54:37
Sampling (4 threads)  30%|█████████                     |  ETA: 3:52:43
Sampling (4 threads)  30%|█████████▏                    |  ETA: 3:47:16
Sampling (4 threads)  31%|█████████▎                    |  ETA: 3:44:49
Sampling (4 threads)  32%|█████████▌                    |  ETA: 3:39:39
Sampling (4 threads)  32%|█████████▋                    |  ETA: 3:38:27
Sampling (4 threads)  32%|█████████▊                    |  ETA: 3:33:31
Sampling (4 threads)  33%|█████████▉                    |  ETA: 3:28:43
Sampling (4 threads)  34%|██████████                    |  ETA: 3:24:04
Sampling (4 threads)  34%|██████████▎                   |  ETA: 3:23:28
Sampling (4 threads)  34%|██████████▍                   |  ETA: 3:19:00
Sampling (4 threads)  35%|██████████▌                   |  ETA: 3:14:40
Sampling (4 threads)  36%|██████████▋                   |  ETA: 3:12:26
Sampling (4 threads)  36%|██████████▊                   |  ETA: 3:08:18
Sampling (4 threads)  36%|███████████                   |  ETA: 3:07:27
Sampling (4 threads)  37%|███████████▏                  |  ETA: 3:03:28
Sampling (4 threads)  38%|███████████▎                  |  ETA: 2:59:35
Sampling (4 threads)  38%|███████████▍                  |  ETA: 2:55:48
Sampling (4 threads)  38%|███████████▌                  |  ETA: 2:55:40
Sampling (4 threads)  39%|███████████▊                  |  ETA: 2:52:00
Sampling (4 threads)  40%|███████████▉                  |  ETA: 2:48:26
Sampling (4 threads)  40%|████████████                  |  ETA: 2:47:00
Sampling (4 threads)  40%|████████████▏                 |  ETA: 2:43:34
Sampling (4 threads)  41%|████████████▎                 |  ETA: 2:41:58
Sampling (4 threads)  42%|████████████▌                 |  ETA: 2:38:39
Sampling (4 threads)  42%|████████████▋                 |  ETA: 2:36:44
Sampling (4 threads)  42%|████████████▊                 |  ETA: 2:33:34
Sampling (4 threads)  43%|████████████▉                 |  ETA: 2:33:32
Sampling (4 threads)  44%|█████████████                 |  ETA: 2:30:26
Sampling (4 threads)  44%|█████████████▎                |  ETA: 2:27:25
Sampling (4 threads)  44%|█████████████▍                |  ETA: 2:24:27
Sampling (4 threads)  45%|█████████████▌                |  ETA: 2:24:06
Sampling (4 threads)  46%|█████████████▋                |  ETA: 2:21:13
Sampling (4 threads)  46%|█████████████▊                |  ETA: 2:18:24
Sampling (4 threads)  46%|██████████████                |  ETA: 2:17:24
Sampling (4 threads)  47%|██████████████▏               |  ETA: 2:14:40
Sampling (4 threads)  48%|██████████████▎               |  ETA: 2:13:19
Sampling (4 threads)  48%|██████████████▍               |  ETA: 2:10:41
Sampling (4 threads)  48%|██████████████▌               |  ETA: 2:08:05
Sampling (4 threads)  49%|██████████████▊               |  ETA: 2:06:58
Sampling (4 threads)  50%|██████████████▉               |  ETA: 2:04:27
Sampling (4 threads)  50%|███████████████               |  ETA: 2:03:37
Sampling (4 threads)  50%|███████████████▏              |  ETA: 2:01:10
Sampling (4 threads)  51%|███████████████▎              |  ETA: 1:58:46
Sampling (4 threads)  52%|███████████████▌              |  ETA: 1:57:25
Sampling (4 threads)  52%|███████████████▋              |  ETA: 1:55:05
Sampling (4 threads)  52%|███████████████▊              |  ETA: 1:53:37
Sampling (4 threads)  53%|███████████████▉              |  ETA: 1:51:22
Sampling (4 threads)  54%|████████████████              |  ETA: 1:50:05
Sampling (4 threads)  54%|████████████████▎             |  ETA: 1:47:54
Sampling (4 threads)  55%|████████████████▍             |  ETA: 1:46:55
Sampling (4 threads)  55%|████████████████▌             |  ETA: 1:44:47
Sampling (4 threads)  56%|████████████████▋             |  ETA: 1:42:41
Sampling (4 threads)  56%|████████████████▊             |  ETA: 1:42:19
Sampling (4 threads)  56%|█████████████████             |  ETA: 1:40:15
Sampling (4 threads)  57%|█████████████████▏            |  ETA: 1:38:14
Sampling (4 threads)  57%|█████████████████▎            |  ETA: 1:36:15
Sampling (4 threads)  58%|█████████████████▍            |  ETA: 1:35:24
Sampling (4 threads)  58%|█████████████████▌            |  ETA: 1:33:27
Sampling (4 threads)  59%|█████████████████▊            |  ETA: 1:32:36
Sampling (4 threads)  60%|█████████████████▉            |  ETA: 1:30:42
Sampling (4 threads)  60%|██████████████████            |  ETA: 1:29:50
Sampling (4 threads)  60%|██████████████████▏           |  ETA: 1:27:59
Sampling (4 threads)  61%|██████████████████▎           |  ETA: 1:26:10
Sampling (4 threads)  62%|██████████████████▌           |  ETA: 1:25:13
Sampling (4 threads)  62%|██████████████████▋           |  ETA: 1:23:26
Sampling (4 threads)  62%|██████████████████▊           |  ETA: 1:22:21
Sampling (4 threads)  63%|██████████████████▉           |  ETA: 1:20:37
Sampling (4 threads)  64%|███████████████████           |  ETA: 1:19:28
Sampling (4 threads)  64%|███████████████████▎          |  ETA: 1:17:46
Sampling (4 threads)  64%|███████████████████▍          |  ETA: 1:16:06
Sampling (4 threads)  65%|███████████████████▌          |  ETA: 1:15:27
Sampling (4 threads)  66%|███████████████████▋          |  ETA: 1:13:49
Sampling (4 threads)  66%|███████████████████▊          |  ETA: 1:12:11
Sampling (4 threads)  66%|████████████████████          |  ETA: 1:11:14
Sampling (4 threads)  67%|████████████████████▏         |  ETA: 1:09:39
Sampling (4 threads)  68%|████████████████████▎         |  ETA: 1:08:43
Sampling (4 threads)  68%|████████████████████▍         |  ETA: 1:07:10
Sampling (4 threads)  68%|████████████████████▌         |  ETA: 1:06:08
Sampling (4 threads)  69%|████████████████████▊         |  ETA: 1:04:37
Sampling (4 threads)  70%|████████████████████▉         |  ETA: 1:03:07
Sampling (4 threads)  70%|█████████████████████         |  ETA: 1:02:11
Sampling (4 threads)  70%|█████████████████████▏        |  ETA: 1:00:43
Sampling (4 threads)  71%|█████████████████████▎        |  ETA: 1:00:05
Sampling (4 threads)  72%|█████████████████████▌        |  ETA: 0:58:38
Sampling (4 threads)  72%|█████████████████████▋        |  ETA: 0:57:12
Sampling (4 threads)  72%|█████████████████████▊        |  ETA: 0:55:48
Sampling (4 threads)  73%|█████████████████████▉        |  ETA: 0:54:54
Sampling (4 threads)  74%|██████████████████████        |  ETA: 0:53:31
Sampling (4 threads)  74%|██████████████████████▎       |  ETA: 0:52:37
Sampling (4 threads)  74%|██████████████████████▍       |  ETA: 0:51:15
Sampling (4 threads)  75%|██████████████████████▌       |  ETA: 0:50:20
Sampling (4 threads)  76%|██████████████████████▋       |  ETA: 0:49:00
Sampling (4 threads)  76%|██████████████████████▊       |  ETA: 0:48:05
Sampling (4 threads)  76%|███████████████████████       |  ETA: 0:46:46
Sampling (4 threads)  77%|███████████████████████▏      |  ETA: 0:45:29
Sampling (4 threads)  78%|███████████████████████▎      |  ETA: 0:44:36
Sampling (4 threads)  78%|███████████████████████▍      |  ETA: 0:43:19
Sampling (4 threads)  78%|███████████████████████▌      |  ETA: 0:42:20
Sampling (4 threads)  79%|███████████████████████▊      |  ETA: 0:41:06
Sampling (4 threads)  80%|███████████████████████▉      |  ETA: 0:40:11
Sampling (4 threads)  80%|████████████████████████      |  ETA: 0:38:58
Sampling (4 threads)  80%|████████████████████████▏     |  ETA: 0:37:45
Sampling (4 threads)  81%|████████████████████████▎     |  ETA: 0:36:50
Sampling (4 threads)  82%|████████████████████████▌     |  ETA: 0:35:38
Sampling (4 threads)  82%|████████████████████████▋     |  ETA: 0:34:50
Sampling (4 threads)  82%|████████████████████████▊     |  ETA: 0:33:40
Sampling (4 threads)  83%|████████████████████████▉     |  ETA: 0:32:30
Sampling (4 threads)  84%|█████████████████████████     |  ETA: 0:31:41
Sampling (4 threads)  84%|█████████████████████████▎    |  ETA: 0:30:32
Sampling (4 threads)  84%|█████████████████████████▍    |  ETA: 0:29:25
Sampling (4 threads)  85%|█████████████████████████▌    |  ETA: 0:28:34
Sampling (4 threads)  86%|█████████████████████████▋    |  ETA: 0:27:27
Sampling (4 threads)  86%|█████████████████████████▊    |  ETA: 0:26:21
Sampling (4 threads)  86%|██████████████████████████    |  ETA: 0:25:30
Sampling (4 threads)  87%|██████████████████████████▏   |  ETA: 0:24:25
Sampling (4 threads)  88%|██████████████████████████▎   |  ETA: 0:23:20
Sampling (4 threads)  88%|██████████████████████████▍   |  ETA: 0:22:31
Sampling (4 threads)  88%|██████████████████████████▌   |  ETA: 0:21:28
Sampling (4 threads)  89%|██████████████████████████▊   |  ETA: 0:20:25
Sampling (4 threads)  90%|██████████████████████████▉   |  ETA: 0:19:33
Sampling (4 threads)  90%|███████████████████████████   |  ETA: 0:18:31
Sampling (4 threads)  90%|███████████████████████████▏  |  ETA: 0:17:30
Sampling (4 threads)  91%|███████████████████████████▎  |  ETA: 0:16:40
Sampling (4 threads)  92%|███████████████████████████▌  |  ETA: 0:15:39
Sampling (4 threads)  92%|███████████████████████████▋  |  ETA: 0:14:39
Sampling (4 threads)  92%|███████████████████████████▊  |  ETA: 0:13:43
Sampling (4 threads)  93%|███████████████████████████▉  |  ETA: 0:12:48
Sampling (4 threads)  94%|████████████████████████████  |  ETA: 0:11:52
Sampling (4 threads)  94%|████████████████████████████▎ |  ETA: 0:10:57
Sampling (4 threads)  94%|████████████████████████████▍ |  ETA: 0:10:02
Sampling (4 threads)  95%|████████████████████████████▌ |  ETA: 0:09:06
Sampling (4 threads)  96%|████████████████████████████▋ |  ETA: 0:08:11
Sampling (4 threads)  96%|████████████████████████████▊ |  ETA: 0:07:19
Sampling (4 threads)  96%|█████████████████████████████ |  ETA: 0:06:26
Sampling (4 threads)  97%|█████████████████████████████▏|  ETA: 0:05:32
Sampling (4 threads)  98%|█████████████████████████████▎|  ETA: 0:04:39
Sampling (4 threads)  98%|█████████████████████████████▍|  ETA: 0:03:44
Sampling (4 threads)  98%|█████████████████████████████▌|  ETA: 0:02:49
Sampling (4 threads)  99%|█████████████████████████████▊|  ETA: 0:01:53
Sampling (4 threads) 100%|█████████████████████████████▉|  ETA: 0:00:57
Sampling (4 threads) 100%|██████████████████████████████| Time: 3:10:40
Sampling (4 threads) 100%|██████████████████████████████| Time: 3:10:41
Precompiling project...
    DistributionsADReverseDiffExt Being precompiled by another machine (hostname: bp1-compute122, pid: 356549, pidfile: /user/home/em18564/.julia/compiled/v1.10/DistributionsADReverseDiffExt/hY00X_4RpdW.ji.pidfile)
  ✗ DistributionsAD → DistributionsADReverseDiffExt
  0 dependencies successfully precompiled in 145 seconds. 549 already precompiled.
┌ Warning: Runtime invalidation was disabled, but the CPU info is out-of-date.
│ Will continue with incorrect CPU name (from build time).
└ @ HostCPUFeatures ~/.julia/packages/HostCPUFeatures/ZTXz4/src/cpu_info.jl:71
┌ Warning: Runtime invalidation was disabled, but the CPU info is out-of-date.
│ Will continue with incorrect CPU feature flag: +avx512vnni.
└ @ HostCPUFeatures ~/.julia/packages/HostCPUFeatures/ZTXz4/src/cpu_info.jl:56
┌ Warning: Runtime invalidation was disabled, but the CPU info is out-of-date.
│ Will continue with incorrect CPU feature flag: -rtm.
└ @ HostCPUFeatures ~/.julia/packages/HostCPUFeatures/ZTXz4/src/cpu_info.jl:56
Sampling (4 threads)   0%|                              |  ETA: N/A
┌ Info: Found initial step size
└   ϵ = 0.003125
┌ Info: Found initial step size
└   ϵ = 0.000390625
┌ Info: Found initial step size
└   ϵ = 0.00078125
┌ Info: Found initial step size
└   ϵ = 0.003125
Sampling (4 threads)   0%|▏                             |  ETA: 2 days, 9:54:05
Sampling (4 threads)   1%|▎                             |  ETA: 1 days, 4:48:21
Sampling (4 threads)   2%|▌                             |  ETA: 19:06:25
Sampling (4 threads)   2%|▋                             |  ETA: 1 days, 15:57:22
Sampling (4 threads)   2%|▊                             |  ETA: 1 days, 7:48:07
Sampling (4 threads)   3%|▉                             |  ETA: 1 days, 2:21:56
Sampling (4 threads)   4%|█                             |  ETA: 22:28:58
Sampling (4 threads)   4%|█▎                            |  ETA: 1 days, 8:27:44
Sampling (4 threads)   4%|█▍                            |  ETA: 1 days, 4:42:18
Sampling (4 threads)   5%|█▌                            |  ETA: 1 days, 1:41:57
Sampling (4 threads)   6%|█▋                            |  ETA: 1 days, 3:47:27
Sampling (4 threads)   6%|█▊                            |  ETA: 1 days, 1:20:24
Sampling (4 threads)   6%|██                            |  ETA: 23:15:59
Sampling (4 threads)   7%|██▏                           |  ETA: 22:14:32
Sampling (4 threads)   8%|██▎                           |  ETA: 20:38:52
Sampling (4 threads)   8%|██▍                           |  ETA: 19:50:25
Sampling (4 threads)   8%|██▌                           |  ETA: 18:34:18
Sampling (4 threads)   9%|██▊                           |  ETA: 17:54:43
Sampling (4 threads)  10%|██▉                           |  ETA: 16:52:33
Sampling (4 threads)  10%|███                           |  ETA: 16:15:46
Sampling (4 threads)  10%|███▏                          |  ETA: 15:24:09
Sampling (4 threads)  11%|███▎                          |  ETA: 14:55:44
Sampling (4 threads)  12%|███▌                          |  ETA: 14:11:58
Sampling (4 threads)  12%|███▋                          |  ETA: 13:31:52
Sampling (4 threads)  12%|███▊                          |  ETA: 12:54:57
Sampling (4 threads)  13%|███▉                          |  ETA: 12:36:00
Sampling (4 threads)  14%|████                          |  ETA: 12:03:49
Sampling (4 threads)  14%|████▎                         |  ETA: 11:33:56
Sampling (4 threads)  14%|████▍                         |  ETA: 11:19:33
Sampling (4 threads)  15%|████▌                         |  ETA: 10:53:04
Sampling (4 threads)  16%|████▋                         |  ETA: 10:28:17
Sampling (4 threads)  16%|████▊                         |  ETA: 10:16:42
Sampling (4 threads)  16%|█████                         |  ETA: 9:54:27
Sampling (4 threads)  17%|█████▏                        |  ETA: 9:42:36
Sampling (4 threads)  18%|█████▎                        |  ETA: 9:22:33
Sampling (4 threads)  18%|█████▍                        |  ETA: 9:03:36
Sampling (4 threads)  18%|█████▌                        |  ETA: 8:45:41
Sampling (4 threads)  19%|█████▊                        |  ETA: 8:38:30
Sampling (4 threads)  20%|█████▉                        |  ETA: 8:22:05
Sampling (4 threads)  20%|██████                        |  ETA: 8:06:29
Sampling (4 threads)  20%|██████▏                       |  ETA: 7:59:33
Sampling (4 threads)  21%|██████▎                       |  ETA: 7:45:11
Sampling (4 threads)  22%|██████▌                       |  ETA: 7:31:29
Sampling (4 threads)  22%|██████▋                       |  ETA: 7:25:04
Sampling (4 threads)  22%|██████▊                       |  ETA: 7:12:23
Sampling (4 threads)  23%|██████▉                       |  ETA: 7:09:19
Sampling (4 threads)  24%|███████                       |  ETA: 6:57:27
Sampling (4 threads)  24%|███████▎                      |  ETA: 6:46:05
Sampling (4 threads)  24%|███████▍                      |  ETA: 6:35:11
Sampling (4 threads)  25%|███████▌                      |  ETA: 6:29:51
Sampling (4 threads)  26%|███████▋                      |  ETA: 6:19:39
Sampling (4 threads)  26%|███████▊                      |  ETA: 6:14:27
Sampling (4 threads)  26%|████████                      |  ETA: 6:04:54
Sampling (4 threads)  27%|████████▏                     |  ETA: 6:00:10
Sampling (4 threads)  28%|████████▎                     |  ETA: 5:51:12
Sampling (4 threads)  28%|████████▍                     |  ETA: 5:45:03
Sampling (4 threads)  28%|████████▌                     |  ETA: 5:36:39
Sampling (4 threads)  29%|████████▊                     |  ETA: 5:31:17
Sampling (4 threads)  30%|████████▉                     |  ETA: 5:23:23
Sampling (4 threads)  30%|█████████                     |  ETA: 5:19:26
Sampling (4 threads)  30%|█████████▏                    |  ETA: 5:11:57
Sampling (4 threads)  31%|█████████▎                    |  ETA: 5:04:43
Sampling (4 threads)  32%|█████████▌                    |  ETA: 4:57:42
Sampling (4 threads)  32%|█████████▋                    |  ETA: 4:54:35
Sampling (4 threads)  32%|█████████▊                    |  ETA: 4:47:55
Sampling (4 threads)  33%|█████████▉                    |  ETA: 4:44:43
Sampling (4 threads)  34%|██████████                    |  ETA: 4:38:23
Sampling (4 threads)  34%|██████████▎                   |  ETA: 4:32:14
Sampling (4 threads)  34%|██████████▍                   |  ETA: 4:28:37
Sampling (4 threads)  35%|██████████▌                   |  ETA: 4:22:45
Sampling (4 threads)  36%|██████████▋                   |  ETA: 4:19:20
Sampling (4 threads)  36%|██████████▊                   |  ETA: 4:13:45
Sampling (4 threads)  36%|███████████                   |  ETA: 4:10:07
Sampling (4 threads)  37%|███████████▏                  |  ETA: 4:04:48
Sampling (4 threads)  38%|███████████▎                  |  ETA: 4:03:03
Sampling (4 threads)  38%|███████████▍                  |  ETA: 3:57:56
Sampling (4 threads)  38%|███████████▌                  |  ETA: 3:52:57
Sampling (4 threads)  39%|███████████▊                  |  ETA: 3:49:34
Sampling (4 threads)  40%|███████████▉                  |  ETA: 3:44:48
Sampling (4 threads)  40%|████████████                  |  ETA: 3:41:39
Sampling (4 threads)  40%|████████████▏                 |  ETA: 3:37:05
Sampling (4 threads)  41%|████████████▎                 |  ETA: 3:35:22
Sampling (4 threads)  42%|████████████▌                 |  ETA: 3:30:58
Sampling (4 threads)  42%|████████████▋                 |  ETA: 3:26:40
Sampling (4 threads)  42%|████████████▊                 |  ETA: 3:24:58
Sampling (4 threads)  43%|████████████▉                 |  ETA: 3:20:49
Sampling (4 threads)  44%|█████████████                 |  ETA: 3:16:46
Sampling (4 threads)  44%|█████████████▎                |  ETA: 3:15:04
Sampling (4 threads)  44%|█████████████▍                |  ETA: 3:11:09
Sampling (4 threads)  45%|█████████████▌                |  ETA: 3:07:20
Sampling (4 threads)  46%|█████████████▋                |  ETA: 3:06:02
Sampling (4 threads)  46%|█████████████▊                |  ETA: 3:02:20
Sampling (4 threads)  46%|██████████████                |  ETA: 2:58:42
Sampling (4 threads)  47%|██████████████▏               |  ETA: 2:55:09
Sampling (4 threads)  48%|██████████████▎               |  ETA: 2:53:38
Sampling (4 threads)  48%|██████████████▍               |  ETA: 2:50:11
Sampling (4 threads)  48%|██████████████▌               |  ETA: 2:47:55
Sampling (4 threads)  49%|██████████████▊               |  ETA: 2:44:35
Sampling (4 threads)  50%|██████████████▉               |  ETA: 2:42:23
Sampling (4 threads)  50%|███████████████               |  ETA: 2:39:10
Sampling (4 threads)  50%|███████████████▏              |  ETA: 2:37:43
Sampling (4 threads)  51%|███████████████▎              |  ETA: 2:34:35
Sampling (4 threads)  52%|███████████████▌              |  ETA: 2:31:31
Sampling (4 threads)  52%|███████████████▋              |  ETA: 2:30:37
Sampling (4 threads)  52%|███████████████▊              |  ETA: 2:27:38
Sampling (4 threads)  53%|███████████████▉              |  ETA: 2:24:42
Sampling (4 threads)  54%|████████████████              |  ETA: 2:23:13
Sampling (4 threads)  54%|████████████████▎             |  ETA: 2:20:22
Sampling (4 threads)  55%|████████████████▍             |  ETA: 2:17:34
Sampling (4 threads)  55%|████████████████▌             |  ETA: 2:15:54
Sampling (4 threads)  56%|████████████████▋             |  ETA: 2:13:11
Sampling (4 threads)  56%|████████████████▊             |  ETA: 2:10:31
Sampling (4 threads)  56%|█████████████████             |  ETA: 2:09:07
Sampling (4 threads)  57%|█████████████████▏            |  ETA: 2:06:30
Sampling (4 threads)  57%|█████████████████▎            |  ETA: 2:03:57
Sampling (4 threads)  58%|█████████████████▍            |  ETA: 2:02:21
Sampling (4 threads)  58%|█████████████████▌            |  ETA: 1:59:52
Sampling (4 threads)  59%|█████████████████▊            |  ETA: 1:58:43
Sampling (4 threads)  60%|█████████████████▉            |  ETA: 1:56:17
Sampling (4 threads)  60%|██████████████████            |  ETA: 1:53:54
Sampling (4 threads)  60%|██████████████████▏           |  ETA: 1:51:33
Sampling (4 threads)  61%|██████████████████▎           |  ETA: 1:50:31
Sampling (4 threads)  62%|██████████████████▌           |  ETA: 1:48:12
Sampling (4 threads)  62%|██████████████████▋           |  ETA: 1:45:56
Sampling (4 threads)  62%|██████████████████▊           |  ETA: 1:44:46
Sampling (4 threads)  63%|██████████████████▉           |  ETA: 1:42:33
Sampling (4 threads)  64%|███████████████████           |  ETA: 1:40:22
Sampling (4 threads)  64%|███████████████████▎          |  ETA: 1:38:13
Sampling (4 threads)  64%|███████████████████▍          |  ETA: 1:37:06
Sampling (4 threads)  65%|███████████████████▌          |  ETA: 1:35:00
Sampling (4 threads)  66%|███████████████████▋          |  ETA: 1:33:48
Sampling (4 threads)  66%|███████████████████▊          |  ETA: 1:31:44
Sampling (4 threads)  66%|████████████████████          |  ETA: 1:29:42
Sampling (4 threads)  67%|████████████████████▏         |  ETA: 1:27:42
Sampling (4 threads)  68%|████████████████████▎         |  ETA: 1:26:37
Sampling (4 threads)  68%|████████████████████▍         |  ETA: 1:24:39
Sampling (4 threads)  68%|████████████████████▌         |  ETA: 1:23:11
Sampling (4 threads)  69%|████████████████████▊         |  ETA: 1:21:17
Sampling (4 threads)  70%|████████████████████▉         |  ETA: 1:19:48
Sampling (4 threads)  70%|█████████████████████         |  ETA: 1:17:56
Sampling (4 threads)  70%|█████████████████████▏        |  ETA: 1:16:46
Sampling (4 threads)  71%|█████████████████████▎        |  ETA: 1:14:56
Sampling (4 threads)  72%|█████████████████████▌        |  ETA: 1:13:08
Sampling (4 threads)  72%|█████████████████████▋        |  ETA: 1:11:21
Sampling (4 threads)  72%|█████████████████████▊        |  ETA: 1:10:18
Sampling (4 threads)  73%|█████████████████████▉        |  ETA: 1:08:33
Sampling (4 threads)  74%|██████████████████████        |  ETA: 1:06:50
Sampling (4 threads)  74%|██████████████████████▎       |  ETA: 1:05:45
Sampling (4 threads)  74%|██████████████████████▍       |  ETA: 1:04:03
Sampling (4 threads)  75%|██████████████████████▌       |  ETA: 1:02:23
Sampling (4 threads)  76%|██████████████████████▋       |  ETA: 1:01:16
Sampling (4 threads)  76%|██████████████████████▊       |  ETA: 0:59:37
Sampling (4 threads)  76%|███████████████████████       |  ETA: 0:58:00
Sampling (4 threads)  77%|███████████████████████▏      |  ETA: 0:56:53
Sampling (4 threads)  78%|███████████████████████▎      |  ETA: 0:55:18
Sampling (4 threads)  78%|███████████████████████▍      |  ETA: 0:54:11
Sampling (4 threads)  78%|███████████████████████▌      |  ETA: 0:52:36
Sampling (4 threads)  79%|███████████████████████▊      |  ETA: 0:51:04
Sampling (4 threads)  80%|███████████████████████▉      |  ETA: 0:49:32
Sampling (4 threads)  80%|████████████████████████      |  ETA: 0:48:29
Sampling (4 threads)  80%|████████████████████████▏     |  ETA: 0:46:58
Sampling (4 threads)  81%|████████████████████████▎     |  ETA: 0:45:54
Sampling (4 threads)  82%|████████████████████████▌     |  ETA: 0:44:25
Sampling (4 threads)  82%|████████████████████████▋     |  ETA: 0:42:58
Sampling (4 threads)  82%|████████████████████████▊     |  ETA: 0:41:53
Sampling (4 threads)  83%|████████████████████████▉     |  ETA: 0:40:27
Sampling (4 threads)  84%|█████████████████████████     |  ETA: 0:39:15
Sampling (4 threads)  84%|█████████████████████████▎    |  ETA: 0:37:50
Sampling (4 threads)  84%|█████████████████████████▍    |  ETA: 0:36:26
Sampling (4 threads)  85%|█████████████████████████▌    |  ETA: 0:35:21
Sampling (4 threads)  86%|█████████████████████████▋    |  ETA: 0:33:59
Sampling (4 threads)  86%|█████████████████████████▊    |  ETA: 0:32:37
Sampling (4 threads)  86%|██████████████████████████    |  ETA: 0:31:32
Sampling (4 threads)  87%|██████████████████████████▏   |  ETA: 0:30:11
Sampling (4 threads)  88%|██████████████████████████▎   |  ETA: 0:28:52
Sampling (4 threads)  88%|██████████████████████████▍   |  ETA: 0:27:42
Sampling (4 threads)  88%|██████████████████████████▌   |  ETA: 0:26:24
Sampling (4 threads)  89%|██████████████████████████▊   |  ETA: 0:25:07
Sampling (4 threads)  90%|██████████████████████████▉   |  ETA: 0:23:55
Sampling (4 threads)  90%|███████████████████████████   |  ETA: 0:22:43
Sampling (4 threads)  90%|███████████████████████████▏  |  ETA: 0:21:32
Sampling (4 threads)  91%|███████████████████████████▎  |  ETA: 0:20:20
Sampling (4 threads)  92%|███████████████████████████▌  |  ETA: 0:19:10
Sampling (4 threads)  92%|███████████████████████████▋  |  ETA: 0:17:58
Sampling (4 threads)  92%|███████████████████████████▊  |  ETA: 0:16:49
Sampling (4 threads)  93%|███████████████████████████▉  |  ETA: 0:15:40
Sampling (4 threads)  94%|████████████████████████████  |  ETA: 0:14:31
Sampling (4 threads)  94%|████████████████████████████▎ |  ETA: 0:13:23
Sampling (4 threads)  94%|████████████████████████████▍ |  ETA: 0:12:14
Sampling (4 threads)  95%|████████████████████████████▌ |  ETA: 0:11:06
Sampling (4 threads)  96%|████████████████████████████▋ |  ETA: 0:10:01
Sampling (4 threads)  96%|████████████████████████████▊ |  ETA: 0:08:55
Sampling (4 threads)  96%|█████████████████████████████ |  ETA: 0:07:51
Sampling (4 threads)  97%|█████████████████████████████▏|  ETA: 0:06:45
Sampling (4 threads)  98%|█████████████████████████████▎|  ETA: 0:05:40
Sampling (4 threads)  98%|█████████████████████████████▍|  ETA: 0:04:34
Sampling (4 threads)  98%|█████████████████████████████▌|  ETA: 0:03:26
Sampling (4 threads)  99%|█████████████████████████████▊|  ETA: 0:02:18
Sampling (4 threads) 100%|█████████████████████████████▉|  ETA: 0:01:09
Sampling (4 threads) 100%|██████████████████████████████| Time: 3:52:20
Sampling (4 threads) 100%|██████████████████████████████| Time: 3:52:21
Precompiling project...
    DistributionsADReverseDiffExt Being precompiled by another machine (hostname: bp1-compute122, pid: 356549, pidfile: /user/home/em18564/.julia/compiled/v1.10/DistributionsADReverseDiffExt/hY00X_4RpdW.ji.pidfile)
  ✗ DistributionsAD → DistributionsADReverseDiffExt
  0 dependencies successfully precompiled in 175 seconds. 549 already precompiled.
┌ Warning: Runtime invalidation was disabled, but the CPU info is out-of-date.
│ Will continue with incorrect CPU name (from build time).
└ @ HostCPUFeatures ~/.julia/packages/HostCPUFeatures/ZTXz4/src/cpu_info.jl:71
┌ Warning: Runtime invalidation was disabled, but the CPU info is out-of-date.
│ Will continue with incorrect CPU feature flag: +avx512vnni.
└ @ HostCPUFeatures ~/.julia/packages/HostCPUFeatures/ZTXz4/src/cpu_info.jl:56
┌ Warning: Runtime invalidation was disabled, but the CPU info is out-of-date.
│ Will continue with incorrect CPU feature flag: -rtm.
└ @ HostCPUFeatures ~/.julia/packages/HostCPUFeatures/ZTXz4/src/cpu_info.jl:56
Sampling (4 threads)   0%|                              |  ETA: N/A
┌ Info: Found initial step size
└   ϵ = 0.003125
┌ Info: Found initial step size
└   ϵ = 0.0001953125
┌ Info: Found initial step size
└   ϵ = 0.00078125
┌ Info: Found initial step size
└   ϵ = 0.0015625
Sampling (4 threads)   0%|▏                             |  ETA: 2 days, 13:27:06
Sampling (4 threads)   1%|▎                             |  ETA: 1 days, 6:34:24
Sampling (4 threads)   2%|▌                             |  ETA: 20:16:45
Sampling (4 threads)   2%|▋                             |  ETA: 1 days, 15:13:18
Sampling (4 threads)   2%|▊                             |  ETA: 1 days, 7:13:02
Sampling (4 threads)   3%|▉                             |  ETA: 1 days, 1:52:52
Sampling (4 threads)   4%|█                             |  ETA: 1 days, 6:46:27
Sampling (4 threads)   4%|█▎                            |  ETA: 1 days, 2:47:16
Sampling (4 threads)   4%|█▍                            |  ETA: 1 days, 6:06:25
Sampling (4 threads)   5%|█▌                            |  ETA: 1 days, 2:57:15
Sampling (4 threads)   6%|█▋                            |  ETA: 1 days, 4:33:20
Sampling (4 threads)   6%|█▊                            |  ETA: 1 days, 2:02:14
Sampling (4 threads)   6%|██                            |  ETA: 1 days, 0:25:46
Sampling (4 threads)   7%|██▏                           |  ETA: 22:33:48
Sampling (4 threads)   8%|██▎                           |  ETA: 21:22:37
Sampling (4 threads)   8%|██▍                           |  ETA: 19:55:57
Sampling (4 threads)   8%|██▌                           |  ETA: 19:14:04
Sampling (4 threads)   9%|██▊                           |  ETA: 18:04:00
Sampling (4 threads)  10%|██▉                           |  ETA: 17:27:43
Sampling (4 threads)  10%|███                           |  ETA: 16:29:50
Sampling (4 threads)  10%|███▏                          |  ETA: 15:59:24
Sampling (4 threads)  11%|███▎                          |  ETA: 15:10:40
Sampling (4 threads)  12%|███▌                          |  ETA: 14:49:17
Sampling (4 threads)  12%|███▋                          |  ETA: 14:07:25
Sampling (4 threads)  12%|███▊                          |  ETA: 13:28:54
Sampling (4 threads)  13%|███▉                          |  ETA: 13:06:39
Sampling (4 threads)  14%|████                          |  ETA: 12:33:09
Sampling (4 threads)  14%|████▎                         |  ETA: 12:11:10
Sampling (4 threads)  14%|████▍                         |  ETA: 11:41:51
Sampling (4 threads)  15%|████▌                         |  ETA: 11:14:30
Sampling (4 threads)  16%|████▋                         |  ETA: 10:57:42
Sampling (4 threads)  16%|████▊                         |  ETA: 10:33:23
Sampling (4 threads)  16%|█████                         |  ETA: 10:17:59
Sampling (4 threads)  17%|█████▏                        |  ETA: 9:56:13
Sampling (4 threads)  18%|█████▎                        |  ETA: 9:35:42
Sampling (4 threads)  18%|█████▍                        |  ETA: 9:23:23
Sampling (4 threads)  18%|█████▌                        |  ETA: 9:04:49
Sampling (4 threads)  19%|█████▊                        |  ETA: 8:52:39
Sampling (4 threads)  20%|█████▉                        |  ETA: 8:35:48
Sampling (4 threads)  20%|██████                        |  ETA: 8:19:47
Sampling (4 threads)  20%|██████▏                       |  ETA: 8:10:42
Sampling (4 threads)  21%|██████▎                       |  ETA: 7:56:01
Sampling (4 threads)  22%|██████▌                       |  ETA: 7:47:59
Sampling (4 threads)  22%|██████▋                       |  ETA: 7:34:26
Sampling (4 threads)  22%|██████▊                       |  ETA: 7:27:03
Sampling (4 threads)  23%|██████▉                       |  ETA: 7:14:30
Sampling (4 threads)  24%|███████                       |  ETA: 7:02:30
Sampling (4 threads)  24%|███████▎                      |  ETA: 6:57:58
Sampling (4 threads)  24%|███████▍                      |  ETA: 6:46:45
Sampling (4 threads)  25%|███████▌                      |  ETA: 6:42:19
Sampling (4 threads)  26%|███████▋                      |  ETA: 6:31:48
Sampling (4 threads)  26%|███████▊                      |  ETA: 6:21:41
Sampling (4 threads)  26%|████████                      |  ETA: 6:19:11
Sampling (4 threads)  27%|████████▏                     |  ETA: 6:09:38
Sampling (4 threads)  28%|████████▎                     |  ETA: 6:00:26
Sampling (4 threads)  28%|████████▍                     |  ETA: 5:57:23
Sampling (4 threads)  28%|████████▌                     |  ETA: 5:48:41
Sampling (4 threads)  29%|████████▊                     |  ETA: 5:40:16
Sampling (4 threads)  30%|████████▉                     |  ETA: 5:32:09
Sampling (4 threads)  30%|█████████                     |  ETA: 5:28:57
Sampling (4 threads)  30%|█████████▏                    |  ETA: 5:21:15
Sampling (4 threads)  31%|█████████▎                    |  ETA: 5:15:59
Sampling (4 threads)  32%|█████████▌                    |  ETA: 5:08:43
Sampling (4 threads)  32%|█████████▋                    |  ETA: 5:04:10
Sampling (4 threads)  32%|█████████▊                    |  ETA: 4:57:18
Sampling (4 threads)  33%|█████████▉                    |  ETA: 4:52:55
Sampling (4 threads)  34%|██████████                    |  ETA: 4:46:23
Sampling (4 threads)  34%|██████████▎                   |  ETA: 4:44:21
Sampling (4 threads)  34%|██████████▍                   |  ETA: 4:38:06
Sampling (4 threads)  35%|██████████▌                   |  ETA: 4:35:36
Sampling (4 threads)  36%|██████████▋                   |  ETA: 4:29:38
Sampling (4 threads)  36%|██████████▊                   |  ETA: 4:23:50
Sampling (4 threads)  36%|███████████                   |  ETA: 4:21:27
Sampling (4 threads)  37%|███████████▏                  |  ETA: 4:15:53
Sampling (4 threads)  38%|███████████▎                  |  ETA: 4:10:28
Sampling (4 threads)  38%|███████████▍                  |  ETA: 4:08:21
Sampling (4 threads)  38%|███████████▌                  |  ETA: 4:03:09
Sampling (4 threads)  39%|███████████▊                  |  ETA: 3:58:05
Sampling (4 threads)  40%|███████████▉                  |  ETA: 3:56:27
Sampling (4 threads)  40%|████████████                  |  ETA: 3:51:34
Sampling (4 threads)  40%|████████████▏                 |  ETA: 3:46:48
Sampling (4 threads)  41%|████████████▎                 |  ETA: 3:45:13
Sampling (4 threads)  42%|████████████▌                 |  ETA: 3:40:37
Sampling (4 threads)  42%|████████████▋                 |  ETA: 3:36:08
Sampling (4 threads)  42%|████████████▊                 |  ETA: 3:34:28
Sampling (4 threads)  43%|████████████▉                 |  ETA: 3:30:08
Sampling (4 threads)  44%|█████████████                 |  ETA: 3:25:54
Sampling (4 threads)  44%|█████████████▎                |  ETA: 3:24:27
Sampling (4 threads)  44%|█████████████▍                |  ETA: 3:20:21
Sampling (4 threads)  45%|█████████████▌                |  ETA: 3:16:20
Sampling (4 threads)  46%|█████████████▋                |  ETA: 3:14:58
Sampling (4 threads)  46%|█████████████▊                |  ETA: 3:11:05
Sampling (4 threads)  46%|██████████████                |  ETA: 3:07:17
Sampling (4 threads)  47%|██████████████▏               |  ETA: 3:05:54
Sampling (4 threads)  48%|██████████████▎               |  ETA: 3:02:12
Sampling (4 threads)  48%|██████████████▍               |  ETA: 2:58:35
Sampling (4 threads)  48%|██████████████▌               |  ETA: 2:57:21
Sampling (4 threads)  49%|██████████████▊               |  ETA: 2:53:50
Sampling (4 threads)  50%|██████████████▉               |  ETA: 2:50:23
Sampling (4 threads)  50%|███████████████               |  ETA: 2:49:09
Sampling (4 threads)  50%|███████████████▏              |  ETA: 2:45:48
Sampling (4 threads)  51%|███████████████▎              |  ETA: 2:42:31
Sampling (4 threads)  52%|███████████████▌              |  ETA: 2:40:34
Sampling (4 threads)  52%|███████████████▋              |  ETA: 2:37:23
Sampling (4 threads)  52%|███████████████▊              |  ETA: 2:35:32
Sampling (4 threads)  53%|███████████████▉              |  ETA: 2:32:27
Sampling (4 threads)  54%|████████████████              |  ETA: 2:30:45
Sampling (4 threads)  54%|████████████████▎             |  ETA: 2:27:45
Sampling (4 threads)  55%|████████████████▍             |  ETA: 2:26:04
Sampling (4 threads)  55%|████████████████▌             |  ETA: 2:23:09
Sampling (4 threads)  56%|████████████████▋             |  ETA: 2:20:17
Sampling (4 threads)  56%|████████████████▊             |  ETA: 2:18:27
Sampling (4 threads)  56%|█████████████████             |  ETA: 2:15:40
Sampling (4 threads)  57%|█████████████████▏            |  ETA: 2:14:02
Sampling (4 threads)  57%|█████████████████▎            |  ETA: 2:11:20
Sampling (4 threads)  58%|█████████████████▍            |  ETA: 2:10:06
Sampling (4 threads)  58%|█████████████████▌            |  ETA: 2:07:27
Sampling (4 threads)  59%|█████████████████▊            |  ETA: 2:04:51
Sampling (4 threads)  60%|█████████████████▉            |  ETA: 2:02:18
Sampling (4 threads)  60%|██████████████████            |  ETA: 2:00:45
Sampling (4 threads)  60%|██████████████████▏           |  ETA: 1:58:15
Sampling (4 threads)  61%|██████████████████▎           |  ETA: 1:56:43
Sampling (4 threads)  62%|██████████████████▌           |  ETA: 1:54:17
Sampling (4 threads)  62%|██████████████████▋           |  ETA: 1:53:17
Sampling (4 threads)  62%|██████████████████▊           |  ETA: 1:50:54
Sampling (4 threads)  63%|██████████████████▉           |  ETA: 1:48:33
Sampling (4 threads)  64%|███████████████████           |  ETA: 1:47:45
Sampling (4 threads)  64%|███████████████████▎          |  ETA: 1:45:27
Sampling (4 threads)  64%|███████████████████▍          |  ETA: 1:43:10
Sampling (4 threads)  65%|███████████████████▌          |  ETA: 1:41:54
Sampling (4 threads)  66%|███████████████████▋          |  ETA: 1:39:40
Sampling (4 threads)  66%|███████████████████▊          |  ETA: 1:37:29
Sampling (4 threads)  66%|████████████████████          |  ETA: 1:36:09
Sampling (4 threads)  67%|████████████████████▏         |  ETA: 1:34:01
Sampling (4 threads)  68%|████████████████████▎         |  ETA: 1:32:37
Sampling (4 threads)  68%|████████████████████▍         |  ETA: 1:30:31
Sampling (4 threads)  68%|████████████████████▌         |  ETA: 1:28:27
Sampling (4 threads)  69%|████████████████████▊         |  ETA: 1:27:04
Sampling (4 threads)  70%|████████████████████▉         |  ETA: 1:25:03
Sampling (4 threads)  70%|█████████████████████         |  ETA: 1:24:06
Sampling (4 threads)  70%|█████████████████████▏        |  ETA: 1:22:06
Sampling (4 threads)  71%|█████████████████████▎        |  ETA: 1:20:09
Sampling (4 threads)  72%|█████████████████████▌        |  ETA: 1:19:10
Sampling (4 threads)  72%|█████████████████████▋        |  ETA: 1:17:15
Sampling (4 threads)  72%|█████████████████████▊        |  ETA: 1:15:21
Sampling (4 threads)  73%|█████████████████████▉        |  ETA: 1:14:22
Sampling (4 threads)  74%|██████████████████████        |  ETA: 1:12:30
Sampling (4 threads)  74%|██████████████████████▎       |  ETA: 1:10:39
Sampling (4 threads)  74%|██████████████████████▍       |  ETA: 1:09:16
Sampling (4 threads)  75%|██████████████████████▌       |  ETA: 1:07:27
Sampling (4 threads)  76%|██████████████████████▋       |  ETA: 1:06:04
Sampling (4 threads)  76%|██████████████████████▊       |  ETA: 1:04:18
Sampling (4 threads)  76%|███████████████████████       |  ETA: 1:03:01
Sampling (4 threads)  77%|███████████████████████▏      |  ETA: 1:01:17
Sampling (4 threads)  78%|███████████████████████▎      |  ETA: 0:59:57
Sampling (4 threads)  78%|███████████████████████▍      |  ETA: 0:58:15
Sampling (4 threads)  78%|███████████████████████▌      |  ETA: 0:57:01
Sampling (4 threads)  79%|███████████████████████▊      |  ETA: 0:55:20
Sampling (4 threads)  80%|███████████████████████▉      |  ETA: 0:53:40
Sampling (4 threads)  80%|████████████████████████      |  ETA: 0:52:33
Sampling (4 threads)  80%|████████████████████████▏     |  ETA: 0:50:55
Sampling (4 threads)  81%|████████████████████████▎     |  ETA: 0:49:18
Sampling (4 threads)  82%|████████████████████████▌     |  ETA: 0:48:19
Sampling (4 threads)  82%|████████████████████████▋     |  ETA: 0:46:44
Sampling (4 threads)  82%|████████████████████████▊     |  ETA: 0:45:09
Sampling (4 threads)  83%|████████████████████████▉     |  ETA: 0:43:52
Sampling (4 threads)  84%|█████████████████████████     |  ETA: 0:42:19
Sampling (4 threads)  84%|█████████████████████████▎    |  ETA: 0:41:14
Sampling (4 threads)  84%|█████████████████████████▍    |  ETA: 0:39:43
Sampling (4 threads)  85%|█████████████████████████▌    |  ETA: 0:38:12
Sampling (4 threads)  86%|█████████████████████████▋    |  ETA: 0:36:50
Sampling (4 threads)  86%|█████████████████████████▊    |  ETA: 0:35:27
Sampling (4 threads)  86%|██████████████████████████    |  ETA: 0:34:09
Sampling (4 threads)  87%|██████████████████████████▏   |  ETA: 0:32:45
Sampling (4 threads)  88%|██████████████████████████▎   |  ETA: 0:31:30
Sampling (4 threads)  88%|██████████████████████████▍   |  ETA: 0:30:07
Sampling (4 threads)  88%|██████████████████████████▌   |  ETA: 0:28:49
Sampling (4 threads)  89%|██████████████████████████▊   |  ETA: 0:27:32
Sampling (4 threads)  90%|██████████████████████████▉   |  ETA: 0:26:14
Sampling (4 threads)  90%|███████████████████████████   |  ETA: 0:24:57
Sampling (4 threads)  90%|███████████████████████████▏  |  ETA: 0:23:37
Sampling (4 threads)  91%|███████████████████████████▎  |  ETA: 0:22:23
Sampling (4 threads)  92%|███████████████████████████▌  |  ETA: 0:21:03
Sampling (4 threads)  92%|███████████████████████████▋  |  ETA: 0:19:47
Sampling (4 threads)  92%|███████████████████████████▊  |  ETA: 0:18:30
Sampling (4 threads)  93%|███████████████████████████▉  |  ETA: 0:17:14
Sampling (4 threads)  94%|████████████████████████████  |  ETA: 0:16:00
Sampling (4 threads)  94%|████████████████████████████▎ |  ETA: 0:14:47
Sampling (4 threads)  94%|████████████████████████████▍ |  ETA: 0:13:32
Sampling (4 threads)  95%|████████████████████████████▌ |  ETA: 0:12:22
Sampling (4 threads)  96%|████████████████████████████▋ |  ETA: 0:11:11
Sampling (4 threads)  96%|████████████████████████████▊ |  ETA: 0:09:58
Sampling (4 threads)  96%|█████████████████████████████ |  ETA: 0:08:45
Sampling (4 threads)  97%|█████████████████████████████▏|  ETA: 0:07:31
Sampling (4 threads)  98%|█████████████████████████████▎|  ETA: 0:06:17
Sampling (4 threads)  98%|█████████████████████████████▍|  ETA: 0:05:02
Sampling (4 threads)  98%|█████████████████████████████▌|  ETA: 0:03:47
Sampling (4 threads)  99%|█████████████████████████████▊|  ETA: 0:02:32
Sampling (4 threads) 100%|█████████████████████████████▉|  ETA: 0:01:16
Sampling (4 threads) 100%|██████████████████████████████| Time: 4:14:33
Sampling (4 threads) 100%|██████████████████████████████| Time: 4:14:34
Precompiling project...
  ✗ DistributionsAD → DistributionsADReverseDiffExt
  0 dependencies successfully precompiled in 43 seconds. 549 already precompiled.
┌ Warning: Runtime invalidation was disabled, but the CPU info is out-of-date.
│ Will continue with incorrect CPU name (from build time).
└ @ HostCPUFeatures ~/.julia/packages/HostCPUFeatures/ZTXz4/src/cpu_info.jl:71
┌ Warning: Runtime invalidation was disabled, but the CPU info is out-of-date.
│ Will continue with incorrect CPU feature flag: +avx512vnni.
└ @ HostCPUFeatures ~/.julia/packages/HostCPUFeatures/ZTXz4/src/cpu_info.jl:56
┌ Warning: Runtime invalidation was disabled, but the CPU info is out-of-date.
│ Will continue with incorrect CPU feature flag: -rtm.
└ @ HostCPUFeatures ~/.julia/packages/HostCPUFeatures/ZTXz4/src/cpu_info.jl:56
Sampling (4 threads)   0%|                              |  ETA: N/A
┌ Info: Found initial step size
└   ϵ = 0.000390625
┌ Info: Found initial step size
└   ϵ = 0.00625
┌ Info: Found initial step size
└   ϵ = 0.000390625
┌ Info: Found initial step size
└   ϵ = 0.000390625
Sampling (4 threads)   0%|▏                             |  ETA: 1 days, 14:07:48
Sampling (4 threads)   1%|▎                             |  ETA: 18:58:17
Sampling (4 threads)   2%|▌                             |  ETA: 12:35:01
Sampling (4 threads)   2%|▋                             |  ETA: 1 days, 3:10:45
Sampling (4 threads)   2%|▊                             |  ETA: 21:37:57
Sampling (4 threads)   3%|▉                             |  ETA: 1 days, 3:01:01
Sampling (4 threads)   4%|█                             |  ETA: 23:02:17
Sampling (4 threads)   4%|█▎                            |  ETA: 1 days, 8:51:01
Sampling (4 threads)   4%|█▍                            |  ETA: 1 days, 5:02:53
Sampling (4 threads)   5%|█▌                            |  ETA: 1 days, 2:00:23
Sampling (4 threads)   6%|█▋                            |  ETA: 23:31:04
Sampling (4 threads)   6%|█▊                            |  ETA: 1 days, 1:48:04
Sampling (4 threads)   6%|██                            |  ETA: 23:41:23
Sampling (4 threads)   7%|██▏                           |  ETA: 21:52:48
Sampling (4 threads)   8%|██▎                           |  ETA: 21:19:34
Sampling (4 threads)   8%|██▍                           |  ETA: 19:53:06
Sampling (4 threads)   8%|██▌                           |  ETA: 18:36:49
Sampling (4 threads)   9%|██▊                           |  ETA: 17:49:49
Sampling (4 threads)  10%|██▉                           |  ETA: 16:47:56
Sampling (4 threads)  10%|███                           |  ETA: 16:28:15
Sampling (4 threads)  10%|███▏                          |  ETA: 15:35:57
Sampling (4 threads)  11%|███▎                          |  ETA: 15:07:47
Sampling (4 threads)  12%|███▌                          |  ETA: 14:23:26
Sampling (4 threads)  12%|███▋                          |  ETA: 14:11:00
Sampling (4 threads)  12%|███▊                          |  ETA: 13:32:19
Sampling (4 threads)  13%|███▉                          |  ETA: 12:56:36
Sampling (4 threads)  14%|████                          |  ETA: 12:46:53
Sampling (4 threads)  14%|████▎                         |  ETA: 12:15:13
Sampling (4 threads)  14%|████▍                         |  ETA: 11:45:44
Sampling (4 threads)  15%|████▌                         |  ETA: 11:31:34
Sampling (4 threads)  16%|████▋                         |  ETA: 11:05:19
Sampling (4 threads)  16%|████▊                         |  ETA: 10:49:04
Sampling (4 threads)  16%|█████                         |  ETA: 10:25:39
Sampling (4 threads)  17%|█████▏                        |  ETA: 10:15:52
Sampling (4 threads)  18%|█████▎                        |  ETA: 9:54:40
Sampling (4 threads)  18%|█████▍                        |  ETA: 9:34:39
Sampling (4 threads)  18%|█████▌                        |  ETA: 9:23:19
Sampling (4 threads)  19%|█████▊                        |  ETA: 9:05:08
Sampling (4 threads)  20%|█████▉                        |  ETA: 8:54:06
Sampling (4 threads)  20%|██████                        |  ETA: 8:37:30
Sampling (4 threads)  20%|██████▏                       |  ETA: 8:27:12
Sampling (4 threads)  21%|██████▎                       |  ETA: 8:12:01
Sampling (4 threads)  22%|██████▌                       |  ETA: 8:05:35
Sampling (4 threads)  22%|██████▋                       |  ETA: 7:51:32
Sampling (4 threads)  22%|██████▊                       |  ETA: 7:38:06
Sampling (4 threads)  23%|██████▉                       |  ETA: 7:25:15
Sampling (4 threads)  24%|███████                       |  ETA: 7:23:06
Sampling (4 threads)  24%|███████▎                      |  ETA: 7:11:02
Sampling (4 threads)  24%|███████▍                      |  ETA: 6:59:28
Sampling (4 threads)  25%|███████▌                      |  ETA: 6:56:28
Sampling (4 threads)  26%|███████▋                      |  ETA: 6:45:35
Sampling (4 threads)  26%|███████▊                      |  ETA: 6:35:07
Sampling (4 threads)  26%|████████                      |  ETA: 6:31:47
Sampling (4 threads)  27%|████████▏                     |  ETA: 6:21:55
Sampling (4 threads)  28%|████████▎                     |  ETA: 6:12:24
Sampling (4 threads)  28%|████████▍                     |  ETA: 6:10:15
Sampling (4 threads)  28%|████████▌                     |  ETA: 6:01:14
Sampling (4 threads)  29%|████████▊                     |  ETA: 5:52:31
Sampling (4 threads)  30%|████████▉                     |  ETA: 5:47:21
Sampling (4 threads)  30%|█████████                     |  ETA: 5:39:09
Sampling (4 threads)  30%|█████████▏                    |  ETA: 5:37:18
Sampling (4 threads)  31%|█████████▎                    |  ETA: 5:29:28
Sampling (4 threads)  32%|█████████▌                    |  ETA: 5:21:53
Sampling (4 threads)  32%|█████████▋                    |  ETA: 5:19:52
Sampling (4 threads)  32%|█████████▊                    |  ETA: 5:12:38
Sampling (4 threads)  33%|█████████▉                    |  ETA: 5:05:37
Sampling (4 threads)  34%|██████████                    |  ETA: 5:03:53
Sampling (4 threads)  34%|██████████▎                   |  ETA: 4:57:10
Sampling (4 threads)  34%|██████████▍                   |  ETA: 4:50:39
Sampling (4 threads)  35%|██████████▌                   |  ETA: 4:47:35
Sampling (4 threads)  36%|██████████▋                   |  ETA: 4:41:21
Sampling (4 threads)  36%|██████████▊                   |  ETA: 4:35:17
Sampling (4 threads)  36%|███████████                   |  ETA: 4:33:34
Sampling (4 threads)  37%|███████████▏                  |  ETA: 4:27:45
Sampling (4 threads)  38%|███████████▎                  |  ETA: 4:22:05
Sampling (4 threads)  38%|███████████▍                  |  ETA: 4:21:33
Sampling (4 threads)  38%|███████████▌                  |  ETA: 4:16:04
Sampling (4 threads)  39%|███████████▊                  |  ETA: 4:10:44
Sampling (4 threads)  40%|███████████▉                  |  ETA: 4:08:24
Sampling (4 threads)  40%|████████████                  |  ETA: 4:03:16
Sampling (4 threads)  40%|████████████▏                 |  ETA: 4:00:30
Sampling (4 threads)  41%|████████████▎                 |  ETA: 3:55:34
Sampling (4 threads)  42%|████████████▌                 |  ETA: 3:52:54
Sampling (4 threads)  42%|████████████▋                 |  ETA: 3:48:10
Sampling (4 threads)  42%|████████████▊                 |  ETA: 3:45:36
Sampling (4 threads)  43%|████████████▉                 |  ETA: 3:41:02
Sampling (4 threads)  44%|█████████████                 |  ETA: 3:38:10
Sampling (4 threads)  44%|█████████████▎                |  ETA: 3:33:47
Sampling (4 threads)  44%|█████████████▍                |  ETA: 3:32:20
Sampling (4 threads)  45%|█████████████▌                |  ETA: 3:28:05
Sampling (4 threads)  46%|█████████████▋                |  ETA: 3:23:55
Sampling (4 threads)  46%|█████████████▊                |  ETA: 3:19:51
Sampling (4 threads)  46%|██████████████                |  ETA: 3:18:18
Sampling (4 threads)  47%|██████████████▏               |  ETA: 3:14:21
Sampling (4 threads)  48%|██████████████▎               |  ETA: 3:12:09
Sampling (4 threads)  48%|██████████████▍               |  ETA: 3:08:20
Sampling (4 threads)  48%|██████████████▌               |  ETA: 3:04:36
Sampling (4 threads)  49%|██████████████▊               |  ETA: 3:02:59
Sampling (4 threads)  50%|██████████████▉               |  ETA: 2:59:21
Sampling (4 threads)  50%|███████████████               |  ETA: 2:57:16
Sampling (4 threads)  50%|███████████████▏              |  ETA: 2:53:45
Sampling (4 threads)  51%|███████████████▎              |  ETA: 2:51:49
Sampling (4 threads)  52%|███████████████▌              |  ETA: 2:48:25
Sampling (4 threads)  52%|███████████████▋              |  ETA: 2:46:27
Sampling (4 threads)  52%|███████████████▊              |  ETA: 2:43:08
Sampling (4 threads)  53%|███████████████▉              |  ETA: 2:40:53
Sampling (4 threads)  54%|████████████████              |  ETA: 2:37:41
Sampling (4 threads)  54%|████████████████▎             |  ETA: 2:35:36
Sampling (4 threads)  55%|████████████████▍             |  ETA: 2:32:30
Sampling (4 threads)  55%|████████████████▌             |  ETA: 2:30:49
Sampling (4 threads)  56%|████████████████▋             |  ETA: 2:27:48
Sampling (4 threads)  56%|████████████████▊             |  ETA: 2:24:50
Sampling (4 threads)  56%|█████████████████             |  ETA: 2:23:08
Sampling (4 threads)  57%|█████████████████▏            |  ETA: 2:20:14
Sampling (4 threads)  57%|█████████████████▎            |  ETA: 2:19:17
Sampling (4 threads)  58%|█████████████████▍            |  ETA: 2:16:28
Sampling (4 threads)  58%|█████████████████▌            |  ETA: 2:13:41
Sampling (4 threads)  59%|█████████████████▊            |  ETA: 2:12:07
Sampling (4 threads)  60%|█████████████████▉            |  ETA: 2:09:25
Sampling (4 threads)  60%|██████████████████            |  ETA: 2:06:45
Sampling (4 threads)  60%|██████████████████▏           |  ETA: 2:05:12
Sampling (4 threads)  61%|██████████████████▎           |  ETA: 2:02:37
Sampling (4 threads)  62%|██████████████████▌           |  ETA: 2:01:04
Sampling (4 threads)  62%|██████████████████▋           |  ETA: 1:58:32
Sampling (4 threads)  62%|██████████████████▊           |  ETA: 1:56:57
Sampling (4 threads)  63%|██████████████████▉           |  ETA: 1:54:29
Sampling (4 threads)  64%|███████████████████           |  ETA: 1:52:54
Sampling (4 threads)  64%|███████████████████▎          |  ETA: 1:50:29
Sampling (4 threads)  64%|███████████████████▍          |  ETA: 1:48:07
Sampling (4 threads)  65%|███████████████████▌          |  ETA: 1:47:14
Sampling (4 threads)  66%|███████████████████▋          |  ETA: 1:44:53
Sampling (4 threads)  66%|███████████████████▊          |  ETA: 1:42:35
Sampling (4 threads)  66%|████████████████████          |  ETA: 1:41:10
Sampling (4 threads)  67%|████████████████████▏         |  ETA: 1:38:55
Sampling (4 threads)  68%|████████████████████▎         |  ETA: 1:37:25
Sampling (4 threads)  68%|████████████████████▍         |  ETA: 1:35:12
Sampling (4 threads)  68%|████████████████████▌         |  ETA: 1:33:40
Sampling (4 threads)  69%|████████████████████▊         |  ETA: 1:31:31
Sampling (4 threads)  70%|████████████████████▉         |  ETA: 1:30:04
Sampling (4 threads)  70%|█████████████████████         |  ETA: 1:27:57
Sampling (4 threads)  70%|█████████████████████▏        |  ETA: 1:26:33
Sampling (4 threads)  71%|█████████████████████▎        |  ETA: 1:24:29
Sampling (4 threads)  72%|█████████████████████▌        |  ETA: 1:22:26
Sampling (4 threads)  72%|█████████████████████▋        |  ETA: 1:20:57
Sampling (4 threads)  72%|█████████████████████▊        |  ETA: 1:18:58
Sampling (4 threads)  73%|█████████████████████▉        |  ETA: 1:17:55
Sampling (4 threads)  74%|██████████████████████        |  ETA: 1:15:57
Sampling (4 threads)  74%|██████████████████████▎       |  ETA: 1:14:01
Sampling (4 threads)  74%|██████████████████████▍       |  ETA: 1:12:07
Sampling (4 threads)  75%|██████████████████████▌       |  ETA: 1:10:46
Sampling (4 threads)  76%|██████████████████████▋       |  ETA: 1:08:53
Sampling (4 threads)  76%|██████████████████████▊       |  ETA: 1:07:37
Sampling (4 threads)  76%|███████████████████████       |  ETA: 1:05:47
Sampling (4 threads)  77%|███████████████████████▏      |  ETA: 1:04:24
Sampling (4 threads)  78%|███████████████████████▎      |  ETA: 1:02:35
Sampling (4 threads)  78%|███████████████████████▍      |  ETA: 1:01:18
Sampling (4 threads)  78%|███████████████████████▌      |  ETA: 0:59:31
Sampling (4 threads)  79%|███████████████████████▊      |  ETA: 0:57:46
Sampling (4 threads)  80%|███████████████████████▉      |  ETA: 0:56:50
Sampling (4 threads)  80%|████████████████████████      |  ETA: 0:55:06
Sampling (4 threads)  80%|████████████████████████▏     |  ETA: 0:53:24
Sampling (4 threads)  81%|████████████████████████▎     |  ETA: 0:52:04
Sampling (4 threads)  82%|████████████████████████▌     |  ETA: 0:50:23
Sampling (4 threads)  82%|████████████████████████▋     |  ETA: 0:49:02
Sampling (4 threads)  82%|████████████████████████▊     |  ETA: 0:47:23
Sampling (4 threads)  83%|████████████████████████▉     |  ETA: 0:46:01
Sampling (4 threads)  84%|█████████████████████████     |  ETA: 0:44:23
Sampling (4 threads)  84%|█████████████████████████▎    |  ETA: 0:43:18
Sampling (4 threads)  84%|█████████████████████████▍    |  ETA: 0:41:42
Sampling (4 threads)  85%|█████████████████████████▌    |  ETA: 0:40:07
Sampling (4 threads)  86%|█████████████████████████▋    |  ETA: 0:39:01
Sampling (4 threads)  86%|█████████████████████████▊    |  ETA: 0:37:27
Sampling (4 threads)  86%|██████████████████████████    |  ETA: 0:35:54
Sampling (4 threads)  87%|██████████████████████████▏   |  ETA: 0:34:44
Sampling (4 threads)  88%|██████████████████████████▎   |  ETA: 0:33:13
Sampling (4 threads)  88%|██████████████████████████▍   |  ETA: 0:31:42
Sampling (4 threads)  88%|██████████████████████████▌   |  ETA: 0:30:29
Sampling (4 threads)  89%|██████████████████████████▊   |  ETA: 0:29:00
Sampling (4 threads)  90%|██████████████████████████▉   |  ETA: 0:27:45
Sampling (4 threads)  90%|███████████████████████████   |  ETA: 0:26:17
Sampling (4 threads)  90%|███████████████████████████▏  |  ETA: 0:24:50
Sampling (4 threads)  91%|███████████████████████████▎  |  ETA: 0:23:30
Sampling (4 threads)  92%|███████████████████████████▌  |  ETA: 0:22:10
Sampling (4 threads)  92%|███████████████████████████▋  |  ETA: 0:20:48
Sampling (4 threads)  92%|███████████████████████████▊  |  ETA: 0:19:29
Sampling (4 threads)  93%|███████████████████████████▉  |  ETA: 0:18:08
Sampling (4 threads)  94%|████████████████████████████  |  ETA: 0:16:50
Sampling (4 threads)  94%|████████████████████████████▎ |  ETA: 0:15:34
Sampling (4 threads)  94%|████████████████████████████▍ |  ETA: 0:14:16
Sampling (4 threads)  95%|████████████████████████████▌ |  ETA: 0:12:58
Sampling (4 threads)  96%|████████████████████████████▋ |  ETA: 0:11:40
Sampling (4 threads)  96%|████████████████████████████▊ |  ETA: 0:10:22
Sampling (4 threads)  96%|█████████████████████████████ |  ETA: 0:09:06
Sampling (4 threads)  97%|█████████████████████████████▏|  ETA: 0:07:49
Sampling (4 threads)  98%|█████████████████████████████▎|  ETA: 0:06:30
Sampling (4 threads)  98%|█████████████████████████████▍|  ETA: 0:05:13
Sampling (4 threads)  98%|█████████████████████████████▌|  ETA: 0:03:55
Sampling (4 threads)  99%|█████████████████████████████▊|  ETA: 0:02:37
Sampling (4 threads) 100%|█████████████████████████████▉|  ETA: 0:01:19
Sampling (4 threads) 100%|██████████████████████████████| Time: 4:23:32
Sampling (4 threads) 100%|██████████████████████████████| Time: 4:23:33
Precompiling project...
    DistributionsADReverseDiffExt Being precompiled by another machine (hostname: bp1-compute154, pid: 555344, pidfile: /user/home/em18564/.julia/compiled/v1.10/DistributionsADReverseDiffExt/hY00X_4RpdW.ji.pidfile)
  ✗ DistributionsAD → DistributionsADReverseDiffExt
  0 dependencies successfully precompiled in 135 seconds. 549 already precompiled.
┌ Warning: Runtime invalidation was disabled, but the CPU info is out-of-date.
│ Will continue with incorrect CPU name (from build time).
└ @ HostCPUFeatures ~/.julia/packages/HostCPUFeatures/ZTXz4/src/cpu_info.jl:71
┌ Warning: Runtime invalidation was disabled, but the CPU info is out-of-date.
│ Will continue with incorrect CPU feature flag: +avx512vnni.
└ @ HostCPUFeatures ~/.julia/packages/HostCPUFeatures/ZTXz4/src/cpu_info.jl:56
┌ Warning: Runtime invalidation was disabled, but the CPU info is out-of-date.
│ Will continue with incorrect CPU feature flag: -rtm.
└ @ HostCPUFeatures ~/.julia/packages/HostCPUFeatures/ZTXz4/src/cpu_info.jl:56
Sampling (4 threads)   0%|                              |  ETA: N/A
┌ Info: Found initial step size
└   ϵ = 0.003125
┌ Info: Found initial step size
└   ϵ = 0.00625
┌ Info: Found initial step size
└   ϵ = 0.0015625
┌ Info: Found initial step size
└   ϵ = 0.00078125
Sampling (4 threads)   0%|▏                             |  ETA: 3 days, 4:04:57
Sampling (4 threads)   1%|▎                             |  ETA: 1 days, 13:51:07
Sampling (4 threads)   2%|▌                             |  ETA: 2 days, 10:47:53
Sampling (4 threads)   2%|▋                             |  ETA: 1 days, 19:52:29
Sampling (4 threads)   2%|▊                             |  ETA: 1 days, 10:55:14
Sampling (4 threads)   3%|▉                             |  ETA: 1 days, 17:49:39
Sampling (4 threads)   4%|█                             |  ETA: 1 days, 11:40:02
Sampling (4 threads)   4%|█▎                            |  ETA: 1 days, 22:47:29
Sampling (4 threads)   4%|█▍                            |  ETA: 1 days, 17:22:33
Sampling (4 threads)   5%|█▌                            |  ETA: 1 days, 13:02:36
Sampling (4 threads)   6%|█▋                            |  ETA: 1 days, 15:57:33
Sampling (4 threads)   6%|█▊                            |  ETA: 1 days, 12:26:08
Sampling (4 threads)   6%|██                            |  ETA: 1 days, 9:27:14
Sampling (4 threads)   7%|██▏                           |  ETA: 1 days, 8:28:27
Sampling (4 threads)   8%|██▎                           |  ETA: 1 days, 6:08:46
Sampling (4 threads)   8%|██▍                           |  ETA: 1 days, 4:06:33
Sampling (4 threads)   8%|██▌                           |  ETA: 1 days, 3:28:54
Sampling (4 threads)   9%|██▊                           |  ETA: 1 days, 1:48:47
Sampling (4 threads)  10%|██▉                           |  ETA: 1 days, 0:48:36
Sampling (4 threads)  10%|███                           |  ETA: 23:26:21
Sampling (4 threads)  10%|███▏                          |  ETA: 22:11:57
Sampling (4 threads)  11%|███▎                          |  ETA: 21:23:12
Sampling (4 threads)  12%|███▌                          |  ETA: 20:20:31
Sampling (4 threads)  12%|███▋                          |  ETA: 19:23:03
Sampling (4 threads)  12%|███▊                          |  ETA: 18:51:15
Sampling (4 threads)  13%|███▉                          |  ETA: 18:01:32
Sampling (4 threads)  14%|████                          |  ETA: 17:31:42
Sampling (4 threads)  14%|████▎                         |  ETA: 16:48:17
Sampling (4 threads)  14%|████▍                         |  ETA: 16:07:51
Sampling (4 threads)  15%|████▌                         |  ETA: 15:45:19
Sampling (4 threads)  16%|████▋                         |  ETA: 15:09:26
Sampling (4 threads)  16%|████▊                         |  ETA: 14:35:48
Sampling (4 threads)  16%|█████                         |  ETA: 14:22:32
Sampling (4 threads)  17%|█████▏                        |  ETA: 13:52:10
Sampling (4 threads)  18%|█████▎                        |  ETA: 13:23:31
Sampling (4 threads)  18%|█████▍                        |  ETA: 13:06:47
Sampling (4 threads)  18%|█████▌                        |  ETA: 12:40:51
Sampling (4 threads)  19%|█████▊                        |  ETA: 12:23:38
Sampling (4 threads)  20%|█████▉                        |  ETA: 12:00:05
Sampling (4 threads)  20%|██████                        |  ETA: 11:37:44
Sampling (4 threads)  20%|██████▏                       |  ETA: 11:29:46
Sampling (4 threads)  21%|██████▎                       |  ETA: 11:09:07
Sampling (4 threads)  22%|██████▌                       |  ETA: 10:49:25
Sampling (4 threads)  22%|██████▋                       |  ETA: 10:40:09
Sampling (4 threads)  22%|██████▊                       |  ETA: 10:21:55
Sampling (4 threads)  23%|██████▉                       |  ETA: 10:04:28
Sampling (4 threads)  24%|███████                       |  ETA: 9:52:31
Sampling (4 threads)  24%|███████▎                      |  ETA: 9:36:22
Sampling (4 threads)  24%|███████▍                      |  ETA: 9:28:00
Sampling (4 threads)  25%|███████▌                      |  ETA: 9:12:57
Sampling (4 threads)  26%|███████▋                      |  ETA: 8:58:30
Sampling (4 threads)  26%|███████▊                      |  ETA: 8:53:14
Sampling (4 threads)  26%|████████                      |  ETA: 8:39:38
Sampling (4 threads)  27%|████████▏                     |  ETA: 8:26:33
Sampling (4 threads)  28%|████████▎                     |  ETA: 8:20:51
Sampling (4 threads)  28%|████████▍                     |  ETA: 8:08:31
Sampling (4 threads)  28%|████████▌                     |  ETA: 7:56:37
Sampling (4 threads)  29%|████████▊                     |  ETA: 7:48:23
Sampling (4 threads)  30%|████████▉                     |  ETA: 7:37:12
Sampling (4 threads)  30%|█████████                     |  ETA: 7:31:15
Sampling (4 threads)  30%|█████████▏                    |  ETA: 7:20:41
Sampling (4 threads)  31%|█████████▎                    |  ETA: 7:10:27
Sampling (4 threads)  32%|█████████▌                    |  ETA: 7:06:42
Sampling (4 threads)  32%|█████████▋                    |  ETA: 6:56:58
Sampling (4 threads)  32%|█████████▊                    |  ETA: 6:47:32
Sampling (4 threads)  33%|█████████▉                    |  ETA: 6:44:27
Sampling (4 threads)  34%|██████████                    |  ETA: 6:35:26
Sampling (4 threads)  34%|██████████▎                   |  ETA: 6:26:41
Sampling (4 threads)  34%|██████████▍                   |  ETA: 6:18:12
Sampling (4 threads)  35%|██████████▌                   |  ETA: 6:14:19
Sampling (4 threads)  36%|██████████▋                   |  ETA: 6:06:12
Sampling (4 threads)  36%|██████████▊                   |  ETA: 6:00:56
Sampling (4 threads)  36%|███████████                   |  ETA: 5:53:12
Sampling (4 threads)  37%|███████████▏                  |  ETA: 5:47:55
Sampling (4 threads)  38%|███████████▎                  |  ETA: 5:40:33
Sampling (4 threads)  38%|███████████▍                  |  ETA: 5:35:18
Sampling (4 threads)  38%|███████████▌                  |  ETA: 5:28:17
Sampling (4 threads)  39%|███████████▊                  |  ETA: 5:23:17
Sampling (4 threads)  40%|███████████▉                  |  ETA: 5:16:35
Sampling (4 threads)  40%|████████████                  |  ETA: 5:11:58
Sampling (4 threads)  40%|████████████▏                 |  ETA: 5:05:33
Sampling (4 threads)  41%|████████████▎                 |  ETA: 5:02:14
Sampling (4 threads)  42%|████████████▌                 |  ETA: 4:56:04
Sampling (4 threads)  42%|████████████▋                 |  ETA: 4:50:02
Sampling (4 threads)  42%|████████████▊                 |  ETA: 4:44:09
Sampling (4 threads)  43%|████████████▉                 |  ETA: 4:40:20
Sampling (4 threads)  44%|█████████████                 |  ETA: 4:34:40
Sampling (4 threads)  44%|█████████████▎                |  ETA: 4:30:34
Sampling (4 threads)  44%|█████████████▍                |  ETA: 4:25:09
Sampling (4 threads)  45%|█████████████▌                |  ETA: 4:21:27
Sampling (4 threads)  46%|█████████████▋                |  ETA: 4:16:13
Sampling (4 threads)  46%|█████████████▊                |  ETA: 4:12:45
Sampling (4 threads)  46%|██████████████                |  ETA: 4:07:43
Sampling (4 threads)  47%|██████████████▏               |  ETA: 4:04:22
Sampling (4 threads)  48%|██████████████▎               |  ETA: 3:59:31
Sampling (4 threads)  48%|██████████████▍               |  ETA: 3:56:06
Sampling (4 threads)  48%|██████████████▌               |  ETA: 3:51:25
Sampling (4 threads)  49%|██████████████▊               |  ETA: 3:48:10
Sampling (4 threads)  50%|██████████████▉               |  ETA: 3:43:39
Sampling (4 threads)  50%|███████████████               |  ETA: 3:40:21
Sampling (4 threads)  50%|███████████████▏              |  ETA: 3:35:59
Sampling (4 threads)  51%|███████████████▎              |  ETA: 3:33:53
Sampling (4 threads)  52%|███████████████▌              |  ETA: 3:29:39
Sampling (4 threads)  52%|███████████████▋              |  ETA: 3:25:30
Sampling (4 threads)  52%|███████████████▊              |  ETA: 3:23:30
Sampling (4 threads)  53%|███████████████▉              |  ETA: 3:19:28
Sampling (4 threads)  54%|████████████████              |  ETA: 3:15:30
Sampling (4 threads)  54%|████████████████▎             |  ETA: 3:12:44
Sampling (4 threads)  55%|████████████████▍             |  ETA: 3:08:53
Sampling (4 threads)  55%|████████████████▌             |  ETA: 3:06:23
Sampling (4 threads)  56%|████████████████▋             |  ETA: 3:02:39
Sampling (4 threads)  56%|████████████████▊             |  ETA: 3:00:00
Sampling (4 threads)  56%|█████████████████             |  ETA: 2:56:23
Sampling (4 threads)  57%|█████████████████▏            |  ETA: 2:53:44
Sampling (4 threads)  57%|█████████████████▎            |  ETA: 2:50:13
Sampling (4 threads)  58%|█████████████████▍            |  ETA: 2:48:26
Sampling (4 threads)  58%|█████████████████▌            |  ETA: 2:45:00
Sampling (4 threads)  59%|█████████████████▊            |  ETA: 2:41:38
Sampling (4 threads)  60%|█████████████████▉            |  ETA: 2:39:45
Sampling (4 threads)  60%|██████████████████            |  ETA: 2:36:28
Sampling (4 threads)  60%|██████████████████▏           |  ETA: 2:33:14
Sampling (4 threads)  61%|██████████████████▎           |  ETA: 2:31:23
Sampling (4 threads)  62%|██████████████████▌           |  ETA: 2:28:13
Sampling (4 threads)  62%|██████████████████▋           |  ETA: 2:25:07
Sampling (4 threads)  62%|██████████████████▊           |  ETA: 2:23:36
Sampling (4 threads)  63%|██████████████████▉           |  ETA: 2:20:34
Sampling (4 threads)  64%|███████████████████           |  ETA: 2:17:35
Sampling (4 threads)  64%|███████████████████▎          |  ETA: 2:15:56
Sampling (4 threads)  64%|███████████████████▍          |  ETA: 2:13:00
Sampling (4 threads)  65%|███████████████████▌          |  ETA: 2:10:07
Sampling (4 threads)  66%|███████████████████▋          |  ETA: 2:07:17
Sampling (4 threads)  66%|███████████████████▊          |  ETA: 2:05:17
Sampling (4 threads)  66%|████████████████████          |  ETA: 2:02:31
Sampling (4 threads)  67%|████████████████████▏         |  ETA: 2:00:32
Sampling (4 threads)  68%|████████████████████▎         |  ETA: 1:57:49
Sampling (4 threads)  68%|████████████████████▍         |  ETA: 1:55:43
Sampling (4 threads)  68%|████████████████████▌         |  ETA: 1:53:05
Sampling (4 threads)  69%|████████████████████▊         |  ETA: 1:51:35
Sampling (4 threads)  70%|████████████████████▉         |  ETA: 1:48:59
Sampling (4 threads)  70%|█████████████████████         |  ETA: 1:46:26
Sampling (4 threads)  70%|█████████████████████▏        |  ETA: 1:44:46
Sampling (4 threads)  71%|█████████████████████▎        |  ETA: 1:42:16
Sampling (4 threads)  72%|█████████████████████▌        |  ETA: 1:39:48
Sampling (4 threads)  72%|█████████████████████▋        |  ETA: 1:38:19
Sampling (4 threads)  72%|█████████████████████▊        |  ETA: 1:35:54
Sampling (4 threads)  73%|█████████████████████▉        |  ETA: 1:33:31
Sampling (4 threads)  74%|██████████████████████        |  ETA: 1:32:10
Sampling (4 threads)  74%|██████████████████████▎       |  ETA: 1:29:49
Sampling (4 threads)  74%|██████████████████████▍       |  ETA: 1:27:29
Sampling (4 threads)  75%|██████████████████████▌       |  ETA: 1:25:45
Sampling (4 threads)  76%|██████████████████████▋       |  ETA: 1:23:28
Sampling (4 threads)  76%|██████████████████████▊       |  ETA: 1:22:00
Sampling (4 threads)  76%|███████████████████████       |  ETA: 1:19:46
Sampling (4 threads)  77%|███████████████████████▏      |  ETA: 1:17:34
Sampling (4 threads)  78%|███████████████████████▎      |  ETA: 1:15:23
Sampling (4 threads)  78%|███████████████████████▍      |  ETA: 1:13:58
Sampling (4 threads)  78%|███████████████████████▌      |  ETA: 1:11:49
Sampling (4 threads)  79%|███████████████████████▊      |  ETA: 1:09:42
Sampling (4 threads)  80%|███████████████████████▉      |  ETA: 1:08:18
Sampling (4 threads)  80%|████████████████████████      |  ETA: 1:06:13
Sampling (4 threads)  80%|████████████████████████▏     |  ETA: 1:04:09
Sampling (4 threads)  81%|████████████████████████▎     |  ETA: 1:02:42
Sampling (4 threads)  82%|████████████████████████▌     |  ETA: 1:00:41
Sampling (4 threads)  82%|████████████████████████▋     |  ETA: 0:58:41
Sampling (4 threads)  82%|████████████████████████▊     |  ETA: 0:57:14
Sampling (4 threads)  83%|████████████████████████▉     |  ETA: 0:55:16
Sampling (4 threads)  84%|█████████████████████████     |  ETA: 0:53:19
Sampling (4 threads)  84%|█████████████████████████▎    |  ETA: 0:51:51
Sampling (4 threads)  84%|█████████████████████████▍    |  ETA: 0:49:56
Sampling (4 threads)  85%|█████████████████████████▌    |  ETA: 0:48:02
Sampling (4 threads)  86%|█████████████████████████▋    |  ETA: 0:46:36
Sampling (4 threads)  86%|█████████████████████████▊    |  ETA: 0:44:43
Sampling (4 threads)  86%|██████████████████████████    |  ETA: 0:42:53
Sampling (4 threads)  87%|██████████████████████████▏   |  ETA: 0:41:25
Sampling (4 threads)  88%|██████████████████████████▎   |  ETA: 0:39:35
Sampling (4 threads)  88%|██████████████████████████▍   |  ETA: 0:37:47
Sampling (4 threads)  88%|██████████████████████████▌   |  ETA: 0:36:01
Sampling (4 threads)  89%|██████████████████████████▊   |  ETA: 0:34:35
Sampling (4 threads)  90%|██████████████████████████▉   |  ETA: 0:32:50
Sampling (4 threads)  90%|███████████████████████████   |  ETA: 0:31:06
Sampling (4 threads)  90%|███████████████████████████▏  |  ETA: 0:29:31
Sampling (4 threads)  91%|███████████████████████████▎  |  ETA: 0:27:49
Sampling (4 threads)  92%|███████████████████████████▌  |  ETA: 0:26:20
Sampling (4 threads)  92%|███████████████████████████▋  |  ETA: 0:24:39
Sampling (4 threads)  92%|███████████████████████████▊  |  ETA: 0:22:59
Sampling (4 threads)  93%|███████████████████████████▉  |  ETA: 0:21:20
Sampling (4 threads)  94%|████████████████████████████  |  ETA: 0:19:47
Sampling (4 threads)  94%|████████████████████████████▎ |  ETA: 0:18:13
Sampling (4 threads)  94%|████████████████████████████▍ |  ETA: 0:16:39
Sampling (4 threads)  95%|████████████████████████████▌ |  ETA: 0:15:06
Sampling (4 threads)  96%|████████████████████████████▋ |  ETA: 0:13:34
Sampling (4 threads)  96%|████████████████████████████▊ |  ETA: 0:12:01
Sampling (4 threads)  96%|█████████████████████████████ |  ETA: 0:10:29
Sampling (4 threads)  97%|█████████████████████████████▏|  ETA: 0:08:58
Sampling (4 threads)  98%|█████████████████████████████▎|  ETA: 0:07:27
Sampling (4 threads)  98%|█████████████████████████████▍|  ETA: 0:05:57
Sampling (4 threads)  98%|█████████████████████████████▌|  ETA: 0:04:27
Sampling (4 threads)  99%|█████████████████████████████▊|  ETA: 0:02:58
Sampling (4 threads) 100%|█████████████████████████████▉|  ETA: 0:01:29
Sampling (4 threads) 100%|██████████████████████████████| Time: 4:55:42
Sampling (4 threads) 100%|██████████████████████████████| Time: 4:55:43
Precompiling project...
    DistributionsADReverseDiffExt Being precompiled by another machine (hostname: bp1-compute122, pid: 356549, pidfile: /user/home/em18564/.julia/compiled/v1.10/DistributionsADReverseDiffExt/hY00X_4RpdW.ji.pidfile)
  ✗ DistributionsAD → DistributionsADReverseDiffExt
  0 dependencies successfully precompiled in 117 seconds. 549 already precompiled.
┌ Warning: Runtime invalidation was disabled, but the CPU info is out-of-date.
│ Will continue with incorrect CPU name (from build time).
└ @ HostCPUFeatures ~/.julia/packages/HostCPUFeatures/ZTXz4/src/cpu_info.jl:71
┌ Warning: Runtime invalidation was disabled, but the CPU info is out-of-date.
│ Will continue with incorrect CPU feature flag: +avx512vnni.
└ @ HostCPUFeatures ~/.julia/packages/HostCPUFeatures/ZTXz4/src/cpu_info.jl:56
┌ Warning: Runtime invalidation was disabled, but the CPU info is out-of-date.
│ Will continue with incorrect CPU feature flag: -rtm.
└ @ HostCPUFeatures ~/.julia/packages/HostCPUFeatures/ZTXz4/src/cpu_info.jl:56
Sampling (4 threads)   0%|                              |  ETA: N/A
┌ Info: Found initial step size
└   ϵ = 0.003125
┌ Info: Found initial step size
└   ϵ = 0.003125
┌ Info: Found initial step size
└   ϵ = 0.000390625
┌ Info: Found initial step size
└   ϵ = 0.0015625
Sampling (4 threads)   0%|▏                             |  ETA: 2 days, 3:32:44
Sampling (4 threads)   1%|▎                             |  ETA: 1 days, 1:38:42
Sampling (4 threads)   2%|▌                             |  ETA: 1 days, 20:09:06
Sampling (4 threads)   2%|▋                             |  ETA: 1 days, 8:56:44
Sampling (4 threads)   2%|▊                             |  ETA: 1 days, 2:13:19
Sampling (4 threads)   3%|▉                             |  ETA: 21:44:23
Sampling (4 threads)   4%|█                             |  ETA: 1 days, 6:42:17
Sampling (4 threads)   4%|█▎                            |  ETA: 1 days, 2:43:39
Sampling (4 threads)   4%|█▍                            |  ETA: 23:38:02
Sampling (4 threads)   5%|█▌                            |  ETA: 1 days, 0:33:50
Sampling (4 threads)   6%|█▋                            |  ETA: 22:12:48
Sampling (4 threads)   6%|█▊                            |  ETA: 21:08:39
Sampling (4 threads)   6%|██                            |  ETA: 19:24:50
Sampling (4 threads)   7%|██▏                           |  ETA: 19:13:48
Sampling (4 threads)   8%|██▎                           |  ETA: 17:51:06
Sampling (4 threads)   8%|██▍                           |  ETA: 17:20:21
Sampling (4 threads)   8%|██▌                           |  ETA: 16:13:50
Sampling (4 threads)   9%|██▊                           |  ETA: 15:53:10
Sampling (4 threads)  10%|██▉                           |  ETA: 14:58:02
Sampling (4 threads)  10%|███                           |  ETA: 14:36:56
Sampling (4 threads)  10%|███▏                          |  ETA: 13:50:32
Sampling (4 threads)  11%|███▎                          |  ETA: 13:08:21
Sampling (4 threads)  12%|███▌                          |  ETA: 12:47:10
Sampling (4 threads)  12%|███▋                          |  ETA: 12:11:03
Sampling (4 threads)  12%|███▊                          |  ETA: 11:51:54
Sampling (4 threads)  13%|███▉                          |  ETA: 11:20:36
Sampling (4 threads)  14%|████                          |  ETA: 10:57:07
Sampling (4 threads)  14%|████▎                         |  ETA: 10:29:59
Sampling (4 threads)  14%|████▍                         |  ETA: 10:16:19
Sampling (4 threads)  15%|████▌                         |  ETA: 9:52:17
Sampling (4 threads)  16%|████▋                         |  ETA: 9:29:48
Sampling (4 threads)  16%|████▊                         |  ETA: 9:20:07
Sampling (4 threads)  16%|█████                         |  ETA: 8:59:54
Sampling (4 threads)  17%|█████▏                        |  ETA: 8:40:53
Sampling (4 threads)  18%|█████▎                        |  ETA: 8:22:57
Sampling (4 threads)  18%|█████▍                        |  ETA: 8:17:48
Sampling (4 threads)  18%|█████▌                        |  ETA: 8:01:23
Sampling (4 threads)  19%|█████▊                        |  ETA: 7:45:51
Sampling (4 threads)  20%|█████▉                        |  ETA: 7:40:20
Sampling (4 threads)  20%|██████                        |  ETA: 7:26:02
Sampling (4 threads)  20%|██████▏                       |  ETA: 7:12:26
Sampling (4 threads)  21%|██████▎                       |  ETA: 7:07:58
Sampling (4 threads)  22%|██████▌                       |  ETA: 6:55:22
Sampling (4 threads)  22%|██████▋                       |  ETA: 6:43:20
Sampling (4 threads)  22%|██████▊                       |  ETA: 6:35:36
Sampling (4 threads)  23%|██████▉                       |  ETA: 6:24:31
Sampling (4 threads)  24%|███████                       |  ETA: 6:21:47
Sampling (4 threads)  24%|███████▎                      |  ETA: 6:11:23
Sampling (4 threads)  24%|███████▍                      |  ETA: 6:01:25
Sampling (4 threads)  25%|███████▌                      |  ETA: 5:51:51
Sampling (4 threads)  26%|███████▋                      |  ETA: 5:50:23
Sampling (4 threads)  26%|███████▊                      |  ETA: 5:41:21
Sampling (4 threads)  26%|████████                      |  ETA: 5:32:39
Sampling (4 threads)  27%|████████▏                     |  ETA: 5:30:55
Sampling (4 threads)  28%|████████▎                     |  ETA: 5:22:41
Sampling (4 threads)  28%|████████▍                     |  ETA: 5:14:44
Sampling (4 threads)  28%|████████▌                     |  ETA: 5:07:04
Sampling (4 threads)  29%|████████▊                     |  ETA: 5:05:18
Sampling (4 threads)  30%|████████▉                     |  ETA: 4:58:01
Sampling (4 threads)  30%|█████████                     |  ETA: 4:50:58
Sampling (4 threads)  30%|█████████▏                    |  ETA: 4:49:30
Sampling (4 threads)  31%|█████████▎                    |  ETA: 4:42:47
Sampling (4 threads)  32%|█████████▌                    |  ETA: 4:36:16
Sampling (4 threads)  32%|█████████▋                    |  ETA: 4:34:22
Sampling (4 threads)  32%|█████████▊                    |  ETA: 4:28:10
Sampling (4 threads)  33%|█████████▉                    |  ETA: 4:22:09
Sampling (4 threads)  34%|██████████                    |  ETA: 4:16:18
Sampling (4 threads)  34%|██████████▎                   |  ETA: 4:14:52
Sampling (4 threads)  34%|██████████▍                   |  ETA: 4:09:16
Sampling (4 threads)  35%|██████████▌                   |  ETA: 4:03:50
Sampling (4 threads)  36%|██████████▋                   |  ETA: 4:03:24
Sampling (4 threads)  36%|██████████▊                   |  ETA: 3:58:09
Sampling (4 threads)  36%|███████████                   |  ETA: 3:53:04
Sampling (4 threads)  37%|███████████▏                  |  ETA: 3:48:06
Sampling (4 threads)  38%|███████████▎                  |  ETA: 3:46:50
Sampling (4 threads)  38%|███████████▍                  |  ETA: 3:42:03
Sampling (4 threads)  38%|███████████▌                  |  ETA: 3:37:24
Sampling (4 threads)  39%|███████████▊                  |  ETA: 3:36:19
Sampling (4 threads)  40%|███████████▉                  |  ETA: 3:31:50
Sampling (4 threads)  40%|████████████                  |  ETA: 3:27:27
Sampling (4 threads)  40%|████████████▏                 |  ETA: 3:25:09
Sampling (4 threads)  41%|████████████▎                 |  ETA: 3:20:57
Sampling (4 threads)  42%|████████████▌                 |  ETA: 3:18:57
Sampling (4 threads)  42%|████████████▋                 |  ETA: 3:14:54
Sampling (4 threads)  42%|████████████▊                 |  ETA: 3:12:27
Sampling (4 threads)  43%|████████████▉                 |  ETA: 3:08:33
Sampling (4 threads)  44%|█████████████                 |  ETA: 3:07:24
Sampling (4 threads)  44%|█████████████▎                |  ETA: 3:03:38
Sampling (4 threads)  44%|█████████████▍                |  ETA: 2:59:57
Sampling (4 threads)  45%|█████████████▌                |  ETA: 2:57:54
Sampling (4 threads)  46%|█████████████▋                |  ETA: 2:54:20
Sampling (4 threads)  46%|█████████████▊                |  ETA: 2:50:52
Sampling (4 threads)  46%|██████████████                |  ETA: 2:50:31
Sampling (4 threads)  47%|██████████████▏               |  ETA: 2:47:08
Sampling (4 threads)  48%|██████████████▎               |  ETA: 2:43:48
Sampling (4 threads)  48%|██████████████▍               |  ETA: 2:42:54
Sampling (4 threads)  48%|██████████████▌               |  ETA: 2:39:41
Sampling (4 threads)  49%|██████████████▊               |  ETA: 2:36:31
Sampling (4 threads)  50%|██████████████▉               |  ETA: 2:34:48
Sampling (4 threads)  50%|███████████████               |  ETA: 2:31:44
Sampling (4 threads)  50%|███████████████▏              |  ETA: 2:30:48
Sampling (4 threads)  51%|███████████████▎              |  ETA: 2:27:48
Sampling (4 threads)  52%|███████████████▌              |  ETA: 2:24:53
Sampling (4 threads)  52%|███████████████▋              |  ETA: 2:23:58
Sampling (4 threads)  52%|███████████████▊              |  ETA: 2:21:06
Sampling (4 threads)  53%|███████████████▉              |  ETA: 2:18:18
Sampling (4 threads)  54%|████████████████              |  ETA: 2:15:33
Sampling (4 threads)  54%|████████████████▎             |  ETA: 2:13:53
Sampling (4 threads)  55%|████████████████▍             |  ETA: 2:11:13
Sampling (4 threads)  55%|████████████████▌             |  ETA: 2:09:48
Sampling (4 threads)  56%|████████████████▋             |  ETA: 2:07:12
Sampling (4 threads)  56%|████████████████▊             |  ETA: 2:05:46
Sampling (4 threads)  56%|█████████████████             |  ETA: 2:03:14
Sampling (4 threads)  57%|█████████████████▏            |  ETA: 2:01:44
Sampling (4 threads)  57%|█████████████████▎            |  ETA: 1:59:16
Sampling (4 threads)  58%|█████████████████▍            |  ETA: 1:57:48
Sampling (4 threads)  58%|█████████████████▌            |  ETA: 1:55:24
Sampling (4 threads)  59%|█████████████████▊            |  ETA: 1:53:57
Sampling (4 threads)  60%|█████████████████▉            |  ETA: 1:51:37
Sampling (4 threads)  60%|██████████████████            |  ETA: 1:50:17
Sampling (4 threads)  60%|██████████████████▏           |  ETA: 1:48:00
Sampling (4 threads)  61%|██████████████████▎           |  ETA: 1:45:45
Sampling (4 threads)  62%|██████████████████▌           |  ETA: 1:44:24
Sampling (4 threads)  62%|██████████████████▋           |  ETA: 1:42:13
Sampling (4 threads)  62%|██████████████████▊           |  ETA: 1:40:57
Sampling (4 threads)  63%|██████████████████▉           |  ETA: 1:38:49
Sampling (4 threads)  64%|███████████████████           |  ETA: 1:37:41
Sampling (4 threads)  64%|███████████████████▎          |  ETA: 1:35:35
Sampling (4 threads)  64%|███████████████████▍          |  ETA: 1:33:32
Sampling (4 threads)  65%|███████████████████▌          |  ETA: 1:32:53
Sampling (4 threads)  66%|███████████████████▋          |  ETA: 1:30:52
Sampling (4 threads)  66%|███████████████████▊          |  ETA: 1:28:52
Sampling (4 threads)  66%|████████████████████          |  ETA: 1:27:36
Sampling (4 threads)  67%|████████████████████▏         |  ETA: 1:25:39
Sampling (4 threads)  68%|████████████████████▎         |  ETA: 1:25:04
Sampling (4 threads)  68%|████████████████████▍         |  ETA: 1:23:09
Sampling (4 threads)  68%|████████████████████▌         |  ETA: 1:21:15
Sampling (4 threads)  69%|████████████████████▊         |  ETA: 1:19:23
Sampling (4 threads)  70%|████████████████████▉         |  ETA: 1:18:33
Sampling (4 threads)  70%|█████████████████████         |  ETA: 1:16:43
Sampling (4 threads)  70%|█████████████████████▏        |  ETA: 1:14:54
Sampling (4 threads)  71%|█████████████████████▎        |  ETA: 1:13:38
Sampling (4 threads)  72%|█████████████████████▌        |  ETA: 1:11:52
Sampling (4 threads)  72%|█████████████████████▋        |  ETA: 1:10:40
Sampling (4 threads)  72%|█████████████████████▊        |  ETA: 1:08:56
Sampling (4 threads)  73%|█████████████████████▉        |  ETA: 1:07:59
Sampling (4 threads)  74%|██████████████████████        |  ETA: 1:06:16
Sampling (4 threads)  74%|██████████████████████▎       |  ETA: 1:04:34
Sampling (4 threads)  74%|██████████████████████▍       |  ETA: 1:02:54
Sampling (4 threads)  75%|██████████████████████▌       |  ETA: 1:01:45
Sampling (4 threads)  76%|██████████████████████▋       |  ETA: 1:00:07
Sampling (4 threads)  76%|██████████████████████▊       |  ETA: 0:58:51
Sampling (4 threads)  76%|███████████████████████       |  ETA: 0:57:15
Sampling (4 threads)  77%|███████████████████████▏      |  ETA: 0:56:02
Sampling (4 threads)  78%|███████████████████████▎      |  ETA: 0:54:28
Sampling (4 threads)  78%|███████████████████████▍      |  ETA: 0:53:15
Sampling (4 threads)  78%|███████████████████████▌      |  ETA: 0:51:43
Sampling (4 threads)  79%|███████████████████████▊      |  ETA: 0:50:40
Sampling (4 threads)  80%|███████████████████████▉      |  ETA: 0:49:09
Sampling (4 threads)  80%|████████████████████████      |  ETA: 0:48:00
Sampling (4 threads)  80%|████████████████████████▏     |  ETA: 0:46:31
Sampling (4 threads)  81%|████████████████████████▎     |  ETA: 0:45:02
Sampling (4 threads)  82%|████████████████████████▌     |  ETA: 0:44:04
Sampling (4 threads)  82%|████████████████████████▋     |  ETA: 0:42:37
Sampling (4 threads)  82%|████████████████████████▊     |  ETA: 0:41:11
Sampling (4 threads)  83%|████████████████████████▉     |  ETA: 0:40:15
Sampling (4 threads)  84%|█████████████████████████     |  ETA: 0:38:50
Sampling (4 threads)  84%|█████████████████████████▎    |  ETA: 0:37:26
Sampling (4 threads)  84%|█████████████████████████▍    |  ETA: 0:36:33
Sampling (4 threads)  85%|█████████████████████████▌    |  ETA: 0:35:10
Sampling (4 threads)  86%|█████████████████████████▋    |  ETA: 0:33:47
Sampling (4 threads)  86%|█████████████████████████▊    |  ETA: 0:32:26
Sampling (4 threads)  86%|██████████████████████████    |  ETA: 0:31:16
Sampling (4 threads)  87%|██████████████████████████▏   |  ETA: 0:30:05
Sampling (4 threads)  88%|██████████████████████████▎   |  ETA: 0:28:52
Sampling (4 threads)  88%|██████████████████████████▍   |  ETA: 0:27:37
Sampling (4 threads)  88%|██████████████████████████▌   |  ETA: 0:26:26
Sampling (4 threads)  89%|██████████████████████████▊   |  ETA: 0:25:15
Sampling (4 threads)  90%|██████████████████████████▉   |  ETA: 0:23:59
Sampling (4 threads)  90%|███████████████████████████   |  ETA: 0:22:48
Sampling (4 threads)  90%|███████████████████████████▏  |  ETA: 0:21:39
Sampling (4 threads)  91%|███████████████████████████▎  |  ETA: 0:20:28
Sampling (4 threads)  92%|███████████████████████████▌  |  ETA: 0:19:16
Sampling (4 threads)  92%|███████████████████████████▋  |  ETA: 0:18:07
Sampling (4 threads)  92%|███████████████████████████▊  |  ETA: 0:16:58
Sampling (4 threads)  93%|███████████████████████████▉  |  ETA: 0:15:48
Sampling (4 threads)  94%|████████████████████████████  |  ETA: 0:14:39
Sampling (4 threads)  94%|████████████████████████████▎ |  ETA: 0:13:31
Sampling (4 threads)  94%|████████████████████████████▍ |  ETA: 0:12:20
Sampling (4 threads)  95%|████████████████████████████▌ |  ETA: 0:11:12
Sampling (4 threads)  96%|████████████████████████████▋ |  ETA: 0:10:04
Sampling (4 threads)  96%|████████████████████████████▊ |  ETA: 0:08:57
Sampling (4 threads)  96%|█████████████████████████████ |  ETA: 0:07:48
Sampling (4 threads)  97%|█████████████████████████████▏|  ETA: 0:06:41
Sampling (4 threads)  98%|█████████████████████████████▎|  ETA: 0:05:34
Sampling (4 threads)  98%|█████████████████████████████▍|  ETA: 0:04:27
Sampling (4 threads)  98%|█████████████████████████████▌|  ETA: 0:03:20
Sampling (4 threads)  99%|█████████████████████████████▊|  ETA: 0:02:13
Sampling (4 threads) 100%|█████████████████████████████▉|  ETA: 0:01:06
Sampling (4 threads) 100%|██████████████████████████████| Time: 3:41:25
Sampling (4 threads) 100%|██████████████████████████████| Time: 3:41:26
ERROR: LoadError: MethodError: no method matching plotGraphs(::String, ::Vector{String}, ::Vector{RGB{Float64}}, ::Int64)

Closest candidates are:
  plotGraphs(::Any, ::Any, ::Any, ::Any, !Matched::Any)
   @ Main ~/bayesian/BC4/Bayes/wordType_experiments/plottingFuncs.jl:261

Stacktrace:
 [1] concludeAndPlot(m::Chains{Float64, AxisArray{Float64, 3, Array{Float64, 3}, Tuple{Axis{:iter, StepRange{Int64, Int64}}, Axis{:var, Vector{Symbol}}, Axis{:chain, UnitRange{Int64}}}}, Missing, @NamedTuple{parameters::Vector{Symbol}, internals::Vector{Symbol}}, @NamedTuple{varname_to_symbol::OrderedDict{AbstractPPL.VarName, Symbol}, start_time::Vector{Float64}, stop_time::Vector{Float64}, samplerstate::Vector{Nothing}}}, output_loc::String, pc::Int64, wordTypes::Vector{String}, cols::Vector{RGB{Float64}}, noPCS::Int64)
   @ Main ~/bayesian/BC4/Bayes/wordType_experiments/plottingFuncs.jl:21
 [2] runModel(model::DynamicPPL.Model{typeof(model_exp), (:participant, :word, :surprisal, :tags, :PCA, :ExpMean, :cauchyMean, :NUM_TYPES, :NUM_PARTICIPANTS), (), (), Tuple{Vector{Int64}, Vector{Float64}, Vector{Float64}, Vector{Int64}, Vector{Float64}, Float64, Float64, Int64, Int64}, Tuple{}, DynamicPPL.DefaultContext}, df_modified::DataFrame, dfPCA::DataFrame, pc::Int64, NUM_PARTICIPANTS::Int64, NUM_WORDS::Int64, TYPE_STRUCTURE::String, NUM_TYPES::Int64, wordTypes::Vector{String}, cols::Vector{RGB{Float64}}, isPlotting::Int64, analyseEssRhat::Int64, output_loc::String, expMean::Float64, cauchyMean::Float64, noPCS::Int64, noInChain::Int64)
   @ Main ~/bayesian/BC4/Bayes/wordType_experiments/model_master.jl:134
 [3] top-level scope
   @ ~/bayesian/BC4/Bayes/wordType_experiments/models/___reducedWidthSigs/model.jl:15
in expression starting at /user/home/em18564/bayesian/BC4/Bayes/wordType_experiments/models/___reducedWidthSigs/model.jl:15
