cpu-bind=MASK - bp1-compute103, task  0  0 [1465768]: mask 0x300000300000 set
cpu-bind=MASK - bp1-compute103, task  0  0 [1465769]: mask 0x88000088000 set
cpu-bind=MASK - bp1-compute103, task  0  0 [1465767]: mask 0xc00000c00000 set
Running on host bp1-compute103
Running on host bp1-compute103
Running on host bp1-compute103
Time is Mon Aug 3 15:32:39 BST 2026
Time is Mon Aug 3 15:32:39 BST 2026
Time is Mon Aug 3 15:32:39 BST 2026
Directory is /user/home/em18564/bayesian/BC4/Bayes/wordType_experiments/models/seperateSigmas
Slurm job ID is 18253658
This job runs on the following machines:
Directory is /user/home/em18564/bayesian/BC4/Bayes/wordType_experiments/models/seperateSigmas
Slurm job ID is 18253689
Directory is /user/home/em18564/bayesian/BC4/Bayes/wordType_experiments/models/seperateSigmas
This job runs on the following machines:
Slurm job ID is 18253690
This job runs on the following machines:
bp1-compute103
bp1-compute103
bp1-compute103
┌ Warning: Runtime invalidation was disabled, but the CPU info is out-of-date.
│ Will continue with incorrect CPU name (from build time).
└ @ HostCPUFeatures ~/.julia/packages/HostCPUFeatures/ZTXz4/src/cpu_info.jl:71
┌ Warning: Runtime invalidation was disabled, but the CPU info is out-of-date.
│ Will continue with incorrect CPU feature flag: +avx512vnni.
└ @ HostCPUFeatures ~/.julia/packages/HostCPUFeatures/ZTXz4/src/cpu_info.jl:56
┌ Warning: Runtime invalidation was disabled, but the CPU info is out-of-date.
│ Will continue with incorrect CPU feature flag: -rtm.
└ @ HostCPUFeatures ~/.julia/packages/HostCPUFeatures/ZTXz4/src/cpu_info.jl:56
ERROR: LoadError: IOError: mkdir("output_NoNum_23_1931_6PCA_1000"; mode=0o777): file already exists (EEXIST)
Stacktrace:
 [1] uv_error
   @ ./libuv.jl:100 [inlined]
 [2] mkdir(path::String; mode::UInt16)
   @ Base.Filesystem ./file.jl:185
 [3] mkdir
   @ ./file.jl:177 [inlined]
 [4] createVariables(args::Vector{String})
   @ Main ~/bayesian/BC4/Bayes/wordType_experiments/model_master.jl:103
 [5] createVariables()
   @ Main ~/bayesian/BC4/Bayes/wordType_experiments/model_master.jl:13
 [6] top-level scope
   @ ~/bayesian/BC4/Bayes/wordType_experiments/models/seperateSigmas/model.jl:10
in expression starting at /user/home/em18564/bayesian/BC4/Bayes/wordType_experiments/models/seperateSigmas/model.jl:10
