Chains MCMC chain (250×91×4 Array{Float64, 3}):

Iterations        = 126:1:375
Number of chains  = 4
Samples per chain = 250
Wall duration     = 31183.89 seconds
Compute duration  = 120848.6 seconds
parameters        = σ_aw, a_ws[1], a_ws[2], a_ws[3], a_ws[4], a_ws[5], a_ws[6], a_ws[7], a_ws[8], a_ws[9], a_ws[10], a_ws[11], σ_bw, b_ws[1], b_ws[2], b_ws[3], b_ws[4], b_ws[5], b_ws[6], b_ws[7], b_ws[8], b_ws[9], b_ws[10], b_ws[11], σ_p[1], σ_p[2], ρ_p[1, 1], ρ_p[2, 1], ρ_p[1, 2], ρ_p[2, 2], ab_p[1, 1], ab_p[2, 1], ab_p[1, 2], ab_p[2, 2], ab_p[1, 3], ab_p[2, 3], ab_p[1, 4], ab_p[2, 4], ab_p[1, 5], ab_p[2, 5], ab_p[1, 6], ab_p[2, 6], ab_p[1, 7], ab_p[2, 7], ab_p[1, 8], ab_p[2, 8], ab_p[1, 9], ab_p[2, 9], ab_p[1, 10], ab_p[2, 10], ab_p[1, 11], ab_p[2, 11], ab_p[1, 12], ab_p[2, 12], ab_p[1, 13], ab_p[2, 13], ab_p[1, 14], ab_p[2, 14], ab_p[1, 15], ab_p[2, 15], ab_p[1, 16], ab_p[2, 16], ab_p[1, 17], ab_p[2, 17], ab_p[1, 18], ab_p[2, 18], ab_p[1, 19], ab_p[2, 19], ab_p[1, 20], ab_p[2, 20], ab_p[1, 21], ab_p[2, 21], ab_p[1, 22], ab_p[2, 22], ab_p[1, 23], ab_p[2, 23], a_e, b_e, σ
internals         = lp, n_steps, is_accept, acceptance_rate, log_density, hamiltonian_energy, hamiltonian_energy_error, max_hamiltonian_energy_error, tree_depth, numerical_error, step_size, nom_step_size

Use `describe(chains)` for summary statistics and quantiles.

Waiting for other PCs to complete
Waiting for other PCs to complete
Waiting for other PCs to complete
Waiting for other PCs to complete
Waiting for other PCs to complete
Waiting for other PCs to complete
Waiting for other PCs to complete
Waiting for other PCs to complete
Waiting for other PCs to complete
Waiting for other PCs to complete
Waiting for other PCs to complete
Waiting for other PCs to complete
Waiting for other PCs to complete
Waiting for other PCs to complete
Waiting for other PCs to complete
Waiting for other PCs to complete
Waiting for other PCs to complete
Waiting for other PCs to complete
Waiting for other PCs to complete
Waiting for other PCs to complete
Waiting for other PCs to complete
Waiting for other PCs to complete
Waiting for other PCs to complete
Waiting for other PCs to complete
Waiting for other PCs to complete
Waiting for other PCs to complete
Waiting for other PCs to complete
Waiting for other PCs to complete
Waiting for other PCs to complete
Waiting for other PCs to complete
Waiting for other PCs to complete
Waiting for other PCs to complete
Waiting for other PCs to complete
plotting graphs
