cpu-bind=MASK - bp1-compute018, task  0  0 [1194722]: mask 0x30000003000000 set
cpu-bind=MASK - bp1-compute018, task  0  0 [1194721]: mask 0xc000000c000000 set
Running on host bp1-compute013
Running on host bp1-compute013
Time is Thu Sep 10 20:49:46 BST 2026
Time is Thu Sep 10 20:49:46 BST 2026
Directory is /user/home/em18564/bayesian/BC4/Bayes/wordType_experiments/models/1_surprisalShifted
Slurm job ID is 18905127
This job runs on the following machines:
Directory is /user/home/em18564/bayesian/BC4/Bayes/wordType_experiments/models/1_surprisalShifted
Slurm job ID is 18905126
This job runs on the following machines:
bp1-compute013
bp1-compute013
Running on host bp1-compute013
Time is Thu Sep 10 20:49:46 BST 2026
Directory is /user/home/em18564/bayesian/BC4/Bayes/wordType_experiments/models/1_surprisalShifted
Slurm job ID is 18905125
This job runs on the following machines:
bp1-compute013
Running on host bp1-compute018
Running on host bp1-compute018
Time is Thu Sep 10 20:49:46 BST 2026
Time is Thu Sep 10 20:49:46 BST 2026
Directory is /user/home/em18564/bayesian/BC4/Bayes/wordType_experiments/models/1_surprisalShifted
Directory is /user/home/em18564/bayesian/BC4/Bayes/wordType_experiments/models/1_surprisalShifted
Slurm job ID is 18905129
This job runs on the following machines:
Slurm job ID is 18905124
This job runs on the following machines:
bp1-compute018
bp1-compute018
[2026-09-12T18:29:57.640] error: *** JOB 18905127 ON bp1-compute013 CANCELLED AT 2026-09-12T18:29:57 DUE to SIGNAL Terminated ***
[2026-09-12T18:29:57.641] error: *** JOB 18905124 ON bp1-compute018 CANCELLED AT 2026-09-12T18:29:57 DUE to SIGNAL Terminated ***
[2026-09-12T18:29:57.643] error: *** JOB 18905126 ON bp1-compute013 CANCELLED AT 2026-09-12T18:29:57 DUE to SIGNAL Terminated ***
[2026-09-12T18:29:57.649] error: *** JOB 18905129 ON bp1-compute018 CANCELLED AT 2026-09-12T18:29:57 DUE to SIGNAL Terminated ***
[2026-09-12T18:29:57.690] error: *** JOB 18905128 ON bp1-compute015 CANCELLED AT 2026-09-12T18:29:57 DUE to SIGNAL Terminated ***
[2026-09-12T18:29:57.694] error: *** JOB 18905125 ON bp1-compute013 CANCELLED AT 2026-09-12T18:29:57 DUE to SIGNAL Terminated ***
