cpu-bind=MASK - bp1-compute180, task  0  0 [456886]: mask 0x500000005000000 set
cpu-bind=MASK - bp1-compute180, task  0  0 [456887]: mask 0x20040000200400 set
Running on host bp1-compute180
Time is Fri Sep 18 15:35:11 BST 2026
Directory is /user/home/em18564/bayesian/BC4/Bayes/wordType_experiments/models/___unparametised
Slurm job ID is 18993549
This job runs on the following machines:
Running on host bp1-compute180
Time is Fri Sep 18 15:35:11 BST 2026
Directory is /user/home/em18564/bayesian/BC4/Bayes/wordType_experiments/models/___unparametised
Slurm job ID is 18993514
This job runs on the following machines:
bp1-compute180
bp1-compute180
Precompiling project...
    DistributionsADReverseDiffExt Being precompiled by another machine (hostname: bp1-compute122, pid: 356549, pidfile: /user/home/em18564/.julia/compiled/v1.10/DistributionsADReverseDiffExt/hY00X_4RpdW.ji.pidfile)
  ✗ DistributionsAD → DistributionsADReverseDiffExt
  0 dependencies successfully precompiled in 159 seconds. 549 already precompiled.
┌ Warning: Runtime invalidation was disabled, but the CPU info is out-of-date.
│ Will continue with incorrect CPU name (from build time).
└ @ HostCPUFeatures ~/.julia/packages/HostCPUFeatures/ZTXz4/src/cpu_info.jl:71
┌ Warning: Runtime invalidation was disabled, but the CPU info is out-of-date.
│ Will continue with incorrect CPU feature flag: +avx512vnni.
└ @ HostCPUFeatures ~/.julia/packages/HostCPUFeatures/ZTXz4/src/cpu_info.jl:56
┌ Warning: Runtime invalidation was disabled, but the CPU info is out-of-date.
│ Will continue with incorrect CPU feature flag: -rtm.
└ @ HostCPUFeatures ~/.julia/packages/HostCPUFeatures/ZTXz4/src/cpu_info.jl:56
Sampling (4 threads)   0%|                              |  ETA: N/A
┌ Info: Found initial step size
└   ϵ = 0.00078125
┌ Info: Found initial step size
└   ϵ = 0.00625
┌ Info: Found initial step size
└   ϵ = 0.003125
┌ Info: Found initial step size
└   ϵ = 0.00078125
Sampling (4 threads)   0%|▏                             |  ETA: 3:22:19
Sampling (4 threads)   1%|▎                             |  ETA: 1:40:43
Sampling (4 threads)   2%|▌                             |  ETA: 2:30:56
Sampling (4 threads)   2%|▋                             |  ETA: 1:52:37
Sampling (4 threads)   2%|▊                             |  ETA: 2:29:44
Sampling (4 threads)   3%|▉                             |  ETA: 2:04:08
Sampling (4 threads)   4%|█                             |  ETA: 2:16:00
Sampling (4 threads)   4%|█▎                            |  ETA: 1:58:23
Sampling (4 threads)   4%|█▍                            |  ETA: 1:44:41
Sampling (4 threads)   5%|█▌                            |  ETA: 2:11:54
Sampling (4 threads)   6%|█▋                            |  ETA: 1:59:17
Sampling (4 threads)   6%|█▊                            |  ETA: 1:48:46
Sampling (4 threads)   6%|██                            |  ETA: 1:56:37
Sampling (4 threads)   7%|██▏                           |  ETA: 1:47:42
Sampling (4 threads)   8%|██▎                           |  ETA: 1:51:41
Sampling (4 threads)   8%|██▍                           |  ETA: 1:44:09
Sampling (4 threads)   8%|██▌                           |  ETA: 1:42:39
Sampling (4 threads)   9%|██▊                           |  ETA: 1:36:25
Sampling (4 threads)  10%|██▉                           |  ETA: 1:37:45
Sampling (4 threads)  10%|███                           |  ETA: 1:32:21
Sampling (4 threads)  10%|███▏                          |  ETA: 1:34:28
Sampling (4 threads)  11%|███▎                          |  ETA: 1:29:40
Sampling (4 threads)  12%|███▌                          |  ETA: 1:25:17
Sampling (4 threads)  12%|███▋                          |  ETA: 1:27:05
Sampling (4 threads)  12%|███▊                          |  ETA: 1:23:07
Sampling (4 threads)  13%|███▉                          |  ETA: 1:28:42
Sampling (4 threads)  14%|████                          |  ETA: 1:24:55
Sampling (4 threads)  14%|████▎                         |  ETA: 1:21:25
Sampling (4 threads)  14%|████▍                         |  ETA: 1:22:37
Sampling (4 threads)  15%|████▌                         |  ETA: 1:19:24
Sampling (4 threads)  16%|████▋                         |  ETA: 1:16:23
Sampling (4 threads)  16%|████▊                         |  ETA: 1:18:28
Sampling (4 threads)  16%|█████                         |  ETA: 1:15:38
Sampling (4 threads)  17%|█████▏                        |  ETA: 1:12:58
Sampling (4 threads)  18%|█████▎                        |  ETA: 1:13:42
Sampling (4 threads)  18%|█████▍                        |  ETA: 1:11:13
Sampling (4 threads)  18%|█████▌                        |  ETA: 1:10:49
Sampling (4 threads)  19%|█████▊                        |  ETA: 1:08:32
Sampling (4 threads)  20%|█████▉                        |  ETA: 1:09:40
Sampling (4 threads)  20%|██████                        |  ETA: 1:07:30
Sampling (4 threads)  20%|██████▏                       |  ETA: 1:05:27
Sampling (4 threads)  21%|██████▎                       |  ETA: 1:07:12
Sampling (4 threads)  22%|██████▌                       |  ETA: 1:05:14
Sampling (4 threads)  22%|██████▋                       |  ETA: 1:03:20
Sampling (4 threads)  22%|██████▊                       |  ETA: 1:05:34
Sampling (4 threads)  23%|██████▉                       |  ETA: 1:03:44
Sampling (4 threads)  24%|███████                       |  ETA: 1:01:58
Sampling (4 threads)  24%|███████▎                      |  ETA: 1:02:25
Sampling (4 threads)  24%|███████▍                      |  ETA: 1:00:45
Sampling (4 threads)  25%|███████▌                      |  ETA: 0:59:08
Sampling (4 threads)  26%|███████▋                      |  ETA: 1:00:37
Sampling (4 threads)  26%|███████▊                      |  ETA: 0:59:04
Sampling (4 threads)  26%|████████                      |  ETA: 1:00:26
Sampling (4 threads)  27%|████████▏                     |  ETA: 0:58:55
Sampling (4 threads)  28%|████████▎                     |  ETA: 0:57:27
Sampling (4 threads)  28%|████████▍                     |  ETA: 0:58:27
Sampling (4 threads)  28%|████████▌                     |  ETA: 0:57:01
Sampling (4 threads)  29%|████████▊                     |  ETA: 0:55:39
Sampling (4 threads)  30%|████████▉                     |  ETA: 0:56:31
Sampling (4 threads)  30%|█████████                     |  ETA: 0:55:10
Sampling (4 threads)  30%|█████████▏                    |  ETA: 0:53:53
Sampling (4 threads)  31%|█████████▎                    |  ETA: 0:54:22
Sampling (4 threads)  32%|█████████▌                    |  ETA: 0:53:07
Sampling (4 threads)  32%|█████████▋                    |  ETA: 0:53:26
Sampling (4 threads)  32%|█████████▊                    |  ETA: 0:52:14
Sampling (4 threads)  33%|█████████▉                    |  ETA: 0:53:20
Sampling (4 threads)  34%|██████████                    |  ETA: 0:52:08
Sampling (4 threads)  34%|██████████▎                   |  ETA: 0:50:59
Sampling (4 threads)  34%|██████████▍                   |  ETA: 0:52:28
Sampling (4 threads)  35%|██████████▌                   |  ETA: 0:51:19
Sampling (4 threads)  36%|██████████▋                   |  ETA: 0:50:12
Sampling (4 threads)  36%|██████████▊                   |  ETA: 0:50:59
Sampling (4 threads)  36%|███████████                   |  ETA: 0:49:53
Sampling (4 threads)  37%|███████████▏                  |  ETA: 0:50:15
Sampling (4 threads)  38%|███████████▎                  |  ETA: 0:49:11
Sampling (4 threads)  38%|███████████▍                  |  ETA: 0:48:09
Sampling (4 threads)  38%|███████████▌                  |  ETA: 0:48:55
Sampling (4 threads)  39%|███████████▊                  |  ETA: 0:47:54
Sampling (4 threads)  40%|███████████▉                  |  ETA: 0:46:54
Sampling (4 threads)  40%|████████████                  |  ETA: 0:47:38
Sampling (4 threads)  40%|████████████▏                 |  ETA: 0:46:39
Sampling (4 threads)  41%|████████████▎                 |  ETA: 0:45:42
Sampling (4 threads)  42%|████████████▌                 |  ETA: 0:46:30
Sampling (4 threads)  42%|████████████▋                 |  ETA: 0:45:34
Sampling (4 threads)  42%|████████████▊                 |  ETA: 0:44:38
Sampling (4 threads)  43%|████████████▉                 |  ETA: 0:44:31
Sampling (4 threads)  44%|█████████████                 |  ETA: 0:43:38
Sampling (4 threads)  44%|█████████████▎                |  ETA: 0:44:05
Sampling (4 threads)  44%|█████████████▍                |  ETA: 0:43:12
Sampling (4 threads)  45%|█████████████▌                |  ETA: 0:42:20
Sampling (4 threads)  46%|█████████████▋                |  ETA: 0:42:43
Sampling (4 threads)  46%|█████████████▊                |  ETA: 0:41:52
Sampling (4 threads)  46%|██████████████                |  ETA: 0:41:45
Sampling (4 threads)  47%|██████████████▏               |  ETA: 0:40:55
Sampling (4 threads)  48%|██████████████▎               |  ETA: 0:40:07
Sampling (4 threads)  48%|██████████████▍               |  ETA: 0:40:50
Sampling (4 threads)  48%|██████████████▌               |  ETA: 0:40:01
Sampling (4 threads)  49%|██████████████▊               |  ETA: 0:39:14
Sampling (4 threads)  50%|██████████████▉               |  ETA: 0:39:42
Sampling (4 threads)  50%|███████████████               |  ETA: 0:38:55
Sampling (4 threads)  50%|███████████████▏              |  ETA: 0:38:09
Sampling (4 threads)  51%|███████████████▎              |  ETA: 0:38:25
Sampling (4 threads)  52%|███████████████▌              |  ETA: 0:37:40
Sampling (4 threads)  52%|███████████████▋              |  ETA: 0:36:55
Sampling (4 threads)  52%|███████████████▊              |  ETA: 0:36:58
Sampling (4 threads)  53%|███████████████▉              |  ETA: 0:36:14
Sampling (4 threads)  54%|████████████████              |  ETA: 0:35:31
Sampling (4 threads)  54%|████████████████▎             |  ETA: 0:35:43
Sampling (4 threads)  55%|████████████████▍             |  ETA: 0:35:00
Sampling (4 threads)  55%|████████████████▌             |  ETA: 0:34:48
Sampling (4 threads)  56%|████████████████▋             |  ETA: 0:34:06
Sampling (4 threads)  56%|████████████████▊             |  ETA: 0:34:16
Sampling (4 threads)  56%|█████████████████             |  ETA: 0:33:35
Sampling (4 threads)  57%|█████████████████▏            |  ETA: 0:32:54
Sampling (4 threads)  57%|█████████████████▎            |  ETA: 0:33:08
Sampling (4 threads)  58%|█████████████████▍            |  ETA: 0:32:28
Sampling (4 threads)  58%|█████████████████▌            |  ETA: 0:31:49
Sampling (4 threads)  59%|█████████████████▊            |  ETA: 0:31:55
Sampling (4 threads)  60%|█████████████████▉            |  ETA: 0:31:15
Sampling (4 threads)  60%|██████████████████            |  ETA: 0:30:37
Sampling (4 threads)  60%|██████████████████▏           |  ETA: 0:30:18
Sampling (4 threads)  61%|██████████████████▎           |  ETA: 0:29:40
Sampling (4 threads)  62%|██████████████████▌           |  ETA: 0:29:45
Sampling (4 threads)  62%|██████████████████▋           |  ETA: 0:29:08
Sampling (4 threads)  62%|██████████████████▊           |  ETA: 0:28:31
Sampling (4 threads)  63%|██████████████████▉           |  ETA: 0:28:23
Sampling (4 threads)  64%|███████████████████           |  ETA: 0:27:47
Sampling (4 threads)  64%|███████████████████▎          |  ETA: 0:27:11
Sampling (4 threads)  64%|███████████████████▍          |  ETA: 0:27:02
Sampling (4 threads)  65%|███████████████████▌          |  ETA: 0:26:26
Sampling (4 threads)  66%|███████████████████▋          |  ETA: 0:26:16
Sampling (4 threads)  66%|███████████████████▊          |  ETA: 0:25:41
Sampling (4 threads)  66%|████████████████████          |  ETA: 0:25:07
Sampling (4 threads)  67%|████████████████████▏         |  ETA: 0:24:58
Sampling (4 threads)  68%|████████████████████▎         |  ETA: 0:24:25
Sampling (4 threads)  68%|████████████████████▍         |  ETA: 0:24:12
Sampling (4 threads)  68%|████████████████████▌         |  ETA: 0:23:39
Sampling (4 threads)  69%|████████████████████▊         |  ETA: 0:23:07
Sampling (4 threads)  70%|████████████████████▉         |  ETA: 0:23:07
Sampling (4 threads)  70%|█████████████████████         |  ETA: 0:22:35
Sampling (4 threads)  70%|█████████████████████▏        |  ETA: 0:22:02
Sampling (4 threads)  71%|█████████████████████▎        |  ETA: 0:21:59
Sampling (4 threads)  72%|█████████████████████▌        |  ETA: 0:21:27
Sampling (4 threads)  72%|█████████████████████▋        |  ETA: 0:20:56
Sampling (4 threads)  72%|█████████████████████▊        |  ETA: 0:20:45
Sampling (4 threads)  73%|█████████████████████▉        |  ETA: 0:20:14
Sampling (4 threads)  74%|██████████████████████        |  ETA: 0:19:43
Sampling (4 threads)  74%|██████████████████████▎       |  ETA: 0:19:31
Sampling (4 threads)  74%|██████████████████████▍       |  ETA: 0:19:01
Sampling (4 threads)  75%|██████████████████████▌       |  ETA: 0:18:31
Sampling (4 threads)  76%|██████████████████████▋       |  ETA: 0:18:19
Sampling (4 threads)  76%|██████████████████████▊       |  ETA: 0:17:50
Sampling (4 threads)  76%|███████████████████████       |  ETA: 0:17:31
Sampling (4 threads)  77%|███████████████████████▏      |  ETA: 0:17:02
Sampling (4 threads)  78%|███████████████████████▎      |  ETA: 0:16:52
Sampling (4 threads)  78%|███████████████████████▍      |  ETA: 0:16:23
Sampling (4 threads)  78%|███████████████████████▌      |  ETA: 0:15:54
Sampling (4 threads)  79%|███████████████████████▊      |  ETA: 0:15:43
Sampling (4 threads)  80%|███████████████████████▉      |  ETA: 0:15:14
Sampling (4 threads)  80%|████████████████████████      |  ETA: 0:14:47
Sampling (4 threads)  80%|████████████████████████▏     |  ETA: 0:14:31
Sampling (4 threads)  81%|████████████████████████▎     |  ETA: 0:14:03
Sampling (4 threads)  82%|████████████████████████▌     |  ETA: 0:13:36
Sampling (4 threads)  82%|████████████████████████▋     |  ETA: 0:13:22
Sampling (4 threads)  82%|████████████████████████▊     |  ETA: 0:12:55
Sampling (4 threads)  83%|████████████████████████▉     |  ETA: 0:12:39
Sampling (4 threads)  84%|█████████████████████████     |  ETA: 0:12:12
Sampling (4 threads)  84%|█████████████████████████▎    |  ETA: 0:11:46
Sampling (4 threads)  84%|█████████████████████████▍    |  ETA: 0:11:30
Sampling (4 threads)  85%|█████████████████████████▌    |  ETA: 0:11:04
Sampling (4 threads)  86%|█████████████████████████▋    |  ETA: 0:10:48
Sampling (4 threads)  86%|█████████████████████████▊    |  ETA: 0:10:22
Sampling (4 threads)  86%|██████████████████████████    |  ETA: 0:09:56
Sampling (4 threads)  87%|██████████████████████████▏   |  ETA: 0:09:32
Sampling (4 threads)  88%|██████████████████████████▎   |  ETA: 0:09:11
Sampling (4 threads)  88%|██████████████████████████▍   |  ETA: 0:08:49
Sampling (4 threads)  88%|██████████████████████████▌   |  ETA: 0:08:29
Sampling (4 threads)  89%|██████████████████████████▊   |  ETA: 0:08:07
Sampling (4 threads)  90%|██████████████████████████▉   |  ETA: 0:07:46
Sampling (4 threads)  90%|███████████████████████████   |  ETA: 0:07:26
Sampling (4 threads)  90%|███████████████████████████▏  |  ETA: 0:07:06
Sampling (4 threads)  91%|███████████████████████████▎  |  ETA: 0:06:44
Sampling (4 threads)  92%|███████████████████████████▌  |  ETA: 0:06:24
Sampling (4 threads)  92%|███████████████████████████▋  |  ETA: 0:06:06
Sampling (4 threads)  92%|███████████████████████████▊  |  ETA: 0:05:51
Sampling (4 threads)  93%|███████████████████████████▉  |  ETA: 0:05:33
Sampling (4 threads)  94%|████████████████████████████  |  ETA: 0:05:15
Sampling (4 threads)  94%|████████████████████████████▎ |  ETA: 0:04:57
Sampling (4 threads)  94%|████████████████████████████▍ |  ETA: 0:04:38
Sampling (4 threads)  95%|████████████████████████████▌ |  ETA: 0:04:18
Sampling (4 threads)  96%|████████████████████████████▋ |  ETA: 0:03:56
Sampling (4 threads)  96%|████████████████████████████▊ |  ETA: 0:03:33
Sampling (4 threads)  96%|█████████████████████████████ |  ETA: 0:03:10
Sampling (4 threads)  97%|█████████████████████████████▏|  ETA: 0:02:45
Sampling (4 threads)  98%|█████████████████████████████▎|  ETA: 0:02:19
Sampling (4 threads)  98%|█████████████████████████████▍|  ETA: 0:01:53
Sampling (4 threads)  98%|█████████████████████████████▌|  ETA: 0:01:26
Sampling (4 threads)  99%|█████████████████████████████▊|  ETA: 0:00:58
Sampling (4 threads) 100%|█████████████████████████████▉|  ETA: 0:00:29
Sampling (4 threads) 100%|██████████████████████████████| Time: 1:39:08
Sampling (4 threads) 100%|██████████████████████████████| Time: 1:39:09
Precompiling project...
    DistributionsADReverseDiffExt Being precompiled by another machine (hostname: bp1-compute122, pid: 356549, pidfile: /user/home/em18564/.julia/compiled/v1.10/DistributionsADReverseDiffExt/hY00X_4RpdW.ji.pidfile)
  ✗ DistributionsAD → DistributionsADReverseDiffExt
  0 dependencies successfully precompiled in 73 seconds. 549 already precompiled.
┌ Warning: Runtime invalidation was disabled, but the CPU info is out-of-date.
│ Will continue with incorrect CPU name (from build time).
└ @ HostCPUFeatures ~/.julia/packages/HostCPUFeatures/ZTXz4/src/cpu_info.jl:71
┌ Warning: Runtime invalidation was disabled, but the CPU info is out-of-date.
│ Will continue with incorrect CPU feature flag: +avx512vnni.
└ @ HostCPUFeatures ~/.julia/packages/HostCPUFeatures/ZTXz4/src/cpu_info.jl:56
┌ Warning: Runtime invalidation was disabled, but the CPU info is out-of-date.
│ Will continue with incorrect CPU feature flag: -rtm.
└ @ HostCPUFeatures ~/.julia/packages/HostCPUFeatures/ZTXz4/src/cpu_info.jl:56
Sampling (4 threads)   0%|                              |  ETA: N/A
┌ Info: Found initial step size
└   ϵ = 0.0001953125
┌ Info: Found initial step size
└   ϵ = 0.0001953125
┌ Info: Found initial step size
└   ϵ = 0.0015625
┌ Info: Found initial step size
└   ϵ = 0.0015625
Sampling (4 threads)   0%|▏                             |  ETA: 5:39:38
Sampling (4 threads)   1%|▎                             |  ETA: 2:49:07
Sampling (4 threads)   2%|▌                             |  ETA: 1:52:10
Sampling (4 threads)   2%|▋                             |  ETA: 2:02:31
Sampling (4 threads)   2%|▊                             |  ETA: 1:37:31
Sampling (4 threads)   3%|▉                             |  ETA: 1:20:50
Sampling (4 threads)   4%|█                             |  ETA: 3:19:19
Sampling (4 threads)   4%|█▎                            |  ETA: 2:53:30
Sampling (4 threads)   4%|█▍                            |  ETA: 2:33:25
Sampling (4 threads)   5%|█▌                            |  ETA: 2:17:21
Sampling (4 threads)   6%|█▋                            |  ETA: 3:20:15
Sampling (4 threads)   6%|█▊                            |  ETA: 3:02:35
Sampling (4 threads)   6%|██                            |  ETA: 2:47:39
Sampling (4 threads)   7%|██▏                           |  ETA: 3:23:42
Sampling (4 threads)   8%|██▎                           |  ETA: 3:09:06
Sampling (4 threads)   8%|██▍                           |  ETA: 2:56:19
Sampling (4 threads)   8%|██▌                           |  ETA: 3:11:43
Sampling (4 threads)   9%|██▊                           |  ETA: 3:00:05
Sampling (4 threads)  10%|██▉                           |  ETA: 3:01:06
Sampling (4 threads)  10%|███                           |  ETA: 2:51:05
Sampling (4 threads)  10%|███▏                          |  ETA: 2:56:47
Sampling (4 threads)  11%|███▎                          |  ETA: 2:47:48
Sampling (4 threads)  12%|███▌                          |  ETA: 3:00:34
Sampling (4 threads)  12%|███▋                          |  ETA: 2:52:04
Sampling (4 threads)  12%|███▊                          |  ETA: 2:55:50
Sampling (4 threads)  13%|███▉                          |  ETA: 2:48:06
Sampling (4 threads)  14%|████                          |  ETA: 2:40:57
Sampling (4 threads)  14%|████▎                         |  ETA: 2:46:04
Sampling (4 threads)  14%|████▍                         |  ETA: 2:39:25
Sampling (4 threads)  15%|████▌                         |  ETA: 2:44:25
Sampling (4 threads)  16%|████▋                         |  ETA: 2:38:11
Sampling (4 threads)  16%|████▊                         |  ETA: 2:32:20
Sampling (4 threads)  16%|█████                         |  ETA: 2:36:25
Sampling (4 threads)  17%|█████▏                        |  ETA: 2:30:55
Sampling (4 threads)  18%|█████▎                        |  ETA: 2:25:43
Sampling (4 threads)  18%|█████▍                        |  ETA: 2:26:26
Sampling (4 threads)  18%|█████▌                        |  ETA: 2:21:37
Sampling (4 threads)  19%|█████▊                        |  ETA: 2:24:17
Sampling (4 threads)  20%|█████▉                        |  ETA: 2:19:43
Sampling (4 threads)  20%|██████                        |  ETA: 2:15:23
Sampling (4 threads)  20%|██████▏                       |  ETA: 2:16:12
Sampling (4 threads)  21%|██████▎                       |  ETA: 2:12:08
Sampling (4 threads)  22%|██████▌                       |  ETA: 2:11:43
Sampling (4 threads)  22%|██████▋                       |  ETA: 2:07:54
Sampling (4 threads)  22%|██████▊                       |  ETA: 2:09:21
Sampling (4 threads)  23%|██████▉                       |  ETA: 2:05:44
Sampling (4 threads)  24%|███████                       |  ETA: 2:02:15
Sampling (4 threads)  24%|███████▎                      |  ETA: 1:58:56
Sampling (4 threads)  24%|███████▍                      |  ETA: 1:59:03
Sampling (4 threads)  25%|███████▌                      |  ETA: 1:55:54
Sampling (4 threads)  26%|███████▋                      |  ETA: 1:55:43
Sampling (4 threads)  26%|███████▊                      |  ETA: 1:52:44
Sampling (4 threads)  26%|████████                      |  ETA: 1:53:25
Sampling (4 threads)  27%|████████▏                     |  ETA: 1:50:34
Sampling (4 threads)  28%|████████▎                     |  ETA: 1:47:48
Sampling (4 threads)  28%|████████▍                     |  ETA: 1:47:34
Sampling (4 threads)  28%|████████▌                     |  ETA: 1:44:56
Sampling (4 threads)  29%|████████▊                     |  ETA: 1:46:15
Sampling (4 threads)  30%|████████▉                     |  ETA: 1:43:43
Sampling (4 threads)  30%|█████████                     |  ETA: 1:41:16
Sampling (4 threads)  30%|█████████▏                    |  ETA: 1:42:19
Sampling (4 threads)  31%|█████████▎                    |  ETA: 1:39:56
Sampling (4 threads)  32%|█████████▌                    |  ETA: 1:37:38
Sampling (4 threads)  32%|█████████▋                    |  ETA: 1:35:25
Sampling (4 threads)  32%|█████████▊                    |  ETA: 1:36:07
Sampling (4 threads)  33%|█████████▉                    |  ETA: 1:33:58
Sampling (4 threads)  34%|██████████                    |  ETA: 1:34:48
Sampling (4 threads)  34%|██████████▎                   |  ETA: 1:32:42
Sampling (4 threads)  34%|██████████▍                   |  ETA: 1:30:40
Sampling (4 threads)  35%|██████████▌                   |  ETA: 1:31:28
Sampling (4 threads)  36%|██████████▋                   |  ETA: 1:29:29
Sampling (4 threads)  36%|██████████▊                   |  ETA: 1:27:34
Sampling (4 threads)  36%|███████████                   |  ETA: 1:25:41
Sampling (4 threads)  37%|███████████▏                  |  ETA: 1:26:52
Sampling (4 threads)  38%|███████████▎                  |  ETA: 1:25:01
Sampling (4 threads)  38%|███████████▍                  |  ETA: 1:23:14
Sampling (4 threads)  38%|███████████▌                  |  ETA: 1:24:05
Sampling (4 threads)  39%|███████████▊                  |  ETA: 1:22:20
Sampling (4 threads)  40%|███████████▉                  |  ETA: 1:20:37
Sampling (4 threads)  40%|████████████                  |  ETA: 1:21:32
Sampling (4 threads)  40%|████████████▏                 |  ETA: 1:19:51
Sampling (4 threads)  41%|████████████▎                 |  ETA: 1:18:13
Sampling (4 threads)  42%|████████████▌                 |  ETA: 1:18:57
Sampling (4 threads)  42%|████████████▋                 |  ETA: 1:17:21
Sampling (4 threads)  42%|████████████▊                 |  ETA: 1:15:47
Sampling (4 threads)  43%|████████████▉                 |  ETA: 1:15:40
Sampling (4 threads)  44%|█████████████                 |  ETA: 1:14:08
Sampling (4 threads)  44%|█████████████▎                |  ETA: 1:12:39
Sampling (4 threads)  44%|█████████████▍                |  ETA: 1:12:36
Sampling (4 threads)  45%|█████████████▌                |  ETA: 1:11:09
Sampling (4 threads)  46%|█████████████▋                |  ETA: 1:11:12
Sampling (4 threads)  46%|█████████████▊                |  ETA: 1:09:47
Sampling (4 threads)  46%|██████████████                |  ETA: 1:09:26
Sampling (4 threads)  47%|██████████████▏               |  ETA: 1:08:03
Sampling (4 threads)  48%|██████████████▎               |  ETA: 1:07:43
Sampling (4 threads)  48%|██████████████▍               |  ETA: 1:06:23
Sampling (4 threads)  48%|██████████████▌               |  ETA: 1:06:23
Sampling (4 threads)  49%|██████████████▊               |  ETA: 1:05:04
Sampling (4 threads)  50%|██████████████▉               |  ETA: 1:04:49
Sampling (4 threads)  50%|███████████████               |  ETA: 1:03:32
Sampling (4 threads)  50%|███████████████▏              |  ETA: 1:03:51
Sampling (4 threads)  51%|███████████████▎              |  ETA: 1:02:35
Sampling (4 threads)  52%|███████████████▌              |  ETA: 1:01:21
Sampling (4 threads)  52%|███████████████▋              |  ETA: 1:01:23
Sampling (4 threads)  52%|███████████████▊              |  ETA: 1:00:10
Sampling (4 threads)  53%|███████████████▉              |  ETA: 0:59:54
Sampling (4 threads)  54%|████████████████              |  ETA: 0:58:42
Sampling (4 threads)  54%|████████████████▎             |  ETA: 0:58:25
Sampling (4 threads)  55%|████████████████▍             |  ETA: 0:57:15
Sampling (4 threads)  55%|████████████████▌             |  ETA: 0:56:07
Sampling (4 threads)  56%|████████████████▋             |  ETA: 0:55:45
Sampling (4 threads)  56%|████████████████▊             |  ETA: 0:54:38
Sampling (4 threads)  56%|█████████████████             |  ETA: 0:54:17
Sampling (4 threads)  57%|█████████████████▏            |  ETA: 0:53:12
Sampling (4 threads)  57%|█████████████████▎            |  ETA: 0:53:29
Sampling (4 threads)  58%|█████████████████▍            |  ETA: 0:52:24
Sampling (4 threads)  58%|█████████████████▌            |  ETA: 0:51:20
Sampling (4 threads)  59%|█████████████████▊            |  ETA: 0:51:42
Sampling (4 threads)  60%|█████████████████▉            |  ETA: 0:50:39
Sampling (4 threads)  60%|██████████████████            |  ETA: 0:49:36
Sampling (4 threads)  60%|██████████████████▏           |  ETA: 0:48:35
Sampling (4 threads)  61%|██████████████████▎           |  ETA: 0:48:43
Sampling (4 threads)  62%|██████████████████▌           |  ETA: 0:47:42
Sampling (4 threads)  62%|██████████████████▋           |  ETA: 0:46:42
Sampling (4 threads)  62%|██████████████████▊           |  ETA: 0:46:48
Sampling (4 threads)  63%|██████████████████▉           |  ETA: 0:45:48
Sampling (4 threads)  64%|███████████████████           |  ETA: 0:44:50
Sampling (4 threads)  64%|███████████████████▎          |  ETA: 0:43:52
Sampling (4 threads)  64%|███████████████████▍          |  ETA: 0:44:00
Sampling (4 threads)  65%|███████████████████▌          |  ETA: 0:43:03
Sampling (4 threads)  66%|███████████████████▋          |  ETA: 0:42:07
Sampling (4 threads)  66%|███████████████████▊          |  ETA: 0:42:07
Sampling (4 threads)  66%|████████████████████          |  ETA: 0:41:11
Sampling (4 threads)  67%|████████████████████▏         |  ETA: 0:40:16
Sampling (4 threads)  68%|████████████████████▎         |  ETA: 0:39:22
Sampling (4 threads)  68%|████████████████████▍         |  ETA: 0:39:24
Sampling (4 threads)  68%|████████████████████▌         |  ETA: 0:38:30
Sampling (4 threads)  69%|████████████████████▊         |  ETA: 0:37:37
Sampling (4 threads)  70%|████████████████████▉         |  ETA: 0:37:28
Sampling (4 threads)  70%|█████████████████████         |  ETA: 0:36:35
Sampling (4 threads)  70%|█████████████████████▏        |  ETA: 0:35:43
Sampling (4 threads)  71%|█████████████████████▎        |  ETA: 0:35:32
Sampling (4 threads)  72%|█████████████████████▌        |  ETA: 0:34:40
Sampling (4 threads)  72%|█████████████████████▋        |  ETA: 0:33:50
Sampling (4 threads)  72%|█████████████████████▊        |  ETA: 0:33:38
Sampling (4 threads)  73%|█████████████████████▉        |  ETA: 0:32:48
Sampling (4 threads)  74%|██████████████████████        |  ETA: 0:31:58
Sampling (4 threads)  74%|██████████████████████▎       |  ETA: 0:31:26
Sampling (4 threads)  74%|██████████████████████▍       |  ETA: 0:30:37
Sampling (4 threads)  75%|██████████████████████▌       |  ETA: 0:30:04
Sampling (4 threads)  76%|██████████████████████▋       |  ETA: 0:29:16
Sampling (4 threads)  76%|██████████████████████▊       |  ETA: 0:28:55
Sampling (4 threads)  76%|███████████████████████       |  ETA: 0:28:08
Sampling (4 threads)  77%|███████████████████████▏      |  ETA: 0:27:21
Sampling (4 threads)  78%|███████████████████████▎      |  ETA: 0:27:05
Sampling (4 threads)  78%|███████████████████████▍      |  ETA: 0:26:18
Sampling (4 threads)  78%|███████████████████████▌      |  ETA: 0:25:33
Sampling (4 threads)  79%|███████████████████████▊      |  ETA: 0:25:16
Sampling (4 threads)  80%|███████████████████████▉      |  ETA: 0:24:30
Sampling (4 threads)  80%|████████████████████████      |  ETA: 0:23:45
Sampling (4 threads)  80%|████████████████████████▏     |  ETA: 0:23:23
Sampling (4 threads)  81%|████████████████████████▎     |  ETA: 0:22:38
Sampling (4 threads)  82%|████████████████████████▌     |  ETA: 0:21:55
Sampling (4 threads)  82%|████████████████████████▋     |  ETA: 0:21:36
Sampling (4 threads)  82%|████████████████████████▊     |  ETA: 0:20:53
Sampling (4 threads)  83%|████████████████████████▉     |  ETA: 0:20:10
Sampling (4 threads)  84%|█████████████████████████     |  ETA: 0:19:34
Sampling (4 threads)  84%|█████████████████████████▎    |  ETA: 0:18:59
Sampling (4 threads)  84%|█████████████████████████▍    |  ETA: 0:18:24
Sampling (4 threads)  85%|█████████████████████████▌    |  ETA: 0:17:51
Sampling (4 threads)  86%|█████████████████████████▋    |  ETA: 0:17:13
Sampling (4 threads)  86%|█████████████████████████▊    |  ETA: 0:16:35
Sampling (4 threads)  86%|██████████████████████████    |  ETA: 0:16:01
Sampling (4 threads)  87%|██████████████████████████▏   |  ETA: 0:15:26
Sampling (4 threads)  88%|██████████████████████████▎   |  ETA: 0:14:48
Sampling (4 threads)  88%|██████████████████████████▍   |  ETA: 0:14:12
Sampling (4 threads)  88%|██████████████████████████▌   |  ETA: 0:13:39
Sampling (4 threads)  89%|██████████████████████████▊   |  ETA: 0:13:02
Sampling (4 threads)  90%|██████████████████████████▉   |  ETA: 0:12:26
Sampling (4 threads)  90%|███████████████████████████   |  ETA: 0:11:50
Sampling (4 threads)  90%|███████████████████████████▏  |  ETA: 0:11:16
Sampling (4 threads)  91%|███████████████████████████▎  |  ETA: 0:10:41
Sampling (4 threads)  92%|███████████████████████████▌  |  ETA: 0:10:03
Sampling (4 threads)  92%|███████████████████████████▋  |  ETA: 0:09:29
Sampling (4 threads)  92%|███████████████████████████▊  |  ETA: 0:08:54
Sampling (4 threads)  93%|███████████████████████████▉  |  ETA: 0:08:17
Sampling (4 threads)  94%|████████████████████████████  |  ETA: 0:07:44
Sampling (4 threads)  94%|████████████████████████████▎ |  ETA: 0:07:08
Sampling (4 threads)  94%|████████████████████████████▍ |  ETA: 0:06:32
Sampling (4 threads)  95%|████████████████████████████▌ |  ETA: 0:05:58
Sampling (4 threads)  96%|████████████████████████████▋ |  ETA: 0:05:25
Sampling (4 threads)  96%|████████████████████████████▊ |  ETA: 0:04:52
Sampling (4 threads)  96%|█████████████████████████████ |  ETA: 0:04:17
Sampling (4 threads)  97%|█████████████████████████████▏|  ETA: 0:03:42
Sampling (4 threads)  98%|█████████████████████████████▎|  ETA: 0:03:07
Sampling (4 threads)  98%|█████████████████████████████▍|  ETA: 0:02:31
Sampling (4 threads)  98%|█████████████████████████████▌|  ETA: 0:01:54
Sampling (4 threads)  99%|█████████████████████████████▊|  ETA: 0:01:16
Sampling (4 threads) 100%|█████████████████████████████▉|  ETA: 0:00:38
Sampling (4 threads) 100%|██████████████████████████████| Time: 2:09:22
Sampling (4 threads) 100%|██████████████████████████████| Time: 2:09:23
Precompiling project...
    DistributionsADReverseDiffExt Being precompiled by another machine (hostname: bp1-compute154, pid: 555344, pidfile: /user/home/em18564/.julia/compiled/v1.10/DistributionsADReverseDiffExt/hY00X_4RpdW.ji.pidfile)
  ✗ DistributionsAD → DistributionsADReverseDiffExt
  0 dependencies successfully precompiled in 62 seconds. 549 already precompiled.
┌ Warning: Runtime invalidation was disabled, but the CPU info is out-of-date.
│ Will continue with incorrect CPU name (from build time).
└ @ HostCPUFeatures ~/.julia/packages/HostCPUFeatures/ZTXz4/src/cpu_info.jl:71
┌ Warning: Runtime invalidation was disabled, but the CPU info is out-of-date.
│ Will continue with incorrect CPU feature flag: +avx512vnni.
└ @ HostCPUFeatures ~/.julia/packages/HostCPUFeatures/ZTXz4/src/cpu_info.jl:56
┌ Warning: Runtime invalidation was disabled, but the CPU info is out-of-date.
│ Will continue with incorrect CPU feature flag: -rtm.
└ @ HostCPUFeatures ~/.julia/packages/HostCPUFeatures/ZTXz4/src/cpu_info.jl:56
Sampling (4 threads)   0%|                              |  ETA: N/A
┌ Info: Found initial step size
└   ϵ = 0.0015625
┌ Info: Found initial step size
└   ϵ = 0.00078125
┌ Info: Found initial step size
└   ϵ = 0.00078125
┌ Info: Found initial step size
└   ϵ = 0.00625
Sampling (4 threads)   0%|▏                             |  ETA: 4:25:24
Sampling (4 threads)   1%|▎                             |  ETA: 2:12:08
Sampling (4 threads)   2%|▌                             |  ETA: 4:32:39
Sampling (4 threads)   2%|▋                             |  ETA: 3:23:27
Sampling (4 threads)   2%|▊                             |  ETA: 2:41:56
Sampling (4 threads)   3%|▉                             |  ETA: 4:38:28
Sampling (4 threads)   4%|█                             |  ETA: 3:57:27
Sampling (4 threads)   4%|█▎                            |  ETA: 3:26:42
Sampling (4 threads)   4%|█▍                            |  ETA: 3:02:46
Sampling (4 threads)   5%|█▌                            |  ETA: 3:52:36
Sampling (4 threads)   6%|█▋                            |  ETA: 3:30:20
Sampling (4 threads)   6%|█▊                            |  ETA: 3:11:48
Sampling (4 threads)   6%|██                            |  ETA: 3:58:16
Sampling (4 threads)   7%|██▏                           |  ETA: 3:40:04
Sampling (4 threads)   8%|██▎                           |  ETA: 3:24:18
Sampling (4 threads)   8%|██▍                           |  ETA: 3:10:29
Sampling (4 threads)   8%|██▌                           |  ETA: 3:35:35
Sampling (4 threads)   9%|██▊                           |  ETA: 3:22:29
Sampling (4 threads)  10%|██▉                           |  ETA: 3:10:47
Sampling (4 threads)  10%|███                           |  ETA: 3:22:14
Sampling (4 threads)  10%|███▏                          |  ETA: 3:11:32
Sampling (4 threads)  11%|███▎                          |  ETA: 3:01:48
Sampling (4 threads)  12%|███▌                          |  ETA: 3:34:03
Sampling (4 threads)  12%|███▋                          |  ETA: 3:23:58
Sampling (4 threads)  12%|███▊                          |  ETA: 3:14:42
Sampling (4 threads)  13%|███▉                          |  ETA: 3:18:52
Sampling (4 threads)  14%|████                          |  ETA: 3:10:24
Sampling (4 threads)  14%|████▎                         |  ETA: 3:13:51
Sampling (4 threads)  14%|████▍                         |  ETA: 3:06:04
Sampling (4 threads)  15%|████▌                         |  ETA: 2:58:49
Sampling (4 threads)  16%|████▋                         |  ETA: 3:01:53
Sampling (4 threads)  16%|████▊                         |  ETA: 2:55:09
Sampling (4 threads)  16%|█████                         |  ETA: 2:55:45
Sampling (4 threads)  17%|█████▏                        |  ETA: 2:49:34
Sampling (4 threads)  18%|█████▎                        |  ETA: 2:43:43
Sampling (4 threads)  18%|█████▍                        |  ETA: 2:49:43
Sampling (4 threads)  18%|█████▌                        |  ETA: 2:44:08
Sampling (4 threads)  19%|█████▊                        |  ETA: 2:47:52
Sampling (4 threads)  20%|█████▉                        |  ETA: 2:42:34
Sampling (4 threads)  20%|██████                        |  ETA: 2:37:31
Sampling (4 threads)  20%|██████▏                       |  ETA: 2:38:55
Sampling (4 threads)  21%|██████▎                       |  ETA: 2:34:09
Sampling (4 threads)  22%|██████▌                       |  ETA: 2:35:24
Sampling (4 threads)  22%|██████▋                       |  ETA: 2:30:54
Sampling (4 threads)  22%|██████▊                       |  ETA: 2:26:36
Sampling (4 threads)  23%|██████▉                       |  ETA: 2:27:18
Sampling (4 threads)  24%|███████                       |  ETA: 2:23:14
Sampling (4 threads)  24%|███████▎                      |  ETA: 2:26:27
Sampling (4 threads)  24%|███████▍                      |  ETA: 2:22:31
Sampling (4 threads)  25%|███████▌                      |  ETA: 2:18:45
Sampling (4 threads)  26%|███████▋                      |  ETA: 2:19:44
Sampling (4 threads)  26%|███████▊                      |  ETA: 2:16:07
Sampling (4 threads)  26%|████████                      |  ETA: 2:19:17
Sampling (4 threads)  27%|████████▏                     |  ETA: 2:15:46
Sampling (4 threads)  28%|████████▎                     |  ETA: 2:12:23
Sampling (4 threads)  28%|████████▍                     |  ETA: 2:13:01
Sampling (4 threads)  28%|████████▌                     |  ETA: 2:09:47
Sampling (4 threads)  29%|████████▊                     |  ETA: 2:11:55
Sampling (4 threads)  30%|████████▉                     |  ETA: 2:08:46
Sampling (4 threads)  30%|█████████                     |  ETA: 2:10:13
Sampling (4 threads)  30%|█████████▏                    |  ETA: 2:07:10
Sampling (4 threads)  31%|█████████▎                    |  ETA: 2:04:13
Sampling (4 threads)  32%|█████████▌                    |  ETA: 2:04:37
Sampling (4 threads)  32%|█████████▋                    |  ETA: 2:01:46
Sampling (4 threads)  32%|█████████▊                    |  ETA: 2:02:52
Sampling (4 threads)  33%|█████████▉                    |  ETA: 2:00:07
Sampling (4 threads)  34%|██████████                    |  ETA: 1:58:53
Sampling (4 threads)  34%|██████████▎                   |  ETA: 1:56:15
Sampling (4 threads)  34%|██████████▍                   |  ETA: 1:56:24
Sampling (4 threads)  35%|██████████▌                   |  ETA: 1:53:52
Sampling (4 threads)  36%|██████████▋                   |  ETA: 1:51:24
Sampling (4 threads)  36%|██████████▊                   |  ETA: 1:51:09
Sampling (4 threads)  36%|███████████                   |  ETA: 1:48:47
Sampling (4 threads)  37%|███████████▏                  |  ETA: 1:48:40
Sampling (4 threads)  38%|███████████▎                  |  ETA: 1:46:22
Sampling (4 threads)  38%|███████████▍                  |  ETA: 1:44:08
Sampling (4 threads)  38%|███████████▌                  |  ETA: 1:41:57
Sampling (4 threads)  39%|███████████▊                  |  ETA: 1:42:23
Sampling (4 threads)  40%|███████████▉                  |  ETA: 1:40:16
Sampling (4 threads)  40%|████████████                  |  ETA: 1:38:11
Sampling (4 threads)  40%|████████████▏                 |  ETA: 1:38:45
Sampling (4 threads)  41%|████████████▎                 |  ETA: 1:36:44
Sampling (4 threads)  42%|████████████▌                 |  ETA: 1:34:45
Sampling (4 threads)  42%|████████████▋                 |  ETA: 1:32:49
Sampling (4 threads)  42%|████████████▊                 |  ETA: 1:33:12
Sampling (4 threads)  43%|████████████▉                 |  ETA: 1:31:19
Sampling (4 threads)  44%|█████████████                 |  ETA: 1:31:25
Sampling (4 threads)  44%|█████████████▎                |  ETA: 1:29:34
Sampling (4 threads)  44%|█████████████▍                |  ETA: 1:27:46
Sampling (4 threads)  45%|█████████████▌                |  ETA: 1:26:01
Sampling (4 threads)  46%|█████████████▋                |  ETA: 1:25:57
Sampling (4 threads)  46%|█████████████▊                |  ETA: 1:24:14
Sampling (4 threads)  46%|██████████████                |  ETA: 1:24:08
Sampling (4 threads)  47%|██████████████▏               |  ETA: 1:22:28
Sampling (4 threads)  48%|██████████████▎               |  ETA: 1:20:50
Sampling (4 threads)  48%|██████████████▍               |  ETA: 1:20:51
Sampling (4 threads)  48%|██████████████▌               |  ETA: 1:19:15
Sampling (4 threads)  49%|██████████████▊               |  ETA: 1:17:41
Sampling (4 threads)  50%|██████████████▉               |  ETA: 1:17:30
Sampling (4 threads)  50%|███████████████               |  ETA: 1:15:58
Sampling (4 threads)  50%|███████████████▏              |  ETA: 1:14:28
Sampling (4 threads)  51%|███████████████▎              |  ETA: 1:14:11
Sampling (4 threads)  52%|███████████████▌              |  ETA: 1:12:42
Sampling (4 threads)  52%|███████████████▋              |  ETA: 1:11:16
Sampling (4 threads)  52%|███████████████▊              |  ETA: 1:11:03
Sampling (4 threads)  53%|███████████████▉              |  ETA: 1:09:38
Sampling (4 threads)  54%|████████████████              |  ETA: 1:08:15
Sampling (4 threads)  54%|████████████████▎             |  ETA: 1:08:09
Sampling (4 threads)  55%|████████████████▍             |  ETA: 1:06:47
Sampling (4 threads)  55%|████████████████▌             |  ETA: 1:05:27
Sampling (4 threads)  56%|████████████████▋             |  ETA: 1:05:22
Sampling (4 threads)  56%|████████████████▊             |  ETA: 1:04:03
Sampling (4 threads)  56%|█████████████████             |  ETA: 1:03:23
Sampling (4 threads)  57%|█████████████████▏            |  ETA: 1:02:06
Sampling (4 threads)  57%|█████████████████▎            |  ETA: 1:01:49
Sampling (4 threads)  58%|█████████████████▍            |  ETA: 1:00:34
Sampling (4 threads)  58%|█████████████████▌            |  ETA: 0:59:20
Sampling (4 threads)  59%|█████████████████▊            |  ETA: 0:58:07
Sampling (4 threads)  60%|█████████████████▉            |  ETA: 0:57:55
Sampling (4 threads)  60%|██████████████████            |  ETA: 0:56:43
Sampling (4 threads)  60%|██████████████████▏           |  ETA: 0:56:00
Sampling (4 threads)  61%|██████████████████▎           |  ETA: 0:54:50
Sampling (4 threads)  62%|██████████████████▌           |  ETA: 0:54:32
Sampling (4 threads)  62%|██████████████████▋           |  ETA: 0:53:24
Sampling (4 threads)  62%|██████████████████▊           |  ETA: 0:52:16
Sampling (4 threads)  63%|██████████████████▉           |  ETA: 0:51:10
Sampling (4 threads)  64%|███████████████████           |  ETA: 0:50:55
Sampling (4 threads)  64%|███████████████████▎          |  ETA: 0:49:49
Sampling (4 threads)  64%|███████████████████▍          |  ETA: 0:49:08
Sampling (4 threads)  65%|███████████████████▌          |  ETA: 0:48:04
Sampling (4 threads)  66%|███████████████████▋          |  ETA: 0:47:40
Sampling (4 threads)  66%|███████████████████▊          |  ETA: 0:46:37
Sampling (4 threads)  66%|████████████████████          |  ETA: 0:45:35
Sampling (4 threads)  67%|████████████████████▏         |  ETA: 0:45:15
Sampling (4 threads)  68%|████████████████████▎         |  ETA: 0:44:14
Sampling (4 threads)  68%|████████████████████▍         |  ETA: 0:43:47
Sampling (4 threads)  68%|████████████████████▌         |  ETA: 0:42:47
Sampling (4 threads)  69%|████████████████████▊         |  ETA: 0:41:48
Sampling (4 threads)  70%|████████████████████▉         |  ETA: 0:41:09
Sampling (4 threads)  70%|█████████████████████         |  ETA: 0:40:12
Sampling (4 threads)  70%|█████████████████████▏        |  ETA: 0:39:45
Sampling (4 threads)  71%|█████████████████████▎        |  ETA: 0:38:48
Sampling (4 threads)  72%|█████████████████████▌        |  ETA: 0:37:51
Sampling (4 threads)  72%|█████████████████████▋        |  ETA: 0:37:10
Sampling (4 threads)  72%|█████████████████████▊        |  ETA: 0:36:29
Sampling (4 threads)  73%|█████████████████████▉        |  ETA: 0:35:44
Sampling (4 threads)  74%|██████████████████████        |  ETA: 0:35:05
Sampling (4 threads)  74%|██████████████████████▎       |  ETA: 0:34:17
Sampling (4 threads)  74%|██████████████████████▍       |  ETA: 0:33:35
Sampling (4 threads)  75%|██████████████████████▌       |  ETA: 0:32:53
Sampling (4 threads)  76%|██████████████████████▋       |  ETA: 0:32:12
Sampling (4 threads)  76%|██████████████████████▊       |  ETA: 0:31:32
Sampling (4 threads)  76%|███████████████████████       |  ETA: 0:30:51
Sampling (4 threads)  77%|███████████████████████▏      |  ETA: 0:30:02
Sampling (4 threads)  78%|███████████████████████▎      |  ETA: 0:29:22
Sampling (4 threads)  78%|███████████████████████▍      |  ETA: 0:28:42
Sampling (4 threads)  78%|███████████████████████▌      |  ETA: 0:28:01
Sampling (4 threads)  79%|███████████████████████▊      |  ETA: 0:27:21
Sampling (4 threads)  80%|███████████████████████▉      |  ETA: 0:26:42
Sampling (4 threads)  80%|████████████████████████      |  ETA: 0:25:53
Sampling (4 threads)  80%|████████████████████████▏     |  ETA: 0:25:16
Sampling (4 threads)  81%|████████████████████████▎     |  ETA: 0:24:38
Sampling (4 threads)  82%|████████████████████████▌     |  ETA: 0:23:54
Sampling (4 threads)  82%|████████████████████████▋     |  ETA: 0:23:12
Sampling (4 threads)  82%|████████████████████████▊     |  ETA: 0:22:34
Sampling (4 threads)  83%|████████████████████████▉     |  ETA: 0:21:55
Sampling (4 threads)  84%|█████████████████████████     |  ETA: 0:21:13
Sampling (4 threads)  84%|█████████████████████████▎    |  ETA: 0:20:33
Sampling (4 threads)  84%|█████████████████████████▍    |  ETA: 0:19:55
Sampling (4 threads)  85%|█████████████████████████▌    |  ETA: 0:19:12
Sampling (4 threads)  86%|█████████████████████████▋    |  ETA: 0:18:32
Sampling (4 threads)  86%|█████████████████████████▊    |  ETA: 0:17:54
Sampling (4 threads)  86%|██████████████████████████    |  ETA: 0:17:13
Sampling (4 threads)  87%|██████████████████████████▏   |  ETA: 0:16:33
Sampling (4 threads)  88%|██████████████████████████▎   |  ETA: 0:15:54
Sampling (4 threads)  88%|██████████████████████████▍   |  ETA: 0:15:15
Sampling (4 threads)  88%|██████████████████████████▌   |  ETA: 0:14:37
Sampling (4 threads)  89%|██████████████████████████▊   |  ETA: 0:13:59
Sampling (4 threads)  90%|██████████████████████████▉   |  ETA: 0:13:18
Sampling (4 threads)  90%|███████████████████████████   |  ETA: 0:12:38
Sampling (4 threads)  90%|███████████████████████████▏  |  ETA: 0:11:59
Sampling (4 threads)  91%|███████████████████████████▎  |  ETA: 0:11:21
Sampling (4 threads)  92%|███████████████████████████▌  |  ETA: 0:10:43
Sampling (4 threads)  92%|███████████████████████████▋  |  ETA: 0:10:05
Sampling (4 threads)  92%|███████████████████████████▊  |  ETA: 0:09:26
Sampling (4 threads)  93%|███████████████████████████▉  |  ETA: 0:08:49
Sampling (4 threads)  94%|████████████████████████████  |  ETA: 0:08:11
Sampling (4 threads)  94%|████████████████████████████▎ |  ETA: 0:07:33
Sampling (4 threads)  94%|████████████████████████████▍ |  ETA: 0:06:56
Sampling (4 threads)  95%|████████████████████████████▌ |  ETA: 0:06:22
Sampling (4 threads)  96%|████████████████████████████▋ |  ETA: 0:05:49
Sampling (4 threads)  96%|████████████████████████████▊ |  ETA: 0:05:13
Sampling (4 threads)  96%|█████████████████████████████ |  ETA: 0:04:36
Sampling (4 threads)  97%|█████████████████████████████▏|  ETA: 0:04:00
Sampling (4 threads)  98%|█████████████████████████████▎|  ETA: 0:03:22
Sampling (4 threads)  98%|█████████████████████████████▍|  ETA: 0:02:43
Sampling (4 threads)  98%|█████████████████████████████▌|  ETA: 0:02:03
Sampling (4 threads)  99%|█████████████████████████████▊|  ETA: 0:01:23
Sampling (4 threads) 100%|█████████████████████████████▉|  ETA: 0:00:42
Sampling (4 threads) 100%|██████████████████████████████| Time: 2:21:04
Sampling (4 threads) 100%|██████████████████████████████| Time: 2:21:05
Precompiling project...
    DistributionsADReverseDiffExt Being precompiled by another machine (hostname: bp1-compute122, pid: 356549, pidfile: /user/home/em18564/.julia/compiled/v1.10/DistributionsADReverseDiffExt/hY00X_4RpdW.ji.pidfile)
  ✗ DistributionsAD → DistributionsADReverseDiffExt
  0 dependencies successfully precompiled in 79 seconds. 549 already precompiled.
┌ Warning: Runtime invalidation was disabled, but the CPU info is out-of-date.
│ Will continue with incorrect CPU name (from build time).
└ @ HostCPUFeatures ~/.julia/packages/HostCPUFeatures/ZTXz4/src/cpu_info.jl:71
┌ Warning: Runtime invalidation was disabled, but the CPU info is out-of-date.
│ Will continue with incorrect CPU feature flag: +avx512vnni.
└ @ HostCPUFeatures ~/.julia/packages/HostCPUFeatures/ZTXz4/src/cpu_info.jl:56
┌ Warning: Runtime invalidation was disabled, but the CPU info is out-of-date.
│ Will continue with incorrect CPU feature flag: -rtm.
└ @ HostCPUFeatures ~/.julia/packages/HostCPUFeatures/ZTXz4/src/cpu_info.jl:56
Sampling (4 threads)   0%|                              |  ETA: N/A
┌ Info: Found initial step size
└   ϵ = 0.00078125
┌ Info: Found initial step size
└   ϵ = 0.003125
┌ Info: Found initial step size
└   ϵ = 0.0015625
┌ Info: Found initial step size
└   ϵ = 0.00078125
Sampling (4 threads)   0%|▏                             |  ETA: 5:07:00
Sampling (4 threads)   1%|▎                             |  ETA: 2:32:52
Sampling (4 threads)   2%|▌                             |  ETA: 5:20:04
Sampling (4 threads)   2%|▋                             |  ETA: 3:58:50
Sampling (4 threads)   2%|▊                             |  ETA: 3:10:06
Sampling (4 threads)   3%|▉                             |  ETA: 3:27:16
Sampling (4 threads)   4%|█                             |  ETA: 2:56:44
Sampling (4 threads)   4%|█▎                            |  ETA: 2:33:51
Sampling (4 threads)   4%|█▍                            |  ETA: 3:15:18
Sampling (4 threads)   5%|█▌                            |  ETA: 2:54:51
Sampling (4 threads)   6%|█▋                            |  ETA: 2:38:07
Sampling (4 threads)   6%|█▊                            |  ETA: 2:59:16
Sampling (4 threads)   6%|██                            |  ETA: 2:44:36
Sampling (4 threads)   7%|██▏                           |  ETA: 2:32:02
Sampling (4 threads)   8%|██▎                           |  ETA: 2:50:45
Sampling (4 threads)   8%|██▍                           |  ETA: 2:39:13
Sampling (4 threads)   8%|██▌                           |  ETA: 2:45:36
Sampling (4 threads)   9%|██▊                           |  ETA: 2:35:32
Sampling (4 threads)  10%|██▉                           |  ETA: 2:26:33
Sampling (4 threads)  10%|███                           |  ETA: 2:29:25
Sampling (4 threads)  10%|███▏                          |  ETA: 2:21:31
Sampling (4 threads)  11%|███▎                          |  ETA: 2:26:11
Sampling (4 threads)  12%|███▌                          |  ETA: 2:19:03
Sampling (4 threads)  12%|███▋                          |  ETA: 2:12:30
Sampling (4 threads)  12%|███▊                          |  ETA: 2:18:41
Sampling (4 threads)  13%|███▉                          |  ETA: 2:12:36
Sampling (4 threads)  14%|████                          |  ETA: 2:06:57
Sampling (4 threads)  14%|████▎                         |  ETA: 2:11:04
Sampling (4 threads)  14%|████▍                         |  ETA: 2:05:49
Sampling (4 threads)  15%|████▌                         |  ETA: 2:00:55
Sampling (4 threads)  16%|████▋                         |  ETA: 2:05:46
Sampling (4 threads)  16%|████▊                         |  ETA: 2:01:07
Sampling (4 threads)  16%|█████                         |  ETA: 2:05:14
Sampling (4 threads)  17%|█████▏                        |  ETA: 2:00:50
Sampling (4 threads)  18%|█████▎                        |  ETA: 1:56:40
Sampling (4 threads)  18%|█████▍                        |  ETA: 1:57:45
Sampling (4 threads)  18%|█████▌                        |  ETA: 1:53:52
Sampling (4 threads)  19%|█████▊                        |  ETA: 1:54:49
Sampling (4 threads)  20%|█████▉                        |  ETA: 1:51:11
Sampling (4 threads)  20%|██████                        |  ETA: 1:54:57
Sampling (4 threads)  20%|██████▏                       |  ETA: 1:51:27
Sampling (4 threads)  21%|██████▎                       |  ETA: 1:48:07
Sampling (4 threads)  22%|██████▌                       |  ETA: 1:44:56
Sampling (4 threads)  22%|██████▋                       |  ETA: 1:48:50
Sampling (4 threads)  22%|██████▊                       |  ETA: 1:45:44
Sampling (4 threads)  23%|██████▉                       |  ETA: 1:46:08
Sampling (4 threads)  24%|███████                       |  ETA: 1:43:12
Sampling (4 threads)  24%|███████▎                      |  ETA: 1:45:56
Sampling (4 threads)  24%|███████▍                      |  ETA: 1:43:06
Sampling (4 threads)  25%|███████▌                      |  ETA: 1:40:22
Sampling (4 threads)  26%|███████▋                      |  ETA: 1:43:14
Sampling (4 threads)  26%|███████▊                      |  ETA: 1:40:34
Sampling (4 threads)  26%|████████                      |  ETA: 1:40:17
Sampling (4 threads)  27%|████████▏                     |  ETA: 1:37:45
Sampling (4 threads)  28%|████████▎                     |  ETA: 1:37:47
Sampling (4 threads)  28%|████████▍                     |  ETA: 1:35:23
Sampling (4 threads)  28%|████████▌                     |  ETA: 1:37:14
Sampling (4 threads)  29%|████████▊                     |  ETA: 1:34:53
Sampling (4 threads)  30%|████████▉                     |  ETA: 1:32:37
Sampling (4 threads)  30%|█████████                     |  ETA: 1:34:17
Sampling (4 threads)  30%|█████████▏                    |  ETA: 1:32:04
Sampling (4 threads)  31%|█████████▎                    |  ETA: 1:29:56
Sampling (4 threads)  32%|█████████▌                    |  ETA: 1:31:09
Sampling (4 threads)  32%|█████████▋                    |  ETA: 1:29:04
Sampling (4 threads)  32%|█████████▊                    |  ETA: 1:30:07
Sampling (4 threads)  33%|█████████▉                    |  ETA: 1:28:05
Sampling (4 threads)  34%|██████████                    |  ETA: 1:29:24
Sampling (4 threads)  34%|██████████▎                   |  ETA: 1:27:26
Sampling (4 threads)  34%|██████████▍                   |  ETA: 1:25:30
Sampling (4 threads)  35%|██████████▌                   |  ETA: 1:26:48
Sampling (4 threads)  36%|██████████▋                   |  ETA: 1:24:55
Sampling (4 threads)  36%|██████████▊                   |  ETA: 1:23:06
Sampling (4 threads)  36%|███████████                   |  ETA: 1:24:54
Sampling (4 threads)  37%|███████████▏                  |  ETA: 1:23:06
Sampling (4 threads)  38%|███████████▎                  |  ETA: 1:21:20
Sampling (4 threads)  38%|███████████▍                  |  ETA: 1:22:13
Sampling (4 threads)  38%|███████████▌                  |  ETA: 1:20:30
Sampling (4 threads)  39%|███████████▊                  |  ETA: 1:22:04
Sampling (4 threads)  40%|███████████▉                  |  ETA: 1:20:22
Sampling (4 threads)  40%|████████████                  |  ETA: 1:21:29
Sampling (4 threads)  40%|████████████▏                 |  ETA: 1:19:49
Sampling (4 threads)  41%|████████████▎                 |  ETA: 1:18:10
Sampling (4 threads)  42%|████████████▌                 |  ETA: 1:18:58
Sampling (4 threads)  42%|████████████▋                 |  ETA: 1:17:22
Sampling (4 threads)  42%|████████████▊                 |  ETA: 1:17:48
Sampling (4 threads)  43%|████████████▉                 |  ETA: 1:16:14
Sampling (4 threads)  44%|█████████████                 |  ETA: 1:14:42
Sampling (4 threads)  44%|█████████████▎                |  ETA: 1:15:41
Sampling (4 threads)  44%|█████████████▍                |  ETA: 1:14:10
Sampling (4 threads)  45%|█████████████▌                |  ETA: 1:14:48
Sampling (4 threads)  46%|█████████████▋                |  ETA: 1:13:18
Sampling (4 threads)  46%|█████████████▊                |  ETA: 1:11:51
Sampling (4 threads)  46%|██████████████                |  ETA: 1:12:17
Sampling (4 threads)  47%|██████████████▏               |  ETA: 1:10:50
Sampling (4 threads)  48%|██████████████▎               |  ETA: 1:09:26
Sampling (4 threads)  48%|██████████████▍               |  ETA: 1:09:59
Sampling (4 threads)  48%|██████████████▌               |  ETA: 1:08:36
Sampling (4 threads)  49%|██████████████▊               |  ETA: 1:09:02
Sampling (4 threads)  50%|██████████████▉               |  ETA: 1:07:40
Sampling (4 threads)  50%|███████████████               |  ETA: 1:06:20
Sampling (4 threads)  50%|███████████████▏              |  ETA: 1:06:50
Sampling (4 threads)  51%|███████████████▎              |  ETA: 1:05:31
Sampling (4 threads)  52%|███████████████▌              |  ETA: 1:05:05
Sampling (4 threads)  52%|███████████████▋              |  ETA: 1:03:48
Sampling (4 threads)  52%|███████████████▊              |  ETA: 1:04:08
Sampling (4 threads)  53%|███████████████▉              |  ETA: 1:02:52
Sampling (4 threads)  54%|████████████████              |  ETA: 1:01:37
Sampling (4 threads)  54%|████████████████▎             |  ETA: 1:02:01
Sampling (4 threads)  55%|████████████████▍             |  ETA: 1:00:47
Sampling (4 threads)  55%|████████████████▌             |  ETA: 1:00:19
Sampling (4 threads)  56%|████████████████▋             |  ETA: 0:59:06
Sampling (4 threads)  56%|████████████████▊             |  ETA: 0:59:11
Sampling (4 threads)  56%|█████████████████             |  ETA: 0:58:00
Sampling (4 threads)  57%|█████████████████▏            |  ETA: 0:57:54
Sampling (4 threads)  57%|█████████████████▎            |  ETA: 0:56:44
Sampling (4 threads)  58%|█████████████████▍            |  ETA: 0:55:35
Sampling (4 threads)  58%|█████████████████▌            |  ETA: 0:55:38
Sampling (4 threads)  59%|█████████████████▊            |  ETA: 0:54:30
Sampling (4 threads)  60%|█████████████████▉            |  ETA: 0:53:23
Sampling (4 threads)  60%|██████████████████            |  ETA: 0:53:20
Sampling (4 threads)  60%|██████████████████▏           |  ETA: 0:52:14
Sampling (4 threads)  61%|██████████████████▎           |  ETA: 0:52:18
Sampling (4 threads)  62%|██████████████████▌           |  ETA: 0:51:12
Sampling (4 threads)  62%|██████████████████▋           |  ETA: 0:50:08
Sampling (4 threads)  62%|██████████████████▊           |  ETA: 0:50:07
Sampling (4 threads)  63%|██████████████████▉           |  ETA: 0:49:04
Sampling (4 threads)  64%|███████████████████           |  ETA: 0:48:57
Sampling (4 threads)  64%|███████████████████▎          |  ETA: 0:47:54
Sampling (4 threads)  64%|███████████████████▍          |  ETA: 0:47:27
Sampling (4 threads)  65%|███████████████████▌          |  ETA: 0:46:26
Sampling (4 threads)  66%|███████████████████▋          |  ETA: 0:46:15
Sampling (4 threads)  66%|███████████████████▊          |  ETA: 0:45:14
Sampling (4 threads)  66%|████████████████████          |  ETA: 0:44:14
Sampling (4 threads)  67%|████████████████████▏         |  ETA: 0:43:50
Sampling (4 threads)  68%|████████████████████▎         |  ETA: 0:42:51
Sampling (4 threads)  68%|████████████████████▍         |  ETA: 0:42:11
Sampling (4 threads)  68%|████████████████████▌         |  ETA: 0:41:44
Sampling (4 threads)  69%|████████████████████▊         |  ETA: 0:41:16
Sampling (4 threads)  70%|████████████████████▉         |  ETA: 0:40:27
Sampling (4 threads)  70%|█████████████████████         |  ETA: 0:39:59
Sampling (4 threads)  70%|█████████████████████▏        |  ETA: 0:39:22
Sampling (4 threads)  71%|█████████████████████▎        |  ETA: 0:38:43
Sampling (4 threads)  72%|█████████████████████▌        |  ETA: 0:38:08
Sampling (4 threads)  72%|█████████████████████▋        |  ETA: 0:37:33
Sampling (4 threads)  72%|█████████████████████▊        |  ETA: 0:36:51
Sampling (4 threads)  73%|█████████████████████▉        |  ETA: 0:36:07
Sampling (4 threads)  74%|██████████████████████        |  ETA: 0:35:37
Sampling (4 threads)  74%|██████████████████████▎       |  ETA: 0:34:53
Sampling (4 threads)  74%|██████████████████████▍       |  ETA: 0:34:19
Sampling (4 threads)  75%|██████████████████████▌       |  ETA: 0:33:50
Sampling (4 threads)  76%|██████████████████████▋       |  ETA: 0:33:07
Sampling (4 threads)  76%|██████████████████████▊       |  ETA: 0:32:34
Sampling (4 threads)  76%|███████████████████████       |  ETA: 0:31:51
Sampling (4 threads)  77%|███████████████████████▏      |  ETA: 0:31:10
Sampling (4 threads)  78%|███████████████████████▎      |  ETA: 0:30:33
Sampling (4 threads)  78%|███████████████████████▍      |  ETA: 0:29:51
Sampling (4 threads)  78%|███████████████████████▌      |  ETA: 0:29:19
Sampling (4 threads)  79%|███████████████████████▊      |  ETA: 0:28:39
Sampling (4 threads)  80%|███████████████████████▉      |  ETA: 0:27:52
Sampling (4 threads)  80%|████████████████████████      |  ETA: 0:27:20
Sampling (4 threads)  80%|████████████████████████▏     |  ETA: 0:26:43
Sampling (4 threads)  81%|████████████████████████▎     |  ETA: 0:26:10
Sampling (4 threads)  82%|████████████████████████▌     |  ETA: 0:25:25
Sampling (4 threads)  82%|████████████████████████▋     |  ETA: 0:24:45
Sampling (4 threads)  82%|████████████████████████▊     |  ETA: 0:24:05
Sampling (4 threads)  83%|████████████████████████▉     |  ETA: 0:23:26
Sampling (4 threads)  84%|█████████████████████████     |  ETA: 0:22:46
Sampling (4 threads)  84%|█████████████████████████▎    |  ETA: 0:22:07
Sampling (4 threads)  84%|█████████████████████████▍    |  ETA: 0:21:24
Sampling (4 threads)  85%|█████████████████████████▌    |  ETA: 0:20:42
Sampling (4 threads)  86%|█████████████████████████▋    |  ETA: 0:20:03
Sampling (4 threads)  86%|█████████████████████████▊    |  ETA: 0:19:21
Sampling (4 threads)  86%|██████████████████████████    |  ETA: 0:18:41
Sampling (4 threads)  87%|██████████████████████████▏   |  ETA: 0:18:02
Sampling (4 threads)  88%|██████████████████████████▎   |  ETA: 0:17:26
Sampling (4 threads)  88%|██████████████████████████▍   |  ETA: 0:16:42
Sampling (4 threads)  88%|██████████████████████████▌   |  ETA: 0:16:04
Sampling (4 threads)  89%|██████████████████████████▊   |  ETA: 0:15:19
Sampling (4 threads)  90%|██████████████████████████▉   |  ETA: 0:14:39
Sampling (4 threads)  90%|███████████████████████████   |  ETA: 0:13:58
Sampling (4 threads)  90%|███████████████████████████▏  |  ETA: 0:13:17
Sampling (4 threads)  91%|███████████████████████████▎  |  ETA: 0:12:38
Sampling (4 threads)  92%|███████████████████████████▌  |  ETA: 0:11:57
Sampling (4 threads)  92%|███████████████████████████▋  |  ETA: 0:11:15
Sampling (4 threads)  92%|███████████████████████████▊  |  ETA: 0:10:32
Sampling (4 threads)  93%|███████████████████████████▉  |  ETA: 0:09:50
Sampling (4 threads)  94%|████████████████████████████  |  ETA: 0:09:10
Sampling (4 threads)  94%|████████████████████████████▎ |  ETA: 0:08:30
Sampling (4 threads)  94%|████████████████████████████▍ |  ETA: 0:07:53
Sampling (4 threads)  95%|████████████████████████████▌ |  ETA: 0:07:17
Sampling (4 threads)  96%|████████████████████████████▋ |  ETA: 0:06:38
Sampling (4 threads)  96%|████████████████████████████▊ |  ETA: 0:05:57
Sampling (4 threads)  96%|█████████████████████████████ |  ETA: 0:05:17
Sampling (4 threads)  97%|█████████████████████████████▏|  ETA: 0:04:35
Sampling (4 threads)  98%|█████████████████████████████▎|  ETA: 0:03:52
Sampling (4 threads)  98%|█████████████████████████████▍|  ETA: 0:03:07
Sampling (4 threads)  98%|█████████████████████████████▌|  ETA: 0:02:23
Sampling (4 threads)  99%|█████████████████████████████▊|  ETA: 0:01:36
Sampling (4 threads) 100%|█████████████████████████████▉|  ETA: 0:00:49
Sampling (4 threads) 100%|██████████████████████████████| Time: 2:44:02
Sampling (4 threads) 100%|██████████████████████████████| Time: 2:44:03
Precompiling project...
    DistributionsADReverseDiffExt Being precompiled by another machine (hostname: bp1-compute122, pid: 356549, pidfile: /user/home/em18564/.julia/compiled/v1.10/DistributionsADReverseDiffExt/hY00X_4RpdW.ji.pidfile)
  ✗ DistributionsAD → DistributionsADReverseDiffExt
  0 dependencies successfully precompiled in 164 seconds. 549 already precompiled.
┌ Warning: Runtime invalidation was disabled, but the CPU info is out-of-date.
│ Will continue with incorrect CPU name (from build time).
└ @ HostCPUFeatures ~/.julia/packages/HostCPUFeatures/ZTXz4/src/cpu_info.jl:71
┌ Warning: Runtime invalidation was disabled, but the CPU info is out-of-date.
│ Will continue with incorrect CPU feature flag: +avx512vnni.
└ @ HostCPUFeatures ~/.julia/packages/HostCPUFeatures/ZTXz4/src/cpu_info.jl:56
┌ Warning: Runtime invalidation was disabled, but the CPU info is out-of-date.
│ Will continue with incorrect CPU feature flag: -rtm.
└ @ HostCPUFeatures ~/.julia/packages/HostCPUFeatures/ZTXz4/src/cpu_info.jl:56
Sampling (4 threads)   0%|                              |  ETA: N/A
┌ Info: Found initial step size
└   ϵ = 0.003125
┌ Info: Found initial step size
└   ϵ = 0.0015625
┌ Info: Found initial step size
└   ϵ = 0.00625
┌ Info: Found initial step size
└   ϵ = 0.000390625
Sampling (4 threads)   0%|▏                             |  ETA: 8:11:28
Sampling (4 threads)   1%|▎                             |  ETA: 4:04:33
Sampling (4 threads)   2%|▌                             |  ETA: 2:42:13
Sampling (4 threads)   2%|▋                             |  ETA: 3:21:58
Sampling (4 threads)   2%|▊                             |  ETA: 2:40:45
Sampling (4 threads)   3%|▉                             |  ETA: 2:13:16
Sampling (4 threads)   4%|█                             |  ETA: 2:50:48
Sampling (4 threads)   4%|█▎                            |  ETA: 2:28:41
Sampling (4 threads)   4%|█▍                            |  ETA: 2:57:31
Sampling (4 threads)   5%|█▌                            |  ETA: 2:38:56
Sampling (4 threads)   6%|█▋                            |  ETA: 2:23:44
Sampling (4 threads)   6%|█▊                            |  ETA: 2:11:03
Sampling (4 threads)   6%|██                            |  ETA: 2:29:29
Sampling (4 threads)   7%|██▏                           |  ETA: 2:18:04
Sampling (4 threads)   8%|██▎                           |  ETA: 2:08:10
Sampling (4 threads)   8%|██▍                           |  ETA: 2:13:01
Sampling (4 threads)   8%|██▌                           |  ETA: 2:04:31
Sampling (4 threads)   9%|██▊                           |  ETA: 2:10:56
Sampling (4 threads)  10%|██▉                           |  ETA: 2:03:21
Sampling (4 threads)  10%|███                           |  ETA: 1:56:32
Sampling (4 threads)  10%|███▏                          |  ETA: 1:59:42
Sampling (4 threads)  11%|███▎                          |  ETA: 1:53:37
Sampling (4 threads)  12%|███▌                          |  ETA: 1:48:04
Sampling (4 threads)  12%|███▋                          |  ETA: 1:47:48
Sampling (4 threads)  12%|███▊                          |  ETA: 1:42:54
Sampling (4 threads)  13%|███▉                          |  ETA: 1:46:37
Sampling (4 threads)  14%|████                          |  ETA: 1:42:05
Sampling (4 threads)  14%|████▎                         |  ETA: 1:37:52
Sampling (4 threads)  14%|████▍                         |  ETA: 1:39:06
Sampling (4 threads)  15%|████▌                         |  ETA: 1:35:14
Sampling (4 threads)  16%|████▋                         |  ETA: 1:31:37
Sampling (4 threads)  16%|████▊                         |  ETA: 1:31:41
Sampling (4 threads)  16%|█████                         |  ETA: 1:28:23
Sampling (4 threads)  17%|█████▏                        |  ETA: 1:27:20
Sampling (4 threads)  18%|█████▎                        |  ETA: 1:24:20
Sampling (4 threads)  18%|█████▍                        |  ETA: 1:25:41
Sampling (4 threads)  18%|█████▌                        |  ETA: 1:22:51
Sampling (4 threads)  19%|█████▊                        |  ETA: 1:20:11
Sampling (4 threads)  20%|█████▉                        |  ETA: 1:20:37
Sampling (4 threads)  20%|██████                        |  ETA: 1:18:07
Sampling (4 threads)  20%|██████▏                       |  ETA: 1:18:18
Sampling (4 threads)  21%|██████▎                       |  ETA: 1:15:57
Sampling (4 threads)  22%|██████▌                       |  ETA: 1:13:43
Sampling (4 threads)  22%|██████▋                       |  ETA: 1:15:06
Sampling (4 threads)  22%|██████▊                       |  ETA: 1:12:57
Sampling (4 threads)  23%|██████▉                       |  ETA: 1:13:23
Sampling (4 threads)  24%|███████                       |  ETA: 1:11:21
Sampling (4 threads)  24%|███████▎                      |  ETA: 1:09:25
Sampling (4 threads)  24%|███████▍                      |  ETA: 1:09:12
Sampling (4 threads)  25%|███████▌                      |  ETA: 1:07:22
Sampling (4 threads)  26%|███████▋                      |  ETA: 1:07:42
Sampling (4 threads)  26%|███████▊                      |  ETA: 1:05:57
Sampling (4 threads)  26%|████████                      |  ETA: 1:04:17
Sampling (4 threads)  27%|████████▏                     |  ETA: 1:02:39
Sampling (4 threads)  28%|████████▎                     |  ETA: 1:03:14
Sampling (4 threads)  28%|████████▍                     |  ETA: 1:01:41
Sampling (4 threads)  28%|████████▌                     |  ETA: 1:02:00
Sampling (4 threads)  29%|████████▊                     |  ETA: 1:00:30
Sampling (4 threads)  30%|████████▉                     |  ETA: 0:59:04
Sampling (4 threads)  30%|█████████                     |  ETA: 0:59:32
Sampling (4 threads)  30%|█████████▏                    |  ETA: 0:58:08
Sampling (4 threads)  31%|█████████▎                    |  ETA: 0:56:47
Sampling (4 threads)  32%|█████████▌                    |  ETA: 0:56:45
Sampling (4 threads)  32%|█████████▋                    |  ETA: 0:55:28
Sampling (4 threads)  32%|█████████▊                    |  ETA: 0:55:32
Sampling (4 threads)  33%|█████████▉                    |  ETA: 0:54:17
Sampling (4 threads)  34%|██████████                    |  ETA: 0:54:19
Sampling (4 threads)  34%|██████████▎                   |  ETA: 0:53:07
Sampling (4 threads)  34%|██████████▍                   |  ETA: 0:52:34
Sampling (4 threads)  35%|██████████▌                   |  ETA: 0:51:25
Sampling (4 threads)  36%|██████████▋                   |  ETA: 0:51:22
Sampling (4 threads)  36%|██████████▊                   |  ETA: 0:50:16
Sampling (4 threads)  36%|███████████                   |  ETA: 0:49:12
Sampling (4 threads)  37%|███████████▏                  |  ETA: 0:49:14
Sampling (4 threads)  38%|███████████▎                  |  ETA: 0:48:11
Sampling (4 threads)  38%|███████████▍                  |  ETA: 0:48:06
Sampling (4 threads)  38%|███████████▌                  |  ETA: 0:47:06
Sampling (4 threads)  39%|███████████▊                  |  ETA: 0:46:07
Sampling (4 threads)  40%|███████████▉                  |  ETA: 0:46:12
Sampling (4 threads)  40%|████████████                  |  ETA: 0:45:15
Sampling (4 threads)  40%|████████████▏                 |  ETA: 0:44:19
Sampling (4 threads)  41%|████████████▎                 |  ETA: 0:44:22
Sampling (4 threads)  42%|████████████▌                 |  ETA: 0:43:27
Sampling (4 threads)  42%|████████████▋                 |  ETA: 0:43:29
Sampling (4 threads)  42%|████████████▊                 |  ETA: 0:42:36
Sampling (4 threads)  43%|████████████▉                 |  ETA: 0:41:44
Sampling (4 threads)  44%|█████████████                 |  ETA: 0:41:42
Sampling (4 threads)  44%|█████████████▎                |  ETA: 0:40:52
Sampling (4 threads)  44%|█████████████▍                |  ETA: 0:40:46
Sampling (4 threads)  45%|█████████████▌                |  ETA: 0:39:57
Sampling (4 threads)  46%|█████████████▋                |  ETA: 0:39:09
Sampling (4 threads)  46%|█████████████▊                |  ETA: 0:39:10
Sampling (4 threads)  46%|██████████████                |  ETA: 0:38:23
Sampling (4 threads)  47%|██████████████▏               |  ETA: 0:38:20
Sampling (4 threads)  48%|██████████████▎               |  ETA: 0:37:34
Sampling (4 threads)  48%|██████████████▍               |  ETA: 0:36:49
Sampling (4 threads)  48%|██████████████▌               |  ETA: 0:36:41
Sampling (4 threads)  49%|██████████████▊               |  ETA: 0:35:57
Sampling (4 threads)  50%|██████████████▉               |  ETA: 0:35:55
Sampling (4 threads)  50%|███████████████               |  ETA: 0:35:12
Sampling (4 threads)  50%|███████████████▏              |  ETA: 0:34:30
Sampling (4 threads)  51%|███████████████▎              |  ETA: 0:34:25
Sampling (4 threads)  52%|███████████████▌              |  ETA: 0:33:44
Sampling (4 threads)  52%|███████████████▋              |  ETA: 0:33:04
Sampling (4 threads)  52%|███████████████▊              |  ETA: 0:33:03
Sampling (4 threads)  53%|███████████████▉              |  ETA: 0:32:24
Sampling (4 threads)  54%|████████████████              |  ETA: 0:32:19
Sampling (4 threads)  54%|████████████████▎             |  ETA: 0:31:40
Sampling (4 threads)  55%|████████████████▍             |  ETA: 0:31:31
Sampling (4 threads)  55%|████████████████▌             |  ETA: 0:30:53
Sampling (4 threads)  56%|████████████████▋             |  ETA: 0:30:16
Sampling (4 threads)  56%|████████████████▊             |  ETA: 0:30:08
Sampling (4 threads)  56%|█████████████████             |  ETA: 0:29:32
Sampling (4 threads)  57%|█████████████████▏            |  ETA: 0:28:56
Sampling (4 threads)  57%|█████████████████▎            |  ETA: 0:28:56
Sampling (4 threads)  58%|█████████████████▍            |  ETA: 0:28:21
Sampling (4 threads)  58%|█████████████████▌            |  ETA: 0:28:14
Sampling (4 threads)  59%|█████████████████▊            |  ETA: 0:27:39
Sampling (4 threads)  60%|█████████████████▉            |  ETA: 0:27:05
Sampling (4 threads)  60%|██████████████████            |  ETA: 0:26:59
Sampling (4 threads)  60%|██████████████████▏           |  ETA: 0:26:25
Sampling (4 threads)  61%|██████████████████▎           |  ETA: 0:26:21
Sampling (4 threads)  62%|██████████████████▌           |  ETA: 0:25:48
Sampling (4 threads)  62%|██████████████████▋           |  ETA: 0:25:16
Sampling (4 threads)  62%|██████████████████▊           |  ETA: 0:24:44
Sampling (4 threads)  63%|██████████████████▉           |  ETA: 0:24:37
Sampling (4 threads)  64%|███████████████████           |  ETA: 0:24:06
Sampling (4 threads)  64%|███████████████████▎          |  ETA: 0:23:57
Sampling (4 threads)  64%|███████████████████▍          |  ETA: 0:23:26
Sampling (4 threads)  65%|███████████████████▌          |  ETA: 0:23:11
Sampling (4 threads)  66%|███████████████████▋          |  ETA: 0:22:41
Sampling (4 threads)  66%|███████████████████▊          |  ETA: 0:22:27
Sampling (4 threads)  66%|████████████████████          |  ETA: 0:21:58
Sampling (4 threads)  67%|████████████████████▏         |  ETA: 0:21:50
Sampling (4 threads)  68%|████████████████████▎         |  ETA: 0:21:21
Sampling (4 threads)  68%|████████████████████▍         |  ETA: 0:20:52
Sampling (4 threads)  68%|████████████████████▌         |  ETA: 0:20:38
Sampling (4 threads)  69%|████████████████████▊         |  ETA: 0:20:10
Sampling (4 threads)  70%|████████████████████▉         |  ETA: 0:20:06
Sampling (4 threads)  70%|█████████████████████         |  ETA: 0:19:37
Sampling (4 threads)  70%|█████████████████████▏        |  ETA: 0:19:10
Sampling (4 threads)  71%|█████████████████████▎        |  ETA: 0:18:57
Sampling (4 threads)  72%|█████████████████████▌        |  ETA: 0:18:30
Sampling (4 threads)  72%|█████████████████████▋        |  ETA: 0:18:19
Sampling (4 threads)  72%|█████████████████████▊        |  ETA: 0:17:52
Sampling (4 threads)  73%|█████████████████████▉        |  ETA: 0:17:25
Sampling (4 threads)  74%|██████████████████████        |  ETA: 0:17:20
Sampling (4 threads)  74%|██████████████████████▎       |  ETA: 0:16:54
Sampling (4 threads)  74%|██████████████████████▍       |  ETA: 0:16:27
Sampling (4 threads)  75%|██████████████████████▌       |  ETA: 0:16:02
Sampling (4 threads)  76%|██████████████████████▋       |  ETA: 0:15:56
Sampling (4 threads)  76%|██████████████████████▊       |  ETA: 0:15:30
Sampling (4 threads)  76%|███████████████████████       |  ETA: 0:15:05
Sampling (4 threads)  77%|███████████████████████▏      |  ETA: 0:14:56
Sampling (4 threads)  78%|███████████████████████▎      |  ETA: 0:14:31
Sampling (4 threads)  78%|███████████████████████▍      |  ETA: 0:14:06
Sampling (4 threads)  78%|███████████████████████▌      |  ETA: 0:13:55
Sampling (4 threads)  79%|███████████████████████▊      |  ETA: 0:13:30
Sampling (4 threads)  80%|███████████████████████▉      |  ETA: 0:13:06
Sampling (4 threads)  80%|████████████████████████      |  ETA: 0:12:42
Sampling (4 threads)  80%|████████████████████████▏     |  ETA: 0:12:26
Sampling (4 threads)  81%|████████████████████████▎     |  ETA: 0:12:11
Sampling (4 threads)  82%|████████████████████████▌     |  ETA: 0:11:52
Sampling (4 threads)  82%|████████████████████████▋     |  ETA: 0:11:32
Sampling (4 threads)  82%|████████████████████████▊     |  ETA: 0:11:14
Sampling (4 threads)  83%|████████████████████████▉     |  ETA: 0:10:55
Sampling (4 threads)  84%|█████████████████████████     |  ETA: 0:10:37
Sampling (4 threads)  84%|█████████████████████████▎    |  ETA: 0:10:19
Sampling (4 threads)  84%|█████████████████████████▍    |  ETA: 0:09:59
Sampling (4 threads)  85%|█████████████████████████▌    |  ETA: 0:09:41
Sampling (4 threads)  86%|█████████████████████████▋    |  ETA: 0:09:22
Sampling (4 threads)  86%|█████████████████████████▊    |  ETA: 0:09:02
Sampling (4 threads)  86%|██████████████████████████    |  ETA: 0:08:44
Sampling (4 threads)  87%|██████████████████████████▏   |  ETA: 0:08:25
Sampling (4 threads)  88%|██████████████████████████▎   |  ETA: 0:08:07
Sampling (4 threads)  88%|██████████████████████████▍   |  ETA: 0:07:46
Sampling (4 threads)  88%|██████████████████████████▌   |  ETA: 0:07:27
Sampling (4 threads)  89%|██████████████████████████▊   |  ETA: 0:07:09
Sampling (4 threads)  90%|██████████████████████████▉   |  ETA: 0:06:48
Sampling (4 threads)  90%|███████████████████████████   |  ETA: 0:06:28
Sampling (4 threads)  90%|███████████████████████████▏  |  ETA: 0:06:09
Sampling (4 threads)  91%|███████████████████████████▎  |  ETA: 0:05:51
Sampling (4 threads)  92%|███████████████████████████▌  |  ETA: 0:05:31
Sampling (4 threads)  92%|███████████████████████████▋  |  ETA: 0:05:11
Sampling (4 threads)  92%|███████████████████████████▊  |  ETA: 0:04:51
Sampling (4 threads)  93%|███████████████████████████▉  |  ETA: 0:04:33
Sampling (4 threads)  94%|████████████████████████████  |  ETA: 0:04:13
Sampling (4 threads)  94%|████████████████████████████▎ |  ETA: 0:03:54
Sampling (4 threads)  94%|████████████████████████████▍ |  ETA: 0:03:35
Sampling (4 threads)  95%|████████████████████████████▌ |  ETA: 0:03:15
Sampling (4 threads)  96%|████████████████████████████▋ |  ETA: 0:02:56
Sampling (4 threads)  96%|████████████████████████████▊ |  ETA: 0:02:37
Sampling (4 threads)  96%|█████████████████████████████ |  ETA: 0:02:19
Sampling (4 threads)  97%|█████████████████████████████▏|  ETA: 0:02:00
Sampling (4 threads)  98%|█████████████████████████████▎|  ETA: 0:01:41
Sampling (4 threads)  98%|█████████████████████████████▍|  ETA: 0:01:21
Sampling (4 threads)  98%|█████████████████████████████▌|  ETA: 0:01:02
Sampling (4 threads)  99%|█████████████████████████████▊|  ETA: 0:00:41
Sampling (4 threads) 100%|█████████████████████████████▉|  ETA: 0:00:21
Sampling (4 threads) 100%|██████████████████████████████| Time: 1:10:14
Sampling (4 threads) 100%|██████████████████████████████| Time: 1:10:15
ERROR: LoadError: MethodError: no method matching plotGraphs(::String, ::Vector{String}, ::Vector{RGB{Float64}}, ::Int64)

Closest candidates are:
  plotGraphs(::Any, ::Any, ::Any, ::Any, !Matched::Any)
   @ Main ~/bayesian/BC4/Bayes/wordType_experiments/plottingFuncs.jl:261

Stacktrace:
 [1] concludeAndPlot(m::Chains{Float64, AxisArray{Float64, 3, Array{Float64, 3}, Tuple{Axis{:iter, StepRange{Int64, Int64}}, Axis{:var, Vector{Symbol}}, Axis{:chain, UnitRange{Int64}}}}, Missing, @NamedTuple{parameters::Vector{Symbol}, internals::Vector{Symbol}}, @NamedTuple{varname_to_symbol::OrderedDict{AbstractPPL.VarName, Symbol}, start_time::Vector{Float64}, stop_time::Vector{Float64}, samplerstate::Vector{Nothing}}}, output_loc::String, pc::Int64, wordTypes::Vector{String}, cols::Vector{RGB{Float64}}, noPCS::Int64)
   @ Main ~/bayesian/BC4/Bayes/wordType_experiments/plottingFuncs.jl:21
 [2] runModel(model::DynamicPPL.Model{typeof(model_exp), (:participant, :word, :surprisal, :tags, :PCA, :ExpMean, :cauchyMean, :NUM_TYPES, :NUM_PARTICIPANTS), (), (), Tuple{Vector{Int64}, Vector{Float64}, Vector{Float64}, Vector{Int64}, Vector{Float64}, Float64, Float64, Int64, Int64}, Tuple{}, DynamicPPL.DefaultContext}, df_modified::DataFrame, dfPCA::DataFrame, pc::Int64, NUM_PARTICIPANTS::Int64, NUM_WORDS::Int64, TYPE_STRUCTURE::String, NUM_TYPES::Int64, wordTypes::Vector{String}, cols::Vector{RGB{Float64}}, isPlotting::Int64, analyseEssRhat::Int64, output_loc::String, expMean::Float64, cauchyMean::Float64, noPCS::Int64, noInChain::Int64)
   @ Main ~/bayesian/BC4/Bayes/wordType_experiments/model_master.jl:134
 [3] top-level scope
   @ ~/bayesian/BC4/Bayes/wordType_experiments/models/___unparametised/model.jl:15
in expression starting at /user/home/em18564/bayesian/BC4/Bayes/wordType_experiments/models/___unparametised/model.jl:15
Precompiling project...
    DistributionsADReverseDiffExt Being precompiled by another machine (hostname: bp1-compute154, pid: 555344, pidfile: /user/home/em18564/.julia/compiled/v1.10/DistributionsADReverseDiffExt/hY00X_4RpdW.ji.pidfile)
  ✗ DistributionsAD → DistributionsADReverseDiffExt
  0 dependencies successfully precompiled in 67 seconds. 549 already precompiled.
┌ Warning: Runtime invalidation was disabled, but the CPU info is out-of-date.
│ Will continue with incorrect CPU name (from build time).
└ @ HostCPUFeatures ~/.julia/packages/HostCPUFeatures/ZTXz4/src/cpu_info.jl:71
┌ Warning: Runtime invalidation was disabled, but the CPU info is out-of-date.
│ Will continue with incorrect CPU feature flag: +avx512vnni.
└ @ HostCPUFeatures ~/.julia/packages/HostCPUFeatures/ZTXz4/src/cpu_info.jl:56
┌ Warning: Runtime invalidation was disabled, but the CPU info is out-of-date.
│ Will continue with incorrect CPU feature flag: -rtm.
└ @ HostCPUFeatures ~/.julia/packages/HostCPUFeatures/ZTXz4/src/cpu_info.jl:56
Sampling (4 threads)   0%|                              |  ETA: N/A
┌ Info: Found initial step size
└   ϵ = 0.003125
┌ Info: Found initial step size
└   ϵ = 0.00625
┌ Info: Found initial step size
└   ϵ = 0.000390625
┌ Info: Found initial step size
└   ϵ = 0.0001953125
Sampling (4 threads)   0%|▏                             |  ETA: 4:03:02
Sampling (4 threads)   1%|▎                             |  ETA: 2:01:00
Sampling (4 threads)   2%|▌                             |  ETA: 1:51:16
Sampling (4 threads)   2%|▋                             |  ETA: 1:23:02
Sampling (4 threads)   2%|▊                             |  ETA: 1:06:05
Sampling (4 threads)   3%|▉                             |  ETA: 1:17:00
Sampling (4 threads)   4%|█                             |  ETA: 1:05:40
Sampling (4 threads)   4%|█▎                            |  ETA: 1:25:11
Sampling (4 threads)   4%|█▍                            |  ETA: 1:15:20
Sampling (4 threads)   5%|█▌                            |  ETA: 1:49:29
Sampling (4 threads)   6%|█▋                            |  ETA: 1:39:01
Sampling (4 threads)   6%|█▊                            |  ETA: 1:30:17
Sampling (4 threads)   6%|██                            |  ETA: 3:39:33
Sampling (4 threads)   7%|██▏                           |  ETA: 3:22:47
Sampling (4 threads)   8%|██▎                           |  ETA: 3:08:14
Sampling (4 threads)   8%|██▍                           |  ETA: 4:40:14
Sampling (4 threads)   8%|██▌                           |  ETA: 4:22:19
Sampling (4 threads)   9%|██▊                           |  ETA: 4:06:23
Sampling (4 threads)  10%|██▉                           |  ETA: 5:44:08
Sampling (4 threads)  10%|███                           |  ETA: 5:25:07
Sampling (4 threads)  10%|███▏                          |  ETA: 5:07:55
Sampling (4 threads)  11%|███▎                          |  ETA: 4:52:16
Sampling (4 threads)  12%|███▌                          |  ETA: 5:58:23
Sampling (4 threads)  12%|███▋                          |  ETA: 5:41:31
Sampling (4 threads)  12%|███▊                          |  ETA: 5:25:59
Sampling (4 threads)  13%|███▉                          |  ETA: 6:39:53
Sampling (4 threads)  14%|████                          |  ETA: 6:22:51
Sampling (4 threads)  14%|████▎                         |  ETA: 6:07:03
Sampling (4 threads)  14%|████▍                         |  ETA: 5:52:20
Sampling (4 threads)  15%|████▌                         |  ETA: 6:35:54
Sampling (4 threads)  16%|████▋                         |  ETA: 6:20:53
Sampling (4 threads)  16%|████▊                         |  ETA: 6:06:48
Sampling (4 threads)  16%|█████                         |  ETA: 6:32:37
Sampling (4 threads)  17%|█████▏                        |  ETA: 6:18:47
Sampling (4 threads)  18%|█████▎                        |  ETA: 6:05:45
Sampling (4 threads)  18%|█████▍                        |  ETA: 5:59:13
Sampling (4 threads)  18%|█████▌                        |  ETA: 5:47:23
Sampling (4 threads)  19%|█████▊                        |  ETA: 5:39:26
Sampling (4 threads)  20%|█████▉                        |  ETA: 5:28:41
Sampling (4 threads)  20%|██████                        |  ETA: 5:22:55
Sampling (4 threads)  20%|██████▏                       |  ETA: 5:13:05
Sampling (4 threads)  21%|██████▎                       |  ETA: 5:08:05
Sampling (4 threads)  22%|██████▌                       |  ETA: 4:59:01
Sampling (4 threads)  22%|██████▋                       |  ETA: 4:55:14
Sampling (4 threads)  22%|██████▊                       |  ETA: 4:46:50
Sampling (4 threads)  23%|██████▉                       |  ETA: 4:38:47
Sampling (4 threads)  24%|███████                       |  ETA: 4:39:31
Sampling (4 threads)  24%|███████▎                      |  ETA: 4:31:54
Sampling (4 threads)  24%|███████▍                      |  ETA: 4:24:36
Sampling (4 threads)  25%|███████▌                      |  ETA: 4:21:10
Sampling (4 threads)  26%|███████▋                      |  ETA: 4:14:20
Sampling (4 threads)  26%|███████▊                      |  ETA: 4:13:35
Sampling (4 threads)  26%|████████                      |  ETA: 4:07:07
Sampling (4 threads)  27%|████████▏                     |  ETA: 4:00:54
Sampling (4 threads)  28%|████████▎                     |  ETA: 3:58:40
Sampling (4 threads)  28%|████████▍                     |  ETA: 3:52:47
Sampling (4 threads)  28%|████████▌                     |  ETA: 3:50:26
Sampling (4 threads)  29%|████████▊                     |  ETA: 3:44:52
Sampling (4 threads)  30%|████████▉                     |  ETA: 3:39:30
Sampling (4 threads)  30%|█████████                     |  ETA: 3:38:01
Sampling (4 threads)  30%|█████████▏                    |  ETA: 3:32:55
Sampling (4 threads)  31%|█████████▎                    |  ETA: 3:31:04
Sampling (4 threads)  32%|█████████▌                    |  ETA: 3:26:13
Sampling (4 threads)  32%|█████████▋                    |  ETA: 3:24:12
Sampling (4 threads)  32%|█████████▊                    |  ETA: 3:19:35
Sampling (4 threads)  33%|█████████▉                    |  ETA: 3:15:06
Sampling (4 threads)  34%|██████████                    |  ETA: 3:14:45
Sampling (4 threads)  34%|██████████▎                   |  ETA: 3:10:27
Sampling (4 threads)  34%|██████████▍                   |  ETA: 3:08:17
Sampling (4 threads)  35%|██████████▌                   |  ETA: 3:04:11
Sampling (4 threads)  36%|██████████▋                   |  ETA: 3:02:54
Sampling (4 threads)  36%|██████████▊                   |  ETA: 2:58:58
Sampling (4 threads)  36%|███████████                   |  ETA: 2:56:29
Sampling (4 threads)  37%|███████████▏                  |  ETA: 2:52:44
Sampling (4 threads)  38%|███████████▎                  |  ETA: 2:51:30
Sampling (4 threads)  38%|███████████▍                  |  ETA: 2:47:53
Sampling (4 threads)  38%|███████████▌                  |  ETA: 2:46:35
Sampling (4 threads)  39%|███████████▊                  |  ETA: 2:43:06
Sampling (4 threads)  40%|███████████▉                  |  ETA: 2:39:43
Sampling (4 threads)  40%|████████████                  |  ETA: 2:38:51
Sampling (4 threads)  40%|████████████▏                 |  ETA: 2:35:35
Sampling (4 threads)  41%|████████████▎                 |  ETA: 2:34:34
Sampling (4 threads)  42%|████████████▌                 |  ETA: 2:31:24
Sampling (4 threads)  42%|████████████▋                 |  ETA: 2:30:10
Sampling (4 threads)  42%|████████████▊                 |  ETA: 2:27:07
Sampling (4 threads)  43%|████████████▉                 |  ETA: 2:24:09
Sampling (4 threads)  44%|█████████████                 |  ETA: 2:24:25
Sampling (4 threads)  44%|█████████████▎                |  ETA: 2:21:31
Sampling (4 threads)  44%|█████████████▍                |  ETA: 2:21:44
Sampling (4 threads)  45%|█████████████▌                |  ETA: 2:18:54
Sampling (4 threads)  46%|█████████████▋                |  ETA: 2:16:07
Sampling (4 threads)  46%|█████████████▊                |  ETA: 2:13:24
Sampling (4 threads)  46%|██████████████                |  ETA: 2:14:12
Sampling (4 threads)  47%|██████████████▏               |  ETA: 2:11:32
Sampling (4 threads)  48%|██████████████▎               |  ETA: 2:08:55
Sampling (4 threads)  48%|██████████████▍               |  ETA: 2:09:04
Sampling (4 threads)  48%|██████████████▌               |  ETA: 2:06:31
Sampling (4 threads)  49%|██████████████▊               |  ETA: 2:04:00
Sampling (4 threads)  50%|██████████████▉               |  ETA: 2:03:04
Sampling (4 threads)  50%|███████████████               |  ETA: 2:00:37
Sampling (4 threads)  50%|███████████████▏              |  ETA: 1:58:14
Sampling (4 threads)  51%|███████████████▎              |  ETA: 1:57:21
Sampling (4 threads)  52%|███████████████▌              |  ETA: 1:55:02
Sampling (4 threads)  52%|███████████████▋              |  ETA: 1:54:03
Sampling (4 threads)  52%|███████████████▊              |  ETA: 1:51:48
Sampling (4 threads)  53%|███████████████▉              |  ETA: 1:50:14
Sampling (4 threads)  54%|████████████████              |  ETA: 1:48:03
Sampling (4 threads)  54%|████████████████▎             |  ETA: 1:47:10
Sampling (4 threads)  55%|████████████████▍             |  ETA: 1:45:01
Sampling (4 threads)  55%|████████████████▌             |  ETA: 1:42:55
Sampling (4 threads)  56%|████████████████▋             |  ETA: 1:41:35
Sampling (4 threads)  56%|████████████████▊             |  ETA: 1:39:32
Sampling (4 threads)  56%|█████████████████             |  ETA: 1:38:48
Sampling (4 threads)  57%|█████████████████▏            |  ETA: 1:36:48
Sampling (4 threads)  57%|█████████████████▎            |  ETA: 1:35:25
Sampling (4 threads)  58%|█████████████████▍            |  ETA: 1:33:29
Sampling (4 threads)  58%|█████████████████▌            |  ETA: 1:32:31
Sampling (4 threads)  59%|█████████████████▊            |  ETA: 1:30:38
Sampling (4 threads)  60%|█████████████████▉            |  ETA: 1:28:47
Sampling (4 threads)  60%|██████████████████            |  ETA: 1:27:55
Sampling (4 threads)  60%|██████████████████▏           |  ETA: 1:26:06
Sampling (4 threads)  61%|██████████████████▎           |  ETA: 1:24:18
Sampling (4 threads)  62%|██████████████████▌           |  ETA: 1:23:27
Sampling (4 threads)  62%|██████████████████▋           |  ETA: 1:21:42
Sampling (4 threads)  62%|██████████████████▊           |  ETA: 1:19:59
Sampling (4 threads)  63%|██████████████████▉           |  ETA: 1:19:07
Sampling (4 threads)  64%|███████████████████           |  ETA: 1:17:26
Sampling (4 threads)  64%|███████████████████▎          |  ETA: 1:15:47
Sampling (4 threads)  64%|███████████████████▍          |  ETA: 1:14:54
Sampling (4 threads)  65%|███████████████████▌          |  ETA: 1:13:17
Sampling (4 threads)  66%|███████████████████▋          |  ETA: 1:11:41
Sampling (4 threads)  66%|███████████████████▊          |  ETA: 1:10:45
Sampling (4 threads)  66%|████████████████████          |  ETA: 1:09:11
Sampling (4 threads)  67%|████████████████████▏         |  ETA: 1:08:19
Sampling (4 threads)  68%|████████████████████▎         |  ETA: 1:06:47
Sampling (4 threads)  68%|████████████████████▍         |  ETA: 1:05:59
Sampling (4 threads)  68%|████████████████████▌         |  ETA: 1:04:28
Sampling (4 threads)  69%|████████████████████▊         |  ETA: 1:02:59
Sampling (4 threads)  70%|████████████████████▉         |  ETA: 1:02:10
Sampling (4 threads)  70%|█████████████████████         |  ETA: 1:00:42
Sampling (4 threads)  70%|█████████████████████▏        |  ETA: 0:59:43
Sampling (4 threads)  71%|█████████████████████▎        |  ETA: 0:58:17
Sampling (4 threads)  72%|█████████████████████▌        |  ETA: 0:56:53
Sampling (4 threads)  72%|█████████████████████▋        |  ETA: 0:55:58
Sampling (4 threads)  72%|█████████████████████▊        |  ETA: 0:54:35
Sampling (4 threads)  73%|█████████████████████▉        |  ETA: 0:53:18
Sampling (4 threads)  74%|██████████████████████        |  ETA: 0:52:01
Sampling (4 threads)  74%|██████████████████████▎       |  ETA: 0:50:53
Sampling (4 threads)  74%|██████████████████████▍       |  ETA: 0:49:50
Sampling (4 threads)  75%|██████████████████████▌       |  ETA: 0:48:44
Sampling (4 threads)  76%|██████████████████████▋       |  ETA: 0:47:41
Sampling (4 threads)  76%|██████████████████████▊       |  ETA: 0:46:36
Sampling (4 threads)  76%|███████████████████████       |  ETA: 0:45:31
Sampling (4 threads)  77%|███████████████████████▏      |  ETA: 0:44:26
Sampling (4 threads)  78%|███████████████████████▎      |  ETA: 0:43:20
Sampling (4 threads)  78%|███████████████████████▍      |  ETA: 0:42:19
Sampling (4 threads)  78%|███████████████████████▌      |  ETA: 0:41:13
Sampling (4 threads)  79%|███████████████████████▊      |  ETA: 0:40:13
Sampling (4 threads)  80%|███████████████████████▉      |  ETA: 0:39:08
Sampling (4 threads)  80%|████████████████████████      |  ETA: 0:38:07
Sampling (4 threads)  80%|████████████████████████▏     |  ETA: 0:37:06
Sampling (4 threads)  81%|████████████████████████▎     |  ETA: 0:36:05
Sampling (4 threads)  82%|████████████████████████▌     |  ETA: 0:35:05
Sampling (4 threads)  82%|████████████████████████▋     |  ETA: 0:34:03
Sampling (4 threads)  82%|████████████████████████▊     |  ETA: 0:33:05
Sampling (4 threads)  83%|████████████████████████▉     |  ETA: 0:32:00
Sampling (4 threads)  84%|█████████████████████████     |  ETA: 0:31:02
Sampling (4 threads)  84%|█████████████████████████▎    |  ETA: 0:30:15
Sampling (4 threads)  84%|█████████████████████████▍    |  ETA: 0:29:20
Sampling (4 threads)  85%|█████████████████████████▌    |  ETA: 0:28:26
Sampling (4 threads)  86%|█████████████████████████▋    |  ETA: 0:27:32
Sampling (4 threads)  86%|█████████████████████████▊    |  ETA: 0:26:36
Sampling (4 threads)  86%|██████████████████████████    |  ETA: 0:25:41
Sampling (4 threads)  87%|██████████████████████████▏   |  ETA: 0:24:47
Sampling (4 threads)  88%|██████████████████████████▎   |  ETA: 0:23:52
Sampling (4 threads)  88%|██████████████████████████▍   |  ETA: 0:22:57
Sampling (4 threads)  88%|██████████████████████████▌   |  ETA: 0:22:02
Sampling (4 threads)  89%|██████████████████████████▊   |  ETA: 0:21:05
Sampling (4 threads)  90%|██████████████████████████▉   |  ETA: 0:20:09
Sampling (4 threads)  90%|███████████████████████████   |  ETA: 0:19:14
Sampling (4 threads)  90%|███████████████████████████▏  |  ETA: 0:18:18
Sampling (4 threads)  91%|███████████████████████████▎  |  ETA: 0:17:22
Sampling (4 threads)  92%|███████████████████████████▌  |  ETA: 0:16:26
Sampling (4 threads)  92%|███████████████████████████▋  |  ETA: 0:15:29
Sampling (4 threads)  92%|███████████████████████████▊  |  ETA: 0:14:32
Sampling (4 threads)  93%|███████████████████████████▉  |  ETA: 0:13:36
Sampling (4 threads)  94%|████████████████████████████  |  ETA: 0:12:38
Sampling (4 threads)  94%|████████████████████████████▎ |  ETA: 0:11:40
Sampling (4 threads)  94%|████████████████████████████▍ |  ETA: 0:10:44
Sampling (4 threads)  95%|████████████████████████████▌ |  ETA: 0:09:47
Sampling (4 threads)  96%|████████████████████████████▋ |  ETA: 0:08:51
Sampling (4 threads)  96%|████████████████████████████▊ |  ETA: 0:07:54
Sampling (4 threads)  96%|█████████████████████████████ |  ETA: 0:06:56
Sampling (4 threads)  97%|█████████████████████████████▏|  ETA: 0:05:58
Sampling (4 threads)  98%|█████████████████████████████▎|  ETA: 0:05:00
Sampling (4 threads)  98%|█████████████████████████████▍|  ETA: 0:04:01
Sampling (4 threads)  98%|█████████████████████████████▌|  ETA: 0:03:01
Sampling (4 threads)  99%|█████████████████████████████▊|  ETA: 0:02:01
Sampling (4 threads) 100%|█████████████████████████████▉|  ETA: 0:01:01
Sampling (4 threads) 100%|██████████████████████████████| Time: 3:23:55
Sampling (4 threads) 100%|██████████████████████████████| Time: 3:23:56
