cpu-bind=MASK - bp1-compute055, task  0  0 [1918597]: mask 0x8040008040 set
Running on host bp1-compute055
Time is Thu Sep 17 17:29:09 BST 2026
Directory is /user/home/em18564/bayesian/BC4/Bayes/wordType_experiments/models/_tightWidePrior
Slurm job ID is 18987719
This job runs on the following machines:
bp1-compute055
┌ Warning: Runtime invalidation was disabled, but the CPU info is out-of-date.
│ Will continue with incorrect CPU name (from build time).
└ @ HostCPUFeatures ~/.julia/packages/HostCPUFeatures/ZTXz4/src/cpu_info.jl:71
┌ Warning: Runtime invalidation was disabled, but the CPU info is out-of-date.
│ Will continue with incorrect CPU feature flag: +avx512vnni.
└ @ HostCPUFeatures ~/.julia/packages/HostCPUFeatures/ZTXz4/src/cpu_info.jl:56
┌ Warning: Runtime invalidation was disabled, but the CPU info is out-of-date.
│ Will continue with incorrect CPU feature flag: -rtm.
└ @ HostCPUFeatures ~/.julia/packages/HostCPUFeatures/ZTXz4/src/cpu_info.jl:56
Sampling (4 threads)   0%|                              |  ETA: N/A
┌ Info: Found initial step size
└   ϵ = 0.003125
┌ Info: Found initial step size
└   ϵ = 0.000390625
┌ Info: Found initial step size
└   ϵ = 0.0015625
┌ Info: Found initial step size
└   ϵ = 0.000390625
Sampling (4 threads)   0%|▏                             |  ETA: 1 days, 9:10:29
Sampling (4 threads)   1%|▎                             |  ETA: 16:30:21
Sampling (4 threads)   2%|▌                             |  ETA: 1 days, 6:26:05
Sampling (4 threads)   2%|▋                             |  ETA: 22:42:37
Sampling (4 threads)   2%|▊                             |  ETA: 18:04:32
Sampling (4 threads)   3%|▉                             |  ETA: 22:54:44
Sampling (4 threads)   4%|█                             |  ETA: 19:32:16
Sampling (4 threads)   4%|█▎                            |  ETA: 23:23:32
Sampling (4 threads)   4%|█▍                            |  ETA: 20:41:05
Sampling (4 threads)   5%|█▌                            |  ETA: 1 days, 1:01:05
Sampling (4 threads)   6%|█▋                            |  ETA: 22:37:27
Sampling (4 threads)   6%|█▊                            |  ETA: 20:37:45
Sampling (4 threads)   6%|██                            |  ETA: 19:50:57
Sampling (4 threads)   7%|██▏                           |  ETA: 18:19:58
Sampling (4 threads)   8%|██▎                           |  ETA: 17:01:07
Sampling (4 threads)   8%|██▍                           |  ETA: 16:30:59
Sampling (4 threads)   8%|██▌                           |  ETA: 15:27:37
Sampling (4 threads)   9%|██▊                           |  ETA: 14:53:54
Sampling (4 threads)  10%|██▉                           |  ETA: 14:02:12
Sampling (4 threads)  10%|███                           |  ETA: 13:39:15
Sampling (4 threads)  10%|███▏                          |  ETA: 12:55:54
Sampling (4 threads)  11%|███▎                          |  ETA: 12:16:30
Sampling (4 threads)  12%|███▌                          |  ETA: 11:40:31
Sampling (4 threads)  12%|███▋                          |  ETA: 11:27:12
Sampling (4 threads)  12%|███▊                          |  ETA: 10:55:57
Sampling (4 threads)  13%|███▉                          |  ETA: 10:27:07
Sampling (4 threads)  14%|████                          |  ETA: 10:18:23
Sampling (4 threads)  14%|████▎                         |  ETA: 9:52:51
Sampling (4 threads)  14%|████▍                         |  ETA: 9:29:05
Sampling (4 threads)  15%|████▌                         |  ETA: 9:06:54
Sampling (4 threads)  16%|████▋                         |  ETA: 8:56:37
Sampling (4 threads)  16%|████▊                         |  ETA: 8:36:46
Sampling (4 threads)  16%|█████                         |  ETA: 8:25:35
Sampling (4 threads)  17%|█████▏                        |  ETA: 8:07:47
Sampling (4 threads)  18%|█████▎                        |  ETA: 7:50:59
Sampling (4 threads)  18%|█████▍                        |  ETA: 7:40:46
Sampling (4 threads)  18%|█████▌                        |  ETA: 7:25:34
Sampling (4 threads)  19%|█████▊                        |  ETA: 7:17:48
Sampling (4 threads)  20%|█████▉                        |  ETA: 7:03:57
Sampling (4 threads)  20%|██████                        |  ETA: 6:55:41
Sampling (4 threads)  20%|██████▏                       |  ETA: 6:43:00
Sampling (4 threads)  21%|██████▎                       |  ETA: 6:35:37
Sampling (4 threads)  22%|██████▌                       |  ETA: 6:23:58
Sampling (4 threads)  22%|██████▋                       |  ETA: 6:15:49
Sampling (4 threads)  22%|██████▊                       |  ETA: 6:05:07
Sampling (4 threads)  23%|██████▉                       |  ETA: 6:01:34
Sampling (4 threads)  24%|███████                       |  ETA: 5:51:35
Sampling (4 threads)  24%|███████▎                      |  ETA: 5:42:00
Sampling (4 threads)  24%|███████▍                      |  ETA: 5:32:49
Sampling (4 threads)  25%|███████▌                      |  ETA: 5:28:59
Sampling (4 threads)  26%|███████▋                      |  ETA: 5:20:23
Sampling (4 threads)  26%|███████▊                      |  ETA: 5:12:07
Sampling (4 threads)  26%|████████                      |  ETA: 5:09:42
Sampling (4 threads)  27%|████████▏                     |  ETA: 5:01:53
Sampling (4 threads)  28%|████████▎                     |  ETA: 4:54:22
Sampling (4 threads)  28%|████████▍                     |  ETA: 4:51:37
Sampling (4 threads)  28%|████████▌                     |  ETA: 4:44:31
Sampling (4 threads)  29%|████████▊                     |  ETA: 4:37:39
Sampling (4 threads)  30%|████████▉                     |  ETA: 4:35:46
Sampling (4 threads)  30%|█████████                     |  ETA: 4:29:15
Sampling (4 threads)  30%|█████████▏                    |  ETA: 4:22:56
Sampling (4 threads)  31%|█████████▎                    |  ETA: 4:22:06
Sampling (4 threads)  32%|█████████▌                    |  ETA: 4:16:04
Sampling (4 threads)  32%|█████████▋                    |  ETA: 4:10:14
Sampling (4 threads)  32%|█████████▊                    |  ETA: 4:04:34
Sampling (4 threads)  33%|█████████▉                    |  ETA: 4:02:26
Sampling (4 threads)  34%|██████████                    |  ETA: 3:57:02
Sampling (4 threads)  34%|██████████▎                   |  ETA: 3:54:54
Sampling (4 threads)  34%|██████████▍                   |  ETA: 3:49:44
Sampling (4 threads)  35%|██████████▌                   |  ETA: 3:44:43
Sampling (4 threads)  36%|██████████▋                   |  ETA: 3:41:57
Sampling (4 threads)  36%|██████████▊                   |  ETA: 3:37:10
Sampling (4 threads)  36%|███████████                   |  ETA: 3:34:22
Sampling (4 threads)  37%|███████████▏                  |  ETA: 3:29:48
Sampling (4 threads)  38%|███████████▎                  |  ETA: 3:27:14
Sampling (4 threads)  38%|███████████▍                  |  ETA: 3:22:52
Sampling (4 threads)  38%|███████████▌                  |  ETA: 3:20:08
Sampling (4 threads)  39%|███████████▊                  |  ETA: 3:15:58
Sampling (4 threads)  40%|███████████▉                  |  ETA: 3:13:29
Sampling (4 threads)  40%|████████████                  |  ETA: 3:09:30
Sampling (4 threads)  40%|████████████▏                 |  ETA: 3:06:55
Sampling (4 threads)  41%|████████████▎                 |  ETA: 3:03:05
Sampling (4 threads)  42%|████████████▌                 |  ETA: 3:00:32
Sampling (4 threads)  42%|████████████▋                 |  ETA: 2:56:51
Sampling (4 threads)  42%|████████████▊                 |  ETA: 2:55:20
Sampling (4 threads)  43%|████████████▉                 |  ETA: 2:51:47
Sampling (4 threads)  44%|█████████████                 |  ETA: 2:48:19
Sampling (4 threads)  44%|█████████████▎                |  ETA: 2:44:56
Sampling (4 threads)  44%|█████████████▍                |  ETA: 2:43:33
Sampling (4 threads)  45%|█████████████▌                |  ETA: 2:40:17
Sampling (4 threads)  46%|█████████████▋                |  ETA: 2:38:55
Sampling (4 threads)  46%|█████████████▊                |  ETA: 2:35:45
Sampling (4 threads)  46%|██████████████                |  ETA: 2:32:39
Sampling (4 threads)  47%|██████████████▏               |  ETA: 2:29:37
Sampling (4 threads)  48%|██████████████▎               |  ETA: 2:28:41
Sampling (4 threads)  48%|██████████████▍               |  ETA: 2:25:44
Sampling (4 threads)  48%|██████████████▌               |  ETA: 2:22:51
Sampling (4 threads)  49%|██████████████▊               |  ETA: 2:21:08
Sampling (4 threads)  50%|██████████████▉               |  ETA: 2:18:21
Sampling (4 threads)  50%|███████████████               |  ETA: 2:17:17
Sampling (4 threads)  50%|███████████████▏              |  ETA: 2:14:34
Sampling (4 threads)  51%|███████████████▎              |  ETA: 2:11:54
Sampling (4 threads)  52%|███████████████▌              |  ETA: 2:10:41
Sampling (4 threads)  52%|███████████████▋              |  ETA: 2:08:05
Sampling (4 threads)  52%|███████████████▊              |  ETA: 2:05:33
Sampling (4 threads)  53%|███████████████▉              |  ETA: 2:04:27
Sampling (4 threads)  54%|████████████████              |  ETA: 2:01:58
Sampling (4 threads)  54%|████████████████▎             |  ETA: 1:59:33
Sampling (4 threads)  55%|████████████████▍             |  ETA: 1:58:28
Sampling (4 threads)  55%|████████████████▌             |  ETA: 1:56:06
Sampling (4 threads)  56%|████████████████▋             |  ETA: 1:53:47
Sampling (4 threads)  56%|████████████████▊             |  ETA: 1:52:47
Sampling (4 threads)  56%|█████████████████             |  ETA: 1:50:31
Sampling (4 threads)  57%|█████████████████▏            |  ETA: 1:48:17
Sampling (4 threads)  57%|█████████████████▎            |  ETA: 1:46:06
Sampling (4 threads)  58%|█████████████████▍            |  ETA: 1:45:12
Sampling (4 threads)  58%|█████████████████▌            |  ETA: 1:43:03
Sampling (4 threads)  59%|█████████████████▊            |  ETA: 1:41:59
Sampling (4 threads)  60%|█████████████████▉            |  ETA: 1:39:53
Sampling (4 threads)  60%|██████████████████            |  ETA: 1:37:50
Sampling (4 threads)  60%|██████████████████▏           |  ETA: 1:35:49
Sampling (4 threads)  61%|██████████████████▎           |  ETA: 1:34:53
Sampling (4 threads)  62%|██████████████████▌           |  ETA: 1:32:55
Sampling (4 threads)  62%|██████████████████▋           |  ETA: 1:30:58
Sampling (4 threads)  62%|██████████████████▊           |  ETA: 1:30:02
Sampling (4 threads)  63%|██████████████████▉           |  ETA: 1:28:07
Sampling (4 threads)  64%|███████████████████           |  ETA: 1:26:15
Sampling (4 threads)  64%|███████████████████▎          |  ETA: 1:25:24
Sampling (4 threads)  64%|███████████████████▍          |  ETA: 1:23:33
Sampling (4 threads)  65%|███████████████████▌          |  ETA: 1:21:45
Sampling (4 threads)  66%|███████████████████▋          |  ETA: 1:20:33
Sampling (4 threads)  66%|███████████████████▊          |  ETA: 1:18:46
Sampling (4 threads)  66%|████████████████████          |  ETA: 1:17:53
Sampling (4 threads)  67%|████████████████████▏         |  ETA: 1:16:09
Sampling (4 threads)  68%|████████████████████▎         |  ETA: 1:14:26
Sampling (4 threads)  68%|████████████████████▍         |  ETA: 1:12:45
Sampling (4 threads)  68%|████████████████████▌         |  ETA: 1:11:33
Sampling (4 threads)  69%|████████████████████▊         |  ETA: 1:09:54
Sampling (4 threads)  70%|████████████████████▉         |  ETA: 1:08:39
Sampling (4 threads)  70%|█████████████████████         |  ETA: 1:07:02
Sampling (4 threads)  70%|█████████████████████▏        |  ETA: 1:05:55
Sampling (4 threads)  71%|█████████████████████▎        |  ETA: 1:04:20
Sampling (4 threads)  72%|█████████████████████▌        |  ETA: 1:03:10
Sampling (4 threads)  72%|█████████████████████▋        |  ETA: 1:01:38
Sampling (4 threads)  72%|█████████████████████▊        |  ETA: 1:00:27
Sampling (4 threads)  73%|█████████████████████▉        |  ETA: 0:58:57
Sampling (4 threads)  74%|██████████████████████        |  ETA: 0:58:03
Sampling (4 threads)  74%|██████████████████████▎       |  ETA: 0:56:34
Sampling (4 threads)  74%|██████████████████████▍       |  ETA: 0:55:07
Sampling (4 threads)  75%|██████████████████████▌       |  ETA: 0:54:12
Sampling (4 threads)  76%|██████████████████████▋       |  ETA: 0:52:46
Sampling (4 threads)  76%|██████████████████████▊       |  ETA: 0:51:21
Sampling (4 threads)  76%|███████████████████████       |  ETA: 0:50:16
Sampling (4 threads)  77%|███████████████████████▏      |  ETA: 0:48:52
Sampling (4 threads)  78%|███████████████████████▎      |  ETA: 0:47:47
Sampling (4 threads)  78%|███████████████████████▍      |  ETA: 0:46:26
Sampling (4 threads)  78%|███████████████████████▌      |  ETA: 0:45:22
Sampling (4 threads)  79%|███████████████████████▊      |  ETA: 0:44:01
Sampling (4 threads)  80%|███████████████████████▉      |  ETA: 0:42:59
Sampling (4 threads)  80%|████████████████████████      |  ETA: 0:41:40
Sampling (4 threads)  80%|████████████████████████▏     |  ETA: 0:40:36
Sampling (4 threads)  81%|████████████████████████▎     |  ETA: 0:39:19
Sampling (4 threads)  82%|████████████████████████▌     |  ETA: 0:38:24
Sampling (4 threads)  82%|████████████████████████▋     |  ETA: 0:37:08
Sampling (4 threads)  82%|████████████████████████▊     |  ETA: 0:35:53
Sampling (4 threads)  83%|████████████████████████▉     |  ETA: 0:34:51
Sampling (4 threads)  84%|█████████████████████████     |  ETA: 0:33:37
Sampling (4 threads)  84%|█████████████████████████▎    |  ETA: 0:32:42
Sampling (4 threads)  84%|█████████████████████████▍    |  ETA: 0:31:30
Sampling (4 threads)  85%|█████████████████████████▌    |  ETA: 0:30:18
Sampling (4 threads)  86%|█████████████████████████▋    |  ETA: 0:29:07
Sampling (4 threads)  86%|█████████████████████████▊    |  ETA: 0:28:07
Sampling (4 threads)  86%|██████████████████████████    |  ETA: 0:26:57
Sampling (4 threads)  87%|██████████████████████████▏   |  ETA: 0:26:04
Sampling (4 threads)  88%|██████████████████████████▎   |  ETA: 0:24:56
Sampling (4 threads)  88%|██████████████████████████▍   |  ETA: 0:23:48
Sampling (4 threads)  88%|██████████████████████████▌   |  ETA: 0:22:48
Sampling (4 threads)  89%|██████████████████████████▊   |  ETA: 0:21:42
Sampling (4 threads)  90%|██████████████████████████▉   |  ETA: 0:20:42
Sampling (4 threads)  90%|███████████████████████████   |  ETA: 0:19:36
Sampling (4 threads)  90%|███████████████████████████▏  |  ETA: 0:18:43
Sampling (4 threads)  91%|███████████████████████████▎  |  ETA: 0:17:38
Sampling (4 threads)  92%|███████████████████████████▌  |  ETA: 0:16:34
Sampling (4 threads)  92%|███████████████████████████▋  |  ETA: 0:15:35
Sampling (4 threads)  92%|███████████████████████████▊  |  ETA: 0:14:32
Sampling (4 threads)  93%|███████████████████████████▉  |  ETA: 0:13:30
Sampling (4 threads)  94%|████████████████████████████  |  ETA: 0:12:31
Sampling (4 threads)  94%|████████████████████████████▎ |  ETA: 0:11:32
Sampling (4 threads)  94%|████████████████████████████▍ |  ETA: 0:10:34
Sampling (4 threads)  95%|████████████████████████████▌ |  ETA: 0:09:36
Sampling (4 threads)  96%|████████████████████████████▋ |  ETA: 0:08:38
Sampling (4 threads)  96%|████████████████████████████▊ |  ETA: 0:07:40
Sampling (4 threads)  96%|█████████████████████████████ |  ETA: 0:06:41
Sampling (4 threads)  97%|█████████████████████████████▏|  ETA: 0:05:43
Sampling (4 threads)  98%|█████████████████████████████▎|  ETA: 0:04:46
Sampling (4 threads)  98%|█████████████████████████████▍|  ETA: 0:03:48
Sampling (4 threads)  98%|█████████████████████████████▌|  ETA: 0:02:51
Sampling (4 threads)  99%|█████████████████████████████▊|  ETA: 0:01:54
Sampling (4 threads) 100%|█████████████████████████████▉|  ETA: 0:00:57
Sampling (4 threads) 100%|██████████████████████████████| Time: 3:11:13
Sampling (4 threads) 100%|██████████████████████████████| Time: 3:11:14
Precompiling project...
  ✗ DistributionsAD → DistributionsADReverseDiffExt
  0 dependencies successfully precompiled in 34 seconds. 549 already precompiled.
┌ Warning: Runtime invalidation was disabled, but the CPU info is out-of-date.
│ Will continue with incorrect CPU name (from build time).
└ @ HostCPUFeatures ~/.julia/packages/HostCPUFeatures/ZTXz4/src/cpu_info.jl:71
┌ Warning: Runtime invalidation was disabled, but the CPU info is out-of-date.
│ Will continue with incorrect CPU feature flag: +avx512vnni.
└ @ HostCPUFeatures ~/.julia/packages/HostCPUFeatures/ZTXz4/src/cpu_info.jl:56
┌ Warning: Runtime invalidation was disabled, but the CPU info is out-of-date.
│ Will continue with incorrect CPU feature flag: -rtm.
└ @ HostCPUFeatures ~/.julia/packages/HostCPUFeatures/ZTXz4/src/cpu_info.jl:56
Sampling (4 threads)   0%|                              |  ETA: N/A
┌ Info: Found initial step size
└   ϵ = 0.000390625
┌ Info: Found initial step size
└   ϵ = 0.000390625
┌ Info: Found initial step size
└   ϵ = 0.0015625
┌ Info: Found initial step size
└   ϵ = 0.003125
Sampling (4 threads)   0%|▏                             |  ETA: 5:22:53
Sampling (4 threads)   1%|▎                             |  ETA: 2:40:43
Sampling (4 threads)   2%|▌                             |  ETA: 21:39:48
Sampling (4 threads)   2%|▋                             |  ETA: 16:09:54
Sampling (4 threads)   2%|▊                             |  ETA: 1 days, 1:58:48
Sampling (4 threads)   3%|▉                             |  ETA: 21:32:20
Sampling (4 threads)   4%|█                             |  ETA: 18:22:00
Sampling (4 threads)   4%|█▎                            |  ETA: 15:59:16
Sampling (4 threads)   4%|█▍                            |  ETA: 19:16:43
Sampling (4 threads)   5%|█▌                            |  ETA: 17:15:36
Sampling (4 threads)   6%|█▋                            |  ETA: 17:26:05
Sampling (4 threads)   6%|█▊                            |  ETA: 15:53:50
Sampling (4 threads)   6%|██                            |  ETA: 15:22:31
Sampling (4 threads)   7%|██▏                           |  ETA: 14:12:02
Sampling (4 threads)   8%|██▎                           |  ETA: 13:10:57
Sampling (4 threads)   8%|██▍                           |  ETA: 13:08:11
Sampling (4 threads)   8%|██▌                           |  ETA: 12:17:48
Sampling (4 threads)   9%|██▊                           |  ETA: 12:20:17
Sampling (4 threads)  10%|██▉                           |  ETA: 11:37:28
Sampling (4 threads)  10%|███                           |  ETA: 11:20:06
Sampling (4 threads)  10%|███▏                          |  ETA: 10:44:07
Sampling (4 threads)  11%|███▎                          |  ETA: 10:30:50
Sampling (4 threads)  12%|███▌                          |  ETA: 10:00:01
Sampling (4 threads)  12%|███▋                          |  ETA: 9:31:46
Sampling (4 threads)  12%|███▊                          |  ETA: 9:21:02
Sampling (4 threads)  13%|███▉                          |  ETA: 8:56:23
Sampling (4 threads)  14%|████                          |  ETA: 8:47:37
Sampling (4 threads)  14%|████▎                         |  ETA: 8:25:50
Sampling (4 threads)  14%|████▍                         |  ETA: 8:05:33
Sampling (4 threads)  15%|████▌                         |  ETA: 7:46:37
Sampling (4 threads)  16%|████▋                         |  ETA: 7:40:03
Sampling (4 threads)  16%|████▊                         |  ETA: 7:23:03
Sampling (4 threads)  16%|█████                         |  ETA: 7:16:17
Sampling (4 threads)  17%|█████▏                        |  ETA: 7:00:55
Sampling (4 threads)  18%|█████▎                        |  ETA: 6:46:26
Sampling (4 threads)  18%|█████▍                        |  ETA: 6:42:10
Sampling (4 threads)  18%|█████▌                        |  ETA: 6:28:54
Sampling (4 threads)  19%|█████▊                        |  ETA: 6:24:17
Sampling (4 threads)  20%|█████▉                        |  ETA: 6:12:07
Sampling (4 threads)  20%|██████                        |  ETA: 6:08:11
Sampling (4 threads)  20%|██████▏                       |  ETA: 5:56:58
Sampling (4 threads)  21%|██████▎                       |  ETA: 5:46:16
Sampling (4 threads)  22%|██████▌                       |  ETA: 5:43:39
Sampling (4 threads)  22%|██████▋                       |  ETA: 5:33:42
Sampling (4 threads)  22%|██████▊                       |  ETA: 5:24:11
Sampling (4 threads)  23%|██████▉                       |  ETA: 5:21:19
Sampling (4 threads)  24%|███████                       |  ETA: 5:12:27
Sampling (4 threads)  24%|███████▎                      |  ETA: 5:03:56
Sampling (4 threads)  24%|███████▍                      |  ETA: 4:59:37
Sampling (4 threads)  25%|███████▌                      |  ETA: 4:51:41
Sampling (4 threads)  26%|███████▋                      |  ETA: 4:50:58
Sampling (4 threads)  26%|███████▊                      |  ETA: 4:43:27
Sampling (4 threads)  26%|████████                      |  ETA: 4:36:14
Sampling (4 threads)  27%|████████▏                     |  ETA: 4:29:16
Sampling (4 threads)  28%|████████▎                     |  ETA: 4:29:07
Sampling (4 threads)  28%|████████▍                     |  ETA: 4:22:30
Sampling (4 threads)  28%|████████▌                     |  ETA: 4:16:06
Sampling (4 threads)  29%|████████▊                     |  ETA: 4:15:32
Sampling (4 threads)  30%|████████▉                     |  ETA: 4:09:26
Sampling (4 threads)  30%|█████████                     |  ETA: 4:03:32
Sampling (4 threads)  30%|█████████▏                    |  ETA: 3:57:50
Sampling (4 threads)  31%|█████████▎                    |  ETA: 3:57:21
Sampling (4 threads)  32%|█████████▌                    |  ETA: 3:51:54
Sampling (4 threads)  32%|█████████▋                    |  ETA: 3:46:36
Sampling (4 threads)  32%|█████████▊                    |  ETA: 3:45:34
Sampling (4 threads)  33%|█████████▉                    |  ETA: 3:40:31
Sampling (4 threads)  34%|██████████                    |  ETA: 3:35:36
Sampling (4 threads)  34%|██████████▎                   |  ETA: 3:33:02
Sampling (4 threads)  34%|██████████▍                   |  ETA: 3:28:22
Sampling (4 threads)  35%|██████████▌                   |  ETA: 3:27:21
Sampling (4 threads)  36%|██████████▋                   |  ETA: 3:22:52
Sampling (4 threads)  36%|██████████▊                   |  ETA: 3:18:30
Sampling (4 threads)  36%|███████████                   |  ETA: 3:14:15
Sampling (4 threads)  37%|███████████▏                  |  ETA: 3:14:01
Sampling (4 threads)  38%|███████████▎                  |  ETA: 3:09:54
Sampling (4 threads)  38%|███████████▍                  |  ETA: 3:05:54
Sampling (4 threads)  38%|███████████▌                  |  ETA: 3:04:55
Sampling (4 threads)  39%|███████████▊                  |  ETA: 3:01:04
Sampling (4 threads)  40%|███████████▉                  |  ETA: 2:57:18
Sampling (4 threads)  40%|████████████                  |  ETA: 2:56:22
Sampling (4 threads)  40%|████████████▏                 |  ETA: 2:52:44
Sampling (4 threads)  41%|████████████▎                 |  ETA: 2:49:12
Sampling (4 threads)  42%|████████████▌                 |  ETA: 2:47:56
Sampling (4 threads)  42%|████████████▋                 |  ETA: 2:44:31
Sampling (4 threads)  42%|████████████▊                 |  ETA: 2:42:52
Sampling (4 threads)  43%|████████████▉                 |  ETA: 2:39:34
Sampling (4 threads)  44%|█████████████                 |  ETA: 2:38:30
Sampling (4 threads)  44%|█████████████▎                |  ETA: 2:35:19
Sampling (4 threads)  44%|█████████████▍                |  ETA: 2:32:12
Sampling (4 threads)  45%|█████████████▌                |  ETA: 2:29:09
Sampling (4 threads)  46%|█████████████▋                |  ETA: 2:28:50
Sampling (4 threads)  46%|█████████████▊                |  ETA: 2:25:52
Sampling (4 threads)  46%|██████████████                |  ETA: 2:22:58
Sampling (4 threads)  47%|██████████████▏               |  ETA: 2:22:08
Sampling (4 threads)  48%|██████████████▎               |  ETA: 2:19:18
Sampling (4 threads)  48%|██████████████▍               |  ETA: 2:16:32
Sampling (4 threads)  48%|██████████████▌               |  ETA: 2:15:33
Sampling (4 threads)  49%|██████████████▊               |  ETA: 2:12:52
Sampling (4 threads)  50%|██████████████▉               |  ETA: 2:10:14
Sampling (4 threads)  50%|███████████████               |  ETA: 2:09:26
Sampling (4 threads)  50%|███████████████▏              |  ETA: 2:06:52
Sampling (4 threads)  51%|███████████████▎              |  ETA: 2:04:21
Sampling (4 threads)  52%|███████████████▌              |  ETA: 2:03:43
Sampling (4 threads)  52%|███████████████▋              |  ETA: 2:01:15
Sampling (4 threads)  52%|███████████████▊              |  ETA: 1:58:51
Sampling (4 threads)  53%|███████████████▉              |  ETA: 1:57:40
Sampling (4 threads)  54%|████████████████              |  ETA: 1:55:19
Sampling (4 threads)  54%|████████████████▎             |  ETA: 1:54:16
Sampling (4 threads)  55%|████████████████▍             |  ETA: 1:52:00
Sampling (4 threads)  55%|████████████████▌             |  ETA: 1:49:45
Sampling (4 threads)  56%|████████████████▋             |  ETA: 1:48:25
Sampling (4 threads)  56%|████████████████▊             |  ETA: 1:46:14
Sampling (4 threads)  56%|█████████████████             |  ETA: 1:44:51
Sampling (4 threads)  57%|█████████████████▏            |  ETA: 1:42:44
Sampling (4 threads)  57%|█████████████████▎            |  ETA: 1:41:28
Sampling (4 threads)  58%|█████████████████▍            |  ETA: 1:39:25
Sampling (4 threads)  58%|█████████████████▌            |  ETA: 1:38:11
Sampling (4 threads)  59%|█████████████████▊            |  ETA: 1:36:10
Sampling (4 threads)  60%|█████████████████▉            |  ETA: 1:34:49
Sampling (4 threads)  60%|██████████████████            |  ETA: 1:32:52
Sampling (4 threads)  60%|██████████████████▏           |  ETA: 1:32:11
Sampling (4 threads)  61%|██████████████████▎           |  ETA: 1:30:17
Sampling (4 threads)  62%|██████████████████▌           |  ETA: 1:28:24
Sampling (4 threads)  62%|██████████████████▋           |  ETA: 1:26:33
Sampling (4 threads)  62%|██████████████████▊           |  ETA: 1:25:58
Sampling (4 threads)  63%|██████████████████▉           |  ETA: 1:24:09
Sampling (4 threads)  64%|███████████████████           |  ETA: 1:22:21
Sampling (4 threads)  64%|███████████████████▎          |  ETA: 1:21:38
Sampling (4 threads)  64%|███████████████████▍          |  ETA: 1:19:53
Sampling (4 threads)  65%|███████████████████▌          |  ETA: 1:18:09
Sampling (4 threads)  66%|███████████████████▋          |  ETA: 1:17:31
Sampling (4 threads)  66%|███████████████████▊          |  ETA: 1:15:49
Sampling (4 threads)  66%|████████████████████          |  ETA: 1:14:08
Sampling (4 threads)  67%|████████████████████▏         |  ETA: 1:12:29
Sampling (4 threads)  68%|████████████████████▎         |  ETA: 1:11:45
Sampling (4 threads)  68%|████████████████████▍         |  ETA: 1:10:08
Sampling (4 threads)  68%|████████████████████▌         |  ETA: 1:08:32
Sampling (4 threads)  69%|████████████████████▊         |  ETA: 1:07:33
Sampling (4 threads)  70%|████████████████████▉         |  ETA: 1:05:59
Sampling (4 threads)  70%|█████████████████████         |  ETA: 1:05:16
Sampling (4 threads)  70%|█████████████████████▏        |  ETA: 1:03:43
Sampling (4 threads)  71%|█████████████████████▎        |  ETA: 1:02:12
Sampling (4 threads)  72%|█████████████████████▌        |  ETA: 1:00:42
Sampling (4 threads)  72%|█████████████████████▋        |  ETA: 1:00:02
Sampling (4 threads)  72%|█████████████████████▊        |  ETA: 0:58:33
Sampling (4 threads)  73%|█████████████████████▉        |  ETA: 0:57:06
Sampling (4 threads)  74%|██████████████████████        |  ETA: 0:56:24
Sampling (4 threads)  74%|██████████████████████▎       |  ETA: 0:54:58
Sampling (4 threads)  74%|██████████████████████▍       |  ETA: 0:53:32
Sampling (4 threads)  75%|██████████████████████▌       |  ETA: 0:52:08
Sampling (4 threads)  76%|██████████████████████▋       |  ETA: 0:51:20
Sampling (4 threads)  76%|██████████████████████▊       |  ETA: 0:49:58
Sampling (4 threads)  76%|███████████████████████       |  ETA: 0:48:36
Sampling (4 threads)  77%|███████████████████████▏      |  ETA: 0:47:52
Sampling (4 threads)  78%|███████████████████████▎      |  ETA: 0:46:32
Sampling (4 threads)  78%|███████████████████████▍      |  ETA: 0:45:12
Sampling (4 threads)  78%|███████████████████████▌      |  ETA: 0:43:56
Sampling (4 threads)  79%|███████████████████████▊      |  ETA: 0:42:53
Sampling (4 threads)  80%|███████████████████████▉      |  ETA: 0:41:51
Sampling (4 threads)  80%|████████████████████████      |  ETA: 0:40:36
Sampling (4 threads)  80%|████████████████████████▏     |  ETA: 0:39:31
Sampling (4 threads)  81%|████████████████████████▎     |  ETA: 0:38:28
Sampling (4 threads)  82%|████████████████████████▌     |  ETA: 0:37:17
Sampling (4 threads)  82%|████████████████████████▋     |  ETA: 0:36:15
Sampling (4 threads)  82%|████████████████████████▊     |  ETA: 0:35:12
Sampling (4 threads)  83%|████████████████████████▉     |  ETA: 0:34:00
Sampling (4 threads)  84%|█████████████████████████     |  ETA: 0:32:59
Sampling (4 threads)  84%|█████████████████████████▎    |  ETA: 0:31:54
Sampling (4 threads)  84%|█████████████████████████▍    |  ETA: 0:30:50
Sampling (4 threads)  85%|█████████████████████████▌    |  ETA: 0:29:50
Sampling (4 threads)  86%|█████████████████████████▋    |  ETA: 0:28:41
Sampling (4 threads)  86%|█████████████████████████▊    |  ETA: 0:27:41
Sampling (4 threads)  86%|██████████████████████████    |  ETA: 0:26:39
Sampling (4 threads)  87%|██████████████████████████▏   |  ETA: 0:25:36
Sampling (4 threads)  88%|██████████████████████████▎   |  ETA: 0:24:36
Sampling (4 threads)  88%|██████████████████████████▍   |  ETA: 0:23:34
Sampling (4 threads)  88%|██████████████████████████▌   |  ETA: 0:22:31
Sampling (4 threads)  89%|██████████████████████████▊   |  ETA: 0:21:30
Sampling (4 threads)  90%|██████████████████████████▉   |  ETA: 0:20:32
Sampling (4 threads)  90%|███████████████████████████   |  ETA: 0:19:29
Sampling (4 threads)  90%|███████████████████████████▏  |  ETA: 0:18:29
Sampling (4 threads)  91%|███████████████████████████▎  |  ETA: 0:17:28
Sampling (4 threads)  92%|███████████████████████████▌  |  ETA: 0:16:28
Sampling (4 threads)  92%|███████████████████████████▋  |  ETA: 0:15:30
Sampling (4 threads)  92%|███████████████████████████▊  |  ETA: 0:14:28
Sampling (4 threads)  93%|███████████████████████████▉  |  ETA: 0:13:30
Sampling (4 threads)  94%|████████████████████████████  |  ETA: 0:12:32
Sampling (4 threads)  94%|████████████████████████████▎ |  ETA: 0:11:32
Sampling (4 threads)  94%|████████████████████████████▍ |  ETA: 0:10:34
Sampling (4 threads)  95%|████████████████████████████▌ |  ETA: 0:09:36
Sampling (4 threads)  96%|████████████████████████████▋ |  ETA: 0:08:38
Sampling (4 threads)  96%|████████████████████████████▊ |  ETA: 0:07:40
Sampling (4 threads)  96%|█████████████████████████████ |  ETA: 0:06:44
Sampling (4 threads)  97%|█████████████████████████████▏|  ETA: 0:05:48
Sampling (4 threads)  98%|█████████████████████████████▎|  ETA: 0:04:51
Sampling (4 threads)  98%|█████████████████████████████▍|  ETA: 0:03:53
Sampling (4 threads)  98%|█████████████████████████████▌|  ETA: 0:02:55
Sampling (4 threads)  99%|█████████████████████████████▊|  ETA: 0:01:57
Sampling (4 threads) 100%|█████████████████████████████▉|  ETA: 0:00:59
Sampling (4 threads) 100%|██████████████████████████████| Time: 3:15:39
Sampling (4 threads) 100%|██████████████████████████████| Time: 3:15:40
Precompiling project...
    DistributionsADReverseDiffExt Being precompiled by another machine (hostname: bp1-compute065, pid: 189813, pidfile: /user/home/em18564/.julia/compiled/v1.10/DistributionsADReverseDiffExt/hY00X_4RpdW.ji.pidfile)
  ✗ DistributionsAD → DistributionsADReverseDiffExt
  0 dependencies successfully precompiled in 55 seconds. 549 already precompiled.
┌ Warning: Runtime invalidation was disabled, but the CPU info is out-of-date.
│ Will continue with incorrect CPU name (from build time).
└ @ HostCPUFeatures ~/.julia/packages/HostCPUFeatures/ZTXz4/src/cpu_info.jl:71
┌ Warning: Runtime invalidation was disabled, but the CPU info is out-of-date.
│ Will continue with incorrect CPU feature flag: +avx512vnni.
└ @ HostCPUFeatures ~/.julia/packages/HostCPUFeatures/ZTXz4/src/cpu_info.jl:56
┌ Warning: Runtime invalidation was disabled, but the CPU info is out-of-date.
│ Will continue with incorrect CPU feature flag: -rtm.
└ @ HostCPUFeatures ~/.julia/packages/HostCPUFeatures/ZTXz4/src/cpu_info.jl:56
Sampling (4 threads)   0%|                              |  ETA: N/A
┌ Info: Found initial step size
└   ϵ = 0.00078125
┌ Info: Found initial step size
└   ϵ = 0.00625
┌ Info: Found initial step size
└   ϵ = 0.000390625
┌ Info: Found initial step size
└   ϵ = 0.000390625
Sampling (4 threads)   0%|▏                             |  ETA: 2 days, 8:00:46
Sampling (4 threads)   1%|▎                             |  ETA: 1 days, 3:52:02
Sampling (4 threads)   2%|▌                             |  ETA: 18:29:04
Sampling (4 threads)   2%|▋                             |  ETA: 1 days, 21:13:36
Sampling (4 threads)   2%|▊                             |  ETA: 1 days, 11:59:48
Sampling (4 threads)   3%|▉                             |  ETA: 1 days, 23:15:15
Sampling (4 threads)   4%|█                             |  ETA: 1 days, 16:17:41
Sampling (4 threads)   4%|█▎                            |  ETA: 1 days, 11:04:31
Sampling (4 threads)   4%|█▍                            |  ETA: 1 days, 7:00:56
Sampling (4 threads)   5%|█▌                            |  ETA: 1 days, 9:26:51
Sampling (4 threads)   6%|█▋                            |  ETA: 1 days, 6:14:48
Sampling (4 threads)   6%|█▊                            |  ETA: 1 days, 4:52:02
Sampling (4 threads)   6%|██                            |  ETA: 1 days, 2:30:17
Sampling (4 threads)   7%|██▏                           |  ETA: 1 days, 1:31:34
Sampling (4 threads)   8%|██▎                           |  ETA: 23:41:47
Sampling (4 threads)   8%|██▍                           |  ETA: 23:10:28
Sampling (4 threads)   8%|██▌                           |  ETA: 21:41:34
Sampling (4 threads)   9%|██▊                           |  ETA: 21:05:42
Sampling (4 threads)  10%|██▉                           |  ETA: 19:52:30
Sampling (4 threads)  10%|███                           |  ETA: 19:08:30
Sampling (4 threads)  10%|███▏                          |  ETA: 18:07:44
Sampling (4 threads)  11%|███▎                          |  ETA: 17:43:55
Sampling (4 threads)  12%|███▌                          |  ETA: 16:51:57
Sampling (4 threads)  12%|███▋                          |  ETA: 16:22:58
Sampling (4 threads)  12%|███▊                          |  ETA: 15:38:17
Sampling (4 threads)  13%|███▉                          |  ETA: 14:57:02
Sampling (4 threads)  14%|████                          |  ETA: 14:33:42
Sampling (4 threads)  14%|████▎                         |  ETA: 13:57:38
Sampling (4 threads)  14%|████▍                         |  ETA: 13:35:09
Sampling (4 threads)  15%|████▌                         |  ETA: 13:03:22
Sampling (4 threads)  16%|████▋                         |  ETA: 12:44:39
Sampling (4 threads)  16%|████▊                         |  ETA: 12:16:23
Sampling (4 threads)  16%|█████                         |  ETA: 11:49:49
Sampling (4 threads)  17%|█████▏                        |  ETA: 11:34:40
Sampling (4 threads)  18%|█████▎                        |  ETA: 11:10:46
Sampling (4 threads)  18%|█████▍                        |  ETA: 10:48:11
Sampling (4 threads)  18%|█████▌                        |  ETA: 10:36:19
Sampling (4 threads)  19%|█████▊                        |  ETA: 10:15:46
Sampling (4 threads)  20%|█████▉                        |  ETA: 9:56:16
Sampling (4 threads)  20%|██████                        |  ETA: 9:46:35
Sampling (4 threads)  20%|██████▏                       |  ETA: 9:28:42
Sampling (4 threads)  21%|██████▎                       |  ETA: 9:11:40
Sampling (4 threads)  22%|██████▌                       |  ETA: 8:55:25
Sampling (4 threads)  22%|██████▋                       |  ETA: 8:47:51
Sampling (4 threads)  22%|██████▊                       |  ETA: 8:32:48
Sampling (4 threads)  23%|██████▉                       |  ETA: 8:18:25
Sampling (4 threads)  24%|███████                       |  ETA: 8:09:05
Sampling (4 threads)  24%|███████▎                      |  ETA: 7:55:46
Sampling (4 threads)  24%|███████▍                      |  ETA: 7:46:35
Sampling (4 threads)  25%|███████▌                      |  ETA: 7:34:14
Sampling (4 threads)  26%|███████▋                      |  ETA: 7:27:38
Sampling (4 threads)  26%|███████▊                      |  ETA: 7:16:05
Sampling (4 threads)  26%|████████                      |  ETA: 7:04:57
Sampling (4 threads)  27%|████████▏                     |  ETA: 6:54:15
Sampling (4 threads)  28%|████████▎                     |  ETA: 6:49:33
Sampling (4 threads)  28%|████████▍                     |  ETA: 6:39:28
Sampling (4 threads)  28%|████████▌                     |  ETA: 6:29:44
Sampling (4 threads)  29%|████████▊                     |  ETA: 6:22:37
Sampling (4 threads)  30%|████████▉                     |  ETA: 6:13:29
Sampling (4 threads)  30%|█████████                     |  ETA: 6:09:30
Sampling (4 threads)  30%|█████████▏                    |  ETA: 6:00:51
Sampling (4 threads)  31%|█████████▎                    |  ETA: 5:52:29
Sampling (4 threads)  32%|█████████▌                    |  ETA: 5:48:13
Sampling (4 threads)  32%|█████████▋                    |  ETA: 5:40:16
Sampling (4 threads)  32%|█████████▊                    |  ETA: 5:35:22
Sampling (4 threads)  33%|█████████▉                    |  ETA: 5:27:50
Sampling (4 threads)  34%|██████████                    |  ETA: 5:20:32
Sampling (4 threads)  34%|██████████▎                   |  ETA: 5:15:58
Sampling (4 threads)  34%|██████████▍                   |  ETA: 5:09:02
Sampling (4 threads)  35%|██████████▌                   |  ETA: 5:04:52
Sampling (4 threads)  36%|██████████▋                   |  ETA: 4:58:16
Sampling (4 threads)  36%|██████████▊                   |  ETA: 4:51:50
Sampling (4 threads)  36%|███████████                   |  ETA: 4:49:34
Sampling (4 threads)  37%|███████████▏                  |  ETA: 4:43:24
Sampling (4 threads)  38%|███████████▎                  |  ETA: 4:37:24
Sampling (4 threads)  38%|███████████▍                  |  ETA: 4:33:32
Sampling (4 threads)  38%|███████████▌                  |  ETA: 4:27:49
Sampling (4 threads)  39%|███████████▊                  |  ETA: 4:24:05
Sampling (4 threads)  40%|███████████▉                  |  ETA: 4:18:36
Sampling (4 threads)  40%|████████████                  |  ETA: 4:15:12
Sampling (4 threads)  40%|████████████▏                 |  ETA: 4:09:57
Sampling (4 threads)  41%|████████████▎                 |  ETA: 4:06:48
Sampling (4 threads)  42%|████████████▌                 |  ETA: 4:01:45
Sampling (4 threads)  42%|████████████▋                 |  ETA: 3:58:40
Sampling (4 threads)  42%|████████████▊                 |  ETA: 3:53:49
Sampling (4 threads)  43%|████████████▉                 |  ETA: 3:49:06
Sampling (4 threads)  44%|█████████████                 |  ETA: 3:46:27
Sampling (4 threads)  44%|█████████████▎                |  ETA: 3:41:54
Sampling (4 threads)  44%|█████████████▍                |  ETA: 3:37:27
Sampling (4 threads)  45%|█████████████▌                |  ETA: 3:34:32
Sampling (4 threads)  46%|█████████████▋                |  ETA: 3:30:14
Sampling (4 threads)  46%|█████████████▊                |  ETA: 3:27:32
Sampling (4 threads)  46%|██████████████                |  ETA: 3:23:24
Sampling (4 threads)  47%|██████████████▏               |  ETA: 3:20:53
Sampling (4 threads)  48%|██████████████▎               |  ETA: 3:16:54
Sampling (4 threads)  48%|██████████████▍               |  ETA: 3:14:08
Sampling (4 threads)  48%|██████████████▌               |  ETA: 3:10:17
Sampling (4 threads)  49%|██████████████▊               |  ETA: 3:07:49
Sampling (4 threads)  50%|██████████████▉               |  ETA: 3:04:06
Sampling (4 threads)  50%|███████████████               |  ETA: 3:01:41
Sampling (4 threads)  50%|███████████████▏              |  ETA: 2:58:05
Sampling (4 threads)  51%|███████████████▎              |  ETA: 2:55:48
Sampling (4 threads)  52%|███████████████▌              |  ETA: 2:52:19
Sampling (4 threads)  52%|███████████████▋              |  ETA: 2:48:54
Sampling (4 threads)  52%|███████████████▊              |  ETA: 2:46:42
Sampling (4 threads)  53%|███████████████▉              |  ETA: 2:43:23
Sampling (4 threads)  54%|████████████████              |  ETA: 2:42:02
Sampling (4 threads)  54%|████████████████▎             |  ETA: 2:38:48
Sampling (4 threads)  55%|████████████████▍             |  ETA: 2:35:38
Sampling (4 threads)  55%|████████████████▌             |  ETA: 2:32:32
Sampling (4 threads)  56%|████████████████▋             |  ETA: 2:31:25
Sampling (4 threads)  56%|████████████████▊             |  ETA: 2:28:23
Sampling (4 threads)  56%|█████████████████             |  ETA: 2:25:24
Sampling (4 threads)  57%|█████████████████▏            |  ETA: 2:23:37
Sampling (4 threads)  57%|█████████████████▎            |  ETA: 2:20:42
Sampling (4 threads)  58%|█████████████████▍            |  ETA: 2:18:35
Sampling (4 threads)  58%|█████████████████▌            |  ETA: 2:15:46
Sampling (4 threads)  59%|█████████████████▊            |  ETA: 2:13:50
Sampling (4 threads)  60%|█████████████████▉            |  ETA: 2:11:05
Sampling (4 threads)  60%|██████████████████            |  ETA: 2:09:20
Sampling (4 threads)  60%|██████████████████▏           |  ETA: 2:06:40
Sampling (4 threads)  61%|██████████████████▎           |  ETA: 2:04:49
Sampling (4 threads)  62%|██████████████████▌           |  ETA: 2:02:13
Sampling (4 threads)  62%|██████████████████▋           |  ETA: 1:59:39
Sampling (4 threads)  62%|██████████████████▊           |  ETA: 1:58:16
Sampling (4 threads)  63%|██████████████████▉           |  ETA: 1:55:46
Sampling (4 threads)  64%|███████████████████           |  ETA: 1:53:18
Sampling (4 threads)  64%|███████████████████▎          |  ETA: 1:51:59
Sampling (4 threads)  64%|███████████████████▍          |  ETA: 1:49:34
Sampling (4 threads)  65%|███████████████████▌          |  ETA: 1:47:12
Sampling (4 threads)  66%|███████████████████▋          |  ETA: 1:44:51
Sampling (4 threads)  66%|███████████████████▊          |  ETA: 1:43:16
Sampling (4 threads)  66%|████████████████████          |  ETA: 1:40:59
Sampling (4 threads)  67%|████████████████████▏         |  ETA: 1:39:44
Sampling (4 threads)  68%|████████████████████▎         |  ETA: 1:37:29
Sampling (4 threads)  68%|████████████████████▍         |  ETA: 1:35:17
Sampling (4 threads)  68%|████████████████████▌         |  ETA: 1:33:41
Sampling (4 threads)  69%|████████████████████▊         |  ETA: 1:31:32
Sampling (4 threads)  70%|████████████████████▉         |  ETA: 1:30:04
Sampling (4 threads)  70%|█████████████████████         |  ETA: 1:27:57
Sampling (4 threads)  70%|█████████████████████▏        |  ETA: 1:25:52
Sampling (4 threads)  71%|█████████████████████▎        |  ETA: 1:24:39
Sampling (4 threads)  72%|█████████████████████▌        |  ETA: 1:22:37
Sampling (4 threads)  72%|█████████████████████▋        |  ETA: 1:20:36
Sampling (4 threads)  72%|█████████████████████▊        |  ETA: 1:19:17
Sampling (4 threads)  73%|█████████████████████▉        |  ETA: 1:17:18
Sampling (4 threads)  74%|██████████████████████        |  ETA: 1:15:21
Sampling (4 threads)  74%|██████████████████████▎       |  ETA: 1:13:52
Sampling (4 threads)  74%|██████████████████████▍       |  ETA: 1:11:57
Sampling (4 threads)  75%|██████████████████████▌       |  ETA: 1:10:24
Sampling (4 threads)  76%|██████████████████████▋       |  ETA: 1:08:32
Sampling (4 threads)  76%|██████████████████████▊       |  ETA: 1:07:04
Sampling (4 threads)  76%|███████████████████████       |  ETA: 1:05:14
Sampling (4 threads)  77%|███████████████████████▏      |  ETA: 1:03:46
Sampling (4 threads)  78%|███████████████████████▎      |  ETA: 1:01:59
Sampling (4 threads)  78%|███████████████████████▍      |  ETA: 1:00:14
Sampling (4 threads)  78%|███████████████████████▌      |  ETA: 0:58:44
Sampling (4 threads)  79%|███████████████████████▊      |  ETA: 0:57:13
Sampling (4 threads)  80%|███████████████████████▉      |  ETA: 0:55:34
Sampling (4 threads)  80%|████████████████████████      |  ETA: 0:54:04
Sampling (4 threads)  80%|████████████████████████▏     |  ETA: 0:52:33
Sampling (4 threads)  81%|████████████████████████▎     |  ETA: 0:51:01
Sampling (4 threads)  82%|████████████████████████▌     |  ETA: 0:49:33
Sampling (4 threads)  82%|████████████████████████▋     |  ETA: 0:48:00
Sampling (4 threads)  82%|████████████████████████▊     |  ETA: 0:46:33
Sampling (4 threads)  83%|████████████████████████▉     |  ETA: 0:45:07
Sampling (4 threads)  84%|█████████████████████████     |  ETA: 0:43:36
Sampling (4 threads)  84%|█████████████████████████▎    |  ETA: 0:42:09
Sampling (4 threads)  84%|█████████████████████████▍    |  ETA: 0:40:44
Sampling (4 threads)  85%|█████████████████████████▌    |  ETA: 0:39:17
Sampling (4 threads)  86%|█████████████████████████▋    |  ETA: 0:37:50
Sampling (4 threads)  86%|█████████████████████████▊    |  ETA: 0:36:26
Sampling (4 threads)  86%|██████████████████████████    |  ETA: 0:35:03
Sampling (4 threads)  87%|██████████████████████████▏   |  ETA: 0:33:37
Sampling (4 threads)  88%|██████████████████████████▎   |  ETA: 0:32:15
Sampling (4 threads)  88%|██████████████████████████▍   |  ETA: 0:30:49
Sampling (4 threads)  88%|██████████████████████████▌   |  ETA: 0:29:28
Sampling (4 threads)  89%|██████████████████████████▊   |  ETA: 0:28:07
Sampling (4 threads)  90%|██████████████████████████▉   |  ETA: 0:26:42
Sampling (4 threads)  90%|███████████████████████████   |  ETA: 0:25:23
Sampling (4 threads)  90%|███████████████████████████▏  |  ETA: 0:24:03
Sampling (4 threads)  91%|███████████████████████████▎  |  ETA: 0:22:43
Sampling (4 threads)  92%|███████████████████████████▌  |  ETA: 0:21:24
Sampling (4 threads)  92%|███████████████████████████▋  |  ETA: 0:20:03
Sampling (4 threads)  92%|███████████████████████████▊  |  ETA: 0:18:45
Sampling (4 threads)  93%|███████████████████████████▉  |  ETA: 0:17:28
Sampling (4 threads)  94%|████████████████████████████  |  ETA: 0:16:10
Sampling (4 threads)  94%|████████████████████████████▎ |  ETA: 0:14:53
Sampling (4 threads)  94%|████████████████████████████▍ |  ETA: 0:13:37
Sampling (4 threads)  95%|████████████████████████████▌ |  ETA: 0:12:19
Sampling (4 threads)  96%|████████████████████████████▋ |  ETA: 0:11:04
Sampling (4 threads)  96%|████████████████████████████▊ |  ETA: 0:09:48
Sampling (4 threads)  96%|█████████████████████████████ |  ETA: 0:08:34
Sampling (4 threads)  97%|█████████████████████████████▏|  ETA: 0:07:19
Sampling (4 threads)  98%|█████████████████████████████▎|  ETA: 0:06:06
Sampling (4 threads)  98%|█████████████████████████████▍|  ETA: 0:04:52
Sampling (4 threads)  98%|█████████████████████████████▌|  ETA: 0:03:39
Sampling (4 threads)  99%|█████████████████████████████▊|  ETA: 0:02:25
Sampling (4 threads) 100%|█████████████████████████████▉|  ETA: 0:01:13
Sampling (4 threads) 100%|██████████████████████████████| Time: 4:01:28
Sampling (4 threads) 100%|██████████████████████████████| Time: 4:01:29
┌ Warning: Runtime invalidation was disabled, but the CPU info is out-of-date.
│ Will continue with incorrect CPU name (from build time).
└ @ HostCPUFeatures ~/.julia/packages/HostCPUFeatures/ZTXz4/src/cpu_info.jl:71
┌ Warning: Runtime invalidation was disabled, but the CPU info is out-of-date.
│ Will continue with incorrect CPU feature flag: +avx512vnni.
└ @ HostCPUFeatures ~/.julia/packages/HostCPUFeatures/ZTXz4/src/cpu_info.jl:56
┌ Warning: Runtime invalidation was disabled, but the CPU info is out-of-date.
│ Will continue with incorrect CPU feature flag: -rtm.
└ @ HostCPUFeatures ~/.julia/packages/HostCPUFeatures/ZTXz4/src/cpu_info.jl:56
Sampling (4 threads)   0%|                              |  ETA: N/A
┌ Info: Found initial step size
└   ϵ = 9.765625e-5
┌ Info: Found initial step size
└   ϵ = 0.0001953125
┌ Info: Found initial step size
└   ϵ = 0.00625
┌ Info: Found initial step size
└   ϵ = 0.0001953125
Sampling (4 threads)   0%|▏                             |  ETA: 5:12:50
Sampling (4 threads)   1%|▎                             |  ETA: 2:35:44
Sampling (4 threads)   2%|▌                             |  ETA: 17:28:18
Sampling (4 threads)   2%|▋                             |  ETA: 13:02:14
Sampling (4 threads)   2%|▊                             |  ETA: 21:52:10
Sampling (4 threads)   3%|▉                             |  ETA: 18:07:52
Sampling (4 threads)   4%|█                             |  ETA: 23:52:54
Sampling (4 threads)   4%|█▎                            |  ETA: 20:47:17
Sampling (4 threads)   4%|█▍                            |  ETA: 23:06:55
Sampling (4 threads)   5%|█▌                            |  ETA: 20:41:42
Sampling (4 threads)   6%|█▋                            |  ETA: 22:58:47
Sampling (4 threads)   6%|█▊                            |  ETA: 20:57:11
Sampling (4 threads)   6%|██                            |  ETA: 19:14:19
Sampling (4 threads)   7%|██▏                           |  ETA: 20:52:15
Sampling (4 threads)   8%|██▎                           |  ETA: 19:22:29
Sampling (4 threads)   8%|██▍                           |  ETA: 18:03:56
Sampling (4 threads)   8%|██▌                           |  ETA: 17:17:06
Sampling (4 threads)   9%|██▊                           |  ETA: 16:14:07
Sampling (4 threads)  10%|██▉                           |  ETA: 15:36:28
Sampling (4 threads)  10%|███                           |  ETA: 14:44:44
Sampling (4 threads)  10%|███▏                          |  ETA: 14:28:52
Sampling (4 threads)  11%|███▎                          |  ETA: 13:44:44
Sampling (4 threads)  12%|███▌                          |  ETA: 13:04:27
Sampling (4 threads)  12%|███▋                          |  ETA: 12:46:42
Sampling (4 threads)  12%|███▊                          |  ETA: 12:11:51
Sampling (4 threads)  13%|███▉                          |  ETA: 11:39:41
Sampling (4 threads)  14%|████                          |  ETA: 11:22:26
Sampling (4 threads)  14%|████▎                         |  ETA: 10:54:16
Sampling (4 threads)  14%|████▍                         |  ETA: 10:40:55
Sampling (4 threads)  15%|████▌                         |  ETA: 10:15:56
Sampling (4 threads)  16%|████▋                         |  ETA: 9:52:33
Sampling (4 threads)  16%|████▊                         |  ETA: 9:30:38
Sampling (4 threads)  16%|█████                         |  ETA: 9:20:47
Sampling (4 threads)  17%|█████▏                        |  ETA: 9:01:02
Sampling (4 threads)  18%|█████▎                        |  ETA: 8:50:35
Sampling (4 threads)  18%|█████▍                        |  ETA: 8:32:43
Sampling (4 threads)  18%|█████▌                        |  ETA: 8:21:58
Sampling (4 threads)  19%|█████▊                        |  ETA: 8:05:46
Sampling (4 threads)  20%|█████▉                        |  ETA: 7:56:10
Sampling (4 threads)  20%|██████                        |  ETA: 7:41:22
Sampling (4 threads)  20%|██████▏                       |  ETA: 7:27:18
Sampling (4 threads)  21%|██████▎                       |  ETA: 7:19:46
Sampling (4 threads)  22%|██████▌                       |  ETA: 7:06:49
Sampling (4 threads)  22%|██████▋                       |  ETA: 6:58:52
Sampling (4 threads)  22%|██████▊                       |  ETA: 6:46:56
Sampling (4 threads)  23%|██████▉                       |  ETA: 6:43:12
Sampling (4 threads)  24%|███████                       |  ETA: 6:32:03
Sampling (4 threads)  24%|███████▎                      |  ETA: 6:21:23
Sampling (4 threads)  24%|███████▍                      |  ETA: 6:14:25
Sampling (4 threads)  25%|███████▌                      |  ETA: 6:04:30
Sampling (4 threads)  26%|███████▋                      |  ETA: 6:01:27
Sampling (4 threads)  26%|███████▊                      |  ETA: 5:52:07
Sampling (4 threads)  26%|████████                      |  ETA: 5:49:21
Sampling (4 threads)  27%|████████▏                     |  ETA: 5:40:33
Sampling (4 threads)  28%|████████▎                     |  ETA: 5:32:04
Sampling (4 threads)  28%|████████▍                     |  ETA: 5:29:13
Sampling (4 threads)  28%|████████▌                     |  ETA: 5:21:12
Sampling (4 threads)  29%|████████▊                     |  ETA: 5:13:27
Sampling (4 threads)  30%|████████▉                     |  ETA: 5:13:29
Sampling (4 threads)  30%|█████████                     |  ETA: 5:06:05
Sampling (4 threads)  30%|█████████▏                    |  ETA: 4:58:55
Sampling (4 threads)  31%|█████████▎                    |  ETA: 4:55:34
Sampling (4 threads)  32%|█████████▌                    |  ETA: 4:48:46
Sampling (4 threads)  32%|█████████▋                    |  ETA: 4:45:54
Sampling (4 threads)  32%|█████████▊                    |  ETA: 4:39:25
Sampling (4 threads)  33%|█████████▉                    |  ETA: 4:36:34
Sampling (4 threads)  34%|██████████                    |  ETA: 4:30:24
Sampling (4 threads)  34%|██████████▎                   |  ETA: 4:27:33
Sampling (4 threads)  34%|██████████▍                   |  ETA: 4:21:40
Sampling (4 threads)  35%|██████████▌                   |  ETA: 4:15:58
Sampling (4 threads)  36%|██████████▋                   |  ETA: 4:13:01
Sampling (4 threads)  36%|██████████▊                   |  ETA: 4:07:35
Sampling (4 threads)  36%|███████████                   |  ETA: 4:05:42
Sampling (4 threads)  37%|███████████▏                  |  ETA: 4:00:28
Sampling (4 threads)  38%|███████████▎                  |  ETA: 4:00:16
Sampling (4 threads)  38%|███████████▍                  |  ETA: 3:55:13
Sampling (4 threads)  38%|███████████▌                  |  ETA: 3:50:17
Sampling (4 threads)  39%|███████████▊                  |  ETA: 3:49:16
Sampling (4 threads)  40%|███████████▉                  |  ETA: 3:44:30
Sampling (4 threads)  40%|████████████                  |  ETA: 3:39:52
Sampling (4 threads)  40%|████████████▏                 |  ETA: 3:37:39
Sampling (4 threads)  41%|████████████▎                 |  ETA: 3:33:11
Sampling (4 threads)  42%|████████████▌                 |  ETA: 3:31:03
Sampling (4 threads)  42%|████████████▋                 |  ETA: 3:26:45
Sampling (4 threads)  42%|████████████▊                 |  ETA: 3:24:48
Sampling (4 threads)  43%|████████████▉                 |  ETA: 3:20:39
Sampling (4 threads)  44%|█████████████                 |  ETA: 3:18:24
Sampling (4 threads)  44%|█████████████▎                |  ETA: 3:14:25
Sampling (4 threads)  44%|█████████████▍                |  ETA: 3:10:31
Sampling (4 threads)  45%|█████████████▌                |  ETA: 3:09:14
Sampling (4 threads)  46%|█████████████▋                |  ETA: 3:05:27
Sampling (4 threads)  46%|█████████████▊                |  ETA: 3:01:45
Sampling (4 threads)  46%|██████████████                |  ETA: 3:00:03
Sampling (4 threads)  47%|██████████████▏               |  ETA: 2:56:28
Sampling (4 threads)  48%|██████████████▎               |  ETA: 2:55:07
Sampling (4 threads)  48%|██████████████▍               |  ETA: 2:51:39
Sampling (4 threads)  48%|██████████████▌               |  ETA: 2:50:43
Sampling (4 threads)  49%|██████████████▊               |  ETA: 2:47:20
Sampling (4 threads)  50%|██████████████▉               |  ETA: 2:44:01
Sampling (4 threads)  50%|███████████████               |  ETA: 2:42:51
Sampling (4 threads)  50%|███████████████▏              |  ETA: 2:39:37
Sampling (4 threads)  51%|███████████████▎              |  ETA: 2:36:28
Sampling (4 threads)  52%|███████████████▌              |  ETA: 2:34:41
Sampling (4 threads)  52%|███████████████▋              |  ETA: 2:31:37
Sampling (4 threads)  52%|███████████████▊              |  ETA: 2:29:47
Sampling (4 threads)  53%|███████████████▉              |  ETA: 2:26:49
Sampling (4 threads)  54%|████████████████              |  ETA: 2:25:20
Sampling (4 threads)  54%|████████████████▎             |  ETA: 2:22:26
Sampling (4 threads)  55%|████████████████▍             |  ETA: 2:21:37
Sampling (4 threads)  55%|████████████████▌             |  ETA: 2:18:48
Sampling (4 threads)  56%|████████████████▋             |  ETA: 2:16:01
Sampling (4 threads)  56%|████████████████▊             |  ETA: 2:14:50
Sampling (4 threads)  56%|█████████████████             |  ETA: 2:12:07
Sampling (4 threads)  57%|█████████████████▏            |  ETA: 2:09:27
Sampling (4 threads)  57%|█████████████████▎            |  ETA: 2:07:53
Sampling (4 threads)  58%|█████████████████▍            |  ETA: 2:05:17
Sampling (4 threads)  58%|█████████████████▌            |  ETA: 2:04:23
Sampling (4 threads)  59%|█████████████████▊            |  ETA: 2:01:51
Sampling (4 threads)  60%|█████████████████▉            |  ETA: 1:59:21
Sampling (4 threads)  60%|██████████████████            |  ETA: 1:58:04
Sampling (4 threads)  60%|██████████████████▏           |  ETA: 1:55:38
Sampling (4 threads)  61%|██████████████████▎           |  ETA: 1:54:11
Sampling (4 threads)  62%|██████████████████▌           |  ETA: 1:51:48
Sampling (4 threads)  62%|██████████████████▋           |  ETA: 1:50:31
Sampling (4 threads)  62%|██████████████████▊           |  ETA: 1:48:12
Sampling (4 threads)  63%|██████████████████▉           |  ETA: 1:46:48
Sampling (4 threads)  64%|███████████████████           |  ETA: 1:44:31
Sampling (4 threads)  64%|███████████████████▎          |  ETA: 1:42:17
Sampling (4 threads)  64%|███████████████████▍          |  ETA: 1:40:53
Sampling (4 threads)  65%|███████████████████▌          |  ETA: 1:38:42
Sampling (4 threads)  66%|███████████████████▋          |  ETA: 1:37:10
Sampling (4 threads)  66%|███████████████████▊          |  ETA: 1:35:02
Sampling (4 threads)  66%|████████████████████          |  ETA: 1:34:14
Sampling (4 threads)  67%|████████████████████▏         |  ETA: 1:32:08
Sampling (4 threads)  68%|████████████████████▎         |  ETA: 1:30:04
Sampling (4 threads)  68%|████████████████████▍         |  ETA: 1:29:04
Sampling (4 threads)  68%|████████████████████▌         |  ETA: 1:27:02
Sampling (4 threads)  69%|████████████████████▊         |  ETA: 1:25:02
Sampling (4 threads)  70%|████████████████████▉         |  ETA: 1:23:53
Sampling (4 threads)  70%|█████████████████████         |  ETA: 1:21:55
Sampling (4 threads)  70%|█████████████████████▏        |  ETA: 1:19:59
Sampling (4 threads)  71%|█████████████████████▎        |  ETA: 1:18:56
Sampling (4 threads)  72%|█████████████████████▌        |  ETA: 1:17:02
Sampling (4 threads)  72%|█████████████████████▋        |  ETA: 1:15:09
Sampling (4 threads)  72%|█████████████████████▊        |  ETA: 1:14:06
Sampling (4 threads)  73%|█████████████████████▉        |  ETA: 1:12:15
Sampling (4 threads)  74%|██████████████████████        |  ETA: 1:10:26
Sampling (4 threads)  74%|██████████████████████▎       |  ETA: 1:09:29
Sampling (4 threads)  74%|██████████████████████▍       |  ETA: 1:07:41
Sampling (4 threads)  75%|██████████████████████▌       |  ETA: 1:05:55
Sampling (4 threads)  76%|██████████████████████▋       |  ETA: 1:04:58
Sampling (4 threads)  76%|██████████████████████▊       |  ETA: 1:03:13
Sampling (4 threads)  76%|███████████████████████       |  ETA: 1:01:30
Sampling (4 threads)  77%|███████████████████████▏      |  ETA: 1:00:30
Sampling (4 threads)  78%|███████████████████████▎      |  ETA: 0:58:49
Sampling (4 threads)  78%|███████████████████████▍      |  ETA: 0:57:08
Sampling (4 threads)  78%|███████████████████████▌      |  ETA: 0:56:02
Sampling (4 threads)  79%|███████████████████████▊      |  ETA: 0:54:23
Sampling (4 threads)  80%|███████████████████████▉      |  ETA: 0:52:46
Sampling (4 threads)  80%|████████████████████████      |  ETA: 0:51:42
Sampling (4 threads)  80%|████████████████████████▏     |  ETA: 0:50:06
Sampling (4 threads)  81%|████████████████████████▎     |  ETA: 0:48:30
Sampling (4 threads)  82%|████████████████████████▌     |  ETA: 0:47:22
Sampling (4 threads)  82%|████████████████████████▋     |  ETA: 0:45:49
Sampling (4 threads)  82%|████████████████████████▊     |  ETA: 0:44:16
Sampling (4 threads)  83%|████████████████████████▉     |  ETA: 0:43:11
Sampling (4 threads)  84%|█████████████████████████     |  ETA: 0:41:40
Sampling (4 threads)  84%|█████████████████████████▎    |  ETA: 0:40:10
Sampling (4 threads)  84%|█████████████████████████▍    |  ETA: 0:39:00
Sampling (4 threads)  85%|█████████████████████████▌    |  ETA: 0:37:31
Sampling (4 threads)  86%|█████████████████████████▋    |  ETA: 0:36:03
Sampling (4 threads)  86%|█████████████████████████▊    |  ETA: 0:34:55
Sampling (4 threads)  86%|██████████████████████████    |  ETA: 0:33:28
Sampling (4 threads)  87%|██████████████████████████▏   |  ETA: 0:32:03
Sampling (4 threads)  88%|██████████████████████████▎   |  ETA: 0:30:58
Sampling (4 threads)  88%|██████████████████████████▍   |  ETA: 0:29:34
Sampling (4 threads)  88%|██████████████████████████▌   |  ETA: 0:28:10
Sampling (4 threads)  89%|██████████████████████████▊   |  ETA: 0:27:03
Sampling (4 threads)  90%|██████████████████████████▉   |  ETA: 0:25:40
Sampling (4 threads)  90%|███████████████████████████   |  ETA: 0:24:19
Sampling (4 threads)  90%|███████████████████████████▏  |  ETA: 0:23:10
Sampling (4 threads)  91%|███████████████████████████▎  |  ETA: 0:21:50
Sampling (4 threads)  92%|███████████████████████████▌  |  ETA: 0:20:30
Sampling (4 threads)  92%|███████████████████████████▋  |  ETA: 0:19:17
Sampling (4 threads)  92%|███████████████████████████▊  |  ETA: 0:17:59
Sampling (4 threads)  93%|███████████████████████████▉  |  ETA: 0:16:42
Sampling (4 threads)  94%|████████████████████████████  |  ETA: 0:15:30
Sampling (4 threads)  94%|████████████████████████████▎ |  ETA: 0:14:21
Sampling (4 threads)  94%|████████████████████████████▍ |  ETA: 0:13:11
Sampling (4 threads)  95%|████████████████████████████▌ |  ETA: 0:12:00
Sampling (4 threads)  96%|████████████████████████████▋ |  ETA: 0:10:48
Sampling (4 threads)  96%|████████████████████████████▊ |  ETA: 0:09:37
Sampling (4 threads)  96%|█████████████████████████████ |  ETA: 0:08:24
Sampling (4 threads)  97%|█████████████████████████████▏|  ETA: 0:07:13
Sampling (4 threads)  98%|█████████████████████████████▎|  ETA: 0:06:00
Sampling (4 threads)  98%|█████████████████████████████▍|  ETA: 0:04:49
Sampling (4 threads)  98%|█████████████████████████████▌|  ETA: 0:03:38
Sampling (4 threads)  99%|█████████████████████████████▊|  ETA: 0:02:26
Sampling (4 threads) 100%|█████████████████████████████▉|  ETA: 0:01:13
Sampling (4 threads) 100%|██████████████████████████████| Time: 4:04:12
Sampling (4 threads) 100%|██████████████████████████████| Time: 4:04:13
Precompiling project...
    DistributionsADReverseDiffExt Being precompiled by another machine (hostname: bp1-compute065, pid: 189813, pidfile: /user/home/em18564/.julia/compiled/v1.10/DistributionsADReverseDiffExt/hY00X_4RpdW.ji.pidfile)
  ✗ DistributionsAD → DistributionsADReverseDiffExt
  0 dependencies successfully precompiled in 41 seconds. 549 already precompiled.
┌ Warning: Runtime invalidation was disabled, but the CPU info is out-of-date.
│ Will continue with incorrect CPU name (from build time).
└ @ HostCPUFeatures ~/.julia/packages/HostCPUFeatures/ZTXz4/src/cpu_info.jl:71
┌ Warning: Runtime invalidation was disabled, but the CPU info is out-of-date.
│ Will continue with incorrect CPU feature flag: +avx512vnni.
└ @ HostCPUFeatures ~/.julia/packages/HostCPUFeatures/ZTXz4/src/cpu_info.jl:56
┌ Warning: Runtime invalidation was disabled, but the CPU info is out-of-date.
│ Will continue with incorrect CPU feature flag: -rtm.
└ @ HostCPUFeatures ~/.julia/packages/HostCPUFeatures/ZTXz4/src/cpu_info.jl:56
Sampling (4 threads)   0%|                              |  ETA: N/A
┌ Info: Found initial step size
└   ϵ = 0.0015625
┌ Info: Found initial step size
└   ϵ = 0.0015625
┌ Info: Found initial step size
└   ϵ = 0.00625
┌ Info: Found initial step size
└   ϵ = 9.765625e-5
Sampling (4 threads)   0%|▏                             |  ETA: 1 days, 6:56:34
Sampling (4 threads)   1%|▎                             |  ETA: 15:23:43
Sampling (4 threads)   2%|▌                             |  ETA: 10:12:42
Sampling (4 threads)   2%|▋                             |  ETA: 21:17:27
Sampling (4 threads)   2%|▊                             |  ETA: 16:56:45
Sampling (4 threads)   3%|▉                             |  ETA: 23:04:34
Sampling (4 threads)   4%|█                             |  ETA: 19:40:39
Sampling (4 threads)   4%|█▎                            |  ETA: 23:25:08
Sampling (4 threads)   4%|█▍                            |  ETA: 20:42:30
Sampling (4 threads)   5%|█▌                            |  ETA: 23:34:20
Sampling (4 threads)   6%|█▋                            |  ETA: 21:19:00
Sampling (4 threads)   6%|█▊                            |  ETA: 22:55:29
Sampling (4 threads)   6%|██                            |  ETA: 21:02:55
Sampling (4 threads)   7%|██▏                           |  ETA: 19:26:26
Sampling (4 threads)   8%|██▎                           |  ETA: 18:46:00
Sampling (4 threads)   8%|██▍                           |  ETA: 17:29:55
Sampling (4 threads)   8%|██▌                           |  ETA: 16:38:15
Sampling (4 threads)   9%|██▊                           |  ETA: 15:37:39
Sampling (4 threads)  10%|██▉                           |  ETA: 15:06:21
Sampling (4 threads)  10%|███                           |  ETA: 14:16:16
Sampling (4 threads)  10%|███▏                          |  ETA: 13:30:58
Sampling (4 threads)  11%|███▎                          |  ETA: 12:49:47
Sampling (4 threads)  12%|███▌                          |  ETA: 12:30:02
Sampling (4 threads)  12%|███▋                          |  ETA: 11:54:44
Sampling (4 threads)  12%|███▊                          |  ETA: 11:22:14
Sampling (4 threads)  13%|███▉                          |  ETA: 11:08:21
Sampling (4 threads)  14%|████                          |  ETA: 10:39:54
Sampling (4 threads)  14%|████▎                         |  ETA: 10:13:29
Sampling (4 threads)  14%|████▍                         |  ETA: 10:05:59
Sampling (4 threads)  15%|████▌                         |  ETA: 9:42:22
Sampling (4 threads)  16%|████▋                         |  ETA: 9:20:16
Sampling (4 threads)  16%|████▊                         |  ETA: 9:11:18
Sampling (4 threads)  16%|█████                         |  ETA: 8:51:25
Sampling (4 threads)  17%|█████▏                        |  ETA: 8:32:42
Sampling (4 threads)  18%|█████▎                        |  ETA: 8:25:32
Sampling (4 threads)  18%|█████▍                        |  ETA: 8:08:31
Sampling (4 threads)  18%|█████▌                        |  ETA: 7:52:25
Sampling (4 threads)  19%|█████▊                        |  ETA: 7:37:10
Sampling (4 threads)  20%|█████▉                        |  ETA: 7:32:12
Sampling (4 threads)  20%|██████                        |  ETA: 7:18:09
Sampling (4 threads)  20%|██████▏                       |  ETA: 7:09:46
Sampling (4 threads)  21%|██████▎                       |  ETA: 6:56:54
Sampling (4 threads)  22%|██████▌                       |  ETA: 6:51:14
Sampling (4 threads)  22%|██████▋                       |  ETA: 6:39:19
Sampling (4 threads)  22%|██████▊                       |  ETA: 6:27:57
Sampling (4 threads)  23%|██████▉                       |  ETA: 6:21:05
Sampling (4 threads)  24%|███████                       |  ETA: 6:10:33
Sampling (4 threads)  24%|███████▎                      |  ETA: 6:05:05
Sampling (4 threads)  24%|███████▍                      |  ETA: 5:55:16
Sampling (4 threads)  25%|███████▌                      |  ETA: 5:45:52
Sampling (4 threads)  26%|███████▋                      |  ETA: 5:43:52
Sampling (4 threads)  26%|███████▊                      |  ETA: 5:35:00
Sampling (4 threads)  26%|████████                      |  ETA: 5:26:27
Sampling (4 threads)  27%|████████▏                     |  ETA: 5:22:25
Sampling (4 threads)  28%|████████▎                     |  ETA: 5:14:23
Sampling (4 threads)  28%|████████▍                     |  ETA: 5:10:39
Sampling (4 threads)  28%|████████▌                     |  ETA: 5:03:05
Sampling (4 threads)  29%|████████▊                     |  ETA: 4:55:46
Sampling (4 threads)  30%|████████▉                     |  ETA: 4:51:34
Sampling (4 threads)  30%|█████████                     |  ETA: 4:44:40
Sampling (4 threads)  30%|█████████▏                    |  ETA: 4:43:48
Sampling (4 threads)  31%|█████████▎                    |  ETA: 4:37:13
Sampling (4 threads)  32%|█████████▌                    |  ETA: 4:30:50
Sampling (4 threads)  32%|█████████▋                    |  ETA: 4:29:30
Sampling (4 threads)  32%|█████████▊                    |  ETA: 4:23:24
Sampling (4 threads)  33%|█████████▉                    |  ETA: 4:22:07
Sampling (4 threads)  34%|██████████                    |  ETA: 4:16:17
Sampling (4 threads)  34%|██████████▎                   |  ETA: 4:10:37
Sampling (4 threads)  34%|██████████▍                   |  ETA: 4:05:07
Sampling (4 threads)  35%|██████████▌                   |  ETA: 4:05:06
Sampling (4 threads)  36%|██████████▋                   |  ETA: 3:59:48
Sampling (4 threads)  36%|██████████▊                   |  ETA: 3:54:38
Sampling (4 threads)  36%|███████████                   |  ETA: 3:53:59
Sampling (4 threads)  37%|███████████▏                  |  ETA: 3:49:00
Sampling (4 threads)  38%|███████████▎                  |  ETA: 3:44:10
Sampling (4 threads)  38%|███████████▍                  |  ETA: 3:43:47
Sampling (4 threads)  38%|███████████▌                  |  ETA: 3:39:06
Sampling (4 threads)  39%|███████████▊                  |  ETA: 3:34:32
Sampling (4 threads)  40%|███████████▉                  |  ETA: 3:34:00
Sampling (4 threads)  40%|████████████                  |  ETA: 3:29:34
Sampling (4 threads)  40%|████████████▏                 |  ETA: 3:25:16
Sampling (4 threads)  41%|████████████▎                 |  ETA: 3:24:49
Sampling (4 threads)  42%|████████████▌                 |  ETA: 3:20:38
Sampling (4 threads)  42%|████████████▋                 |  ETA: 3:16:33
Sampling (4 threads)  42%|████████████▊                 |  ETA: 3:12:33
Sampling (4 threads)  43%|████████████▉                 |  ETA: 3:12:23
Sampling (4 threads)  44%|█████████████                 |  ETA: 3:08:30
Sampling (4 threads)  44%|█████████████▎                |  ETA: 3:04:43
Sampling (4 threads)  44%|█████████████▍                |  ETA: 3:03:42
Sampling (4 threads)  45%|█████████████▌                |  ETA: 3:00:01
Sampling (4 threads)  46%|█████████████▋                |  ETA: 2:56:25
Sampling (4 threads)  46%|█████████████▊                |  ETA: 2:55:57
Sampling (4 threads)  46%|██████████████                |  ETA: 2:52:27
Sampling (4 threads)  47%|██████████████▏               |  ETA: 2:49:01
Sampling (4 threads)  48%|██████████████▎               |  ETA: 2:48:08
Sampling (4 threads)  48%|██████████████▍               |  ETA: 2:44:48
Sampling (4 threads)  48%|██████████████▌               |  ETA: 2:41:32
Sampling (4 threads)  49%|██████████████▊               |  ETA: 2:40:36
Sampling (4 threads)  50%|██████████████▉               |  ETA: 2:37:25
Sampling (4 threads)  50%|███████████████               |  ETA: 2:34:18
Sampling (4 threads)  50%|███████████████▏              |  ETA: 2:33:24
Sampling (4 threads)  51%|███████████████▎              |  ETA: 2:30:21
Sampling (4 threads)  52%|███████████████▌              |  ETA: 2:27:23
Sampling (4 threads)  52%|███████████████▋              |  ETA: 2:26:32
Sampling (4 threads)  52%|███████████████▊              |  ETA: 2:23:38
Sampling (4 threads)  53%|███████████████▉              |  ETA: 2:20:47
Sampling (4 threads)  54%|████████████████              |  ETA: 2:20:43
Sampling (4 threads)  54%|████████████████▎             |  ETA: 2:17:55
Sampling (4 threads)  55%|████████████████▍             |  ETA: 2:15:10
Sampling (4 threads)  55%|████████████████▌             |  ETA: 2:14:34
Sampling (4 threads)  56%|████████████████▋             |  ETA: 2:11:52
Sampling (4 threads)  56%|████████████████▊             |  ETA: 2:09:14
Sampling (4 threads)  56%|█████████████████             |  ETA: 2:07:54
Sampling (4 threads)  57%|█████████████████▏            |  ETA: 2:05:19
Sampling (4 threads)  57%|█████████████████▎            |  ETA: 2:04:08
Sampling (4 threads)  58%|█████████████████▍            |  ETA: 2:01:37
Sampling (4 threads)  58%|█████████████████▌            |  ETA: 2:00:25
Sampling (4 threads)  59%|█████████████████▊            |  ETA: 1:57:58
Sampling (4 threads)  60%|█████████████████▉            |  ETA: 1:55:33
Sampling (4 threads)  60%|██████████████████            |  ETA: 1:54:14
Sampling (4 threads)  60%|██████████████████▏           |  ETA: 1:51:52
Sampling (4 threads)  61%|██████████████████▎           |  ETA: 1:50:37
Sampling (4 threads)  62%|██████████████████▌           |  ETA: 1:48:18
Sampling (4 threads)  62%|██████████████████▋           |  ETA: 1:47:21
Sampling (4 threads)  62%|██████████████████▊           |  ETA: 1:45:05
Sampling (4 threads)  63%|██████████████████▉           |  ETA: 1:42:52
Sampling (4 threads)  64%|███████████████████           |  ETA: 1:41:59
Sampling (4 threads)  64%|███████████████████▎          |  ETA: 1:39:48
Sampling (4 threads)  64%|███████████████████▍          |  ETA: 1:38:49
Sampling (4 threads)  65%|███████████████████▌          |  ETA: 1:36:41
Sampling (4 threads)  66%|███████████████████▋          |  ETA: 1:35:23
Sampling (4 threads)  66%|███████████████████▊          |  ETA: 1:33:17
Sampling (4 threads)  66%|████████████████████          |  ETA: 1:31:14
Sampling (4 threads)  67%|████████████████████▏         |  ETA: 1:30:48
Sampling (4 threads)  68%|████████████████████▎         |  ETA: 1:28:45
Sampling (4 threads)  68%|████████████████████▍         |  ETA: 1:26:45
Sampling (4 threads)  68%|████████████████████▌         |  ETA: 1:24:46
Sampling (4 threads)  69%|████████████████████▊         |  ETA: 1:24:09
Sampling (4 threads)  70%|████████████████████▉         |  ETA: 1:22:12
Sampling (4 threads)  70%|█████████████████████         |  ETA: 1:20:16
Sampling (4 threads)  70%|█████████████████████▏        |  ETA: 1:19:33
Sampling (4 threads)  71%|█████████████████████▎        |  ETA: 1:17:39
Sampling (4 threads)  72%|█████████████████████▌        |  ETA: 1:15:46
Sampling (4 threads)  72%|█████████████████████▋        |  ETA: 1:13:56
Sampling (4 threads)  72%|█████████████████████▊        |  ETA: 1:13:14
Sampling (4 threads)  73%|█████████████████████▉        |  ETA: 1:11:25
Sampling (4 threads)  74%|██████████████████████        |  ETA: 1:09:37
Sampling (4 threads)  74%|██████████████████████▎       |  ETA: 1:08:47
Sampling (4 threads)  74%|██████████████████████▍       |  ETA: 1:07:00
Sampling (4 threads)  75%|██████████████████████▌       |  ETA: 1:05:15
Sampling (4 threads)  76%|██████████████████████▋       |  ETA: 1:04:28
Sampling (4 threads)  76%|██████████████████████▊       |  ETA: 1:02:44
Sampling (4 threads)  76%|███████████████████████       |  ETA: 1:01:01
Sampling (4 threads)  77%|███████████████████████▏      |  ETA: 0:59:20
Sampling (4 threads)  78%|███████████████████████▎      |  ETA: 0:58:30
Sampling (4 threads)  78%|███████████████████████▍      |  ETA: 0:56:50
Sampling (4 threads)  78%|███████████████████████▌      |  ETA: 0:55:11
Sampling (4 threads)  79%|███████████████████████▊      |  ETA: 0:54:26
Sampling (4 threads)  80%|███████████████████████▉      |  ETA: 0:52:48
Sampling (4 threads)  80%|████████████████████████      |  ETA: 0:51:11
Sampling (4 threads)  80%|████████████████████████▏     |  ETA: 0:49:36
Sampling (4 threads)  81%|████████████████████████▎     |  ETA: 0:48:30
Sampling (4 threads)  82%|████████████████████████▌     |  ETA: 0:46:56
Sampling (4 threads)  82%|████████████████████████▋     |  ETA: 0:45:52
Sampling (4 threads)  82%|████████████████████████▊     |  ETA: 0:44:19
Sampling (4 threads)  83%|████████████████████████▉     |  ETA: 0:42:48
Sampling (4 threads)  84%|█████████████████████████     |  ETA: 0:41:55
Sampling (4 threads)  84%|█████████████████████████▎    |  ETA: 0:40:24
Sampling (4 threads)  84%|█████████████████████████▍    |  ETA: 0:38:55
Sampling (4 threads)  85%|█████████████████████████▌    |  ETA: 0:37:40
Sampling (4 threads)  86%|█████████████████████████▋    |  ETA: 0:36:16
Sampling (4 threads)  86%|█████████████████████████▊    |  ETA: 0:34:51
Sampling (4 threads)  86%|██████████████████████████    |  ETA: 0:33:36
Sampling (4 threads)  87%|██████████████████████████▏   |  ETA: 0:32:22
Sampling (4 threads)  88%|██████████████████████████▎   |  ETA: 0:31:05
Sampling (4 threads)  88%|██████████████████████████▍   |  ETA: 0:29:47
Sampling (4 threads)  88%|██████████████████████████▌   |  ETA: 0:28:34
Sampling (4 threads)  89%|██████████████████████████▊   |  ETA: 0:27:12
Sampling (4 threads)  90%|██████████████████████████▉   |  ETA: 0:25:58
Sampling (4 threads)  90%|███████████████████████████   |  ETA: 0:24:46
Sampling (4 threads)  90%|███████████████████████████▏  |  ETA: 0:23:33
Sampling (4 threads)  91%|███████████████████████████▎  |  ETA: 0:22:20
Sampling (4 threads)  92%|███████████████████████████▌  |  ETA: 0:21:06
Sampling (4 threads)  92%|███████████████████████████▋  |  ETA: 0:19:52
Sampling (4 threads)  92%|███████████████████████████▊  |  ETA: 0:18:37
Sampling (4 threads)  93%|███████████████████████████▉  |  ETA: 0:17:24
Sampling (4 threads)  94%|████████████████████████████  |  ETA: 0:16:09
Sampling (4 threads)  94%|████████████████████████████▎ |  ETA: 0:14:53
Sampling (4 threads)  94%|████████████████████████████▍ |  ETA: 0:13:39
Sampling (4 threads)  95%|████████████████████████████▌ |  ETA: 0:12:25
Sampling (4 threads)  96%|████████████████████████████▋ |  ETA: 0:11:11
Sampling (4 threads)  96%|████████████████████████████▊ |  ETA: 0:10:00
Sampling (4 threads)  96%|█████████████████████████████ |  ETA: 0:08:49
Sampling (4 threads)  97%|█████████████████████████████▏|  ETA: 0:07:36
Sampling (4 threads)  98%|█████████████████████████████▎|  ETA: 0:06:23
Sampling (4 threads)  98%|█████████████████████████████▍|  ETA: 0:05:08
Sampling (4 threads)  98%|█████████████████████████████▌|  ETA: 0:03:53
Sampling (4 threads)  99%|█████████████████████████████▊|  ETA: 0:02:36
Sampling (4 threads) 100%|█████████████████████████████▉|  ETA: 0:01:18
Sampling (4 threads) 100%|██████████████████████████████| Time: 4:22:30
Sampling (4 threads) 100%|██████████████████████████████| Time: 4:22:31
Precompiling project...
    DistributionsADReverseDiffExt Being precompiled by another machine (hostname: bp1-compute065, pid: 189813, pidfile: /user/home/em18564/.julia/compiled/v1.10/DistributionsADReverseDiffExt/hY00X_4RpdW.ji.pidfile)
  ✗ DistributionsAD → DistributionsADReverseDiffExt
  0 dependencies successfully precompiled in 49 seconds. 549 already precompiled.
┌ Warning: Runtime invalidation was disabled, but the CPU info is out-of-date.
│ Will continue with incorrect CPU name (from build time).
└ @ HostCPUFeatures ~/.julia/packages/HostCPUFeatures/ZTXz4/src/cpu_info.jl:71
┌ Warning: Runtime invalidation was disabled, but the CPU info is out-of-date.
│ Will continue with incorrect CPU feature flag: +avx512vnni.
└ @ HostCPUFeatures ~/.julia/packages/HostCPUFeatures/ZTXz4/src/cpu_info.jl:56
┌ Warning: Runtime invalidation was disabled, but the CPU info is out-of-date.
│ Will continue with incorrect CPU feature flag: -rtm.
└ @ HostCPUFeatures ~/.julia/packages/HostCPUFeatures/ZTXz4/src/cpu_info.jl:56
Sampling (4 threads)   0%|                              |  ETA: N/A
┌ Info: Found initial step size
└   ϵ = 9.765625e-5
┌ Info: Found initial step size
└   ϵ = 0.003125
┌ Info: Found initial step size
└   ϵ = 0.00078125
┌ Info: Found initial step size
└   ϵ = 0.00078125
Sampling (4 threads)   0%|▏                             |  ETA: 1 days, 17:58:17
Sampling (4 threads)   1%|▎                             |  ETA: 20:52:53
Sampling (4 threads)   2%|▌                             |  ETA: 1 days, 7:04:25
Sampling (4 threads)   2%|▋                             |  ETA: 23:11:13
Sampling (4 threads)   2%|▊                             |  ETA: 1 days, 4:08:51
Sampling (4 threads)   3%|▉                             |  ETA: 23:20:10
Sampling (4 threads)   4%|█                             |  ETA: 1 days, 1:33:48
Sampling (4 threads)   4%|█▎                            |  ETA: 22:15:07
Sampling (4 threads)   4%|█▍                            |  ETA: 22:58:42
Sampling (4 threads)   5%|█▌                            |  ETA: 20:34:20
Sampling (4 threads)   6%|█▋                            |  ETA: 19:39:42
Sampling (4 threads)   6%|█▊                            |  ETA: 17:55:40
Sampling (4 threads)   6%|██                            |  ETA: 17:28:16
Sampling (4 threads)   7%|██▏                           |  ETA: 16:08:11
Sampling (4 threads)   8%|██▎                           |  ETA: 15:40:12
Sampling (4 threads)   8%|██▍                           |  ETA: 14:36:40
Sampling (4 threads)   8%|██▌                           |  ETA: 14:26:06
Sampling (4 threads)   9%|██▊                           |  ETA: 13:33:31
Sampling (4 threads)  10%|██▉                           |  ETA: 12:46:28
Sampling (4 threads)  10%|███                           |  ETA: 12:33:22
Sampling (4 threads)  10%|███▏                          |  ETA: 11:53:31
Sampling (4 threads)  11%|███▎                          |  ETA: 11:30:03
Sampling (4 threads)  12%|███▌                          |  ETA: 10:56:21
Sampling (4 threads)  12%|███▋                          |  ETA: 10:34:23
Sampling (4 threads)  12%|███▊                          |  ETA: 10:05:33
Sampling (4 threads)  13%|███▉                          |  ETA: 9:48:45
Sampling (4 threads)  14%|████                          |  ETA: 9:23:41
Sampling (4 threads)  14%|████▎                         |  ETA: 9:08:09
Sampling (4 threads)  14%|████▍                         |  ETA: 8:46:10
Sampling (4 threads)  15%|████▌                         |  ETA: 8:25:39
Sampling (4 threads)  16%|████▋                         |  ETA: 8:17:30
Sampling (4 threads)  16%|████▊                         |  ETA: 7:59:06
Sampling (4 threads)  16%|█████                         |  ETA: 7:50:04
Sampling (4 threads)  17%|█████▏                        |  ETA: 7:33:31
Sampling (4 threads)  18%|█████▎                        |  ETA: 7:17:54
Sampling (4 threads)  18%|█████▍                        |  ETA: 7:08:55
Sampling (4 threads)  18%|█████▌                        |  ETA: 6:54:47
Sampling (4 threads)  19%|█████▊                        |  ETA: 6:45:53
Sampling (4 threads)  20%|█████▉                        |  ETA: 6:33:03
Sampling (4 threads)  20%|██████                        |  ETA: 6:30:07
Sampling (4 threads)  20%|██████▏                       |  ETA: 6:18:14
Sampling (4 threads)  21%|██████▎                       |  ETA: 6:06:54
Sampling (4 threads)  22%|██████▌                       |  ETA: 5:56:06
Sampling (4 threads)  22%|██████▋                       |  ETA: 5:51:48
Sampling (4 threads)  22%|██████▊                       |  ETA: 5:41:47
Sampling (4 threads)  23%|██████▉                       |  ETA: 5:38:32
Sampling (4 threads)  24%|███████                       |  ETA: 5:29:11
Sampling (4 threads)  24%|███████▎                      |  ETA: 5:20:13
Sampling (4 threads)  24%|███████▍                      |  ETA: 5:17:43
Sampling (4 threads)  25%|███████▌                      |  ETA: 5:09:18
Sampling (4 threads)  26%|███████▋                      |  ETA: 5:01:13
Sampling (4 threads)  26%|███████▊                      |  ETA: 4:53:26
Sampling (4 threads)  26%|████████                      |  ETA: 4:51:39
Sampling (4 threads)  27%|████████▏                     |  ETA: 4:44:18
Sampling (4 threads)  28%|████████▎                     |  ETA: 4:37:13
Sampling (4 threads)  28%|████████▍                     |  ETA: 4:35:52
Sampling (4 threads)  28%|████████▌                     |  ETA: 4:29:09
Sampling (4 threads)  29%|████████▊                     |  ETA: 4:22:39
Sampling (4 threads)  30%|████████▉                     |  ETA: 4:16:23
Sampling (4 threads)  30%|█████████                     |  ETA: 4:15:16
Sampling (4 threads)  30%|█████████▏                    |  ETA: 4:09:17
Sampling (4 threads)  31%|█████████▎                    |  ETA: 4:03:30
Sampling (4 threads)  32%|█████████▌                    |  ETA: 4:02:48
Sampling (4 threads)  32%|█████████▋                    |  ETA: 3:57:15
Sampling (4 threads)  32%|█████████▊                    |  ETA: 3:51:53
Sampling (4 threads)  33%|█████████▉                    |  ETA: 3:50:22
Sampling (4 threads)  34%|██████████                    |  ETA: 3:45:14
Sampling (4 threads)  34%|██████████▎                   |  ETA: 3:40:15
Sampling (4 threads)  34%|██████████▍                   |  ETA: 3:38:11
Sampling (4 threads)  35%|██████████▌                   |  ETA: 3:33:26
Sampling (4 threads)  36%|██████████▋                   |  ETA: 3:28:48
Sampling (4 threads)  36%|██████████▊                   |  ETA: 3:27:12
Sampling (4 threads)  36%|███████████                   |  ETA: 3:22:46
Sampling (4 threads)  37%|███████████▏                  |  ETA: 3:18:27
Sampling (4 threads)  38%|███████████▎                  |  ETA: 3:17:30
Sampling (4 threads)  38%|███████████▍                  |  ETA: 3:13:20
Sampling (4 threads)  38%|███████████▌                  |  ETA: 3:09:17
Sampling (4 threads)  39%|███████████▊                  |  ETA: 3:07:46
Sampling (4 threads)  40%|███████████▉                  |  ETA: 3:03:52
Sampling (4 threads)  40%|████████████                  |  ETA: 3:02:03
Sampling (4 threads)  40%|████████████▏                 |  ETA: 2:58:18
Sampling (4 threads)  41%|████████████▎                 |  ETA: 2:57:33
Sampling (4 threads)  42%|████████████▌                 |  ETA: 2:53:56
Sampling (4 threads)  42%|████████████▋                 |  ETA: 2:50:23
Sampling (4 threads)  42%|████████████▊                 |  ETA: 2:49:01
Sampling (4 threads)  43%|████████████▉                 |  ETA: 2:45:36
Sampling (4 threads)  44%|█████████████                 |  ETA: 2:42:16
Sampling (4 threads)  44%|█████████████▎                |  ETA: 2:40:48
Sampling (4 threads)  44%|█████████████▍                |  ETA: 2:37:34
Sampling (4 threads)  45%|█████████████▌                |  ETA: 2:36:33
Sampling (4 threads)  46%|█████████████▋                |  ETA: 2:33:25
Sampling (4 threads)  46%|█████████████▊                |  ETA: 2:30:22
Sampling (4 threads)  46%|██████████████                |  ETA: 2:28:59
Sampling (4 threads)  47%|██████████████▏               |  ETA: 2:26:02
Sampling (4 threads)  48%|██████████████▎               |  ETA: 2:25:10
Sampling (4 threads)  48%|██████████████▍               |  ETA: 2:22:18
Sampling (4 threads)  48%|██████████████▌               |  ETA: 2:19:28
Sampling (4 threads)  49%|██████████████▊               |  ETA: 2:16:43
Sampling (4 threads)  50%|██████████████▉               |  ETA: 2:16:23
Sampling (4 threads)  50%|███████████████               |  ETA: 2:13:41
Sampling (4 threads)  50%|███████████████▏              |  ETA: 2:11:02
Sampling (4 threads)  51%|███████████████▎              |  ETA: 2:10:10
Sampling (4 threads)  52%|███████████████▌              |  ETA: 2:07:35
Sampling (4 threads)  52%|███████████████▋              |  ETA: 2:05:03
Sampling (4 threads)  52%|███████████████▊              |  ETA: 2:03:43
Sampling (4 threads)  53%|███████████████▉              |  ETA: 2:01:15
Sampling (4 threads)  54%|████████████████              |  ETA: 2:00:08
Sampling (4 threads)  54%|████████████████▎             |  ETA: 1:57:44
Sampling (4 threads)  55%|████████████████▍             |  ETA: 1:56:31
Sampling (4 threads)  55%|████████████████▌             |  ETA: 1:54:11
Sampling (4 threads)  56%|████████████████▋             |  ETA: 1:51:54
Sampling (4 threads)  56%|████████████████▊             |  ETA: 1:50:42
Sampling (4 threads)  56%|█████████████████             |  ETA: 1:48:29
Sampling (4 threads)  57%|█████████████████▏            |  ETA: 1:47:49
Sampling (4 threads)  57%|█████████████████▎            |  ETA: 1:45:38
Sampling (4 threads)  58%|█████████████████▍            |  ETA: 1:43:30
Sampling (4 threads)  58%|█████████████████▌            |  ETA: 1:41:24
Sampling (4 threads)  59%|█████████████████▊            |  ETA: 1:40:55
Sampling (4 threads)  60%|█████████████████▉            |  ETA: 1:38:51
Sampling (4 threads)  60%|██████████████████            |  ETA: 1:36:49
Sampling (4 threads)  60%|██████████████████▏           |  ETA: 1:36:00
Sampling (4 threads)  61%|██████████████████▎           |  ETA: 1:34:00
Sampling (4 threads)  62%|██████████████████▌           |  ETA: 1:32:02
Sampling (4 threads)  62%|██████████████████▋           |  ETA: 1:30:53
Sampling (4 threads)  62%|██████████████████▊           |  ETA: 1:28:58
Sampling (4 threads)  63%|██████████████████▉           |  ETA: 1:27:41
Sampling (4 threads)  64%|███████████████████           |  ETA: 1:25:49
Sampling (4 threads)  64%|███████████████████▎          |  ETA: 1:25:06
Sampling (4 threads)  64%|███████████████████▍          |  ETA: 1:23:16
Sampling (4 threads)  65%|███████████████████▌          |  ETA: 1:21:28
Sampling (4 threads)  66%|███████████████████▋          |  ETA: 1:20:52
Sampling (4 threads)  66%|███████████████████▊          |  ETA: 1:19:05
Sampling (4 threads)  66%|████████████████████          |  ETA: 1:17:20
Sampling (4 threads)  67%|████████████████████▏         |  ETA: 1:16:38
Sampling (4 threads)  68%|████████████████████▎         |  ETA: 1:14:55
Sampling (4 threads)  68%|████████████████████▍         |  ETA: 1:13:13
Sampling (4 threads)  68%|████████████████████▌         |  ETA: 1:11:33
Sampling (4 threads)  69%|████████████████████▊         |  ETA: 1:10:56
Sampling (4 threads)  70%|████████████████████▉         |  ETA: 1:09:17
Sampling (4 threads)  70%|█████████████████████         |  ETA: 1:08:10
Sampling (4 threads)  70%|█████████████████████▏        |  ETA: 1:06:33
Sampling (4 threads)  71%|█████████████████████▎        |  ETA: 1:04:58
Sampling (4 threads)  72%|█████████████████████▌        |  ETA: 1:04:11
Sampling (4 threads)  72%|█████████████████████▋        |  ETA: 1:02:37
Sampling (4 threads)  72%|█████████████████████▊        |  ETA: 1:01:43
Sampling (4 threads)  73%|█████████████████████▉        |  ETA: 1:00:11
Sampling (4 threads)  74%|██████████████████████        |  ETA: 0:58:40
Sampling (4 threads)  74%|██████████████████████▎       |  ETA: 0:57:10
Sampling (4 threads)  74%|██████████████████████▍       |  ETA: 0:56:25
Sampling (4 threads)  75%|██████████████████████▌       |  ETA: 0:54:57
Sampling (4 threads)  76%|██████████████████████▋       |  ETA: 0:53:49
Sampling (4 threads)  76%|██████████████████████▊       |  ETA: 0:52:22
Sampling (4 threads)  76%|███████████████████████       |  ETA: 0:51:14
Sampling (4 threads)  77%|███████████████████████▏      |  ETA: 0:49:49
Sampling (4 threads)  78%|███████████████████████▎      |  ETA: 0:48:58
Sampling (4 threads)  78%|███████████████████████▍      |  ETA: 0:47:34
Sampling (4 threads)  78%|███████████████████████▌      |  ETA: 0:46:11
Sampling (4 threads)  79%|███████████████████████▊      |  ETA: 0:45:22
Sampling (4 threads)  80%|███████████████████████▉      |  ETA: 0:44:00
Sampling (4 threads)  80%|████████████████████████      |  ETA: 0:42:40
Sampling (4 threads)  80%|████████████████████████▏     |  ETA: 0:41:20
Sampling (4 threads)  81%|████████████████████████▎     |  ETA: 0:40:20
Sampling (4 threads)  82%|████████████████████████▌     |  ETA: 0:39:03
Sampling (4 threads)  82%|████████████████████████▋     |  ETA: 0:37:54
Sampling (4 threads)  82%|████████████████████████▊     |  ETA: 0:36:48
Sampling (4 threads)  83%|████████████████████████▉     |  ETA: 0:35:38
Sampling (4 threads)  84%|█████████████████████████     |  ETA: 0:34:33
Sampling (4 threads)  84%|█████████████████████████▎    |  ETA: 0:33:22
Sampling (4 threads)  84%|█████████████████████████▍    |  ETA: 0:32:18
Sampling (4 threads)  85%|█████████████████████████▌    |  ETA: 0:31:11
Sampling (4 threads)  86%|█████████████████████████▋    |  ETA: 0:30:06
Sampling (4 threads)  86%|█████████████████████████▊    |  ETA: 0:28:56
Sampling (4 threads)  86%|██████████████████████████    |  ETA: 0:27:55
Sampling (4 threads)  87%|██████████████████████████▏   |  ETA: 0:26:48
Sampling (4 threads)  88%|██████████████████████████▎   |  ETA: 0:25:48
Sampling (4 threads)  88%|██████████████████████████▍   |  ETA: 0:24:40
Sampling (4 threads)  88%|██████████████████████████▌   |  ETA: 0:23:37
Sampling (4 threads)  89%|██████████████████████████▊   |  ETA: 0:22:35
Sampling (4 threads)  90%|██████████████████████████▉   |  ETA: 0:21:32
Sampling (4 threads)  90%|███████████████████████████   |  ETA: 0:20:26
Sampling (4 threads)  90%|███████████████████████████▏  |  ETA: 0:19:23
Sampling (4 threads)  91%|███████████████████████████▎  |  ETA: 0:18:20
Sampling (4 threads)  92%|███████████████████████████▌  |  ETA: 0:17:19
Sampling (4 threads)  92%|███████████████████████████▋  |  ETA: 0:16:13
Sampling (4 threads)  92%|███████████████████████████▊  |  ETA: 0:15:14
Sampling (4 threads)  93%|███████████████████████████▉  |  ETA: 0:14:12
Sampling (4 threads)  94%|████████████████████████████  |  ETA: 0:13:11
Sampling (4 threads)  94%|████████████████████████████▎ |  ETA: 0:12:15
Sampling (4 threads)  94%|████████████████████████████▍ |  ETA: 0:11:19
Sampling (4 threads)  95%|████████████████████████████▌ |  ETA: 0:10:20
Sampling (4 threads)  96%|████████████████████████████▋ |  ETA: 0:09:21
Sampling (4 threads)  96%|████████████████████████████▊ |  ETA: 0:08:20
Sampling (4 threads)  96%|█████████████████████████████ |  ETA: 0:07:20
Sampling (4 threads)  97%|█████████████████████████████▏|  ETA: 0:06:20
Sampling (4 threads)  98%|█████████████████████████████▎|  ETA: 0:05:18
Sampling (4 threads)  98%|█████████████████████████████▍|  ETA: 0:04:16
Sampling (4 threads)  98%|█████████████████████████████▌|  ETA: 0:03:13
Sampling (4 threads)  99%|█████████████████████████████▊|  ETA: 0:02:10
Sampling (4 threads) 100%|█████████████████████████████▉|  ETA: 0:01:05
Sampling (4 threads) 100%|██████████████████████████████| Time: 3:37:34
Sampling (4 threads) 100%|██████████████████████████████| Time: 3:37:35
ERROR: LoadError: MethodError: no method matching plotGraphs(::String, ::Vector{String}, ::Vector{RGB{Float64}}, ::Int64)

Closest candidates are:
  plotGraphs(::Any, ::Any, ::Any, ::Any, !Matched::Any)
   @ Main ~/bayesian/BC4/Bayes/wordType_experiments/plottingFuncs.jl:261

Stacktrace:
 [1] concludeAndPlot(m::Chains{Float64, AxisArray{Float64, 3, Array{Float64, 3}, Tuple{Axis{:iter, StepRange{Int64, Int64}}, Axis{:var, Vector{Symbol}}, Axis{:chain, UnitRange{Int64}}}}, Missing, @NamedTuple{parameters::Vector{Symbol}, internals::Vector{Symbol}}, @NamedTuple{varname_to_symbol::OrderedDict{AbstractPPL.VarName, Symbol}, start_time::Vector{Float64}, stop_time::Vector{Float64}, samplerstate::Vector{Nothing}}}, output_loc::String, pc::Int64, wordTypes::Vector{String}, cols::Vector{RGB{Float64}}, noPCS::Int64)
   @ Main ~/bayesian/BC4/Bayes/wordType_experiments/plottingFuncs.jl:21
 [2] runModel(model::DynamicPPL.Model{typeof(model_exp), (:participant, :word, :surprisal, :tags, :PCA, :ExpMean, :cauchyMean, :NUM_TYPES, :NUM_PARTICIPANTS), (), (), Tuple{Vector{Int64}, Vector{Float64}, Vector{Float64}, Vector{Int64}, Vector{Float64}, Float64, Float64, Int64, Int64}, Tuple{}, DynamicPPL.DefaultContext}, df_modified::DataFrame, dfPCA::DataFrame, pc::Int64, NUM_PARTICIPANTS::Int64, NUM_WORDS::Int64, TYPE_STRUCTURE::String, NUM_TYPES::Int64, wordTypes::Vector{String}, cols::Vector{RGB{Float64}}, isPlotting::Int64, analyseEssRhat::Int64, output_loc::String, expMean::Float64, cauchyMean::Float64, noPCS::Int64, noInChain::Int64)
   @ Main ~/bayesian/BC4/Bayes/wordType_experiments/model_master.jl:134
 [3] top-level scope
   @ ~/bayesian/BC4/Bayes/wordType_experiments/models/_tightWidePrior/model.jl:15
in expression starting at /user/home/em18564/bayesian/BC4/Bayes/wordType_experiments/models/_tightWidePrior/model.jl:15
